[[1;34mINFO[m] Error stacktraces are turned on.
[[1;34mINFO[m] Scanning for projects...
[[1;34mINFO[m] 
[[1;34mINFO[m] [1m-----------------------------< [0;36morg:jenga[0;1m >------------------------------[m
[[1;34mINFO[m] [1mBuilding jenga 0.0.1-SNAPSHOT[m
[[1;34mINFO[m] [1m--------------------------------[ jar ]---------------------------------[m
[[1;34mINFO[m] 
[[1;34mINFO[m] [1m--- [0;32mmaven-resources-plugin:2.6:resources[m [1m(default-resources)[m @ [36mjenga[0;1m ---[m
[[1;34mINFO[m] Using 'UTF-8' encoding to copy filtered resources.
[[1;34mINFO[m] Copying 2 resources
[[1;34mINFO[m] 
[[1;34mINFO[m] [1m--- [0;32mquarkus-maven-plugin:3.26.4:generate-code[m [1m(default)[m @ [36mjenga[0;1m ---[m
[[1;34mINFO[m] 
[[1;34mINFO[m] [1m--- [0;32mmaven-compiler-plugin:3.14.0:compile[m [1m(default-compile)[m @ [36mjenga[0;1m ---[m
[[1;34mINFO[m] Nothing to compile - all classes are up to date.
[[1;34mINFO[m] 
[[1;34mINFO[m] [1m--- [0;32mquarkus-maven-plugin:3.26.4:generate-code-tests[m [1m(default)[m @ [36mjenga[0;1m ---[m
[[1;34mINFO[m] 
[[1;34mINFO[m] [1m--- [0;32mmaven-resources-plugin:2.6:testResources[m [1m(default-testResources)[m @ [36mjenga[0;1m ---[m
[[1;34mINFO[m] Using 'UTF-8' encoding to copy filtered resources.
[[1;34mINFO[m] skip non existing resourceDirectory /home/adam-wagner/Projekte/Jenga/backend/src/test/resources
[[1;34mINFO[m] 
[[1;34mINFO[m] [1m--- [0;32mmaven-compiler-plugin:3.14.0:testCompile[m [1m(default-testCompile)[m @ [36mjenga[0;1m ---[m
[[1;34mINFO[m] Nothing to compile - all classes are up to date.
[[1;34mINFO[m] 
[[1;34mINFO[m] [1m--- [0;32mmaven-surefire-plugin:3.5.3:test[m [1m(default-test)[m @ [36mjenga[0;1m ---[m
[[1;34mINFO[m] Surefire report directory: /home/adam-wagner/Projekte/Jenga/backend/target/surefire-reports
[[1;34mINFO[m] Using auto detected provider org.apache.maven.surefire.junitplatform.JUnitPlatformProvider
[[1;34mINFO[m] 
[[1;34mINFO[m] -------------------------------------------------------
[[1;34mINFO[m]  T E S T S
[[1;34mINFO[m] -------------------------------------------------------
2026-02-16 19:30:53,989 INFO  [io.qua.sma.jwt.dep.SmallryeJwtDevModeProcessor] (build-23) The smallrye-jwt extension has configured an in-memory key pair, which is not enabled in production. Please ensure the correct keys/locations are set in production to avoid potential issues.
2026-02-16 19:30:56,231 INFO  [io.qua.sma.openapi] (build-37) OpenAPI json saved: /home/adam-wagner/Projekte/Jenga/backend/target/openapi/openapi.json
2026-02-16 19:30:56,248 INFO  [io.qua.sma.openapi] (build-37) OpenAPI yaml saved: /home/adam-wagner/Projekte/Jenga/backend/target/openapi/openapi.yaml
java.lang.RuntimeException: io.quarkus.builder.BuildException: Build failure: Build failed due to errors
	[error]: Build step io.quarkus.arc.deployment.ArcProcessor#validate threw an exception: jakarta.enterprise.inject.spi.DeploymentException: Found 6 deployment problems: 
[1] Unsatisfied dependency for type org.jenga.mapper.TicketMapper and qualifiers [@Default]
	- injection target: parameter 'ticketMapper' of org.jenga.service.TicketService constructor
	- declared on CLASS bean [types=[java.lang.Object, org.jenga.service.TicketService], qualifiers=[@Any, @Default], target=org.jenga.service.TicketService]
[2] Unsatisfied dependency for type org.jenga.mapper.CommentMapper and qualifiers [@Default]
	- injection target: parameter 'commentMapper' of org.jenga.service.TicketService constructor
	- declared on CLASS bean [types=[java.lang.Object, org.jenga.service.TicketService], qualifiers=[@Any, @Default], target=org.jenga.service.TicketService]
[3] Unsatisfied dependency for type org.jenga.mapper.AcceptanceCriteriaMapper and qualifiers [@Default]
	- injection target: parameter 'acceptanceCriteriaMapper' of org.jenga.service.TicketService constructor
	- declared on CLASS bean [types=[java.lang.Object, org.jenga.service.TicketService], qualifiers=[@Any, @Default], target=org.jenga.service.TicketService]
[4] Unsatisfied dependency for type org.jenga.mapper.UserMapper and qualifiers [@Default]
	- injection target: parameter 'userMapper' of org.jenga.service.UserService constructor
	- declared on CLASS bean [types=[java.lang.Object, org.jenga.service.UserService], qualifiers=[@Any, @Default], target=org.jenga.service.UserService]
[5] Unsatisfied dependency for type org.jenga.mapper.ProjectMapper and qualifiers [@Default]
	- injection target: parameter 'projectMapper' of org.jenga.service.ProjectService constructor
	- declared on CLASS bean [types=[java.lang.Object, org.jenga.service.ProjectService], qualifiers=[@Any, @Default], target=org.jenga.service.ProjectService]
[6] Unsatisfied dependency for type org.jenga.mapper.LabelMapper and qualifiers [@Default]
	- injection target: parameter 'labelMapper' of org.jenga.service.ProjectService constructor
	- declared on CLASS bean [types=[java.lang.Object, org.jenga.service.ProjectService], qualifiers=[@Any, @Default], target=org.jenga.service.ProjectService]
	at io.quarkus.arc.processor.BeanDeployment.processErrors(BeanDeployment.java:1602)
	at io.quarkus.arc.processor.BeanDeployment.init(BeanDeployment.java:341)
	at io.quarkus.arc.processor.BeanProcessor.initialize(BeanProcessor.java:178)
	at io.quarkus.arc.deployment.ArcProcessor.validate(ArcProcessor.java:488)
	at java.base/java.lang.invoke.MethodHandle.invokeWithArguments(MethodHandle.java:733)
	at io.quarkus.deployment.ExtensionLoader$3.execute(ExtensionLoader.java:874)
	at io.quarkus.builder.BuildContext.run(BuildContext.java:255)
	at org.jboss.threads.ContextHandler$1.runWith(ContextHandler.java:18)
	at org.jboss.threads.EnhancedQueueExecutor$Task.doRunWith(EnhancedQueueExecutor.java:2651)
	at org.jboss.threads.EnhancedQueueExecutor$Task.run(EnhancedQueueExecutor.java:2630)
	at org.jboss.threads.EnhancedQueueExecutor.runThreadBody(EnhancedQueueExecutor.java:1622)
	at org.jboss.threads.EnhancedQueueExecutor$ThreadBody.run(EnhancedQueueExecutor.java:1589)
	at java.base/java.lang.Thread.run(Thread.java:1583)
	at org.jboss.threads.JBossThread.run(JBossThread.java:501)
	Suppressed: jakarta.enterprise.inject.UnsatisfiedResolutionException: Unsatisfied dependency for type org.jenga.mapper.TicketMapper and qualifiers [@Default]
	- injection target: parameter 'ticketMapper' of org.jenga.service.TicketService constructor
	- declared on CLASS bean [types=[java.lang.Object, org.jenga.service.TicketService], qualifiers=[@Any, @Default], target=org.jenga.service.TicketService]
		at io.quarkus.arc.processor.Beans.resolveInjectionPoint(Beans.java:547)
		at io.quarkus.arc.processor.BeanInfo.init(BeanInfo.java:689)
		at io.quarkus.arc.processor.BeanDeployment.init(BeanDeployment.java:326)
		... 12 more
	Suppressed: jakarta.enterprise.inject.UnsatisfiedResolutionException: Unsatisfied dependency for type org.jenga.mapper.CommentMapper and qualifiers [@Default]
	- injection target: parameter 'commentMapper' of org.jenga.service.TicketService constructor
	- declared on CLASS bean [types=[java.lang.Object, org.jenga.service.TicketService], qualifiers=[@Any, @Default], target=org.jenga.service.TicketService]
		at io.quarkus.arc.processor.Beans.resolveInjectionPoint(Beans.java:547)
		at io.quarkus.arc.processor.BeanInfo.init(BeanInfo.java:689)
		at io.quarkus.arc.processor.BeanDeployment.init(BeanDeployment.java:326)
		... 12 more
	Suppressed: jakarta.enterprise.inject.UnsatisfiedResolutionException: Unsatisfied dependency for type org.jenga.mapper.AcceptanceCriteriaMapper and qualifiers [@Default]
	- injection target: parameter 'acceptanceCriteriaMapper' of org.jenga.service.TicketService constructor
	- declared on CLASS bean [types=[java.lang.Object, org.jenga.service.TicketService], qualifiers=[@Any, @Default], target=org.jenga.service.TicketService]
		at io.quarkus.arc.processor.Beans.resolveInjectionPoint(Beans.java:547)
		at io.quarkus.arc.processor.BeanInfo.init(BeanInfo.java:689)
		at io.quarkus.arc.processor.BeanDeployment.init(BeanDeployment.java:326)
		... 12 more
	Suppressed: jakarta.enterprise.inject.UnsatisfiedResolutionException: Unsatisfied dependency for type org.jenga.mapper.UserMapper and qualifiers [@Default]
	- injection target: parameter 'userMapper' of org.jenga.service.UserService constructor
	- declared on CLASS bean [types=[java.lang.Object, org.jenga.service.UserService], qualifiers=[@Any, @Default], target=org.jenga.service.UserService]
		at io.quarkus.arc.processor.Beans.resolveInjectionPoint(Beans.java:547)
		at io.quarkus.arc.processor.BeanInfo.init(BeanInfo.java:689)
		at io.quarkus.arc.processor.BeanDeployment.init(BeanDeployment.java:326)
		... 12 more
	Suppressed: jakarta.enterprise.inject.UnsatisfiedResolutionException: Unsatisfied dependency for type org.jenga.mapper.ProjectMapper and qualifiers [@Default]
	- injection target: parameter 'projectMapper' of org.jenga.service.ProjectService constructor
	- declared on CLASS bean [types=[java.lang.Object, org.jenga.service.ProjectService], qualifiers=[@Any, @Default], target=org.jenga.service.ProjectService]
		at io.quarkus.arc.processor.Beans.resolveInjectionPoint(Beans.java:547)
		at io.quarkus.arc.processor.BeanInfo.init(BeanInfo.java:689)
		at io.quarkus.arc.processor.BeanDeployment.init(BeanDeployment.java:326)
		... 12 more
	Suppressed: jakarta.enterprise.inject.UnsatisfiedResolutionException: Unsatisfied dependency for type org.jenga.mapper.LabelMapper and qualifiers [@Default]
	- injection target: parameter 'labelMapper' of org.jenga.service.ProjectService constructor
	- declared on CLASS bean [types=[java.lang.Object, org.jenga.service.ProjectService], qualifiers=[@Any, @Default], target=org.jenga.service.ProjectService]
		at io.quarkus.arc.processor.Beans.resolveInjectionPoint(Beans.java:547)
		at io.quarkus.arc.processor.BeanInfo.init(BeanInfo.java:689)
		at io.quarkus.arc.processor.BeanDeployment.init(BeanDeployment.java:326)
		... 12 more

	at io.quarkus.runner.bootstrap.AugmentActionImpl.runAugment(AugmentActionImpl.java:376)
	at io.quarkus.runner.bootstrap.AugmentActionImpl.createInitialRuntimeApplication(AugmentActionImpl.java:293)
	at io.quarkus.runner.bootstrap.AugmentActionImpl.createInitialRuntimeApplication(AugmentActionImpl.java:61)
	at io.quarkus.test.junit.AppMakerHelper.getStartupAction(AppMakerHelper.java:253)
	at io.quarkus.test.junit.classloading.FacadeClassLoader.getOrCreateRuntimeClassLoader(FacadeClassLoader.java:544)
	at io.quarkus.test.junit.classloading.FacadeClassLoader.getQuarkusClassLoader(FacadeClassLoader.java:441)
	at io.quarkus.test.junit.classloading.FacadeClassLoader.loadClass(FacadeClassLoader.java:330)
	at java.base/java.lang.Class.forName0(Native Method)
	at java.base/java.lang.Class.forName(Class.java:534)
	at java.base/java.lang.Class.forName(Class.java:513)
	at org.junit.platform.commons.util.ReflectionUtils.lambda$tryToLoadClass$10(ReflectionUtils.java:886)
	at org.junit.platform.commons.function.Try.lambda$call$0(Try.java:57)
	at org.junit.platform.commons.function.Try.of(Try.java:93)
	at org.junit.platform.commons.function.Try.call(Try.java:57)
	at org.junit.platform.commons.util.ReflectionUtils.tryToLoadClass(ReflectionUtils.java:873)
	at org.junit.platform.commons.util.ReflectionUtils.tryToLoadClass(ReflectionUtils.java:810)
	at org.junit.platform.commons.support.ReflectionSupport.tryToLoadClass(ReflectionSupport.java:94)
	at org.junit.platform.engine.discovery.ClassSelector.getJavaClass(ClassSelector.java:95)
	at org.junit.jupiter.engine.discovery.ClassSelectorResolver.resolve(ClassSelectorResolver.java:87)
	at org.junit.platform.engine.support.discovery.EngineDiscoveryRequestResolution.lambda$resolve$2(EngineDiscoveryRequestResolution.java:135)
	at java.base/java.util.stream.ReferencePipeline$3$1.accept(ReferencePipeline.java:197)
	at java.base/java.util.ArrayList$ArrayListSpliterator.tryAdvance(ArrayList.java:1685)
	at java.base/java.util.stream.ReferencePipeline.forEachWithCancel(ReferencePipeline.java:129)
	at java.base/java.util.stream.AbstractPipeline.copyIntoWithCancel(AbstractPipeline.java:527)
	at java.base/java.util.stream.AbstractPipeline.copyInto(AbstractPipeline.java:513)
	at java.base/java.util.stream.AbstractPipeline.wrapAndCopyInto(AbstractPipeline.java:499)
	at java.base/java.util.stream.FindOps$FindOp.evaluateSequential(FindOps.java:150)
	at java.base/java.util.stream.AbstractPipeline.evaluate(AbstractPipeline.java:234)
	at java.base/java.util.stream.ReferencePipeline.findFirst(ReferencePipeline.java:647)
	at org.junit.platform.engine.support.discovery.EngineDiscoveryRequestResolution.resolve(EngineDiscoveryRequestResolution.java:189)
	at org.junit.platform.engine.support.discovery.EngineDiscoveryRequestResolution.resolve(EngineDiscoveryRequestResolution.java:126)
	at org.junit.platform.engine.support.discovery.EngineDiscoveryRequestResolution.resolveCompletely(EngineDiscoveryRequestResolution.java:92)
	at org.junit.platform.engine.support.discovery.EngineDiscoveryRequestResolution.run(EngineDiscoveryRequestResolution.java:83)
	at org.junit.platform.engine.support.discovery.EngineDiscoveryRequestResolver.resolve(EngineDiscoveryRequestResolver.java:148)
	at org.junit.jupiter.engine.discovery.DiscoverySelectorResolver.resolveSelectors(DiscoverySelectorResolver.java:63)
	at org.junit.jupiter.engine.JupiterTestEngine.discover(JupiterTestEngine.java:70)
	at org.junit.platform.launcher.core.EngineDiscoveryOrchestrator.discoverEngineRoot(EngineDiscoveryOrchestrator.java:195)
	at org.junit.platform.launcher.core.EngineDiscoveryOrchestrator.discoverSafely(EngineDiscoveryOrchestrator.java:174)
	at org.junit.platform.launcher.core.EngineDiscoveryOrchestrator.discover(EngineDiscoveryOrchestrator.java:119)
	at org.junit.platform.launcher.core.EngineDiscoveryOrchestrator.discover(EngineDiscoveryOrchestrator.java:84)
	at org.junit.platform.launcher.core.DefaultLauncher.discover(DefaultLauncher.java:104)
	at org.junit.platform.launcher.core.DefaultLauncher.discover(DefaultLauncher.java:83)
	at org.junit.platform.launcher.core.DelegatingLauncher.discover(DelegatingLauncher.java:42)
	at org.junit.platform.launcher.core.InterceptingLauncher.lambda$discover$0(InterceptingLauncher.java:33)
	at org.junit.platform.launcher.core.ClasspathAlignmentCheckingLauncherInterceptor.intercept(ClasspathAlignmentCheckingLauncherInterceptor.java:25)
	at org.junit.platform.launcher.core.InterceptingLauncher.discover(InterceptingLauncher.java:33)
	at org.junit.platform.launcher.core.DelegatingLauncher.discover(DelegatingLauncher.java:42)
	at org.apache.maven.surefire.junitplatform.LazyLauncher.discover(LazyLauncher.java:50)
	at org.apache.maven.surefire.junitplatform.TestPlanScannerFilter.accept(TestPlanScannerFilter.java:52)
	at org.apache.maven.surefire.api.util.DefaultScanResult.applyFilter(DefaultScanResult.java:87)
	at org.apache.maven.surefire.junitplatform.JUnitPlatformProvider.scanClasspath(JUnitPlatformProvider.java:144)
	at org.apache.maven.surefire.junitplatform.JUnitPlatformProvider.invoke(JUnitPlatformProvider.java:124)
	at org.apache.maven.surefire.booter.ForkedBooter.runSuitesInProcess(ForkedBooter.java:385)
	at org.apache.maven.surefire.booter.ForkedBooter.execute(ForkedBooter.java:162)
	at org.apache.maven.surefire.booter.ForkedBooter.run(ForkedBooter.java:507)
	at org.apache.maven.surefire.booter.ForkedBooter.main(ForkedBooter.java:495)
Caused by: io.quarkus.builder.BuildException: Build failure: Build failed due to errors
	[error]: Build step io.quarkus.arc.deployment.ArcProcessor#validate threw an exception: jakarta.enterprise.inject.spi.DeploymentException: Found 6 deployment problems: 
[1] Unsatisfied dependency for type org.jenga.mapper.TicketMapper and qualifiers [@Default]
	- injection target: parameter 'ticketMapper' of org.jenga.service.TicketService constructor
	- declared on CLASS bean [types=[java.lang.Object, org.jenga.service.TicketService], qualifiers=[@Any, @Default], target=org.jenga.service.TicketService]
[2] Unsatisfied dependency for type org.jenga.mapper.CommentMapper and qualifiers [@Default]
	- injection target: parameter 'commentMapper' of org.jenga.service.TicketService constructor
	- declared on CLASS bean [types=[java.lang.Object, org.jenga.service.TicketService], qualifiers=[@Any, @Default], target=org.jenga.service.TicketService]
[3] Unsatisfied dependency for type org.jenga.mapper.AcceptanceCriteriaMapper and qualifiers [@Default]
	- injection target: parameter 'acceptanceCriteriaMapper' of org.jenga.service.TicketService constructor
	- declared on CLASS bean [types=[java.lang.Object, org.jenga.service.TicketService], qualifiers=[@Any, @Default], target=org.jenga.service.TicketService]
[4] Unsatisfied dependency for type org.jenga.mapper.UserMapper and qualifiers [@Default]
	- injection target: parameter 'userMapper' of org.jenga.service.UserService constructor
	- declared on CLASS bean [types=[java.lang.Object, org.jenga.service.UserService], qualifiers=[@Any, @Default], target=org.jenga.service.UserService]
[5] Unsatisfied dependency for type org.jenga.mapper.ProjectMapper and qualifiers [@Default]
	- injection target: parameter 'projectMapper' of org.jenga.service.ProjectService constructor
	- declared on CLASS bean [types=[java.lang.Object, org.jenga.service.ProjectService], qualifiers=[@Any, @Default], target=org.jenga.service.ProjectService]
[6] Unsatisfied dependency for type org.jenga.mapper.LabelMapper and qualifiers [@Default]
	- injection target: parameter 'labelMapper' of org.jenga.service.ProjectService constructor
	- declared on CLASS bean [types=[java.lang.Object, org.jenga.service.ProjectService], qualifiers=[@Any, @Default], target=org.jenga.service.ProjectService]
	at io.quarkus.arc.processor.BeanDeployment.processErrors(BeanDeployment.java:1602)
	at io.quarkus.arc.processor.BeanDeployment.init(BeanDeployment.java:341)
	at io.quarkus.arc.processor.BeanProcessor.initialize(BeanProcessor.java:178)
	at io.quarkus.arc.deployment.ArcProcessor.validate(ArcProcessor.java:488)
	at java.base/java.lang.invoke.MethodHandle.invokeWithArguments(MethodHandle.java:733)
	at io.quarkus.deployment.ExtensionLoader$3.execute(ExtensionLoader.java:874)
	at io.quarkus.builder.BuildContext.run(BuildContext.java:255)
	at org.jboss.threads.ContextHandler$1.runWith(ContextHandler.java:18)
	at org.jboss.threads.EnhancedQueueExecutor$Task.doRunWith(EnhancedQueueExecutor.java:2651)
	at org.jboss.threads.EnhancedQueueExecutor$Task.run(EnhancedQueueExecutor.java:2630)
	at org.jboss.threads.EnhancedQueueExecutor.runThreadBody(EnhancedQueueExecutor.java:1622)
	at org.jboss.threads.EnhancedQueueExecutor$ThreadBody.run(EnhancedQueueExecutor.java:1589)
	at java.base/java.lang.Thread.run(Thread.java:1583)
	at org.jboss.threads.JBossThread.run(JBossThread.java:501)
	Suppressed: jakarta.enterprise.inject.UnsatisfiedResolutionException: Unsatisfied dependency for type org.jenga.mapper.TicketMapper and qualifiers [@Default]
	- injection target: parameter 'ticketMapper' of org.jenga.service.TicketService constructor
	- declared on CLASS bean [types=[java.lang.Object, org.jenga.service.TicketService], qualifiers=[@Any, @Default], target=org.jenga.service.TicketService]
		at io.quarkus.arc.processor.Beans.resolveInjectionPoint(Beans.java:547)
		at io.quarkus.arc.processor.BeanInfo.init(BeanInfo.java:689)
		at io.quarkus.arc.processor.BeanDeployment.init(BeanDeployment.java:326)
		... 12 more
	Suppressed: jakarta.enterprise.inject.UnsatisfiedResolutionException: Unsatisfied dependency for type org.jenga.mapper.CommentMapper and qualifiers [@Default]
	- injection target: parameter 'commentMapper' of org.jenga.service.TicketService constructor
	- declared on CLASS bean [types=[java.lang.Object, org.jenga.service.TicketService], qualifiers=[@Any, @Default], target=org.jenga.service.TicketService]
		at io.quarkus.arc.processor.Beans.resolveInjectionPoint(Beans.java:547)
		at io.quarkus.arc.processor.BeanInfo.init(BeanInfo.java:689)
		at io.quarkus.arc.processor.BeanDeployment.init(BeanDeployment.java:326)
		... 12 more
	Suppressed: jakarta.enterprise.inject.UnsatisfiedResolutionException: Unsatisfied dependency for type org.jenga.mapper.AcceptanceCriteriaMapper and qualifiers [@Default]
	- injection target: parameter 'acceptanceCriteriaMapper' of org.jenga.service.TicketService constructor
	- declared on CLASS bean [types=[java.lang.Object, org.jenga.service.TicketService], qualifiers=[@Any, @Default], target=org.jenga.service.TicketService]
		at io.quarkus.arc.processor.Beans.resolveInjectionPoint(Beans.java:547)
		at io.quarkus.arc.processor.BeanInfo.init(BeanInfo.java:689)
		at io.quarkus.arc.processor.BeanDeployment.init(BeanDeployment.java:326)
		... 12 more
	Suppressed: jakarta.enterprise.inject.UnsatisfiedResolutionException: Unsatisfied dependency for type org.jenga.mapper.UserMapper and qualifiers [@Default]
	- injection target: parameter 'userMapper' of org.jenga.service.UserService constructor
	- declared on CLASS bean [types=[java.lang.Object, org.jenga.service.UserService], qualifiers=[@Any, @Default], target=org.jenga.service.UserService]
		at io.quarkus.arc.processor.Beans.resolveInjectionPoint(Beans.java:547)
		at io.quarkus.arc.processor.BeanInfo.init(BeanInfo.java:689)
		at io.quarkus.arc.processor.BeanDeployment.init(BeanDeployment.java:326)
		... 12 more
	Suppressed: jakarta.enterprise.inject.UnsatisfiedResolutionException: Unsatisfied dependency for type org.jenga.mapper.ProjectMapper and qualifiers [@Default]
	- injection target: parameter 'projectMapper' of org.jenga.service.ProjectService constructor
	- declared on CLASS bean [types=[java.lang.Object, org.jenga.service.ProjectService], qualifiers=[@Any, @Default], target=org.jenga.service.ProjectService]
		at io.quarkus.arc.processor.Beans.resolveInjectionPoint(Beans.java:547)
		at io.quarkus.arc.processor.BeanInfo.init(BeanInfo.java:689)
		at io.quarkus.arc.processor.BeanDeployment.init(BeanDeployment.java:326)
		... 12 more
	Suppressed: jakarta.enterprise.inject.UnsatisfiedResolutionException: Unsatisfied dependency for type org.jenga.mapper.LabelMapper and qualifiers [@Default]
	- injection target: parameter 'labelMapper' of org.jenga.service.ProjectService constructor
	- declared on CLASS bean [types=[java.lang.Object, org.jenga.service.ProjectService], qualifiers=[@Any, @Default], target=org.jenga.service.ProjectService]
		at io.quarkus.arc.processor.Beans.resolveInjectionPoint(Beans.java:547)
		at io.quarkus.arc.processor.BeanInfo.init(BeanInfo.java:689)
		at io.quarkus.arc.processor.BeanDeployment.init(BeanDeployment.java:326)
		... 12 more

	at io.quarkus.builder.Execution.run(Execution.java:122)
	at io.quarkus.builder.BuildExecutionBuilder.execute(BuildExecutionBuilder.java:78)
	at io.quarkus.deployment.QuarkusAugmentor.run(QuarkusAugmentor.java:160)
	at io.quarkus.runner.bootstrap.AugmentActionImpl.runAugment(AugmentActionImpl.java:372)
	... 55 more
Caused by: jakarta.enterprise.inject.spi.DeploymentException: Found 6 deployment problems: 
[1] Unsatisfied dependency for type org.jenga.mapper.TicketMapper and qualifiers [@Default]
	- injection target: parameter 'ticketMapper' of org.jenga.service.TicketService constructor
	- declared on CLASS bean [types=[java.lang.Object, org.jenga.service.TicketService], qualifiers=[@Any, @Default], target=org.jenga.service.TicketService]
[2] Unsatisfied dependency for type org.jenga.mapper.CommentMapper and qualifiers [@Default]
	- injection target: parameter 'commentMapper' of org.jenga.service.TicketService constructor
	- declared on CLASS bean [types=[java.lang.Object, org.jenga.service.TicketService], qualifiers=[@Any, @Default], target=org.jenga.service.TicketService]
[3] Unsatisfied dependency for type org.jenga.mapper.AcceptanceCriteriaMapper and qualifiers [@Default]
	- injection target: parameter 'acceptanceCriteriaMapper' of org.jenga.service.TicketService constructor
	- declared on CLASS bean [types=[java.lang.Object, org.jenga.service.TicketService], qualifiers=[@Any, @Default], target=org.jenga.service.TicketService]
[4] Unsatisfied dependency for type org.jenga.mapper.UserMapper and qualifiers [@Default]
	- injection target: parameter 'userMapper' of org.jenga.service.UserService constructor
	- declared on CLASS bean [types=[java.lang.Object, org.jenga.service.UserService], qualifiers=[@Any, @Default], target=org.jenga.service.UserService]
[5] Unsatisfied dependency for type org.jenga.mapper.ProjectMapper and qualifiers [@Default]
	- injection target: parameter 'projectMapper' of org.jenga.service.ProjectService constructor
	- declared on CLASS bean [types=[java.lang.Object, org.jenga.service.ProjectService], qualifiers=[@Any, @Default], target=org.jenga.service.ProjectService]
[6] Unsatisfied dependency for type org.jenga.mapper.LabelMapper and qualifiers [@Default]
	- injection target: parameter 'labelMapper' of org.jenga.service.ProjectService constructor
	- declared on CLASS bean [types=[java.lang.Object, org.jenga.service.ProjectService], qualifiers=[@Any, @Default], target=org.jenga.service.ProjectService]
	at io.quarkus.arc.processor.BeanDeployment.processErrors(BeanDeployment.java:1602)
	at io.quarkus.arc.processor.BeanDeployment.init(BeanDeployment.java:341)
	at io.quarkus.arc.processor.BeanProcessor.initialize(BeanProcessor.java:178)
	at io.quarkus.arc.deployment.ArcProcessor.validate(ArcProcessor.java:488)
	at java.base/java.lang.invoke.MethodHandle.invokeWithArguments(MethodHandle.java:733)
	at io.quarkus.deployment.ExtensionLoader$3.execute(ExtensionLoader.java:874)
	at io.quarkus.builder.BuildContext.run(BuildContext.java:255)
	at org.jboss.threads.ContextHandler$1.runWith(ContextHandler.java:18)
	at org.jboss.threads.EnhancedQueueExecutor$Task.doRunWith(EnhancedQueueExecutor.java:2651)
	at org.jboss.threads.EnhancedQueueExecutor$Task.run(EnhancedQueueExecutor.java:2630)
	at org.jboss.threads.EnhancedQueueExecutor.runThreadBody(EnhancedQueueExecutor.java:1622)
	at org.jboss.threads.EnhancedQueueExecutor$ThreadBody.run(EnhancedQueueExecutor.java:1589)
	at java.base/java.lang.Thread.run(Thread.java:1583)
	at org.jboss.threads.JBossThread.run(JBossThread.java:501)
	Suppressed: jakarta.enterprise.inject.UnsatisfiedResolutionException: Unsatisfied dependency for type org.jenga.mapper.TicketMapper and qualifiers [@Default]
	- injection target: parameter 'ticketMapper' of org.jenga.service.TicketService constructor
	- declared on CLASS bean [types=[java.lang.Object, org.jenga.service.TicketService], qualifiers=[@Any, @Default], target=org.jenga.service.TicketService]
		at io.quarkus.arc.processor.Beans.resolveInjectionPoint(Beans.java:547)
		at io.quarkus.arc.processor.BeanInfo.init(BeanInfo.java:689)
		at io.quarkus.arc.processor.BeanDeployment.init(BeanDeployment.java:326)
		... 12 more
	Suppressed: jakarta.enterprise.inject.UnsatisfiedResolutionException: Unsatisfied dependency for type org.jenga.mapper.CommentMapper and qualifiers [@Default]
	- injection target: parameter 'commentMapper' of org.jenga.service.TicketService constructor
	- declared on CLASS bean [types=[java.lang.Object, org.jenga.service.TicketService], qualifiers=[@Any, @Default], target=org.jenga.service.TicketService]
		at io.quarkus.arc.processor.Beans.resolveInjectionPoint(Beans.java:547)
		at io.quarkus.arc.processor.BeanInfo.init(BeanInfo.java:689)
		at io.quarkus.arc.processor.BeanDeployment.init(BeanDeployment.java:326)
		... 12 more
	Suppressed: jakarta.enterprise.inject.UnsatisfiedResolutionException: Unsatisfied dependency for type org.jenga.mapper.AcceptanceCriteriaMapper and qualifiers [@Default]
	- injection target: parameter 'acceptanceCriteriaMapper' of org.jenga.service.TicketService constructor
	- declared on CLASS bean [types=[java.lang.Object, org.jenga.service.TicketService], qualifiers=[@Any, @Default], target=org.jenga.service.TicketService]
		at io.quarkus.arc.processor.Beans.resolveInjectionPoint(Beans.java:547)
		at io.quarkus.arc.processor.BeanInfo.init(BeanInfo.java:689)
		at io.quarkus.arc.processor.BeanDeployment.init(BeanDeployment.java:326)
		... 12 more
	Suppressed: jakarta.enterprise.inject.UnsatisfiedResolutionException: Unsatisfied dependency for type org.jenga.mapper.UserMapper and qualifiers [@Default]
	- injection target: parameter 'userMapper' of org.jenga.service.UserService constructor
	- declared on CLASS bean [types=[java.lang.Object, org.jenga.service.UserService], qualifiers=[@Any, @Default], target=org.jenga.service.UserService]
		at io.quarkus.arc.processor.Beans.resolveInjectionPoint(Beans.java:547)
		at io.quarkus.arc.processor.BeanInfo.init(BeanInfo.java:689)
		at io.quarkus.arc.processor.BeanDeployment.init(BeanDeployment.java:326)
		... 12 more
	Suppressed: jakarta.enterprise.inject.UnsatisfiedResolutionException: Unsatisfied dependency for type org.jenga.mapper.ProjectMapper and qualifiers [@Default]
	- injection target: parameter 'projectMapper' of org.jenga.service.ProjectService constructor
	- declared on CLASS bean [types=[java.lang.Object, org.jenga.service.ProjectService], qualifiers=[@Any, @Default], target=org.jenga.service.ProjectService]
		at io.quarkus.arc.processor.Beans.resolveInjectionPoint(Beans.java:547)
		at io.quarkus.arc.processor.BeanInfo.init(BeanInfo.java:689)
		at io.quarkus.arc.processor.BeanDeployment.init(BeanDeployment.java:326)
		... 12 more
	Suppressed: jakarta.enterprise.inject.UnsatisfiedResolutionException: Unsatisfied dependency for type org.jenga.mapper.LabelMapper and qualifiers [@Default]
	- injection target: parameter 'labelMapper' of org.jenga.service.ProjectService constructor
	- declared on CLASS bean [types=[java.lang.Object, org.jenga.service.ProjectService], qualifiers=[@Any, @Default], target=org.jenga.service.ProjectService]
		at io.quarkus.arc.processor.Beans.resolveInjectionPoint(Beans.java:547)
		at io.quarkus.arc.processor.BeanInfo.init(BeanInfo.java:689)
		at io.quarkus.arc.processor.BeanDeployment.init(BeanDeployment.java:326)
		... 12 more
java.lang.RuntimeException: io.quarkus.builder.BuildException: Build failure: Build failed due to errors
	[error]: Build step io.quarkus.arc.deployment.ArcProcessor#validate threw an exception: jakarta.enterprise.inject.spi.DeploymentException: Found 6 deployment problems: 
[1] Unsatisfied dependency for type org.jenga.mapper.TicketMapper and qualifiers [@Default]
	- injection target: parameter 'ticketMapper' of org.jenga.service.TicketService constructor
	- declared on CLASS bean [types=[java.lang.Object, org.jenga.service.TicketService], qualifiers=[@Any, @Default], target=org.jenga.service.TicketService]
[2] Unsatisfied dependency for type org.jenga.mapper.CommentMapper and qualifiers [@Default]
	- injection target: parameter 'commentMapper' of org.jenga.service.TicketService constructor
	- declared on CLASS bean [types=[java.lang.Object, org.jenga.service.TicketService], qualifiers=[@Any, @Default], target=org.jenga.service.TicketService]
[3] Unsatisfied dependency for type org.jenga.mapper.AcceptanceCriteriaMapper and qualifiers [@Default]
	- injection target: parameter 'acceptanceCriteriaMapper' of org.jenga.service.TicketService constructor
	- declared on CLASS bean [types=[java.lang.Object, org.jenga.service.TicketService], qualifiers=[@Any, @Default], target=org.jenga.service.TicketService]
[4] Unsatisfied dependency for type org.jenga.mapper.UserMapper and qualifiers [@Default]
	- injection target: parameter 'userMapper' of org.jenga.service.UserService constructor
	- declared on CLASS bean [types=[java.lang.Object, org.jenga.service.UserService], qualifiers=[@Any, @Default], target=org.jenga.service.UserService]
[5] Unsatisfied dependency for type org.jenga.mapper.ProjectMapper and qualifiers [@Default]
	- injection target: parameter 'projectMapper' of org.jenga.service.ProjectService constructor
	- declared on CLASS bean [types=[java.lang.Object, org.jenga.service.ProjectService], qualifiers=[@Any, @Default], target=org.jenga.service.ProjectService]
[6] Unsatisfied dependency for type org.jenga.mapper.LabelMapper and qualifiers [@Default]
	- injection target: parameter 'labelMapper' of org.jenga.service.ProjectService constructor
	- declared on CLASS bean [types=[java.lang.Object, org.jenga.service.ProjectService], qualifiers=[@Any, @Default], target=org.jenga.service.ProjectService]
	at io.quarkus.arc.processor.BeanDeployment.processErrors(BeanDeployment.java:1602)
	at io.quarkus.arc.processor.BeanDeployment.init(BeanDeployment.java:341)
	at io.quarkus.arc.processor.BeanProcessor.initialize(BeanProcessor.java:178)
	at io.quarkus.arc.deployment.ArcProcessor.validate(ArcProcessor.java:488)
	at java.base/java.lang.invoke.MethodHandle.invokeWithArguments(MethodHandle.java:733)
	at io.quarkus.deployment.ExtensionLoader$3.execute(ExtensionLoader.java:874)
	at io.quarkus.builder.BuildContext.run(BuildContext.java:255)
	at org.jboss.threads.ContextHandler$1.runWith(ContextHandler.java:18)
	at org.jboss.threads.EnhancedQueueExecutor$Task.doRunWith(EnhancedQueueExecutor.java:2651)
	at org.jboss.threads.EnhancedQueueExecutor$Task.run(EnhancedQueueExecutor.java:2630)
	at org.jboss.threads.EnhancedQueueExecutor.runThreadBody(EnhancedQueueExecutor.java:1622)
	at org.jboss.threads.EnhancedQueueExecutor$ThreadBody.run(EnhancedQueueExecutor.java:1589)
	at java.base/java.lang.Thread.run(Thread.java:1583)
	at org.jboss.threads.JBossThread.run(JBossThread.java:501)
	Suppressed: jakarta.enterprise.inject.UnsatisfiedResolutionException: Unsatisfied dependency for type org.jenga.mapper.TicketMapper and qualifiers [@Default]
	- injection target: parameter 'ticketMapper' of org.jenga.service.TicketService constructor
	- declared on CLASS bean [types=[java.lang.Object, org.jenga.service.TicketService], qualifiers=[@Any, @Default], target=org.jenga.service.TicketService]
		at io.quarkus.arc.processor.Beans.resolveInjectionPoint(Beans.java:547)
		at io.quarkus.arc.processor.BeanInfo.init(BeanInfo.java:689)
		at io.quarkus.arc.processor.BeanDeployment.init(BeanDeployment.java:326)
		... 12 more
	Suppressed: jakarta.enterprise.inject.UnsatisfiedResolutionException: Unsatisfied dependency for type org.jenga.mapper.CommentMapper and qualifiers [@Default]
	- injection target: parameter 'commentMapper' of org.jenga.service.TicketService constructor
	- declared on CLASS bean [types=[java.lang.Object, org.jenga.service.TicketService], qualifiers=[@Any, @Default], target=org.jenga.service.TicketService]
		at io.quarkus.arc.processor.Beans.resolveInjectionPoint(Beans.java:547)
		at io.quarkus.arc.processor.BeanInfo.init(BeanInfo.java:689)
		at io.quarkus.arc.processor.BeanDeployment.init(BeanDeployment.java:326)
		... 12 more
	Suppressed: jakarta.enterprise.inject.UnsatisfiedResolutionException: Unsatisfied dependency for type org.jenga.mapper.AcceptanceCriteriaMapper and qualifiers [@Default]
	- injection target: parameter 'acceptanceCriteriaMapper' of org.jenga.service.TicketService constructor
	- declared on CLASS bean [types=[java.lang.Object, org.jenga.service.TicketService], qualifiers=[@Any, @Default], target=org.jenga.service.TicketService]
		at io.quarkus.arc.processor.Beans.resolveInjectionPoint(Beans.java:547)
		at io.quarkus.arc.processor.BeanInfo.init(BeanInfo.java:689)
		at io.quarkus.arc.processor.BeanDeployment.init(BeanDeployment.java:326)
		... 12 more
	Suppressed: jakarta.enterprise.inject.UnsatisfiedResolutionException: Unsatisfied dependency for type org.jenga.mapper.UserMapper and qualifiers [@Default]
	- injection target: parameter 'userMapper' of org.jenga.service.UserService constructor
	- declared on CLASS bean [types=[java.lang.Object, org.jenga.service.UserService], qualifiers=[@Any, @Default], target=org.jenga.service.UserService]
		at io.quarkus.arc.processor.Beans.resolveInjectionPoint(Beans.java:547)
		at io.quarkus.arc.processor.BeanInfo.init(BeanInfo.java:689)
		at io.quarkus.arc.processor.BeanDeployment.init(BeanDeployment.java:326)
		... 12 more
	Suppressed: jakarta.enterprise.inject.UnsatisfiedResolutionException: Unsatisfied dependency for type org.jenga.mapper.ProjectMapper and qualifiers [@Default]
	- injection target: parameter 'projectMapper' of org.jenga.service.ProjectService constructor
	- declared on CLASS bean [types=[java.lang.Object, org.jenga.service.ProjectService], qualifiers=[@Any, @Default], target=org.jenga.service.ProjectService]
		at io.quarkus.arc.processor.Beans.resolveInjectionPoint(Beans.java:547)
		at io.quarkus.arc.processor.BeanInfo.init(BeanInfo.java:689)
		at io.quarkus.arc.processor.BeanDeployment.init(BeanDeployment.java:326)
		... 12 more
	Suppressed: jakarta.enterprise.inject.UnsatisfiedResolutionException: Unsatisfied dependency for type org.jenga.mapper.LabelMapper and qualifiers [@Default]
	- injection target: parameter 'labelMapper' of org.jenga.service.ProjectService constructor
	- declared on CLASS bean [types=[java.lang.Object, org.jenga.service.ProjectService], qualifiers=[@Any, @Default], target=org.jenga.service.ProjectService]
		at io.quarkus.arc.processor.Beans.resolveInjectionPoint(Beans.java:547)
		at io.quarkus.arc.processor.BeanInfo.init(BeanInfo.java:689)
		at io.quarkus.arc.processor.BeanDeployment.init(BeanDeployment.java:326)
		... 12 more

	at io.quarkus.runner.bootstrap.AugmentActionImpl.runAugment(AugmentActionImpl.java:376)
	at io.quarkus.runner.bootstrap.AugmentActionImpl.createInitialRuntimeApplication(AugmentActionImpl.java:293)
	at io.quarkus.runner.bootstrap.AugmentActionImpl.createInitialRuntimeApplication(AugmentActionImpl.java:61)
	at io.quarkus.test.junit.AppMakerHelper.getStartupAction(AppMakerHelper.java:253)
	at io.quarkus.test.junit.classloading.FacadeClassLoader.getOrCreateRuntimeClassLoader(FacadeClassLoader.java:544)
	at io.quarkus.test.junit.classloading.FacadeClassLoader.getQuarkusClassLoader(FacadeClassLoader.java:441)
	at io.quarkus.test.junit.classloading.FacadeClassLoader.loadClass(FacadeClassLoader.java:330)
	at java.base/java.lang.Class.forName0(Native Method)
	at java.base/java.lang.Class.forName(Class.java:534)
	at java.base/java.lang.Class.forName(Class.java:513)
	at org.junit.platform.commons.util.ReflectionUtils.lambda$tryToLoadClass$10(ReflectionUtils.java:886)
	at org.junit.platform.commons.function.Try.lambda$call$0(Try.java:57)
	at org.junit.platform.commons.function.Try.of(Try.java:93)
	at org.junit.platform.commons.function.Try.call(Try.java:57)
	at org.junit.platform.commons.util.ReflectionUtils.tryToLoadClass(ReflectionUtils.java:873)
	at org.junit.platform.commons.util.ReflectionUtils.tryToLoadClass(ReflectionUtils.java:810)
	at org.junit.platform.commons.support.ReflectionSupport.tryToLoadClass(ReflectionSupport.java:94)
	at org.junit.platform.engine.discovery.ClassSelector.getJavaClass(ClassSelector.java:95)
	at org.junit.jupiter.engine.discovery.ClassSelectorResolver.resolve(ClassSelectorResolver.java:87)
	at org.junit.platform.engine.support.discovery.EngineDiscoveryRequestResolution.lambda$resolve$2(EngineDiscoveryRequestResolution.java:135)
	at java.base/java.util.stream.ReferencePipeline$3$1.accept(ReferencePipeline.java:197)
	at java.base/java.util.ArrayList$ArrayListSpliterator.tryAdvance(ArrayList.java:1685)
	at java.base/java.util.stream.ReferencePipeline.forEachWithCancel(ReferencePipeline.java:129)
	at java.base/java.util.stream.AbstractPipeline.copyIntoWithCancel(AbstractPipeline.java:527)
	at java.base/java.util.stream.AbstractPipeline.copyInto(AbstractPipeline.java:513)
	at java.base/java.util.stream.AbstractPipeline.wrapAndCopyInto(AbstractPipeline.java:499)
	at java.base/java.util.stream.FindOps$FindOp.evaluateSequential(FindOps.java:150)
	at java.base/java.util.stream.AbstractPipeline.evaluate(AbstractPipeline.java:234)
	at java.base/java.util.stream.ReferencePipeline.findFirst(ReferencePipeline.java:647)
	at org.junit.platform.engine.support.discovery.EngineDiscoveryRequestResolution.resolve(EngineDiscoveryRequestResolution.java:189)
	at org.junit.platform.engine.support.discovery.EngineDiscoveryRequestResolution.resolve(EngineDiscoveryRequestResolution.java:126)
	at org.junit.platform.engine.support.discovery.EngineDiscoveryRequestResolution.resolveCompletely(EngineDiscoveryRequestResolution.java:92)
	at org.junit.platform.engine.support.discovery.EngineDiscoveryRequestResolution.run(EngineDiscoveryRequestResolution.java:83)
	at org.junit.platform.engine.support.discovery.EngineDiscoveryRequestResolver.resolve(EngineDiscoveryRequestResolver.java:148)
	at org.junit.jupiter.engine.discovery.DiscoverySelectorResolver.resolveSelectors(DiscoverySelectorResolver.java:63)
	at org.junit.jupiter.engine.JupiterTestEngine.discover(JupiterTestEngine.java:70)
	at org.junit.platform.launcher.core.EngineDiscoveryOrchestrator.discoverEngineRoot(EngineDiscoveryOrchestrator.java:195)
	at org.junit.platform.launcher.core.EngineDiscoveryOrchestrator.discoverSafely(EngineDiscoveryOrchestrator.java:174)
	at org.junit.platform.launcher.core.EngineDiscoveryOrchestrator.discover(EngineDiscoveryOrchestrator.java:119)
	at org.junit.platform.launcher.core.EngineDiscoveryOrchestrator.discover(EngineDiscoveryOrchestrator.java:84)
	at org.junit.platform.launcher.core.DefaultLauncher.discover(DefaultLauncher.java:104)
	at org.junit.platform.launcher.core.DefaultLauncher.discover(DefaultLauncher.java:83)
	at org.junit.platform.launcher.core.DelegatingLauncher.discover(DelegatingLauncher.java:42)
	at org.junit.platform.launcher.core.InterceptingLauncher.lambda$discover$0(InterceptingLauncher.java:33)
	at org.junit.platform.launcher.core.ClasspathAlignmentCheckingLauncherInterceptor.intercept(ClasspathAlignmentCheckingLauncherInterceptor.java:25)
	at org.junit.platform.launcher.core.InterceptingLauncher.discover(InterceptingLauncher.java:33)
	at org.junit.platform.launcher.core.DelegatingLauncher.discover(DelegatingLauncher.java:42)
	at org.apache.maven.surefire.junitplatform.LazyLauncher.discover(LazyLauncher.java:50)
	at org.apache.maven.surefire.junitplatform.TestPlanScannerFilter.accept(TestPlanScannerFilter.java:52)
	at org.apache.maven.surefire.api.util.DefaultScanResult.applyFilter(DefaultScanResult.java:87)
	at org.apache.maven.surefire.junitplatform.JUnitPlatformProvider.scanClasspath(JUnitPlatformProvider.java:144)
	at org.apache.maven.surefire.junitplatform.JUnitPlatformProvider.invoke(JUnitPlatformProvider.java:124)
	at org.apache.maven.surefire.booter.ForkedBooter.runSuitesInProcess(ForkedBooter.java:385)
	at org.apache.maven.surefire.booter.ForkedBooter.execute(ForkedBooter.java:162)
	at org.apache.maven.surefire.booter.ForkedBooter.run(ForkedBooter.java:507)
	at org.apache.maven.surefire.booter.ForkedBooter.main(ForkedBooter.java:495)
Caused by: io.quarkus.builder.BuildException: Build failure: Build failed due to errors
	[error]: Build step io.quarkus.arc.deployment.ArcProcessor#validate threw an exception: jakarta.enterprise.inject.spi.DeploymentException: Found 6 deployment problems: 
[1] Unsatisfied dependency for type org.jenga.mapper.TicketMapper and qualifiers [@Default]
	- injection target: parameter 'ticketMapper' of org.jenga.service.TicketService constructor
	- declared on CLASS bean [types=[java.lang.Object, org.jenga.service.TicketService], qualifiers=[@Any, @Default], target=org.jenga.service.TicketService]
[2] Unsatisfied dependency for type org.jenga.mapper.CommentMapper and qualifiers [@Default]
	- injection target: parameter 'commentMapper' of org.jenga.service.TicketService constructor
	- declared on CLASS bean [types=[java.lang.Object, org.jenga.service.TicketService], qualifiers=[@Any, @Default], target=org.jenga.service.TicketService]
[3] Unsatisfied dependency for type org.jenga.mapper.AcceptanceCriteriaMapper and qualifiers [@Default]
	- injection target: parameter 'acceptanceCriteriaMapper' of org.jenga.service.TicketService constructor
	- declared on CLASS bean [types=[java.lang.Object, org.jenga.service.TicketService], qualifiers=[@Any, @Default], target=org.jenga.service.TicketService]
[4] Unsatisfied dependency for type org.jenga.mapper.UserMapper and qualifiers [@Default]
	- injection target: parameter 'userMapper' of org.jenga.service.UserService constructor
	- declared on CLASS bean [types=[java.lang.Object, org.jenga.service.UserService], qualifiers=[@Any, @Default], target=org.jenga.service.UserService]
[5] Unsatisfied dependency for type org.jenga.mapper.ProjectMapper and qualifiers [@Default]
	- injection target: parameter 'projectMapper' of org.jenga.service.ProjectService constructor
	- declared on CLASS bean [types=[java.lang.Object, org.jenga.service.ProjectService], qualifiers=[@Any, @Default], target=org.jenga.service.ProjectService]
[6] Unsatisfied dependency for type org.jenga.mapper.LabelMapper and qualifiers [@Default]
	- injection target: parameter 'labelMapper' of org.jenga.service.ProjectService constructor
	- declared on CLASS bean [types=[java.lang.Object, org.jenga.service.ProjectService], qualifiers=[@Any, @Default], target=org.jenga.service.ProjectService]
	at io.quarkus.arc.processor.BeanDeployment.processErrors(BeanDeployment.java:1602)
	at io.quarkus.arc.processor.BeanDeployment.init(BeanDeployment.java:341)
	at io.quarkus.arc.processor.BeanProcessor.initialize(BeanProcessor.java:178)
	at io.quarkus.arc.deployment.ArcProcessor.validate(ArcProcessor.java:488)
	at java.base/java.lang.invoke.MethodHandle.invokeWithArguments(MethodHandle.java:733)
	at io.quarkus.deployment.ExtensionLoader$3.execute(ExtensionLoader.java:874)
	at io.quarkus.builder.BuildContext.run(BuildContext.java:255)
	at org.jboss.threads.ContextHandler$1.runWith(ContextHandler.java:18)
	at org.jboss.threads.EnhancedQueueExecutor$Task.doRunWith(EnhancedQueueExecutor.java:2651)
	at org.jboss.threads.EnhancedQueueExecutor$Task.run(EnhancedQueueExecutor.java:2630)
	at org.jboss.threads.EnhancedQueueExecutor.runThreadBody(EnhancedQueueExecutor.java:1622)
	at org.jboss.threads.EnhancedQueueExecutor$ThreadBody.run(EnhancedQueueExecutor.java:1589)
	at java.base/java.lang.Thread.run(Thread.java:1583)
	at org.jboss.threads.JBossThread.run(JBossThread.java:501)
	Suppressed: jakarta.enterprise.inject.UnsatisfiedResolutionException: Unsatisfied dependency for type org.jenga.mapper.TicketMapper and qualifiers [@Default]
	- injection target: parameter 'ticketMapper' of org.jenga.service.TicketService constructor
	- declared on CLASS bean [types=[java.lang.Object, org.jenga.service.TicketService], qualifiers=[@Any, @Default], target=org.jenga.service.TicketService]
		at io.quarkus.arc.processor.Beans.resolveInjectionPoint(Beans.java:547)
		at io.quarkus.arc.processor.BeanInfo.init(BeanInfo.java:689)
		at io.quarkus.arc.processor.BeanDeployment.init(BeanDeployment.java:326)
		... 12 more
	Suppressed: jakarta.enterprise.inject.UnsatisfiedResolutionException: Unsatisfied dependency for type org.jenga.mapper.CommentMapper and qualifiers [@Default]
	- injection target: parameter 'commentMapper' of org.jenga.service.TicketService constructor
	- declared on CLASS bean [types=[java.lang.Object, org.jenga.service.TicketService], qualifiers=[@Any, @Default], target=org.jenga.service.TicketService]
		at io.quarkus.arc.processor.Beans.resolveInjectionPoint(Beans.java:547)
		at io.quarkus.arc.processor.BeanInfo.init(BeanInfo.java:689)
		at io.quarkus.arc.processor.BeanDeployment.init(BeanDeployment.java:326)
		... 12 more
	Suppressed: jakarta.enterprise.inject.UnsatisfiedResolutionException: Unsatisfied dependency for type org.jenga.mapper.AcceptanceCriteriaMapper and qualifiers [@Default]
	- injection target: parameter 'acceptanceCriteriaMapper' of org.jenga.service.TicketService constructor
	- declared on CLASS bean [types=[java.lang.Object, org.jenga.service.TicketService], qualifiers=[@Any, @Default], target=org.jenga.service.TicketService]
		at io.quarkus.arc.processor.Beans.resolveInjectionPoint(Beans.java:547)
		at io.quarkus.arc.processor.BeanInfo.init(BeanInfo.java:689)
		at io.quarkus.arc.processor.BeanDeployment.init(BeanDeployment.java:326)
		... 12 more
	Suppressed: jakarta.enterprise.inject.UnsatisfiedResolutionException: Unsatisfied dependency for type org.jenga.mapper.UserMapper and qualifiers [@Default]
	- injection target: parameter 'userMapper' of org.jenga.service.UserService constructor
	- declared on CLASS bean [types=[java.lang.Object, org.jenga.service.UserService], qualifiers=[@Any, @Default], target=org.jenga.service.UserService]
		at io.quarkus.arc.processor.Beans.resolveInjectionPoint(Beans.java:547)
		at io.quarkus.arc.processor.BeanInfo.init(BeanInfo.java:689)
		at io.quarkus.arc.processor.BeanDeployment.init(BeanDeployment.java:326)
		... 12 more
	Suppressed: jakarta.enterprise.inject.UnsatisfiedResolutionException: Unsatisfied dependency for type org.jenga.mapper.ProjectMapper and qualifiers [@Default]
	- injection target: parameter 'projectMapper' of org.jenga.service.ProjectService constructor
	- declared on CLASS bean [types=[java.lang.Object, org.jenga.service.ProjectService], qualifiers=[@Any, @Default], target=org.jenga.service.ProjectService]
		at io.quarkus.arc.processor.Beans.resolveInjectionPoint(Beans.java:547)
		at io.quarkus.arc.processor.BeanInfo.init(BeanInfo.java:689)
		at io.quarkus.arc.processor.BeanDeployment.init(BeanDeployment.java:326)
		... 12 more
	Suppressed: jakarta.enterprise.inject.UnsatisfiedResolutionException: Unsatisfied dependency for type org.jenga.mapper.LabelMapper and qualifiers [@Default]
	- injection target: parameter 'labelMapper' of org.jenga.service.ProjectService constructor
	- declared on CLASS bean [types=[java.lang.Object, org.jenga.service.ProjectService], qualifiers=[@Any, @Default], target=org.jenga.service.ProjectService]
		at io.quarkus.arc.processor.Beans.resolveInjectionPoint(Beans.java:547)
		at io.quarkus.arc.processor.BeanInfo.init(BeanInfo.java:689)
		at io.quarkus.arc.processor.BeanDeployment.init(BeanDeployment.java:326)
		... 12 more

	at io.quarkus.builder.Execution.run(Execution.java:122)
	at io.quarkus.builder.BuildExecutionBuilder.execute(BuildExecutionBuilder.java:78)
	at io.quarkus.deployment.QuarkusAugmentor.run(QuarkusAugmentor.java:160)
	at io.quarkus.runner.bootstrap.AugmentActionImpl.runAugment(AugmentActionImpl.java:372)
	... 55 more
Caused by: jakarta.enterprise.inject.spi.DeploymentException: Found 6 deployment problems: 
[1] Unsatisfied dependency for type org.jenga.mapper.TicketMapper and qualifiers [@Default]
	- injection target: parameter 'ticketMapper' of org.jenga.service.TicketService constructor
	- declared on CLASS bean [types=[java.lang.Object, org.jenga.service.TicketService], qualifiers=[@Any, @Default], target=org.jenga.service.TicketService]
[2] Unsatisfied dependency for type org.jenga.mapper.CommentMapper and qualifiers [@Default]
	- injection target: parameter 'commentMapper' of org.jenga.service.TicketService constructor
	- declared on CLASS bean [types=[java.lang.Object, org.jenga.service.TicketService], qualifiers=[@Any, @Default], target=org.jenga.service.TicketService]
[3] Unsatisfied dependency for type org.jenga.mapper.AcceptanceCriteriaMapper and qualifiers [@Default]
	- injection target: parameter 'acceptanceCriteriaMapper' of org.jenga.service.TicketService constructor
	- declared on CLASS bean [types=[java.lang.Object, org.jenga.service.TicketService], qualifiers=[@Any, @Default], target=org.jenga.service.TicketService]
[4] Unsatisfied dependency for type org.jenga.mapper.UserMapper and qualifiers [@Default]
	- injection target: parameter 'userMapper' of org.jenga.service.UserService constructor
	- declared on CLASS bean [types=[java.lang.Object, org.jenga.service.UserService], qualifiers=[@Any, @Default], target=org.jenga.service.UserService]
[5] Unsatisfied dependency for type org.jenga.mapper.ProjectMapper and qualifiers [@Default]
	- injection target: parameter 'projectMapper' of org.jenga.service.ProjectService constructor
	- declared on CLASS bean [types=[java.lang.Object, org.jenga.service.ProjectService], qualifiers=[@Any, @Default], target=org.jenga.service.ProjectService]
[6] Unsatisfied dependency for type org.jenga.mapper.LabelMapper and qualifiers [@Default]
	- injection target: parameter 'labelMapper' of org.jenga.service.ProjectService constructor
	- declared on CLASS bean [types=[java.lang.Object, org.jenga.service.ProjectService], qualifiers=[@Any, @Default], target=org.jenga.service.ProjectService]
	at io.quarkus.arc.processor.BeanDeployment.processErrors(BeanDeployment.java:1602)
	at io.quarkus.arc.processor.BeanDeployment.init(BeanDeployment.java:341)
	at io.quarkus.arc.processor.BeanProcessor.initialize(BeanProcessor.java:178)
	at io.quarkus.arc.deployment.ArcProcessor.validate(ArcProcessor.java:488)
	at java.base/java.lang.invoke.MethodHandle.invokeWithArguments(MethodHandle.java:733)
	at io.quarkus.deployment.ExtensionLoader$3.execute(ExtensionLoader.java:874)
	at io.quarkus.builder.BuildContext.run(BuildContext.java:255)
	at org.jboss.threads.ContextHandler$1.runWith(ContextHandler.java:18)
	at org.jboss.threads.EnhancedQueueExecutor$Task.doRunWith(EnhancedQueueExecutor.java:2651)
	at org.jboss.threads.EnhancedQueueExecutor$Task.run(EnhancedQueueExecutor.java:2630)
	at org.jboss.threads.EnhancedQueueExecutor.runThreadBody(EnhancedQueueExecutor.java:1622)
	at org.jboss.threads.EnhancedQueueExecutor$ThreadBody.run(EnhancedQueueExecutor.java:1589)
	at java.base/java.lang.Thread.run(Thread.java:1583)
	at org.jboss.threads.JBossThread.run(JBossThread.java:501)
	Suppressed: jakarta.enterprise.inject.UnsatisfiedResolutionException: Unsatisfied dependency for type org.jenga.mapper.TicketMapper and qualifiers [@Default]
	- injection target: parameter 'ticketMapper' of org.jenga.service.TicketService constructor
	- declared on CLASS bean [types=[java.lang.Object, org.jenga.service.TicketService], qualifiers=[@Any, @Default], target=org.jenga.service.TicketService]
		at io.quarkus.arc.processor.Beans.resolveInjectionPoint(Beans.java:547)
		at io.quarkus.arc.processor.BeanInfo.init(BeanInfo.java:689)
		at io.quarkus.arc.processor.BeanDeployment.init(BeanDeployment.java:326)
		... 12 more
	Suppressed: jakarta.enterprise.inject.UnsatisfiedResolutionException: Unsatisfied dependency for type org.jenga.mapper.CommentMapper and qualifiers [@Default]
	- injection target: parameter 'commentMapper' of org.jenga.service.TicketService constructor
	- declared on CLASS bean [types=[java.lang.Object, org.jenga.service.TicketService], qualifiers=[@Any, @Default], target=org.jenga.service.TicketService]
		at io.quarkus.arc.processor.Beans.resolveInjectionPoint(Beans.java:547)
		at io.quarkus.arc.processor.BeanInfo.init(BeanInfo.java:689)
		at io.quarkus.arc.processor.BeanDeployment.init(BeanDeployment.java:326)
		... 12 more
	Suppressed: jakarta.enterprise.inject.UnsatisfiedResolutionException: Unsatisfied dependency for type org.jenga.mapper.AcceptanceCriteriaMapper and qualifiers [@Default]
	- injection target: parameter 'acceptanceCriteriaMapper' of org.jenga.service.TicketService constructor
	- declared on CLASS bean [types=[java.lang.Object, org.jenga.service.TicketService], qualifiers=[@Any, @Default], target=org.jenga.service.TicketService]
		at io.quarkus.arc.processor.Beans.resolveInjectionPoint(Beans.java:547)
		at io.quarkus.arc.processor.BeanInfo.init(BeanInfo.java:689)
		at io.quarkus.arc.processor.BeanDeployment.init(BeanDeployment.java:326)
		... 12 more
	Suppressed: jakarta.enterprise.inject.UnsatisfiedResolutionException: Unsatisfied dependency for type org.jenga.mapper.UserMapper and qualifiers [@Default]
	- injection target: parameter 'userMapper' of org.jenga.service.UserService constructor
	- declared on CLASS bean [types=[java.lang.Object, org.jenga.service.UserService], qualifiers=[@Any, @Default], target=org.jenga.service.UserService]
		at io.quarkus.arc.processor.Beans.resolveInjectionPoint(Beans.java:547)
		at io.quarkus.arc.processor.BeanInfo.init(BeanInfo.java:689)
		at io.quarkus.arc.processor.BeanDeployment.init(BeanDeployment.java:326)
		... 12 more
	Suppressed: jakarta.enterprise.inject.UnsatisfiedResolutionException: Unsatisfied dependency for type org.jenga.mapper.ProjectMapper and qualifiers [@Default]
	- injection target: parameter 'projectMapper' of org.jenga.service.ProjectService constructor
	- declared on CLASS bean [types=[java.lang.Object, org.jenga.service.ProjectService], qualifiers=[@Any, @Default], target=org.jenga.service.ProjectService]
		at io.quarkus.arc.processor.Beans.resolveInjectionPoint(Beans.java:547)
		at io.quarkus.arc.processor.BeanInfo.init(BeanInfo.java:689)
		at io.quarkus.arc.processor.BeanDeployment.init(BeanDeployment.java:326)
		... 12 more
	Suppressed: jakarta.enterprise.inject.UnsatisfiedResolutionException: Unsatisfied dependency for type org.jenga.mapper.LabelMapper and qualifiers [@Default]
	- injection target: parameter 'labelMapper' of org.jenga.service.ProjectService constructor
	- declared on CLASS bean [types=[java.lang.Object, org.jenga.service.ProjectService], qualifiers=[@Any, @Default], target=org.jenga.service.ProjectService]
		at io.quarkus.arc.processor.Beans.resolveInjectionPoint(Beans.java:547)
		at io.quarkus.arc.processor.BeanInfo.init(BeanInfo.java:689)
		at io.quarkus.arc.processor.BeanDeployment.init(BeanDeployment.java:326)
		... 12 more
2026-02-16 19:30:56,309 SEVERE [org.jun.pla.lau.cor.DiscoveryIssueNotifier] (main) TestEngine with ID 'junit-jupiter' encountered a critical issue during test discovery:

(1) [ERROR] ClassSelector [className = 'org.jenga.service.ImportServiceTest', classLoader = null] resolution failed
    Source: ClassSource [className = 'org.jenga.service.ImportServiceTest', filePosition = null]
            at org.jenga.service.ImportServiceTest.<no-method>(SourceFile:0)
    Cause: org.junit.platform.commons.PreconditionViolationException: Could not load class with name: org.jenga.service.ImportServiceTest
	at org.junit.platform.engine.discovery.ClassSelector.lambda$getJavaClass$0(ClassSelector.java:98)
	at org.junit.platform.commons.function.Try$Failure.getOrThrow(Try.java:335)
	at org.junit.platform.engine.discovery.ClassSelector.getJavaClass(ClassSelector.java:97)
	at org.junit.jupiter.engine.discovery.ClassSelectorResolver.resolve(ClassSelectorResolver.java:87)
	at org.junit.platform.engine.support.discovery.EngineDiscoveryRequestResolution.lambda$resolve$2(EngineDiscoveryRequestResolution.java:135)
	at java.base/java.util.stream.ReferencePipeline$3$1.accept(ReferencePipeline.java:197)
	at java.base/java.util.ArrayList$ArrayListSpliterator.tryAdvance(ArrayList.java:1685)
	at java.base/java.util.stream.ReferencePipeline.forEachWithCancel(ReferencePipeline.java:129)
	at java.base/java.util.stream.AbstractPipeline.copyIntoWithCancel(AbstractPipeline.java:527)
	at java.base/java.util.stream.AbstractPipeline.copyInto(AbstractPipeline.java:513)
	at java.base/java.util.stream.AbstractPipeline.wrapAndCopyInto(AbstractPipeline.java:499)
	at java.base/java.util.stream.FindOps$FindOp.evaluateSequential(FindOps.java:150)
	at java.base/java.util.stream.AbstractPipeline.evaluate(AbstractPipeline.java:234)
	at java.base/java.util.stream.ReferencePipeline.findFirst(ReferencePipeline.java:647)
	at org.junit.platform.engine.support.discovery.EngineDiscoveryRequestResolution.resolve(EngineDiscoveryRequestResolution.java:189)
	at org.junit.platform.engine.support.discovery.EngineDiscoveryRequestResolution.resolve(EngineDiscoveryRequestResolution.java:126)
	at org.junit.platform.engine.support.discovery.EngineDiscoveryRequestResolution.resolveCompletely(EngineDiscoveryRequestResolution.java:92)
	at org.junit.platform.engine.support.discovery.EngineDiscoveryRequestResolution.run(EngineDiscoveryRequestResolution.java:83)
	at org.junit.platform.engine.support.discovery.EngineDiscoveryRequestResolver.resolve(EngineDiscoveryRequestResolver.java:148)
	at org.junit.jupiter.engine.discovery.DiscoverySelectorResolver.resolveSelectors(DiscoverySelectorResolver.java:63)
	at org.junit.jupiter.engine.JupiterTestEngine.discover(JupiterTestEngine.java:70)
	at org.junit.platform.launcher.core.EngineDiscoveryOrchestrator.discoverEngineRoot(EngineDiscoveryOrchestrator.java:195)
	at org.junit.platform.launcher.core.EngineDiscoveryOrchestrator.discoverSafely(EngineDiscoveryOrchestrator.java:174)
	at org.junit.platform.launcher.core.EngineDiscoveryOrchestrator.discover(EngineDiscoveryOrchestrator.java:119)
	at org.junit.platform.launcher.core.EngineDiscoveryOrchestrator.discover(EngineDiscoveryOrchestrator.java:84)
	at org.junit.platform.launcher.core.DefaultLauncher.discover(DefaultLauncher.java:104)
	at org.junit.platform.launcher.core.DefaultLauncher.discover(DefaultLauncher.java:83)
	at org.junit.platform.launcher.core.DelegatingLauncher.discover(DelegatingLauncher.java:42)
	at org.junit.platform.launcher.core.InterceptingLauncher.lambda$discover$0(InterceptingLauncher.java:33)
	at org.junit.platform.launcher.core.ClasspathAlignmentCheckingLauncherInterceptor.intercept(ClasspathAlignmentCheckingLauncherInterceptor.java:25)
	at org.junit.platform.launcher.core.InterceptingLauncher.discover(InterceptingLauncher.java:33)
	at org.junit.platform.launcher.core.DelegatingLauncher.discover(DelegatingLauncher.java:42)
	at org.apache.maven.surefire.junitplatform.LazyLauncher.discover(LazyLauncher.java:50)
	at org.apache.maven.surefire.junitplatform.TestPlanScannerFilter.accept(TestPlanScannerFilter.java:52)
	at org.apache.maven.surefire.api.util.DefaultScanResult.applyFilter(DefaultScanResult.java:87)
	at org.apache.maven.surefire.junitplatform.JUnitPlatformProvider.scanClasspath(JUnitPlatformProvider.java:144)
	at org.apache.maven.surefire.junitplatform.JUnitPlatformProvider.invoke(JUnitPlatformProvider.java:124)
	at org.apache.maven.surefire.booter.ForkedBooter.runSuitesInProcess(ForkedBooter.java:385)
	at org.apache.maven.surefire.booter.ForkedBooter.execute(ForkedBooter.java:162)
	at org.apache.maven.surefire.booter.ForkedBooter.run(ForkedBooter.java:507)
	at org.apache.maven.surefire.booter.ForkedBooter.main(ForkedBooter.java:495)
Caused by: java.lang.RuntimeException: io.quarkus.builder.BuildException: Build failure: Build failed due to errors
	[error]: Build step io.quarkus.arc.deployment.ArcProcessor#validate threw an exception: jakarta.enterprise.inject.spi.DeploymentException: Found 6 deployment problems: 
[1] Unsatisfied dependency for type org.jenga.mapper.TicketMapper and qualifiers [@Default]
	- injection target: parameter 'ticketMapper' of org.jenga.service.TicketService constructor
	- declared on CLASS bean [types=[java.lang.Object, org.jenga.service.TicketService], qualifiers=[@Any, @Default], target=org.jenga.service.TicketService]
[2] Unsatisfied dependency for type org.jenga.mapper.CommentMapper and qualifiers [@Default]
	- injection target: parameter 'commentMapper' of org.jenga.service.TicketService constructor
	- declared on CLASS bean [types=[java.lang.Object, org.jenga.service.TicketService], qualifiers=[@Any, @Default], target=org.jenga.service.TicketService]
[3] Unsatisfied dependency for type org.jenga.mapper.AcceptanceCriteriaMapper and qualifiers [@Default]
	- injection target: parameter 'acceptanceCriteriaMapper' of org.jenga.service.TicketService constructor
	- declared on CLASS bean [types=[java.lang.Object, org.jenga.service.TicketService], qualifiers=[@Any, @Default], target=org.jenga.service.TicketService]
[4] Unsatisfied dependency for type org.jenga.mapper.UserMapper and qualifiers [@Default]
	- injection target: parameter 'userMapper' of org.jenga.service.UserService constructor
	- declared on CLASS bean [types=[java.lang.Object, org.jenga.service.UserService], qualifiers=[@Any, @Default], target=org.jenga.service.UserService]
[5] Unsatisfied dependency for type org.jenga.mapper.ProjectMapper and qualifiers [@Default]
	- injection target: parameter 'projectMapper' of org.jenga.service.ProjectService constructor
	- declared on CLASS bean [types=[java.lang.Object, org.jenga.service.ProjectService], qualifiers=[@Any, @Default], target=org.jenga.service.ProjectService]
[6] Unsatisfied dependency for type org.jenga.mapper.LabelMapper and qualifiers [@Default]
	- injection target: parameter 'labelMapper' of org.jenga.service.ProjectService constructor
	- declared on CLASS bean [types=[java.lang.Object, org.jenga.service.ProjectService], qualifiers=[@Any, @Default], target=org.jenga.service.ProjectService]
	at io.quarkus.arc.processor.BeanDeployment.processErrors(BeanDeployment.java:1602)
	at io.quarkus.arc.processor.BeanDeployment.init(BeanDeployment.java:341)
	at io.quarkus.arc.processor.BeanProcessor.initialize(BeanProcessor.java:178)
	at io.quarkus.arc.deployment.ArcProcessor.validate(ArcProcessor.java:488)
	at java.base/java.lang.invoke.MethodHandle.invokeWithArguments(MethodHandle.java:733)
	at io.quarkus.deployment.ExtensionLoader$3.execute(ExtensionLoader.java:874)
	at io.quarkus.builder.BuildContext.run(BuildContext.java:255)
	at org.jboss.threads.ContextHandler$1.runWith(ContextHandler.java:18)
	at org.jboss.threads.EnhancedQueueExecutor$Task.doRunWith(EnhancedQueueExecutor.java:2651)
	at org.jboss.threads.EnhancedQueueExecutor$Task.run(EnhancedQueueExecutor.java:2630)
	at org.jboss.threads.EnhancedQueueExecutor.runThreadBody(EnhancedQueueExecutor.java:1622)
	at org.jboss.threads.EnhancedQueueExecutor$ThreadBody.run(EnhancedQueueExecutor.java:1589)
	at java.base/java.lang.Thread.run(Thread.java:1583)
	at org.jboss.threads.JBossThread.run(JBossThread.java:501)
	Suppressed: jakarta.enterprise.inject.UnsatisfiedResolutionException: Unsatisfied dependency for type org.jenga.mapper.TicketMapper and qualifiers [@Default]
	- injection target: parameter 'ticketMapper' of org.jenga.service.TicketService constructor
	- declared on CLASS bean [types=[java.lang.Object, org.jenga.service.TicketService], qualifiers=[@Any, @Default], target=org.jenga.service.TicketService]
		at io.quarkus.arc.processor.Beans.resolveInjectionPoint(Beans.java:547)
		at io.quarkus.arc.processor.BeanInfo.init(BeanInfo.java:689)
		at io.quarkus.arc.processor.BeanDeployment.init(BeanDeployment.java:326)
		... 12 more
	Suppressed: jakarta.enterprise.inject.UnsatisfiedResolutionException: Unsatisfied dependency for type org.jenga.mapper.CommentMapper and qualifiers [@Default]
	- injection target: parameter 'commentMapper' of org.jenga.service.TicketService constructor
	- declared on CLASS bean [types=[java.lang.Object, org.jenga.service.TicketService], qualifiers=[@Any, @Default], target=org.jenga.service.TicketService]
		at io.quarkus.arc.processor.Beans.resolveInjectionPoint(Beans.java:547)
		at io.quarkus.arc.processor.BeanInfo.init(BeanInfo.java:689)
		at io.quarkus.arc.processor.BeanDeployment.init(BeanDeployment.java:326)
		... 12 more
	Suppressed: jakarta.enterprise.inject.UnsatisfiedResolutionException: Unsatisfied dependency for type org.jenga.mapper.AcceptanceCriteriaMapper and qualifiers [@Default]
	- injection target: parameter 'acceptanceCriteriaMapper' of org.jenga.service.TicketService constructor
	- declared on CLASS bean [types=[java.lang.Object, org.jenga.service.TicketService], qualifiers=[@Any, @Default], target=org.jenga.service.TicketService]
		at io.quarkus.arc.processor.Beans.resolveInjectionPoint(Beans.java:547)
		at io.quarkus.arc.processor.BeanInfo.init(BeanInfo.java:689)
		at io.quarkus.arc.processor.BeanDeployment.init(BeanDeployment.java:326)
		... 12 more
	Suppressed: jakarta.enterprise.inject.UnsatisfiedResolutionException: Unsatisfied dependency for type org.jenga.mapper.UserMapper and qualifiers [@Default]
	- injection target: parameter 'userMapper' of org.jenga.service.UserService constructor
	- declared on CLASS bean [types=[java.lang.Object, org.jenga.service.UserService], qualifiers=[@Any, @Default], target=org.jenga.service.UserService]
		at io.quarkus.arc.processor.Beans.resolveInjectionPoint(Beans.java:547)
		at io.quarkus.arc.processor.BeanInfo.init(BeanInfo.java:689)
		at io.quarkus.arc.processor.BeanDeployment.init(BeanDeployment.java:326)
		... 12 more
	Suppressed: jakarta.enterprise.inject.UnsatisfiedResolutionException: Unsatisfied dependency for type org.jenga.mapper.ProjectMapper and qualifiers [@Default]
	- injection target: parameter 'projectMapper' of org.jenga.service.ProjectService constructor
	- declared on CLASS bean [types=[java.lang.Object, org.jenga.service.ProjectService], qualifiers=[@Any, @Default], target=org.jenga.service.ProjectService]
		at io.quarkus.arc.processor.Beans.resolveInjectionPoint(Beans.java:547)
		at io.quarkus.arc.processor.BeanInfo.init(BeanInfo.java:689)
		at io.quarkus.arc.processor.BeanDeployment.init(BeanDeployment.java:326)
		... 12 more
	Suppressed: jakarta.enterprise.inject.UnsatisfiedResolutionException: Unsatisfied dependency for type org.jenga.mapper.LabelMapper and qualifiers [@Default]
	- injection target: parameter 'labelMapper' of org.jenga.service.ProjectService constructor
	- declared on CLASS bean [types=[java.lang.Object, org.jenga.service.ProjectService], qualifiers=[@Any, @Default], target=org.jenga.service.ProjectService]
		at io.quarkus.arc.processor.Beans.resolveInjectionPoint(Beans.java:547)
		at io.quarkus.arc.processor.BeanInfo.init(BeanInfo.java:689)
		at io.quarkus.arc.processor.BeanDeployment.init(BeanDeployment.java:326)
		... 12 more

	at io.quarkus.runner.bootstrap.AugmentActionImpl.runAugment(AugmentActionImpl.java:376)
	at io.quarkus.runner.bootstrap.AugmentActionImpl.createInitialRuntimeApplication(AugmentActionImpl.java:293)
	at io.quarkus.runner.bootstrap.AugmentActionImpl.createInitialRuntimeApplication(AugmentActionImpl.java:61)
	at io.quarkus.test.junit.AppMakerHelper.getStartupAction(AppMakerHelper.java:253)
	at io.quarkus.test.junit.classloading.FacadeClassLoader.getOrCreateRuntimeClassLoader(FacadeClassLoader.java:544)
	at io.quarkus.test.junit.classloading.FacadeClassLoader.getQuarkusClassLoader(FacadeClassLoader.java:441)
	at io.quarkus.test.junit.classloading.FacadeClassLoader.loadClass(FacadeClassLoader.java:330)
	at java.base/java.lang.Class.forName0(Native Method)
	at java.base/java.lang.Class.forName(Class.java:534)
	at java.base/java.lang.Class.forName(Class.java:513)
	at org.junit.platform.commons.util.ReflectionUtils.lambda$tryToLoadClass$10(ReflectionUtils.java:886)
	at org.junit.platform.commons.function.Try.lambda$call$0(Try.java:57)
	at org.junit.platform.commons.function.Try.of(Try.java:93)
	at org.junit.platform.commons.function.Try.call(Try.java:57)
	at org.junit.platform.commons.util.ReflectionUtils.tryToLoadClass(ReflectionUtils.java:873)
	at org.junit.platform.commons.util.ReflectionUtils.tryToLoadClass(ReflectionUtils.java:810)
	at org.junit.platform.commons.support.ReflectionSupport.tryToLoadClass(ReflectionSupport.java:94)
	at org.junit.platform.engine.discovery.ClassSelector.getJavaClass(ClassSelector.java:95)
	... 38 more
Caused by: io.quarkus.builder.BuildException: Build failure: Build failed due to errors
	[error]: Build step io.quarkus.arc.deployment.ArcProcessor#validate threw an exception: jakarta.enterprise.inject.spi.DeploymentException: Found 6 deployment problems: 
[1] Unsatisfied dependency for type org.jenga.mapper.TicketMapper and qualifiers [@Default]
	- injection target: parameter 'ticketMapper' of org.jenga.service.TicketService constructor
	- declared on CLASS bean [types=[java.lang.Object, org.jenga.service.TicketService], qualifiers=[@Any, @Default], target=org.jenga.service.TicketService]
[2] Unsatisfied dependency for type org.jenga.mapper.CommentMapper and qualifiers [@Default]
	- injection target: parameter 'commentMapper' of org.jenga.service.TicketService constructor
	- declared on CLASS bean [types=[java.lang.Object, org.jenga.service.TicketService], qualifiers=[@Any, @Default], target=org.jenga.service.TicketService]
[3] Unsatisfied dependency for type org.jenga.mapper.AcceptanceCriteriaMapper and qualifiers [@Default]
	- injection target: parameter 'acceptanceCriteriaMapper' of org.jenga.service.TicketService constructor
	- declared on CLASS bean [types=[java.lang.Object, org.jenga.service.TicketService], qualifiers=[@Any, @Default], target=org.jenga.service.TicketService]
[4] Unsatisfied dependency for type org.jenga.mapper.UserMapper and qualifiers [@Default]
	- injection target: parameter 'userMapper' of org.jenga.service.UserService constructor
	- declared on CLASS bean [types=[java.lang.Object, org.jenga.service.UserService], qualifiers=[@Any, @Default], target=org.jenga.service.UserService]
[5] Unsatisfied dependency for type org.jenga.mapper.ProjectMapper and qualifiers [@Default]
	- injection target: parameter 'projectMapper' of org.jenga.service.ProjectService constructor
	- declared on CLASS bean [types=[java.lang.Object, org.jenga.service.ProjectService], qualifiers=[@Any, @Default], target=org.jenga.service.ProjectService]
[6] Unsatisfied dependency for type org.jenga.mapper.LabelMapper and qualifiers [@Default]
	- injection target: parameter 'labelMapper' of org.jenga.service.ProjectService constructor
	- declared on CLASS bean [types=[java.lang.Object, org.jenga.service.ProjectService], qualifiers=[@Any, @Default], target=org.jenga.service.ProjectService]
	at io.quarkus.arc.processor.BeanDeployment.processErrors(BeanDeployment.java:1602)
	at io.quarkus.arc.processor.BeanDeployment.init(BeanDeployment.java:341)
	at io.quarkus.arc.processor.BeanProcessor.initialize(BeanProcessor.java:178)
	at io.quarkus.arc.deployment.ArcProcessor.validate(ArcProcessor.java:488)
	at java.base/java.lang.invoke.MethodHandle.invokeWithArguments(MethodHandle.java:733)
	at io.quarkus.deployment.ExtensionLoader$3.execute(ExtensionLoader.java:874)
	at io.quarkus.builder.BuildContext.run(BuildContext.java:255)
	at org.jboss.threads.ContextHandler$1.runWith(ContextHandler.java:18)
	at org.jboss.threads.EnhancedQueueExecutor$Task.doRunWith(EnhancedQueueExecutor.java:2651)
	at org.jboss.threads.EnhancedQueueExecutor$Task.run(EnhancedQueueExecutor.java:2630)
	at org.jboss.threads.EnhancedQueueExecutor.runThreadBody(EnhancedQueueExecutor.java:1622)
	at org.jboss.threads.EnhancedQueueExecutor$ThreadBody.run(EnhancedQueueExecutor.java:1589)
	at java.base/java.lang.Thread.run(Thread.java:1583)
	at org.jboss.threads.JBossThread.run(JBossThread.java:501)
	Suppressed: jakarta.enterprise.inject.UnsatisfiedResolutionException: Unsatisfied dependency for type org.jenga.mapper.TicketMapper and qualifiers [@Default]
	- injection target: parameter 'ticketMapper' of org.jenga.service.TicketService constructor
	- declared on CLASS bean [types=[java.lang.Object, org.jenga.service.TicketService], qualifiers=[@Any, @Default], target=org.jenga.service.TicketService]
		at io.quarkus.arc.processor.Beans.resolveInjectionPoint(Beans.java:547)
		at io.quarkus.arc.processor.BeanInfo.init(BeanInfo.java:689)
		at io.quarkus.arc.processor.BeanDeployment.init(BeanDeployment.java:326)
		... 12 more
	Suppressed: jakarta.enterprise.inject.UnsatisfiedResolutionException: Unsatisfied dependency for type org.jenga.mapper.CommentMapper and qualifiers [@Default]
	- injection target: parameter 'commentMapper' of org.jenga.service.TicketService constructor
	- declared on CLASS bean [types=[java.lang.Object, org.jenga.service.TicketService], qualifiers=[@Any, @Default], target=org.jenga.service.TicketService]
		at io.quarkus.arc.processor.Beans.resolveInjectionPoint(Beans.java:547)
		at io.quarkus.arc.processor.BeanInfo.init(BeanInfo.java:689)
		at io.quarkus.arc.processor.BeanDeployment.init(BeanDeployment.java:326)
		... 12 more
	Suppressed: jakarta.enterprise.inject.UnsatisfiedResolutionException: Unsatisfied dependency for type org.jenga.mapper.AcceptanceCriteriaMapper and qualifiers [@Default]
	- injection target: parameter 'acceptanceCriteriaMapper' of org.jenga.service.TicketService constructor
	- declared on CLASS bean [types=[java.lang.Object, org.jenga.service.TicketService], qualifiers=[@Any, @Default], target=org.jenga.service.TicketService]
		at io.quarkus.arc.processor.Beans.resolveInjectionPoint(Beans.java:547)
		at io.quarkus.arc.processor.BeanInfo.init(BeanInfo.java:689)
		at io.quarkus.arc.processor.BeanDeployment.init(BeanDeployment.java:326)
		... 12 more
	Suppressed: jakarta.enterprise.inject.UnsatisfiedResolutionException: Unsatisfied dependency for type org.jenga.mapper.UserMapper and qualifiers [@Default]
	- injection target: parameter 'userMapper' of org.jenga.service.UserService constructor
	- declared on CLASS bean [types=[java.lang.Object, org.jenga.service.UserService], qualifiers=[@Any, @Default], target=org.jenga.service.UserService]
		at io.quarkus.arc.processor.Beans.resolveInjectionPoint(Beans.java:547)
		at io.quarkus.arc.processor.BeanInfo.init(BeanInfo.java:689)
		at io.quarkus.arc.processor.BeanDeployment.init(BeanDeployment.java:326)
		... 12 more
	Suppressed: jakarta.enterprise.inject.UnsatisfiedResolutionException: Unsatisfied dependency for type org.jenga.mapper.ProjectMapper and qualifiers [@Default]
	- injection target: parameter 'projectMapper' of org.jenga.service.ProjectService constructor
	- declared on CLASS bean [types=[java.lang.Object, org.jenga.service.ProjectService], qualifiers=[@Any, @Default], target=org.jenga.service.ProjectService]
		at io.quarkus.arc.processor.Beans.resolveInjectionPoint(Beans.java:547)
		at io.quarkus.arc.processor.BeanInfo.init(BeanInfo.java:689)
		at io.quarkus.arc.processor.BeanDeployment.init(BeanDeployment.java:326)
		... 12 more
	Suppressed: jakarta.enterprise.inject.UnsatisfiedResolutionException: Unsatisfied dependency for type org.jenga.mapper.LabelMapper and qualifiers [@Default]
	- injection target: parameter 'labelMapper' of org.jenga.service.ProjectService constructor
	- declared on CLASS bean [types=[java.lang.Object, org.jenga.service.ProjectService], qualifiers=[@Any, @Default], target=org.jenga.service.ProjectService]
		at io.quarkus.arc.processor.Beans.resolveInjectionPoint(Beans.java:547)
		at io.quarkus.arc.processor.BeanInfo.init(BeanInfo.java:689)
		at io.quarkus.arc.processor.BeanDeployment.init(BeanDeployment.java:326)
		... 12 more

	at io.quarkus.builder.Execution.run(Execution.java:122)
	at io.quarkus.builder.BuildExecutionBuilder.execute(BuildExecutionBuilder.java:78)
	at io.quarkus.deployment.QuarkusAugmentor.run(QuarkusAugmentor.java:160)
	at io.quarkus.runner.bootstrap.AugmentActionImpl.runAugment(AugmentActionImpl.java:372)
	... 55 more
Caused by: jakarta.enterprise.inject.spi.DeploymentException: Found 6 deployment problems: 
[1] Unsatisfied dependency for type org.jenga.mapper.TicketMapper and qualifiers [@Default]
	- injection target: parameter 'ticketMapper' of org.jenga.service.TicketService constructor
	- declared on CLASS bean [types=[java.lang.Object, org.jenga.service.TicketService], qualifiers=[@Any, @Default], target=org.jenga.service.TicketService]
[2] Unsatisfied dependency for type org.jenga.mapper.CommentMapper and qualifiers [@Default]
	- injection target: parameter 'commentMapper' of org.jenga.service.TicketService constructor
	- declared on CLASS bean [types=[java.lang.Object, org.jenga.service.TicketService], qualifiers=[@Any, @Default], target=org.jenga.service.TicketService]
[3] Unsatisfied dependency for type org.jenga.mapper.AcceptanceCriteriaMapper and qualifiers [@Default]
	- injection target: parameter 'acceptanceCriteriaMapper' of org.jenga.service.TicketService constructor
	- declared on CLASS bean [types=[java.lang.Object, org.jenga.service.TicketService], qualifiers=[@Any, @Default], target=org.jenga.service.TicketService]
[4] Unsatisfied dependency for type org.jenga.mapper.UserMapper and qualifiers [@Default]
	- injection target: parameter 'userMapper' of org.jenga.service.UserService constructor
	- declared on CLASS bean [types=[java.lang.Object, org.jenga.service.UserService], qualifiers=[@Any, @Default], target=org.jenga.service.UserService]
[5] Unsatisfied dependency for type org.jenga.mapper.ProjectMapper and qualifiers [@Default]
	- injection target: parameter 'projectMapper' of org.jenga.service.ProjectService constructor
	- declared on CLASS bean [types=[java.lang.Object, org.jenga.service.ProjectService], qualifiers=[@Any, @Default], target=org.jenga.service.ProjectService]
[6] Unsatisfied dependency for type org.jenga.mapper.LabelMapper and qualifiers [@Default]
	- injection target: parameter 'labelMapper' of org.jenga.service.ProjectService constructor
	- declared on CLASS bean [types=[java.lang.Object, org.jenga.service.ProjectService], qualifiers=[@Any, @Default], target=org.jenga.service.ProjectService]
	at io.quarkus.arc.processor.BeanDeployment.processErrors(BeanDeployment.java:1602)
	at io.quarkus.arc.processor.BeanDeployment.init(BeanDeployment.java:341)
	at io.quarkus.arc.processor.BeanProcessor.initialize(BeanProcessor.java:178)
	at io.quarkus.arc.deployment.ArcProcessor.validate(ArcProcessor.java:488)
	at java.base/java.lang.invoke.MethodHandle.invokeWithArguments(MethodHandle.java:733)
	at io.quarkus.deployment.ExtensionLoader$3.execute(ExtensionLoader.java:874)
	at io.quarkus.builder.BuildContext.run(BuildContext.java:255)
	at org.jboss.threads.ContextHandler$1.runWith(ContextHandler.java:18)
	at org.jboss.threads.EnhancedQueueExecutor$Task.doRunWith(EnhancedQueueExecutor.java:2651)
	at org.jboss.threads.EnhancedQueueExecutor$Task.run(EnhancedQueueExecutor.java:2630)
	at org.jboss.threads.EnhancedQueueExecutor.runThreadBody(EnhancedQueueExecutor.java:1622)
	at org.jboss.threads.EnhancedQueueExecutor$ThreadBody.run(EnhancedQueueExecutor.java:1589)
	at java.base/java.lang.Thread.run(Thread.java:1583)
	at org.jboss.threads.JBossThread.run(JBossThread.java:501)
	Suppressed: jakarta.enterprise.inject.UnsatisfiedResolutionException: Unsatisfied dependency for type org.jenga.mapper.TicketMapper and qualifiers [@Default]
	- injection target: parameter 'ticketMapper' of org.jenga.service.TicketService constructor
	- declared on CLASS bean [types=[java.lang.Object, org.jenga.service.TicketService], qualifiers=[@Any, @Default], target=org.jenga.service.TicketService]
		at io.quarkus.arc.processor.Beans.resolveInjectionPoint(Beans.java:547)
		at io.quarkus.arc.processor.BeanInfo.init(BeanInfo.java:689)
		at io.quarkus.arc.processor.BeanDeployment.init(BeanDeployment.java:326)
		... 12 more
	Suppressed: jakarta.enterprise.inject.UnsatisfiedResolutionException: Unsatisfied dependency for type org.jenga.mapper.CommentMapper and qualifiers [@Default]
	- injection target: parameter 'commentMapper' of org.jenga.service.TicketService constructor
	- declared on CLASS bean [types=[java.lang.Object, org.jenga.service.TicketService], qualifiers=[@Any, @Default], target=org.jenga.service.TicketService]
		at io.quarkus.arc.processor.Beans.resolveInjectionPoint(Beans.java:547)
		at io.quarkus.arc.processor.BeanInfo.init(BeanInfo.java:689)
		at io.quarkus.arc.processor.BeanDeployment.init(BeanDeployment.java:326)
		... 12 more
	Suppressed: jakarta.enterprise.inject.UnsatisfiedResolutionException: Unsatisfied dependency for type org.jenga.mapper.AcceptanceCriteriaMapper and qualifiers [@Default]
	- injection target: parameter 'acceptanceCriteriaMapper' of org.jenga.service.TicketService constructor
	- declared on CLASS bean [types=[java.lang.Object, org.jenga.service.TicketService], qualifiers=[@Any, @Default], target=org.jenga.service.TicketService]
		at io.quarkus.arc.processor.Beans.resolveInjectionPoint(Beans.java:547)
		at io.quarkus.arc.processor.BeanInfo.init(BeanInfo.java:689)
		at io.quarkus.arc.processor.BeanDeployment.init(BeanDeployment.java:326)
		... 12 more
	Suppressed: jakarta.enterprise.inject.UnsatisfiedResolutionException: Unsatisfied dependency for type org.jenga.mapper.UserMapper and qualifiers [@Default]
	- injection target: parameter 'userMapper' of org.jenga.service.UserService constructor
	- declared on CLASS bean [types=[java.lang.Object, org.jenga.service.UserService], qualifiers=[@Any, @Default], target=org.jenga.service.UserService]
		at io.quarkus.arc.processor.Beans.resolveInjectionPoint(Beans.java:547)
		at io.quarkus.arc.processor.BeanInfo.init(BeanInfo.java:689)
		at io.quarkus.arc.processor.BeanDeployment.init(BeanDeployment.java:326)
		... 12 more
	Suppressed: jakarta.enterprise.inject.UnsatisfiedResolutionException: Unsatisfied dependency for type org.jenga.mapper.ProjectMapper and qualifiers [@Default]
	- injection target: parameter 'projectMapper' of org.jenga.service.ProjectService constructor
	- declared on CLASS bean [types=[java.lang.Object, org.jenga.service.ProjectService], qualifiers=[@Any, @Default], target=org.jenga.service.ProjectService]
		at io.quarkus.arc.processor.Beans.resolveInjectionPoint(Beans.java:547)
		at io.quarkus.arc.processor.BeanInfo.init(BeanInfo.java:689)
		at io.quarkus.arc.processor.BeanDeployment.init(BeanDeployment.java:326)
		... 12 more
	Suppressed: jakarta.enterprise.inject.UnsatisfiedResolutionException: Unsatisfied dependency for type org.jenga.mapper.LabelMapper and qualifiers [@Default]
	- injection target: parameter 'labelMapper' of org.jenga.service.ProjectService constructor
	- declared on CLASS bean [types=[java.lang.Object, org.jenga.service.ProjectService], qualifiers=[@Any, @Default], target=org.jenga.service.ProjectService]
		at io.quarkus.arc.processor.Beans.resolveInjectionPoint(Beans.java:547)
		at io.quarkus.arc.processor.BeanInfo.init(BeanInfo.java:689)
		at io.quarkus.arc.processor.BeanDeployment.init(BeanDeployment.java:326)
		... 12 more

[[1;31mERROR[m] TestEngine with ID 'junit-jupiter' encountered a critical issue during test discovery:

(1) [ERROR] ClassSelector [className = 'org.jenga.service.ImportServiceTest', classLoader = null] resolution failed
    Source: ClassSource [className = 'org.jenga.service.ImportServiceTest', filePosition = null]
            at org.jenga.service.ImportServiceTest.<no-method>(SourceFile:0)
    Cause: org.junit.platform.commons.PreconditionViolationException: Could not load class with name: org.jenga.service.ImportServiceTest
	at org.junit.platform.engine.discovery.ClassSelector.lambda$getJavaClass$0(ClassSelector.java:98)
	at org.junit.platform.commons.function.Try$Failure.getOrThrow(Try.java:335)
	at org.junit.platform.engine.discovery.ClassSelector.getJavaClass(ClassSelector.java:97)
	at org.junit.jupiter.engine.discovery.ClassSelectorResolver.resolve(ClassSelectorResolver.java:87)
	at org.junit.platform.engine.support.discovery.EngineDiscoveryRequestResolution.lambda$resolve$2(EngineDiscoveryRequestResolution.java:135)
	at java.base/java.util.stream.ReferencePipeline$3$1.accept(ReferencePipeline.java:197)
	at java.base/java.util.ArrayList$ArrayListSpliterator.tryAdvance(ArrayList.java:1685)
	at java.base/java.util.stream.ReferencePipeline.forEachWithCancel(ReferencePipeline.java:129)
	at java.base/java.util.stream.AbstractPipeline.copyIntoWithCancel(AbstractPipeline.java:527)
	at java.base/java.util.stream.AbstractPipeline.copyInto(AbstractPipeline.java:513)
	at java.base/java.util.stream.AbstractPipeline.wrapAndCopyInto(AbstractPipeline.java:499)
	at java.base/java.util.stream.FindOps$FindOp.evaluateSequential(FindOps.java:150)
	at java.base/java.util.stream.AbstractPipeline.evaluate(AbstractPipeline.java:234)
	at java.base/java.util.stream.ReferencePipeline.findFirst(ReferencePipeline.java:647)
	at org.junit.platform.engine.support.discovery.EngineDiscoveryRequestResolution.resolve(EngineDiscoveryRequestResolution.java:189)
	at org.junit.platform.engine.support.discovery.EngineDiscoveryRequestResolution.resolve(EngineDiscoveryRequestResolution.java:126)
	at org.junit.platform.engine.support.discovery.EngineDiscoveryRequestResolution.resolveCompletely(EngineDiscoveryRequestResolution.java:92)
	at org.junit.platform.engine.support.discovery.EngineDiscoveryRequestResolution.run(EngineDiscoveryRequestResolution.java:83)
	at org.junit.platform.engine.support.discovery.EngineDiscoveryRequestResolver.resolve(EngineDiscoveryRequestResolver.java:148)
	at org.junit.jupiter.engine.discovery.DiscoverySelectorResolver.resolveSelectors(DiscoverySelectorResolver.java:63)
	at org.junit.jupiter.engine.JupiterTestEngine.discover(JupiterTestEngine.java:70)
	at org.junit.platform.launcher.core.EngineDiscoveryOrchestrator.discoverEngineRoot(EngineDiscoveryOrchestrator.java:195)
	at org.junit.platform.launcher.core.EngineDiscoveryOrchestrator.discoverSafely(EngineDiscoveryOrchestrator.java:174)
	at org.junit.platform.launcher.core.EngineDiscoveryOrchestrator.discover(EngineDiscoveryOrchestrator.java:119)
	at org.junit.platform.launcher.core.EngineDiscoveryOrchestrator.discover(EngineDiscoveryOrchestrator.java:84)
	at org.junit.platform.launcher.core.DefaultLauncher.discover(DefaultLauncher.java:104)
	at org.junit.platform.launcher.core.DefaultLauncher.discover(DefaultLauncher.java:83)
	at org.junit.platform.launcher.core.DelegatingLauncher.discover(DelegatingLauncher.java:42)
	at org.junit.platform.launcher.core.InterceptingLauncher.lambda$discover$0(InterceptingLauncher.java:33)
	at org.junit.platform.launcher.core.ClasspathAlignmentCheckingLauncherInterceptor.intercept(ClasspathAlignmentCheckingLauncherInterceptor.java:25)
	at org.junit.platform.launcher.core.InterceptingLauncher.discover(InterceptingLauncher.java:33)
	at org.junit.platform.launcher.core.DelegatingLauncher.discover(DelegatingLauncher.java:42)
	at org.apache.maven.surefire.junitplatform.LazyLauncher.discover(LazyLauncher.java:50)
	at org.apache.maven.surefire.junitplatform.TestPlanScannerFilter.accept(TestPlanScannerFilter.java:52)
	at org.apache.maven.surefire.api.util.DefaultScanResult.applyFilter(DefaultScanResult.java:87)
	at org.apache.maven.surefire.junitplatform.JUnitPlatformProvider.scanClasspath(JUnitPlatformProvider.java:144)
	at org.apache.maven.surefire.junitplatform.JUnitPlatformProvider.invoke(JUnitPlatformProvider.java:124)
	at org.apache.maven.surefire.booter.ForkedBooter.runSuitesInProcess(ForkedBooter.java:385)
	at org.apache.maven.surefire.booter.ForkedBooter.execute(ForkedBooter.java:162)
	at org.apache.maven.surefire.booter.ForkedBooter.run(ForkedBooter.java:507)
	at org.apache.maven.surefire.booter.ForkedBooter.main(ForkedBooter.java:495)
Caused by: java.lang.RuntimeException: io.quarkus.builder.BuildException: Build failure: Build failed due to errors
	[error]: Build step io.quarkus.arc.deployment.ArcProcessor#validate threw an exception: jakarta.enterprise.inject.spi.DeploymentException: Found 6 deployment problems: 
[1] Unsatisfied dependency for type org.jenga.mapper.TicketMapper and qualifiers [@Default]
	- injection target: parameter 'ticketMapper' of org.jenga.service.TicketService constructor
	- declared on CLASS bean [types=[java.lang.Object, org.jenga.service.TicketService], qualifiers=[@Any, @Default], target=org.jenga.service.TicketService]
[2] Unsatisfied dependency for type org.jenga.mapper.CommentMapper and qualifiers [@Default]
	- injection target: parameter 'commentMapper' of org.jenga.service.TicketService constructor
	- declared on CLASS bean [types=[java.lang.Object, org.jenga.service.TicketService], qualifiers=[@Any, @Default], target=org.jenga.service.TicketService]
[3] Unsatisfied dependency for type org.jenga.mapper.AcceptanceCriteriaMapper and qualifiers [@Default]
	- injection target: parameter 'acceptanceCriteriaMapper' of org.jenga.service.TicketService constructor
	- declared on CLASS bean [types=[java.lang.Object, org.jenga.service.TicketService], qualifiers=[@Any, @Default], target=org.jenga.service.TicketService]
[4] Unsatisfied dependency for type org.jenga.mapper.UserMapper and qualifiers [@Default]
	- injection target: parameter 'userMapper' of org.jenga.service.UserService constructor
	- declared on CLASS bean [types=[java.lang.Object, org.jenga.service.UserService], qualifiers=[@Any, @Default], target=org.jenga.service.UserService]
[5] Unsatisfied dependency for type org.jenga.mapper.ProjectMapper and qualifiers [@Default]
	- injection target: parameter 'projectMapper' of org.jenga.service.ProjectService constructor
	- declared on CLASS bean [types=[java.lang.Object, org.jenga.service.ProjectService], qualifiers=[@Any, @Default], target=org.jenga.service.ProjectService]
[6] Unsatisfied dependency for type org.jenga.mapper.LabelMapper and qualifiers [@Default]
	- injection target: parameter 'labelMapper' of org.jenga.service.ProjectService constructor
	- declared on CLASS bean [types=[java.lang.Object, org.jenga.service.ProjectService], qualifiers=[@Any, @Default], target=org.jenga.service.ProjectService]
	at io.quarkus.arc.processor.BeanDeployment.processErrors(BeanDeployment.java:1602)
	at io.quarkus.arc.processor.BeanDeployment.init(BeanDeployment.java:341)
	at io.quarkus.arc.processor.BeanProcessor.initialize(BeanProcessor.java:178)
	at io.quarkus.arc.deployment.ArcProcessor.validate(ArcProcessor.java:488)
	at java.base/java.lang.invoke.MethodHandle.invokeWithArguments(MethodHandle.java:733)
	at io.quarkus.deployment.ExtensionLoader$3.execute(ExtensionLoader.java:874)
	at io.quarkus.builder.BuildContext.run(BuildContext.java:255)
	at org.jboss.threads.ContextHandler$1.runWith(ContextHandler.java:18)
	at org.jboss.threads.EnhancedQueueExecutor$Task.doRunWith(EnhancedQueueExecutor.java:2651)
	at org.jboss.threads.EnhancedQueueExecutor$Task.run(EnhancedQueueExecutor.java:2630)
	at org.jboss.threads.EnhancedQueueExecutor.runThreadBody(EnhancedQueueExecutor.java:1622)
	at org.jboss.threads.EnhancedQueueExecutor$ThreadBody.run(EnhancedQueueExecutor.java:1589)
	at java.base/java.lang.Thread.run(Thread.java:1583)
	at org.jboss.threads.JBossThread.run(JBossThread.java:501)
	Suppressed: jakarta.enterprise.inject.UnsatisfiedResolutionException: Unsatisfied dependency for type org.jenga.mapper.TicketMapper and qualifiers [@Default]
	- injection target: parameter 'ticketMapper' of org.jenga.service.TicketService constructor
	- declared on CLASS bean [types=[java.lang.Object, org.jenga.service.TicketService], qualifiers=[@Any, @Default], target=org.jenga.service.TicketService]
		at io.quarkus.arc.processor.Beans.resolveInjectionPoint(Beans.java:547)
		at io.quarkus.arc.processor.BeanInfo.init(BeanInfo.java:689)
		at io.quarkus.arc.processor.BeanDeployment.init(BeanDeployment.java:326)
		... 12 more
	Suppressed: jakarta.enterprise.inject.UnsatisfiedResolutionException: Unsatisfied dependency for type org.jenga.mapper.CommentMapper and qualifiers [@Default]
	- injection target: parameter 'commentMapper' of org.jenga.service.TicketService constructor
	- declared on CLASS bean [types=[java.lang.Object, org.jenga.service.TicketService], qualifiers=[@Any, @Default], target=org.jenga.service.TicketService]
		at io.quarkus.arc.processor.Beans.resolveInjectionPoint(Beans.java:547)
		at io.quarkus.arc.processor.BeanInfo.init(BeanInfo.java:689)
		at io.quarkus.arc.processor.BeanDeployment.init(BeanDeployment.java:326)
		... 12 more
	Suppressed: jakarta.enterprise.inject.UnsatisfiedResolutionException: Unsatisfied dependency for type org.jenga.mapper.AcceptanceCriteriaMapper and qualifiers [@Default]
	- injection target: parameter 'acceptanceCriteriaMapper' of org.jenga.service.TicketService constructor
	- declared on CLASS bean [types=[java.lang.Object, org.jenga.service.TicketService], qualifiers=[@Any, @Default], target=org.jenga.service.TicketService]
		at io.quarkus.arc.processor.Beans.resolveInjectionPoint(Beans.java:547)
		at io.quarkus.arc.processor.BeanInfo.init(BeanInfo.java:689)
		at io.quarkus.arc.processor.BeanDeployment.init(BeanDeployment.java:326)
		... 12 more
	Suppressed: jakarta.enterprise.inject.UnsatisfiedResolutionException: Unsatisfied dependency for type org.jenga.mapper.UserMapper and qualifiers [@Default]
	- injection target: parameter 'userMapper' of org.jenga.service.UserService constructor
	- declared on CLASS bean [types=[java.lang.Object, org.jenga.service.UserService], qualifiers=[@Any, @Default], target=org.jenga.service.UserService]
		at io.quarkus.arc.processor.Beans.resolveInjectionPoint(Beans.java:547)
		at io.quarkus.arc.processor.BeanInfo.init(BeanInfo.java:689)
		at io.quarkus.arc.processor.BeanDeployment.init(BeanDeployment.java:326)
		... 12 more
	Suppressed: jakarta.enterprise.inject.UnsatisfiedResolutionException: Unsatisfied dependency for type org.jenga.mapper.ProjectMapper and qualifiers [@Default]
	- injection target: parameter 'projectMapper' of org.jenga.service.ProjectService constructor
	- declared on CLASS bean [types=[java.lang.Object, org.jenga.service.ProjectService], qualifiers=[@Any, @Default], target=org.jenga.service.ProjectService]
		at io.quarkus.arc.processor.Beans.resolveInjectionPoint(Beans.java:547)
		at io.quarkus.arc.processor.BeanInfo.init(BeanInfo.java:689)
		at io.quarkus.arc.processor.BeanDeployment.init(BeanDeployment.java:326)
		... 12 more
	Suppressed: jakarta.enterprise.inject.UnsatisfiedResolutionException: Unsatisfied dependency for type org.jenga.mapper.LabelMapper and qualifiers [@Default]
	- injection target: parameter 'labelMapper' of org.jenga.service.ProjectService constructor
	- declared on CLASS bean [types=[java.lang.Object, org.jenga.service.ProjectService], qualifiers=[@Any, @Default], target=org.jenga.service.ProjectService]
		at io.quarkus.arc.processor.Beans.resolveInjectionPoint(Beans.java:547)
		at io.quarkus.arc.processor.BeanInfo.init(BeanInfo.java:689)
		at io.quarkus.arc.processor.BeanDeployment.init(BeanDeployment.java:326)
		... 12 more

	at io.quarkus.runner.bootstrap.AugmentActionImpl.runAugment(AugmentActionImpl.java:376)
	at io.quarkus.runner.bootstrap.AugmentActionImpl.createInitialRuntimeApplication(AugmentActionImpl.java:293)
	at io.quarkus.runner.bootstrap.AugmentActionImpl.createInitialRuntimeApplication(AugmentActionImpl.java:61)
	at io.quarkus.test.junit.AppMakerHelper.getStartupAction(AppMakerHelper.java:253)
	at io.quarkus.test.junit.classloading.FacadeClassLoader.getOrCreateRuntimeClassLoader(FacadeClassLoader.java:544)
	at io.quarkus.test.junit.classloading.FacadeClassLoader.getQuarkusClassLoader(FacadeClassLoader.java:441)
	at io.quarkus.test.junit.classloading.FacadeClassLoader.loadClass(FacadeClassLoader.java:330)
	at java.base/java.lang.Class.forName0(Native Method)
	at java.base/java.lang.Class.forName(Class.java:534)
	at java.base/java.lang.Class.forName(Class.java:513)
	at org.junit.platform.commons.util.ReflectionUtils.lambda$tryToLoadClass$10(ReflectionUtils.java:886)
	at org.junit.platform.commons.function.Try.lambda$call$0(Try.java:57)
	at org.junit.platform.commons.function.Try.of(Try.java:93)
	at org.junit.platform.commons.function.Try.call(Try.java:57)
	at org.junit.platform.commons.util.ReflectionUtils.tryToLoadClass(ReflectionUtils.java:873)
	at org.junit.platform.commons.util.ReflectionUtils.tryToLoadClass(ReflectionUtils.java:810)
	at org.junit.platform.commons.support.ReflectionSupport.tryToLoadClass(ReflectionSupport.java:94)
	at org.junit.platform.engine.discovery.ClassSelector.getJavaClass(ClassSelector.java:95)
	... 38 more
Caused by: io.quarkus.builder.BuildException: Build failure: Build failed due to errors
	[error]: Build step io.quarkus.arc.deployment.ArcProcessor#validate threw an exception: jakarta.enterprise.inject.spi.DeploymentException: Found 6 deployment problems: 
[1] Unsatisfied dependency for type org.jenga.mapper.TicketMapper and qualifiers [@Default]
	- injection target: parameter 'ticketMapper' of org.jenga.service.TicketService constructor
	- declared on CLASS bean [types=[java.lang.Object, org.jenga.service.TicketService], qualifiers=[@Any, @Default], target=org.jenga.service.TicketService]
[2] Unsatisfied dependency for type org.jenga.mapper.CommentMapper and qualifiers [@Default]
	- injection target: parameter 'commentMapper' of org.jenga.service.TicketService constructor
	- declared on CLASS bean [types=[java.lang.Object, org.jenga.service.TicketService], qualifiers=[@Any, @Default], target=org.jenga.service.TicketService]
[3] Unsatisfied dependency for type org.jenga.mapper.AcceptanceCriteriaMapper and qualifiers [@Default]
	- injection target: parameter 'acceptanceCriteriaMapper' of org.jenga.service.TicketService constructor
	- declared on CLASS bean [types=[java.lang.Object, org.jenga.service.TicketService], qualifiers=[@Any, @Default], target=org.jenga.service.TicketService]
[4] Unsatisfied dependency for type org.jenga.mapper.UserMapper and qualifiers [@Default]
	- injection target: parameter 'userMapper' of org.jenga.service.UserService constructor
	- declared on CLASS bean [types=[java.lang.Object, org.jenga.service.UserService], qualifiers=[@Any, @Default], target=org.jenga.service.UserService]
[5] Unsatisfied dependency for type org.jenga.mapper.ProjectMapper and qualifiers [@Default]
	- injection target: parameter 'projectMapper' of org.jenga.service.ProjectService constructor
	- declared on CLASS bean [types=[java.lang.Object, org.jenga.service.ProjectService], qualifiers=[@Any, @Default], target=org.jenga.service.ProjectService]
[6] Unsatisfied dependency for type org.jenga.mapper.LabelMapper and qualifiers [@Default]
	- injection target: parameter 'labelMapper' of org.jenga.service.ProjectService constructor
	- declared on CLASS bean [types=[java.lang.Object, org.jenga.service.ProjectService], qualifiers=[@Any, @Default], target=org.jenga.service.ProjectService]
	at io.quarkus.arc.processor.BeanDeployment.processErrors(BeanDeployment.java:1602)
	at io.quarkus.arc.processor.BeanDeployment.init(BeanDeployment.java:341)
	at io.quarkus.arc.processor.BeanProcessor.initialize(BeanProcessor.java:178)
	at io.quarkus.arc.deployment.ArcProcessor.validate(ArcProcessor.java:488)
	at java.base/java.lang.invoke.MethodHandle.invokeWithArguments(MethodHandle.java:733)
	at io.quarkus.deployment.ExtensionLoader$3.execute(ExtensionLoader.java:874)
	at io.quarkus.builder.BuildContext.run(BuildContext.java:255)
	at org.jboss.threads.ContextHandler$1.runWith(ContextHandler.java:18)
	at org.jboss.threads.EnhancedQueueExecutor$Task.doRunWith(EnhancedQueueExecutor.java:2651)
	at org.jboss.threads.EnhancedQueueExecutor$Task.run(EnhancedQueueExecutor.java:2630)
	at org.jboss.threads.EnhancedQueueExecutor.runThreadBody(EnhancedQueueExecutor.java:1622)
	at org.jboss.threads.EnhancedQueueExecutor$ThreadBody.run(EnhancedQueueExecutor.java:1589)
	at java.base/java.lang.Thread.run(Thread.java:1583)
	at org.jboss.threads.JBossThread.run(JBossThread.java:501)
	Suppressed: jakarta.enterprise.inject.UnsatisfiedResolutionException: Unsatisfied dependency for type org.jenga.mapper.TicketMapper and qualifiers [@Default]
	- injection target: parameter 'ticketMapper' of org.jenga.service.TicketService constructor
	- declared on CLASS bean [types=[java.lang.Object, org.jenga.service.TicketService], qualifiers=[@Any, @Default], target=org.jenga.service.TicketService]
		at io.quarkus.arc.processor.Beans.resolveInjectionPoint(Beans.java:547)
		at io.quarkus.arc.processor.BeanInfo.init(BeanInfo.java:689)
		at io.quarkus.arc.processor.BeanDeployment.init(BeanDeployment.java:326)
		... 12 more
	Suppressed: jakarta.enterprise.inject.UnsatisfiedResolutionException: Unsatisfied dependency for type org.jenga.mapper.CommentMapper and qualifiers [@Default]
	- injection target: parameter 'commentMapper' of org.jenga.service.TicketService constructor
	- declared on CLASS bean [types=[java.lang.Object, org.jenga.service.TicketService], qualifiers=[@Any, @Default], target=org.jenga.service.TicketService]
		at io.quarkus.arc.processor.Beans.resolveInjectionPoint(Beans.java:547)
		at io.quarkus.arc.processor.BeanInfo.init(BeanInfo.java:689)
		at io.quarkus.arc.processor.BeanDeployment.init(BeanDeployment.java:326)
		... 12 more
	Suppressed: jakarta.enterprise.inject.UnsatisfiedResolutionException: Unsatisfied dependency for type org.jenga.mapper.AcceptanceCriteriaMapper and qualifiers [@Default]
	- injection target: parameter 'acceptanceCriteriaMapper' of org.jenga.service.TicketService constructor
	- declared on CLASS bean [types=[java.lang.Object, org.jenga.service.TicketService], qualifiers=[@Any, @Default], target=org.jenga.service.TicketService]
		at io.quarkus.arc.processor.Beans.resolveInjectionPoint(Beans.java:547)
		at io.quarkus.arc.processor.BeanInfo.init(BeanInfo.java:689)
		at io.quarkus.arc.processor.BeanDeployment.init(BeanDeployment.java:326)
		... 12 more
	Suppressed: jakarta.enterprise.inject.UnsatisfiedResolutionException: Unsatisfied dependency for type org.jenga.mapper.UserMapper and qualifiers [@Default]
	- injection target: parameter 'userMapper' of org.jenga.service.UserService constructor
	- declared on CLASS bean [types=[java.lang.Object, org.jenga.service.UserService], qualifiers=[@Any, @Default], target=org.jenga.service.UserService]
		at io.quarkus.arc.processor.Beans.resolveInjectionPoint(Beans.java:547)
		at io.quarkus.arc.processor.BeanInfo.init(BeanInfo.java:689)
		at io.quarkus.arc.processor.BeanDeployment.init(BeanDeployment.java:326)
		... 12 more
	Suppressed: jakarta.enterprise.inject.UnsatisfiedResolutionException: Unsatisfied dependency for type org.jenga.mapper.ProjectMapper and qualifiers [@Default]
	- injection target: parameter 'projectMapper' of org.jenga.service.ProjectService constructor
	- declared on CLASS bean [types=[java.lang.Object, org.jenga.service.ProjectService], qualifiers=[@Any, @Default], target=org.jenga.service.ProjectService]
		at io.quarkus.arc.processor.Beans.resolveInjectionPoint(Beans.java:547)
		at io.quarkus.arc.processor.BeanInfo.init(BeanInfo.java:689)
		at io.quarkus.arc.processor.BeanDeployment.init(BeanDeployment.java:326)
		... 12 more
	Suppressed: jakarta.enterprise.inject.UnsatisfiedResolutionException: Unsatisfied dependency for type org.jenga.mapper.LabelMapper and qualifiers [@Default]
	- injection target: parameter 'labelMapper' of org.jenga.service.ProjectService constructor
	- declared on CLASS bean [types=[java.lang.Object, org.jenga.service.ProjectService], qualifiers=[@Any, @Default], target=org.jenga.service.ProjectService]
		at io.quarkus.arc.processor.Beans.resolveInjectionPoint(Beans.java:547)
		at io.quarkus.arc.processor.BeanInfo.init(BeanInfo.java:689)
		at io.quarkus.arc.processor.BeanDeployment.init(BeanDeployment.java:326)
		... 12 more

	at io.quarkus.builder.Execution.run(Execution.java:122)
	at io.quarkus.builder.BuildExecutionBuilder.execute(BuildExecutionBuilder.java:78)
	at io.quarkus.deployment.QuarkusAugmentor.run(QuarkusAugmentor.java:160)
	at io.quarkus.runner.bootstrap.AugmentActionImpl.runAugment(AugmentActionImpl.java:372)
	... 55 more
Caused by: jakarta.enterprise.inject.spi.DeploymentException: Found 6 deployment problems: 
[1] Unsatisfied dependency for type org.jenga.mapper.TicketMapper and qualifiers [@Default]
	- injection target: parameter 'ticketMapper' of org.jenga.service.TicketService constructor
	- declared on CLASS bean [types=[java.lang.Object, org.jenga.service.TicketService], qualifiers=[@Any, @Default], target=org.jenga.service.TicketService]
[2] Unsatisfied dependency for type org.jenga.mapper.CommentMapper and qualifiers [@Default]
	- injection target: parameter 'commentMapper' of org.jenga.service.TicketService constructor
	- declared on CLASS bean [types=[java.lang.Object, org.jenga.service.TicketService], qualifiers=[@Any, @Default], target=org.jenga.service.TicketService]
[3] Unsatisfied dependency for type org.jenga.mapper.AcceptanceCriteriaMapper and qualifiers [@Default]
	- injection target: parameter 'acceptanceCriteriaMapper' of org.jenga.service.TicketService constructor
	- declared on CLASS bean [types=[java.lang.Object, org.jenga.service.TicketService], qualifiers=[@Any, @Default], target=org.jenga.service.TicketService]
[4] Unsatisfied dependency for type org.jenga.mapper.UserMapper and qualifiers [@Default]
	- injection target: parameter 'userMapper' of org.jenga.service.UserService constructor
	- declared on CLASS bean [types=[java.lang.Object, org.jenga.service.UserService], qualifiers=[@Any, @Default], target=org.jenga.service.UserService]
[5] Unsatisfied dependency for type org.jenga.mapper.ProjectMapper and qualifiers [@Default]
	- injection target: parameter 'projectMapper' of org.jenga.service.ProjectService constructor
	- declared on CLASS bean [types=[java.lang.Object, org.jenga.service.ProjectService], qualifiers=[@Any, @Default], target=org.jenga.service.ProjectService]
[6] Unsatisfied dependency for type org.jenga.mapper.LabelMapper and qualifiers [@Default]
	- injection target: parameter 'labelMapper' of org.jenga.service.ProjectService constructor
	- declared on CLASS bean [types=[java.lang.Object, org.jenga.service.ProjectService], qualifiers=[@Any, @Default], target=org.jenga.service.ProjectService]
	at io.quarkus.arc.processor.BeanDeployment.processErrors(BeanDeployment.java:1602)
	at io.quarkus.arc.processor.BeanDeployment.init(BeanDeployment.java:341)
	at io.quarkus.arc.processor.BeanProcessor.initialize(BeanProcessor.java:178)
	at io.quarkus.arc.deployment.ArcProcessor.validate(ArcProcessor.java:488)
	at java.base/java.lang.invoke.MethodHandle.invokeWithArguments(MethodHandle.java:733)
	at io.quarkus.deployment.ExtensionLoader$3.execute(ExtensionLoader.java:874)
	at io.quarkus.builder.BuildContext.run(BuildContext.java:255)
	at org.jboss.threads.ContextHandler$1.runWith(ContextHandler.java:18)
	at org.jboss.threads.EnhancedQueueExecutor$Task.doRunWith(EnhancedQueueExecutor.java:2651)
	at org.jboss.threads.EnhancedQueueExecutor$Task.run(EnhancedQueueExecutor.java:2630)
	at org.jboss.threads.EnhancedQueueExecutor.runThreadBody(EnhancedQueueExecutor.java:1622)
	at org.jboss.threads.EnhancedQueueExecutor$ThreadBody.run(EnhancedQueueExecutor.java:1589)
	at java.base/java.lang.Thread.run(Thread.java:1583)
	at org.jboss.threads.JBossThread.run(JBossThread.java:501)
	Suppressed: jakarta.enterprise.inject.UnsatisfiedResolutionException: Unsatisfied dependency for type org.jenga.mapper.TicketMapper and qualifiers [@Default]
	- injection target: parameter 'ticketMapper' of org.jenga.service.TicketService constructor
	- declared on CLASS bean [types=[java.lang.Object, org.jenga.service.TicketService], qualifiers=[@Any, @Default], target=org.jenga.service.TicketService]
		at io.quarkus.arc.processor.Beans.resolveInjectionPoint(Beans.java:547)
		at io.quarkus.arc.processor.BeanInfo.init(BeanInfo.java:689)
		at io.quarkus.arc.processor.BeanDeployment.init(BeanDeployment.java:326)
		... 12 more
	Suppressed: jakarta.enterprise.inject.UnsatisfiedResolutionException: Unsatisfied dependency for type org.jenga.mapper.CommentMapper and qualifiers [@Default]
	- injection target: parameter 'commentMapper' of org.jenga.service.TicketService constructor
	- declared on CLASS bean [types=[java.lang.Object, org.jenga.service.TicketService], qualifiers=[@Any, @Default], target=org.jenga.service.TicketService]
		at io.quarkus.arc.processor.Beans.resolveInjectionPoint(Beans.java:547)
		at io.quarkus.arc.processor.BeanInfo.init(BeanInfo.java:689)
		at io.quarkus.arc.processor.BeanDeployment.init(BeanDeployment.java:326)
		... 12 more
	Suppressed: jakarta.enterprise.inject.UnsatisfiedResolutionException: Unsatisfied dependency for type org.jenga.mapper.AcceptanceCriteriaMapper and qualifiers [@Default]
	- injection target: parameter 'acceptanceCriteriaMapper' of org.jenga.service.TicketService constructor
	- declared on CLASS bean [types=[java.lang.Object, org.jenga.service.TicketService], qualifiers=[@Any, @Default], target=org.jenga.service.TicketService]
		at io.quarkus.arc.processor.Beans.resolveInjectionPoint(Beans.java:547)
		at io.quarkus.arc.processor.BeanInfo.init(BeanInfo.java:689)
		at io.quarkus.arc.processor.BeanDeployment.init(BeanDeployment.java:326)
		... 12 more
	Suppressed: jakarta.enterprise.inject.UnsatisfiedResolutionException: Unsatisfied dependency for type org.jenga.mapper.UserMapper and qualifiers [@Default]
	- injection target: parameter 'userMapper' of org.jenga.service.UserService constructor
	- declared on CLASS bean [types=[java.lang.Object, org.jenga.service.UserService], qualifiers=[@Any, @Default], target=org.jenga.service.UserService]
		at io.quarkus.arc.processor.Beans.resolveInjectionPoint(Beans.java:547)
		at io.quarkus.arc.processor.BeanInfo.init(BeanInfo.java:689)
		at io.quarkus.arc.processor.BeanDeployment.init(BeanDeployment.java:326)
		... 12 more
	Suppressed: jakarta.enterprise.inject.UnsatisfiedResolutionException: Unsatisfied dependency for type org.jenga.mapper.ProjectMapper and qualifiers [@Default]
	- injection target: parameter 'projectMapper' of org.jenga.service.ProjectService constructor
	- declared on CLASS bean [types=[java.lang.Object, org.jenga.service.ProjectService], qualifiers=[@Any, @Default], target=org.jenga.service.ProjectService]
		at io.quarkus.arc.processor.Beans.resolveInjectionPoint(Beans.java:547)
		at io.quarkus.arc.processor.BeanInfo.init(BeanInfo.java:689)
		at io.quarkus.arc.processor.BeanDeployment.init(BeanDeployment.java:326)
		... 12 more
	Suppressed: jakarta.enterprise.inject.UnsatisfiedResolutionException: Unsatisfied dependency for type org.jenga.mapper.LabelMapper and qualifiers [@Default]
	- injection target: parameter 'labelMapper' of org.jenga.service.ProjectService constructor
	- declared on CLASS bean [types=[java.lang.Object, org.jenga.service.ProjectService], qualifiers=[@Any, @Default], target=org.jenga.service.ProjectService]
		at io.quarkus.arc.processor.Beans.resolveInjectionPoint(Beans.java:547)
		at io.quarkus.arc.processor.BeanInfo.init(BeanInfo.java:689)
		at io.quarkus.arc.processor.BeanDeployment.init(BeanDeployment.java:326)
		... 12 more
[[1;34mINFO[m] 
[[1;34mINFO[m] Results:
[[1;34mINFO[m] 
[[1;34mINFO[m] Tests run: 0, Failures: 0, Errors: 0, Skipped: 0
[[1;34mINFO[m] 
[[1;34mINFO[m] [1m------------------------------------------------------------------------[m
[[1;34mINFO[m] [1;31mBUILD FAILURE[m
[[1;34mINFO[m] [1m------------------------------------------------------------------------[m
[[1;34mINFO[m] Total time:  10.593 s
[[1;34mINFO[m] Finished at: 2026-02-16T19:30:56+01:00
[[1;34mINFO[m] [1m------------------------------------------------------------------------[m
[[1;31mERROR[m] Failed to execute goal [32morg.apache.maven.plugins:maven-surefire-plugin:3.5.3:test[m [1m(default-test)[m on project [36mjenga[m: [1;31m[m
[[1;31mERROR[m] [1;31m[m
[[1;31mERROR[m] [1;31mSee /home/adam-wagner/Projekte/Jenga/backend/target/surefire-reports for the individual test results.[m
[[1;31mERROR[m] [1;31mSee dump files (if any exist) [date].dump, [date]-jvmRun[N].dump and [date].dumpstream.[m
[[1;31mERROR[m] [1;31mThere was an error in the forked process[m
[[1;31mERROR[m] [1;31mTestEngine with ID 'junit-jupiter' encountered a critical issue during test discovery:[m
[[1;31mERROR[m] [1;31m[m
[[1;31mERROR[m] [1;31m(1) [ERROR] ClassSelector [className = 'org.jenga.service.ImportServiceTest', classLoader = null] resolution failed[m
[[1;31mERROR[m] [1;31m    Source: ClassSource [className = 'org.jenga.service.ImportServiceTest', filePosition = null][m
[[1;31mERROR[m] [1;31m            at org.jenga.service.ImportServiceTest.<no-method>(SourceFile:0)[m
[[1;31mERROR[m] [1;31m    Cause: org.junit.platform.commons.PreconditionViolationException: Could not load class with name: org.jenga.service.ImportServiceTest[m
[[1;31mERROR[m] [1;31m	at org.junit.platform.engine.discovery.ClassSelector.lambda$getJavaClass$0(ClassSelector.java:98)[m
[[1;31mERROR[m] [1;31m	at org.junit.platform.commons.function.Try$Failure.getOrThrow(Try.java:335)[m
[[1;31mERROR[m] [1;31m	at org.junit.platform.engine.discovery.ClassSelector.getJavaClass(ClassSelector.java:97)[m
[[1;31mERROR[m] [1;31m	at org.junit.jupiter.engine.discovery.ClassSelectorResolver.resolve(ClassSelectorResolver.java:87)[m
[[1;31mERROR[m] [1;31m	at org.junit.platform.engine.support.discovery.EngineDiscoveryRequestResolution.lambda$resolve$2(EngineDiscoveryRequestResolution.java:135)[m
[[1;31mERROR[m] [1;31m	at java.base/java.util.stream.ReferencePipeline$3$1.accept(ReferencePipeline.java:197)[m
[[1;31mERROR[m] [1;31m	at java.base/java.util.ArrayList$ArrayListSpliterator.tryAdvance(ArrayList.java:1685)[m
[[1;31mERROR[m] [1;31m	at java.base/java.util.stream.ReferencePipeline.forEachWithCancel(ReferencePipeline.java:129)[m
[[1;31mERROR[m] [1;31m	at java.base/java.util.stream.AbstractPipeline.copyIntoWithCancel(AbstractPipeline.java:527)[m
[[1;31mERROR[m] [1;31m	at java.base/java.util.stream.AbstractPipeline.copyInto(AbstractPipeline.java:513)[m
[[1;31mERROR[m] [1;31m	at java.base/java.util.stream.AbstractPipeline.wrapAndCopyInto(AbstractPipeline.java:499)[m
[[1;31mERROR[m] [1;31m	at java.base/java.util.stream.FindOps$FindOp.evaluateSequential(FindOps.java:150)[m
[[1;31mERROR[m] [1;31m	at java.base/java.util.stream.AbstractPipeline.evaluate(AbstractPipeline.java:234)[m
[[1;31mERROR[m] [1;31m	at java.base/java.util.stream.ReferencePipeline.findFirst(ReferencePipeline.java:647)[m
[[1;31mERROR[m] [1;31m	at org.junit.platform.engine.support.discovery.EngineDiscoveryRequestResolution.resolve(EngineDiscoveryRequestResolution.java:189)[m
[[1;31mERROR[m] [1;31m	at org.junit.platform.engine.support.discovery.EngineDiscoveryRequestResolution.resolve(EngineDiscoveryRequestResolution.java:126)[m
[[1;31mERROR[m] [1;31m	at org.junit.platform.engine.support.discovery.EngineDiscoveryRequestResolution.resolveCompletely(EngineDiscoveryRequestResolution.java:92)[m
[[1;31mERROR[m] [1;31m	at org.junit.platform.engine.support.discovery.EngineDiscoveryRequestResolution.run(EngineDiscoveryRequestResolution.java:83)[m
[[1;31mERROR[m] [1;31m	at org.junit.platform.engine.support.discovery.EngineDiscoveryRequestResolver.resolve(EngineDiscoveryRequestResolver.java:148)[m
[[1;31mERROR[m] [1;31m	at org.junit.jupiter.engine.discovery.DiscoverySelectorResolver.resolveSelectors(DiscoverySelectorResolver.java:63)[m
[[1;31mERROR[m] [1;31m	at org.junit.jupiter.engine.JupiterTestEngine.discover(JupiterTestEngine.java:70)[m
[[1;31mERROR[m] [1;31m	at org.junit.platform.launcher.core.EngineDiscoveryOrchestrator.discoverEngineRoot(EngineDiscoveryOrchestrator.java:195)[m
[[1;31mERROR[m] [1;31m	at org.junit.platform.launcher.core.EngineDiscoveryOrchestrator.discoverSafely(EngineDiscoveryOrchestrator.java:174)[m
[[1;31mERROR[m] [1;31m	at org.junit.platform.launcher.core.EngineDiscoveryOrchestrator.discover(EngineDiscoveryOrchestrator.java:119)[m
[[1;31mERROR[m] [1;31m	at org.junit.platform.launcher.core.EngineDiscoveryOrchestrator.discover(EngineDiscoveryOrchestrator.java:84)[m
[[1;31mERROR[m] [1;31m	at org.junit.platform.launcher.core.DefaultLauncher.discover(DefaultLauncher.java:104)[m
[[1;31mERROR[m] [1;31m	at org.junit.platform.launcher.core.DefaultLauncher.discover(DefaultLauncher.java:83)[m
[[1;31mERROR[m] [1;31m	at org.junit.platform.launcher.core.DelegatingLauncher.discover(DelegatingLauncher.java:42)[m
[[1;31mERROR[m] [1;31m	at org.junit.platform.launcher.core.InterceptingLauncher.lambda$discover$0(InterceptingLauncher.java:33)[m
[[1;31mERROR[m] [1;31m	at org.junit.platform.launcher.core.ClasspathAlignmentCheckingLauncherInterceptor.intercept(ClasspathAlignmentCheckingLauncherInterceptor.java:25)[m
[[1;31mERROR[m] [1;31m	at org.junit.platform.launcher.core.InterceptingLauncher.discover(InterceptingLauncher.java:33)[m
[[1;31mERROR[m] [1;31m	at org.junit.platform.launcher.core.DelegatingLauncher.discover(DelegatingLauncher.java:42)[m
[[1;31mERROR[m] [1;31m	at org.apache.maven.surefire.junitplatform.LazyLauncher.discover(LazyLauncher.java:50)[m
[[1;31mERROR[m] [1;31m	at org.apache.maven.surefire.junitplatform.TestPlanScannerFilter.accept(TestPlanScannerFilter.java:52)[m
[[1;31mERROR[m] [1;31m	at org.apache.maven.surefire.api.util.DefaultScanResult.applyFilter(DefaultScanResult.java:87)[m
[[1;31mERROR[m] [1;31m	at org.apache.maven.surefire.junitplatform.JUnitPlatformProvider.scanClasspath(JUnitPlatformProvider.java:144)[m
[[1;31mERROR[m] [1;31m	at org.apache.maven.surefire.junitplatform.JUnitPlatformProvider.invoke(JUnitPlatformProvider.java:124)[m
[[1;31mERROR[m] [1;31m	at org.apache.maven.surefire.booter.ForkedBooter.runSuitesInProcess(ForkedBooter.java:385)[m
[[1;31mERROR[m] [1;31m	at org.apache.maven.surefire.booter.ForkedBooter.execute(ForkedBooter.java:162)[m
[[1;31mERROR[m] [1;31m	at org.apache.maven.surefire.booter.ForkedBooter.run(ForkedBooter.java:507)[m
[[1;31mERROR[m] [1;31m	at org.apache.maven.surefire.booter.ForkedBooter.main(ForkedBooter.java:495)[m
[[1;31mERROR[m] [1;31mCaused by: java.lang.RuntimeException: io.quarkus.builder.BuildException: Build failure: Build failed due to errors[m
[[1;31mERROR[m] [1;31m	[error]: Build step io.quarkus.arc.deployment.ArcProcessor#validate threw an exception: jakarta.enterprise.inject.spi.DeploymentException: Found 6 deployment problems: [m
[[1;31mERROR[m] [1;31m[1] Unsatisfied dependency for type org.jenga.mapper.TicketMapper and qualifiers [@Default][m
[[1;31mERROR[m] [1;31m	- injection target: parameter 'ticketMapper' of org.jenga.service.TicketService constructor[m
[[1;31mERROR[m] [1;31m	- declared on CLASS bean [types=[java.lang.Object, org.jenga.service.TicketService], qualifiers=[@Any, @Default], target=org.jenga.service.TicketService][m
[[1;31mERROR[m] [1;31m[2] Unsatisfied dependency for type org.jenga.mapper.CommentMapper and qualifiers [@Default][m
[[1;31mERROR[m] [1;31m	- injection target: parameter 'commentMapper' of org.jenga.service.TicketService constructor[m
[[1;31mERROR[m] [1;31m	- declared on CLASS bean [types=[java.lang.Object, org.jenga.service.TicketService], qualifiers=[@Any, @Default], target=org.jenga.service.TicketService][m
[[1;31mERROR[m] [1;31m[3] Unsatisfied dependency for type org.jenga.mapper.AcceptanceCriteriaMapper and qualifiers [@Default][m
[[1;31mERROR[m] [1;31m	- injection target: parameter 'acceptanceCriteriaMapper' of org.jenga.service.TicketService constructor[m
[[1;31mERROR[m] [1;31m	- declared on CLASS bean [types=[java.lang.Object, org.jenga.service.TicketService], qualifiers=[@Any, @Default], target=org.jenga.service.TicketService][m
[[1;31mERROR[m] [1;31m[4] Unsatisfied dependency for type org.jenga.mapper.UserMapper and qualifiers [@Default][m
[[1;31mERROR[m] [1;31m	- injection target: parameter 'userMapper' of org.jenga.service.UserService constructor[m
[[1;31mERROR[m] [1;31m	- declared on CLASS bean [types=[java.lang.Object, org.jenga.service.UserService], qualifiers=[@Any, @Default], target=org.jenga.service.UserService][m
[[1;31mERROR[m] [1;31m[5] Unsatisfied dependency for type org.jenga.mapper.ProjectMapper and qualifiers [@Default][m
[[1;31mERROR[m] [1;31m	- injection target: parameter 'projectMapper' of org.jenga.service.ProjectService constructor[m
[[1;31mERROR[m] [1;31m	- declared on CLASS bean [types=[java.lang.Object, org.jenga.service.ProjectService], qualifiers=[@Any, @Default], target=org.jenga.service.ProjectService][m
[[1;31mERROR[m] [1;31m[6] Unsatisfied dependency for type org.jenga.mapper.LabelMapper and qualifiers [@Default][m
[[1;31mERROR[m] [1;31m	- injection target: parameter 'labelMapper' of org.jenga.service.ProjectService constructor[m
[[1;31mERROR[m] [1;31m	- declared on CLASS bean [types=[java.lang.Object, org.jenga.service.ProjectService], qualifiers=[@Any, @Default], target=org.jenga.service.ProjectService][m
[[1;31mERROR[m] [1;31m	at io.quarkus.arc.processor.BeanDeployment.processErrors(BeanDeployment.java:1602)[m
[[1;31mERROR[m] [1;31m	at io.quarkus.arc.processor.BeanDeployment.init(BeanDeployment.java:341)[m
[[1;31mERROR[m] [1;31m	at io.quarkus.arc.processor.BeanProcessor.initialize(BeanProcessor.java:178)[m
[[1;31mERROR[m] [1;31m	at io.quarkus.arc.deployment.ArcProcessor.validate(ArcProcessor.java:488)[m
[[1;31mERROR[m] [1;31m	at java.base/java.lang.invoke.MethodHandle.invokeWithArguments(MethodHandle.java:733)[m
[[1;31mERROR[m] [1;31m	at io.quarkus.deployment.ExtensionLoader$3.execute(ExtensionLoader.java:874)[m
[[1;31mERROR[m] [1;31m	at io.quarkus.builder.BuildContext.run(BuildContext.java:255)[m
[[1;31mERROR[m] [1;31m	at org.jboss.threads.ContextHandler$1.runWith(ContextHandler.java:18)[m
[[1;31mERROR[m] [1;31m	at org.jboss.threads.EnhancedQueueExecutor$Task.doRunWith(EnhancedQueueExecutor.java:2651)[m
[[1;31mERROR[m] [1;31m	at org.jboss.threads.EnhancedQueueExecutor$Task.run(EnhancedQueueExecutor.java:2630)[m
[[1;31mERROR[m] [1;31m	at org.jboss.threads.EnhancedQueueExecutor.runThreadBody(EnhancedQueueExecutor.java:1622)[m
[[1;31mERROR[m] [1;31m	at org.jboss.threads.EnhancedQueueExecutor$ThreadBody.run(EnhancedQueueExecutor.java:1589)[m
[[1;31mERROR[m] [1;31m	at java.base/java.lang.Thread.run(Thread.java:1583)[m
[[1;31mERROR[m] [1;31m	at org.jboss.threads.JBossThread.run(JBossThread.java:501)[m
[[1;31mERROR[m] [1;31m	Suppressed: jakarta.enterprise.inject.UnsatisfiedResolutionException: Unsatisfied dependency for type org.jenga.mapper.TicketMapper and qualifiers [@Default][m
[[1;31mERROR[m] [1;31m	- injection target: parameter 'ticketMapper' of org.jenga.service.TicketService constructor[m
[[1;31mERROR[m] [1;31m	- declared on CLASS bean [types=[java.lang.Object, org.jenga.service.TicketService], qualifiers=[@Any, @Default], target=org.jenga.service.TicketService][m
[[1;31mERROR[m] [1;31m		at io.quarkus.arc.processor.Beans.resolveInjectionPoint(Beans.java:547)[m
[[1;31mERROR[m] [1;31m		at io.quarkus.arc.processor.BeanInfo.init(BeanInfo.java:689)[m
[[1;31mERROR[m] [1;31m		at io.quarkus.arc.processor.BeanDeployment.init(BeanDeployment.java:326)[m
[[1;31mERROR[m] [1;31m		... 12 more[m
[[1;31mERROR[m] [1;31m	Suppressed: jakarta.enterprise.inject.UnsatisfiedResolutionException: Unsatisfied dependency for type org.jenga.mapper.CommentMapper and qualifiers [@Default][m
[[1;31mERROR[m] [1;31m	- injection target: parameter 'commentMapper' of org.jenga.service.TicketService constructor[m
[[1;31mERROR[m] [1;31m	- declared on CLASS bean [types=[java.lang.Object, org.jenga.service.TicketService], qualifiers=[@Any, @Default], target=org.jenga.service.TicketService][m
[[1;31mERROR[m] [1;31m		at io.quarkus.arc.processor.Beans.resolveInjectionPoint(Beans.java:547)[m
[[1;31mERROR[m] [1;31m		at io.quarkus.arc.processor.BeanInfo.init(BeanInfo.java:689)[m
[[1;31mERROR[m] [1;31m		at io.quarkus.arc.processor.BeanDeployment.init(BeanDeployment.java:326)[m
[[1;31mERROR[m] [1;31m		... 12 more[m
[[1;31mERROR[m] [1;31m	Suppressed: jakarta.enterprise.inject.UnsatisfiedResolutionException: Unsatisfied dependency for type org.jenga.mapper.AcceptanceCriteriaMapper and qualifiers [@Default][m
[[1;31mERROR[m] [1;31m	- injection target: parameter 'acceptanceCriteriaMapper' of org.jenga.service.TicketService constructor[m
[[1;31mERROR[m] [1;31m	- declared on CLASS bean [types=[java.lang.Object, org.jenga.service.TicketService], qualifiers=[@Any, @Default], target=org.jenga.service.TicketService][m
[[1;31mERROR[m] [1;31m		at io.quarkus.arc.processor.Beans.resolveInjectionPoint(Beans.java:547)[m
[[1;31mERROR[m] [1;31m		at io.quarkus.arc.processor.BeanInfo.init(BeanInfo.java:689)[m
[[1;31mERROR[m] [1;31m		at io.quarkus.arc.processor.BeanDeployment.init(BeanDeployment.java:326)[m
[[1;31mERROR[m] [1;31m		... 12 more[m
[[1;31mERROR[m] [1;31m	Suppressed: jakarta.enterprise.inject.UnsatisfiedResolutionException: Unsatisfied dependency for type org.jenga.mapper.UserMapper and qualifiers [@Default][m
[[1;31mERROR[m] [1;31m	- injection target: parameter 'userMapper' of org.jenga.service.UserService constructor[m
[[1;31mERROR[m] [1;31m	- declared on CLASS bean [types=[java.lang.Object, org.jenga.service.UserService], qualifiers=[@Any, @Default], target=org.jenga.service.UserService][m
[[1;31mERROR[m] [1;31m		at io.quarkus.arc.processor.Beans.resolveInjectionPoint(Beans.java:547)[m
[[1;31mERROR[m] [1;31m		at io.quarkus.arc.processor.BeanInfo.init(BeanInfo.java:689)[m
[[1;31mERROR[m] [1;31m		at io.quarkus.arc.processor.BeanDeployment.init(BeanDeployment.java:326)[m
[[1;31mERROR[m] [1;31m		... 12 more[m
[[1;31mERROR[m] [1;31m	Suppressed: jakarta.enterprise.inject.UnsatisfiedResolutionException: Unsatisfied dependency for type org.jenga.mapper.ProjectMapper and qualifiers [@Default][m
[[1;31mERROR[m] [1;31m	- injection target: parameter 'projectMapper' of org.jenga.service.ProjectService constructor[m
[[1;31mERROR[m] [1;31m	- declared on CLASS bean [types=[java.lang.Object, org.jenga.service.ProjectService], qualifiers=[@Any, @Default], target=org.jenga.service.ProjectService][m
[[1;31mERROR[m] [1;31m		at io.quarkus.arc.processor.Beans.resolveInjectionPoint(Beans.java:547)[m
[[1;31mERROR[m] [1;31m		at io.quarkus.arc.processor.BeanInfo.init(BeanInfo.java:689)[m
[[1;31mERROR[m] [1;31m		at io.quarkus.arc.processor.BeanDeployment.init(BeanDeployment.java:326)[m
[[1;31mERROR[m] [1;31m		... 12 more[m
[[1;31mERROR[m] [1;31m	Suppressed: jakarta.enterprise.inject.UnsatisfiedResolutionException: Unsatisfied dependency for type org.jenga.mapper.LabelMapper and qualifiers [@Default][m
[[1;31mERROR[m] [1;31m	- injection target: parameter 'labelMapper' of org.jenga.service.ProjectService constructor[m
[[1;31mERROR[m] [1;31m	- declared on CLASS bean [types=[java.lang.Object, org.jenga.service.ProjectService], qualifiers=[@Any, @Default], target=org.jenga.service.ProjectService][m
[[1;31mERROR[m] [1;31m		at io.quarkus.arc.processor.Beans.resolveInjectionPoint(Beans.java:547)[m
[[1;31mERROR[m] [1;31m		at io.quarkus.arc.processor.BeanInfo.init(BeanInfo.java:689)[m
[[1;31mERROR[m] [1;31m		at io.quarkus.arc.processor.BeanDeployment.init(BeanDeployment.java:326)[m
[[1;31mERROR[m] [1;31m		... 12 more[m
[[1;31mERROR[m] [1;31m[m
[[1;31mERROR[m] [1;31m	at io.quarkus.runner.bootstrap.AugmentActionImpl.runAugment(AugmentActionImpl.java:376)[m
[[1;31mERROR[m] [1;31m	at io.quarkus.runner.bootstrap.AugmentActionImpl.createInitialRuntimeApplication(AugmentActionImpl.java:293)[m
[[1;31mERROR[m] [1;31m	at io.quarkus.runner.bootstrap.AugmentActionImpl.createInitialRuntimeApplication(AugmentActionImpl.java:61)[m
[[1;31mERROR[m] [1;31m	at io.quarkus.test.junit.AppMakerHelper.getStartupAction(AppMakerHelper.java:253)[m
[[1;31mERROR[m] [1;31m	at io.quarkus.test.junit.classloading.FacadeClassLoader.getOrCreateRuntimeClassLoader(FacadeClassLoader.java:544)[m
[[1;31mERROR[m] [1;31m	at io.quarkus.test.junit.classloading.FacadeClassLoader.getQuarkusClassLoader(FacadeClassLoader.java:441)[m
[[1;31mERROR[m] [1;31m	at io.quarkus.test.junit.classloading.FacadeClassLoader.loadClass(FacadeClassLoader.java:330)[m
[[1;31mERROR[m] [1;31m	at java.base/java.lang.Class.forName0(Native Method)[m
[[1;31mERROR[m] [1;31m	at java.base/java.lang.Class.forName(Class.java:534)[m
[[1;31mERROR[m] [1;31m	at java.base/java.lang.Class.forName(Class.java:513)[m
[[1;31mERROR[m] [1;31m	at org.junit.platform.commons.util.ReflectionUtils.lambda$tryToLoadClass$10(ReflectionUtils.java:886)[m
[[1;31mERROR[m] [1;31m	at org.junit.platform.commons.function.Try.lambda$call$0(Try.java:57)[m
[[1;31mERROR[m] [1;31m	at org.junit.platform.commons.function.Try.of(Try.java:93)[m
[[1;31mERROR[m] [1;31m	at org.junit.platform.commons.function.Try.call(Try.java:57)[m
[[1;31mERROR[m] [1;31m	at org.junit.platform.commons.util.ReflectionUtils.tryToLoadClass(ReflectionUtils.java:873)[m
[[1;31mERROR[m] [1;31m	at org.junit.platform.commons.util.ReflectionUtils.tryToLoadClass(ReflectionUtils.java:810)[m
[[1;31mERROR[m] [1;31m	at org.junit.platform.commons.support.ReflectionSupport.tryToLoadClass(ReflectionSupport.java:94)[m
[[1;31mERROR[m] [1;31m	at org.junit.platform.engine.discovery.ClassSelector.getJavaClass(ClassSelector.java:95)[m
[[1;31mERROR[m] [1;31m	... 38 more[m
[[1;31mERROR[m] [1;31mCaused by: io.quarkus.builder.BuildException: Build failure: Build failed due to errors[m
[[1;31mERROR[m] [1;31m	[error]: Build step io.quarkus.arc.deployment.ArcProcessor#validate threw an exception: jakarta.enterprise.inject.spi.DeploymentException: Found 6 deployment problems: [m
[[1;31mERROR[m] [1;31m[1] Unsatisfied dependency for type org.jenga.mapper.TicketMapper and qualifiers [@Default][m
[[1;31mERROR[m] [1;31m	- injection target: parameter 'ticketMapper' of org.jenga.service.TicketService constructor[m
[[1;31mERROR[m] [1;31m	- declared on CLASS bean [types=[java.lang.Object, org.jenga.service.TicketService], qualifiers=[@Any, @Default], target=org.jenga.service.TicketService][m
[[1;31mERROR[m] [1;31m[2] Unsatisfied dependency for type org.jenga.mapper.CommentMapper and qualifiers [@Default][m
[[1;31mERROR[m] [1;31m	- injection target: parameter 'commentMapper' of org.jenga.service.TicketService constructor[m
[[1;31mERROR[m] [1;31m	- declared on CLASS bean [types=[java.lang.Object, org.jenga.service.TicketService], qualifiers=[@Any, @Default], target=org.jenga.service.TicketService][m
[[1;31mERROR[m] [1;31m[3] Unsatisfied dependency for type org.jenga.mapper.AcceptanceCriteriaMapper and qualifiers [@Default][m
[[1;31mERROR[m] [1;31m	- injection target: parameter 'acceptanceCriteriaMapper' of org.jenga.service.TicketService constructor[m
[[1;31mERROR[m] [1;31m	- declared on CLASS bean [types=[java.lang.Object, org.jenga.service.TicketService], qualifiers=[@Any, @Default], target=org.jenga.service.TicketService][m
[[1;31mERROR[m] [1;31m[4] Unsatisfied dependency for type org.jenga.mapper.UserMapper and qualifiers [@Default][m
[[1;31mERROR[m] [1;31m	- injection target: parameter 'userMapper' of org.jenga.service.UserService constructor[m
[[1;31mERROR[m] [1;31m	- declared on CLASS bean [types=[java.lang.Object, org.jenga.service.UserService], qualifiers=[@Any, @Default], target=org.jenga.service.UserService][m
[[1;31mERROR[m] [1;31m[5] Unsatisfied dependency for type org.jenga.mapper.ProjectMapper and qualifiers [@Default][m
[[1;31mERROR[m] [1;31m	- injection target: parameter 'projectMapper' of org.jenga.service.ProjectService constructor[m
[[1;31mERROR[m] [1;31m	- declared on CLASS bean [types=[java.lang.Object, org.jenga.service.ProjectService], qualifiers=[@Any, @Default], target=org.jenga.service.ProjectService][m
[[1;31mERROR[m] [1;31m[6] Unsatisfied dependency for type org.jenga.mapper.LabelMapper and qualifiers [@Default][m
[[1;31mERROR[m] [1;31m	- injection target: parameter 'labelMapper' of org.jenga.service.ProjectService constructor[m
[[1;31mERROR[m] [1;31m	- declared on CLASS bean [types=[java.lang.Object, org.jenga.service.ProjectService], qualifiers=[@Any, @Default], target=org.jenga.service.ProjectService][m
[[1;31mERROR[m] [1;31m	at io.quarkus.arc.processor.BeanDeployment.processErrors(BeanDeployment.java:1602)[m
[[1;31mERROR[m] [1;31m	at io.quarkus.arc.processor.BeanDeployment.init(BeanDeployment.java:341)[m
[[1;31mERROR[m] [1;31m	at io.quarkus.arc.processor.BeanProcessor.initialize(BeanProcessor.java:178)[m
[[1;31mERROR[m] [1;31m	at io.quarkus.arc.deployment.ArcProcessor.validate(ArcProcessor.java:488)[m
[[1;31mERROR[m] [1;31m	at java.base/java.lang.invoke.MethodHandle.invokeWithArguments(MethodHandle.java:733)[m
[[1;31mERROR[m] [1;31m	at io.quarkus.deployment.ExtensionLoader$3.execute(ExtensionLoader.java:874)[m
[[1;31mERROR[m] [1;31m	at io.quarkus.builder.BuildContext.run(BuildContext.java:255)[m
[[1;31mERROR[m] [1;31m	at org.jboss.threads.ContextHandler$1.runWith(ContextHandler.java:18)[m
[[1;31mERROR[m] [1;31m	at org.jboss.threads.EnhancedQueueExecutor$Task.doRunWith(EnhancedQueueExecutor.java:2651)[m
[[1;31mERROR[m] [1;31m	at org.jboss.threads.EnhancedQueueExecutor$Task.run(EnhancedQueueExecutor.java:2630)[m
[[1;31mERROR[m] [1;31m	at org.jboss.threads.EnhancedQueueExecutor.runThreadBody(EnhancedQueueExecutor.java:1622)[m
[[1;31mERROR[m] [1;31m	at org.jboss.threads.EnhancedQueueExecutor$ThreadBody.run(EnhancedQueueExecutor.java:1589)[m
[[1;31mERROR[m] [1;31m	at java.base/java.lang.Thread.run(Thread.java:1583)[m
[[1;31mERROR[m] [1;31m	at org.jboss.threads.JBossThread.run(JBossThread.java:501)[m
[[1;31mERROR[m] [1;31m	Suppressed: jakarta.enterprise.inject.UnsatisfiedResolutionException: Unsatisfied dependency for type org.jenga.mapper.TicketMapper and qualifiers [@Default][m
[[1;31mERROR[m] [1;31m	- injection target: parameter 'ticketMapper' of org.jenga.service.TicketService constructor[m
[[1;31mERROR[m] [1;31m	- declared on CLASS bean [types=[java.lang.Object, org.jenga.service.TicketService], qualifiers=[@Any, @Default], target=org.jenga.service.TicketService][m
[[1;31mERROR[m] [1;31m		at io.quarkus.arc.processor.Beans.resolveInjectionPoint(Beans.java:547)[m
[[1;31mERROR[m] [1;31m		at io.quarkus.arc.processor.BeanInfo.init(BeanInfo.java:689)[m
[[1;31mERROR[m] [1;31m		at io.quarkus.arc.processor.BeanDeployment.init(BeanDeployment.java:326)[m
[[1;31mERROR[m] [1;31m		... 12 more[m
[[1;31mERROR[m] [1;31m	Suppressed: jakarta.enterprise.inject.UnsatisfiedResolutionException: Unsatisfied dependency for type org.jenga.mapper.CommentMapper and qualifiers [@Default][m
[[1;31mERROR[m] [1;31m	- injection target: parameter 'commentMapper' of org.jenga.service.TicketService constructor[m
[[1;31mERROR[m] [1;31m	- declared on CLASS bean [types=[java.lang.Object, org.jenga.service.TicketService], qualifiers=[@Any, @Default], target=org.jenga.service.TicketService][m
[[1;31mERROR[m] [1;31m		at io.quarkus.arc.processor.Beans.resolveInjectionPoint(Beans.java:547)[m
[[1;31mERROR[m] [1;31m		at io.quarkus.arc.processor.BeanInfo.init(BeanInfo.java:689)[m
[[1;31mERROR[m] [1;31m		at io.quarkus.arc.processor.BeanDeployment.init(BeanDeployment.java:326)[m
[[1;31mERROR[m] [1;31m		... 12 more[m
[[1;31mERROR[m] [1;31m	Suppressed: jakarta.enterprise.inject.UnsatisfiedResolutionException: Unsatisfied dependency for type org.jenga.mapper.AcceptanceCriteriaMapper and qualifiers [@Default][m
[[1;31mERROR[m] [1;31m	- injection target: parameter 'acceptanceCriteriaMapper' of org.jenga.service.TicketService constructor[m
[[1;31mERROR[m] [1;31m	- declared on CLASS bean [types=[java.lang.Object, org.jenga.service.TicketService], qualifiers=[@Any, @Default], target=org.jenga.service.TicketService][m
[[1;31mERROR[m] [1;31m		at io.quarkus.arc.processor.Beans.resolveInjectionPoint(Beans.java:547)[m
[[1;31mERROR[m] [1;31m		at io.quarkus.arc.processor.BeanInfo.init(BeanInfo.java:689)[m
[[1;31mERROR[m] [1;31m		at io.quarkus.arc.processor.BeanDeployment.init(BeanDeployment.java:326)[m
[[1;31mERROR[m] [1;31m		... 12 more[m
[[1;31mERROR[m] [1;31m	Suppressed: jakarta.enterprise.inject.UnsatisfiedResolutionException: Unsatisfied dependency for type org.jenga.mapper.UserMapper and qualifiers [@Default][m
[[1;31mERROR[m] [1;31m	- injection target: parameter 'userMapper' of org.jenga.service.UserService constructor[m
[[1;31mERROR[m] [1;31m	- declared on CLASS bean [types=[java.lang.Object, org.jenga.service.UserService], qualifiers=[@Any, @Default], target=org.jenga.service.UserService][m
[[1;31mERROR[m] [1;31m		at io.quarkus.arc.processor.Beans.resolveInjectionPoint(Beans.java:547)[m
[[1;31mERROR[m] [1;31m		at io.quarkus.arc.processor.BeanInfo.init(BeanInfo.java:689)[m
[[1;31mERROR[m] [1;31m		at io.quarkus.arc.processor.BeanDeployment.init(BeanDeployment.java:326)[m
[[1;31mERROR[m] [1;31m		... 12 more[m
[[1;31mERROR[m] [1;31m	Suppressed: jakarta.enterprise.inject.UnsatisfiedResolutionException: Unsatisfied dependency for type org.jenga.mapper.ProjectMapper and qualifiers [@Default][m
[[1;31mERROR[m] [1;31m	- injection target: parameter 'projectMapper' of org.jenga.service.ProjectService constructor[m
[[1;31mERROR[m] [1;31m	- declared on CLASS bean [types=[java.lang.Object, org.jenga.service.ProjectService], qualifiers=[@Any, @Default], target=org.jenga.service.ProjectService][m
[[1;31mERROR[m] [1;31m		at io.quarkus.arc.processor.Beans.resolveInjectionPoint(Beans.java:547)[m
[[1;31mERROR[m] [1;31m		at io.quarkus.arc.processor.BeanInfo.init(BeanInfo.java:689)[m
[[1;31mERROR[m] [1;31m		at io.quarkus.arc.processor.BeanDeployment.init(BeanDeployment.java:326)[m
[[1;31mERROR[m] [1;31m		... 12 more[m
[[1;31mERROR[m] [1;31m	Suppressed: jakarta.enterprise.inject.UnsatisfiedResolutionException: Unsatisfied dependency for type org.jenga.mapper.LabelMapper and qualifiers [@Default][m
[[1;31mERROR[m] [1;31m	- injection target: parameter 'labelMapper' of org.jenga.service.ProjectService constructor[m
[[1;31mERROR[m] [1;31m	- declared on CLASS bean [types=[java.lang.Object, org.jenga.service.ProjectService], qualifiers=[@Any, @Default], target=org.jenga.service.ProjectService][m
[[1;31mERROR[m] [1;31m		at io.quarkus.arc.processor.Beans.resolveInjectionPoint(Beans.java:547)[m
[[1;31mERROR[m] [1;31m		at io.quarkus.arc.processor.BeanInfo.init(BeanInfo.java:689)[m
[[1;31mERROR[m] [1;31m		at io.quarkus.arc.processor.BeanDeployment.init(BeanDeployment.java:326)[m
[[1;31mERROR[m] [1;31m		... 12 more[m
[[1;31mERROR[m] [1;31m[m
[[1;31mERROR[m] [1;31m	at io.quarkus.builder.Execution.run(Execution.java:122)[m
[[1;31mERROR[m] [1;31m	at io.quarkus.builder.BuildExecutionBuilder.execute(BuildExecutionBuilder.java:78)[m
[[1;31mERROR[m] [1;31m	at io.quarkus.deployment.QuarkusAugmentor.run(QuarkusAugmentor.java:160)[m
[[1;31mERROR[m] [1;31m	at io.quarkus.runner.bootstrap.AugmentActionImpl.runAugment(AugmentActionImpl.java:372)[m
[[1;31mERROR[m] [1;31m	... 55 more[m
[[1;31mERROR[m] [1;31mCaused by: jakarta.enterprise.inject.spi.DeploymentException: Found 6 deployment problems: [m
[[1;31mERROR[m] [1;31m[1] Unsatisfied dependency for type org.jenga.mapper.TicketMapper and qualifiers [@Default][m
[[1;31mERROR[m] [1;31m	- injection target: parameter 'ticketMapper' of org.jenga.service.TicketService constructor[m
[[1;31mERROR[m] [1;31m	- declared on CLASS bean [types=[java.lang.Object, org.jenga.service.TicketService], qualifiers=[@Any, @Default], target=org.jenga.service.TicketService][m
[[1;31mERROR[m] [1;31m[2] Unsatisfied dependency for type org.jenga.mapper.CommentMapper and qualifiers [@Default][m
[[1;31mERROR[m] [1;31m	- injection target: parameter 'commentMapper' of org.jenga.service.TicketService constructor[m
[[1;31mERROR[m] [1;31m	- declared on CLASS bean [types=[java.lang.Object, org.jenga.service.TicketService], qualifiers=[@Any, @Default], target=org.jenga.service.TicketService][m
[[1;31mERROR[m] [1;31m[3] Unsatisfied dependency for type org.jenga.mapper.AcceptanceCriteriaMapper and qualifiers [@Default][m
[[1;31mERROR[m] [1;31m	- injection target: parameter 'acceptanceCriteriaMapper' of org.jenga.service.TicketService constructor[m
[[1;31mERROR[m] [1;31m	- declared on CLASS bean [types=[java.lang.Object, org.jenga.service.TicketService], qualifiers=[@Any, @Default], target=org.jenga.service.TicketService][m
[[1;31mERROR[m] [1;31m[4] Unsatisfied dependency for type org.jenga.mapper.UserMapper and qualifiers [@Default][m
[[1;31mERROR[m] [1;31m	- injection target: parameter 'userMapper' of org.jenga.service.UserService constructor[m
[[1;31mERROR[m] [1;31m	- declared on CLASS bean [types=[java.lang.Object, org.jenga.service.UserService], qualifiers=[@Any, @Default], target=org.jenga.service.UserService][m
[[1;31mERROR[m] [1;31m[5] Unsatisfied dependency for type org.jenga.mapper.ProjectMapper and qualifiers [@Default][m
[[1;31mERROR[m] [1;31m	- injection target: parameter 'projectMapper' of org.jenga.service.ProjectService constructor[m
[[1;31mERROR[m] [1;31m	- declared on CLASS bean [types=[java.lang.Object, org.jenga.service.ProjectService], qualifiers=[@Any, @Default], target=org.jenga.service.ProjectService][m
[[1;31mERROR[m] [1;31m[6] Unsatisfied dependency for type org.jenga.mapper.LabelMapper and qualifiers [@Default][m
[[1;31mERROR[m] [1;31m	- injection target: parameter 'labelMapper' of org.jenga.service.ProjectService constructor[m
[[1;31mERROR[m] [1;31m	- declared on CLASS bean [types=[java.lang.Object, org.jenga.service.ProjectService], qualifiers=[@Any, @Default], target=org.jenga.service.ProjectService][m
[[1;31mERROR[m] [1;31m	at io.quarkus.arc.processor.BeanDeployment.processErrors(BeanDeployment.java:1602)[m
[[1;31mERROR[m] [1;31m	at io.quarkus.arc.processor.BeanDeployment.init(BeanDeployment.java:341)[m
[[1;31mERROR[m] [1;31m	at io.quarkus.arc.processor.BeanProcessor.initialize(BeanProcessor.java:178)[m
[[1;31mERROR[m] [1;31m	at io.quarkus.arc.deployment.ArcProcessor.validate(ArcProcessor.java:488)[m
[[1;31mERROR[m] [1;31m	at java.base/java.lang.invoke.MethodHandle.invokeWithArguments(MethodHandle.java:733)[m
[[1;31mERROR[m] [1;31m	at io.quarkus.deployment.ExtensionLoader$3.execute(ExtensionLoader.java:874)[m
[[1;31mERROR[m] [1;31m	at io.quarkus.builder.BuildContext.run(BuildContext.java:255)[m
[[1;31mERROR[m] [1;31m	at org.jboss.threads.ContextHandler$1.runWith(ContextHandler.java:18)[m
[[1;31mERROR[m] [1;31m	at org.jboss.threads.EnhancedQueueExecutor$Task.doRunWith(EnhancedQueueExecutor.java:2651)[m
[[1;31mERROR[m] [1;31m	at org.jboss.threads.EnhancedQueueExecutor$Task.run(EnhancedQueueExecutor.java:2630)[m
[[1;31mERROR[m] [1;31m	at org.jboss.threads.EnhancedQueueExecutor.runThreadBody(EnhancedQueueExecutor.java:1622)[m
[[1;31mERROR[m] [1;31m	at org.jboss.threads.EnhancedQueueExecutor$ThreadBody.run(EnhancedQueueExecutor.java:1589)[m
[[1;31mERROR[m] [1;31m	at java.base/java.lang.Thread.run(Thread.java:1583)[m
[[1;31mERROR[m] [1;31m	at org.jboss.threads.JBossThread.run(JBossThread.java:501)[m
[[1;31mERROR[m] [1;31m	Suppressed: jakarta.enterprise.inject.UnsatisfiedResolutionException: Unsatisfied dependency for type org.jenga.mapper.TicketMapper and qualifiers [@Default][m
[[1;31mERROR[m] [1;31m	- injection target: parameter 'ticketMapper' of org.jenga.service.TicketService constructor[m
[[1;31mERROR[m] [1;31m	- declared on CLASS bean [types=[java.lang.Object, org.jenga.service.TicketService], qualifiers=[@Any, @Default], target=org.jenga.service.TicketService][m
[[1;31mERROR[m] [1;31m		at io.quarkus.arc.processor.Beans.resolveInjectionPoint(Beans.java:547)[m
[[1;31mERROR[m] [1;31m		at io.quarkus.arc.processor.BeanInfo.init(BeanInfo.java:689)[m
[[1;31mERROR[m] [1;31m		at io.quarkus.arc.processor.BeanDeployment.init(BeanDeployment.java:326)[m
[[1;31mERROR[m] [1;31m		... 12 more[m
[[1;31mERROR[m] [1;31m	Suppressed: jakarta.enterprise.inject.UnsatisfiedResolutionException: Unsatisfied dependency for type org.jenga.mapper.CommentMapper and qualifiers [@Default][m
[[1;31mERROR[m] [1;31m	- injection target: parameter 'commentMapper' of org.jenga.service.TicketService constructor[m
[[1;31mERROR[m] [1;31m	- declared on CLASS bean [types=[java.lang.Object, org.jenga.service.TicketService], qualifiers=[@Any, @Default], target=org.jenga.service.TicketService][m
[[1;31mERROR[m] [1;31m		at io.quarkus.arc.processor.Beans.resolveInjectionPoint(Beans.java:547)[m
[[1;31mERROR[m] [1;31m		at io.quarkus.arc.processor.BeanInfo.init(BeanInfo.java:689)[m
[[1;31mERROR[m] [1;31m		at io.quarkus.arc.processor.BeanDeployment.init(BeanDeployment.java:326)[m
[[1;31mERROR[m] [1;31m		... 12 more[m
[[1;31mERROR[m] [1;31m	Suppressed: jakarta.enterprise.inject.UnsatisfiedResolutionException: Unsatisfied dependency for type org.jenga.mapper.AcceptanceCriteriaMapper and qualifiers [@Default][m
[[1;31mERROR[m] [1;31m	- injection target: parameter 'acceptanceCriteriaMapper' of org.jenga.service.TicketService constructor[m
[[1;31mERROR[m] [1;31m	- declared on CLASS bean [types=[java.lang.Object, org.jenga.service.TicketService], qualifiers=[@Any, @Default], target=org.jenga.service.TicketService][m
[[1;31mERROR[m] [1;31m		at io.quarkus.arc.processor.Beans.resolveInjectionPoint(Beans.java:547)[m
[[1;31mERROR[m] [1;31m		at io.quarkus.arc.processor.BeanInfo.init(BeanInfo.java:689)[m
[[1;31mERROR[m] [1;31m		at io.quarkus.arc.processor.BeanDeployment.init(BeanDeployment.java:326)[m
[[1;31mERROR[m] [1;31m		... 12 more[m
[[1;31mERROR[m] [1;31m	Suppressed: jakarta.enterprise.inject.UnsatisfiedResolutionException: Unsatisfied dependency for type org.jenga.mapper.UserMapper and qualifiers [@Default][m
[[1;31mERROR[m] [1;31m	- injection target: parameter 'userMapper' of org.jenga.service.UserService constructor[m
[[1;31mERROR[m] [1;31m	- declared on CLASS bean [types=[java.lang.Object, org.jenga.service.UserService], qualifiers=[@Any, @Default], target=org.jenga.service.UserService][m
[[1;31mERROR[m] [1;31m		at io.quarkus.arc.processor.Beans.resolveInjectionPoint(Beans.java:547)[m
[[1;31mERROR[m] [1;31m		at io.quarkus.arc.processor.BeanInfo.init(BeanInfo.java:689)[m
[[1;31mERROR[m] [1;31m		at io.quarkus.arc.processor.BeanDeployment.init(BeanDeployment.java:326)[m
[[1;31mERROR[m] [1;31m		... 12 more[m
[[1;31mERROR[m] [1;31m	Suppressed: jakarta.enterprise.inject.UnsatisfiedResolutionException: Unsatisfied dependency for type org.jenga.mapper.ProjectMapper and qualifiers [@Default][m
[[1;31mERROR[m] [1;31m	- injection target: parameter 'projectMapper' of org.jenga.service.ProjectService constructor[m
[[1;31mERROR[m] [1;31m	- declared on CLASS bean [types=[java.lang.Object, org.jenga.service.ProjectService], qualifiers=[@Any, @Default], target=org.jenga.service.ProjectService][m
[[1;31mERROR[m] [1;31m		at io.quarkus.arc.processor.Beans.resolveInjectionPoint(Beans.java:547)[m
[[1;31mERROR[m] [1;31m		at io.quarkus.arc.processor.BeanInfo.init(BeanInfo.java:689)[m
[[1;31mERROR[m] [1;31m		at io.quarkus.arc.processor.BeanDeployment.init(BeanDeployment.java:326)[m
[[1;31mERROR[m] [1;31m		... 12 more[m
[[1;31mERROR[m] [1;31m	Suppressed: jakarta.enterprise.inject.UnsatisfiedResolutionException: Unsatisfied dependency for type org.jenga.mapper.LabelMapper and qualifiers [@Default][m
[[1;31mERROR[m] [1;31m	- injection target: parameter 'labelMapper' of org.jenga.service.ProjectService constructor[m
[[1;31mERROR[m] [1;31m	- declared on CLASS bean [types=[java.lang.Object, org.jenga.service.ProjectService], qualifiers=[@Any, @Default], target=org.jenga.service.ProjectService][m
[[1;31mERROR[m] [1;31m		at io.quarkus.arc.processor.Beans.resolveInjectionPoint(Beans.java:547)[m
[[1;31mERROR[m] [1;31m		at io.quarkus.arc.processor.BeanInfo.init(BeanInfo.java:689)[m
[[1;31mERROR[m] [1;31m		at io.quarkus.arc.processor.BeanDeployment.init(BeanDeployment.java:326)[m
[[1;31mERROR[m] [1;31m		... 12 more[m
[[1;31mERROR[m] [1;31m[m
[[1;31mERROR[m] [1;31morg.junit.platform.launcher.core.DiscoveryIssueException: TestEngine with ID 'junit-jupiter' encountered a critical issue during test discovery:[m
[[1;31mERROR[m] [1;31m[m
[[1;31mERROR[m] [1;31m(1) [ERROR] ClassSelector [className = 'org.jenga.service.ImportServiceTest', classLoader = null] resolution failed[m
[[1;31mERROR[m] [1;31m    Source: ClassSource [className = 'org.jenga.service.ImportServiceTest', filePosition = null][m
[[1;31mERROR[m] [1;31m            at org.jenga.service.ImportServiceTest.<no-method>(SourceFile:0)[m
[[1;31mERROR[m] [1;31m    Cause: org.junit.platform.commons.PreconditionViolationException: Could not load class with name: org.jenga.service.ImportServiceTest[m
[[1;31mERROR[m] [1;31m	at org.junit.platform.engine.discovery.ClassSelector.lambda$getJavaClass$0(ClassSelector.java:98)[m
[[1;31mERROR[m] [1;31m	at org.junit.platform.commons.function.Try$Failure.getOrThrow(Try.java:335)[m
[[1;31mERROR[m] [1;31m	at org.junit.platform.engine.discovery.ClassSelector.getJavaClass(ClassSelector.java:97)[m
[[1;31mERROR[m] [1;31m	at org.junit.jupiter.engine.discovery.ClassSelectorResolver.resolve(ClassSelectorResolver.java:87)[m
[[1;31mERROR[m] [1;31m	at org.junit.platform.engine.support.discovery.EngineDiscoveryRequestResolution.lambda$resolve$2(EngineDiscoveryRequestResolution.java:135)[m
[[1;31mERROR[m] [1;31m	at java.base/java.util.stream.ReferencePipeline$3$1.accept(ReferencePipeline.java:197)[m
[[1;31mERROR[m] [1;31m	at java.base/java.util.ArrayList$ArrayListSpliterator.tryAdvance(ArrayList.java:1685)[m
[[1;31mERROR[m] [1;31m	at java.base/java.util.stream.ReferencePipeline.forEachWithCancel(ReferencePipeline.java:129)[m
[[1;31mERROR[m] [1;31m	at java.base/java.util.stream.AbstractPipeline.copyIntoWithCancel(AbstractPipeline.java:527)[m
[[1;31mERROR[m] [1;31m	at java.base/java.util.stream.AbstractPipeline.copyInto(AbstractPipeline.java:513)[m
[[1;31mERROR[m] [1;31m	at java.base/java.util.stream.AbstractPipeline.wrapAndCopyInto(AbstractPipeline.java:499)[m
[[1;31mERROR[m] [1;31m	at java.base/java.util.stream.FindOps$FindOp.evaluateSequential(FindOps.java:150)[m
[[1;31mERROR[m] [1;31m	at java.base/java.util.stream.AbstractPipeline.evaluate(AbstractPipeline.java:234)[m
[[1;31mERROR[m] [1;31m	at java.base/java.util.stream.ReferencePipeline.findFirst(ReferencePipeline.java:647)[m
[[1;31mERROR[m] [1;31m	at org.junit.platform.engine.support.discovery.EngineDiscoveryRequestResolution.resolve(EngineDiscoveryRequestResolution.java:189)[m
[[1;31mERROR[m] [1;31m	at org.junit.platform.engine.support.discovery.EngineDiscoveryRequestResolution.resolve(EngineDiscoveryRequestResolution.java:126)[m
[[1;31mERROR[m] [1;31m	at org.junit.platform.engine.support.discovery.EngineDiscoveryRequestResolution.resolveCompletely(EngineDiscoveryRequestResolution.java:92)[m
[[1;31mERROR[m] [1;31m	at org.junit.platform.engine.support.discovery.EngineDiscoveryRequestResolution.run(EngineDiscoveryRequestResolution.java:83)[m
[[1;31mERROR[m] [1;31m	at org.junit.platform.engine.support.discovery.EngineDiscoveryRequestResolver.resolve(EngineDiscoveryRequestResolver.java:148)[m
[[1;31mERROR[m] [1;31m	at org.junit.jupiter.engine.discovery.DiscoverySelectorResolver.resolveSelectors(DiscoverySelectorResolver.java:63)[m
[[1;31mERROR[m] [1;31m	at org.junit.jupiter.engine.JupiterTestEngine.discover(JupiterTestEngine.java:70)[m
[[1;31mERROR[m] [1;31m	at org.junit.platform.launcher.core.EngineDiscoveryOrchestrator.discoverEngineRoot(EngineDiscoveryOrchestrator.java:195)[m
[[1;31mERROR[m] [1;31m	at org.junit.platform.launcher.core.EngineDiscoveryOrchestrator.discoverSafely(EngineDiscoveryOrchestrator.java:174)[m
[[1;31mERROR[m] [1;31m	at org.junit.platform.launcher.core.EngineDiscoveryOrchestrator.discover(EngineDiscoveryOrchestrator.java:119)[m
[[1;31mERROR[m] [1;31m	at org.junit.platform.launcher.core.EngineDiscoveryOrchestrator.discover(EngineDiscoveryOrchestrator.java:84)[m
[[1;31mERROR[m] [1;31m	at org.junit.platform.launcher.core.DefaultLauncher.discover(DefaultLauncher.java:104)[m
[[1;31mERROR[m] [1;31m	at org.junit.platform.launcher.core.DefaultLauncher.discover(DefaultLauncher.java:83)[m
[[1;31mERROR[m] [1;31m	at org.junit.platform.launcher.core.DelegatingLauncher.discover(DelegatingLauncher.java:42)[m
[[1;31mERROR[m] [1;31m	at org.junit.platform.launcher.core.InterceptingLauncher.lambda$discover$0(InterceptingLauncher.java:33)[m
[[1;31mERROR[m] [1;31m	at org.junit.platform.launcher.core.ClasspathAlignmentCheckingLauncherInterceptor.intercept(ClasspathAlignmentCheckingLauncherInterceptor.java:25)[m
[[1;31mERROR[m] [1;31m	at org.junit.platform.launcher.core.InterceptingLauncher.discover(InterceptingLauncher.java:33)[m
[[1;31mERROR[m] [1;31m	at org.junit.platform.launcher.core.DelegatingLauncher.discover(DelegatingLauncher.java:42)[m
[[1;31mERROR[m] [1;31m	at org.apache.maven.surefire.junitplatform.LazyLauncher.discover(LazyLauncher.java:50)[m
[[1;31mERROR[m] [1;31m	at org.apache.maven.surefire.junitplatform.TestPlanScannerFilter.accept(TestPlanScannerFilter.java:52)[m
[[1;31mERROR[m] [1;31m	at org.apache.maven.surefire.api.util.DefaultScanResult.applyFilter(DefaultScanResult.java:87)[m
[[1;31mERROR[m] [1;31m	at org.apache.maven.surefire.junitplatform.JUnitPlatformProvider.scanClasspath(JUnitPlatformProvider.java:144)[m
[[1;31mERROR[m] [1;31m	at org.apache.maven.surefire.junitplatform.JUnitPlatformProvider.invoke(JUnitPlatformProvider.java:124)[m
[[1;31mERROR[m] [1;31m	at org.apache.maven.surefire.booter.ForkedBooter.runSuitesInProcess(ForkedBooter.java:385)[m
[[1;31mERROR[m] [1;31m	at org.apache.maven.surefire.booter.ForkedBooter.execute(ForkedBooter.java:162)[m
[[1;31mERROR[m] [1;31m	at org.apache.maven.surefire.booter.ForkedBooter.run(ForkedBooter.java:507)[m
[[1;31mERROR[m] [1;31m	at org.apache.maven.surefire.booter.ForkedBooter.main(ForkedBooter.java:495)[m
[[1;31mERROR[m] [1;31mCaused by: java.lang.RuntimeException: io.quarkus.builder.BuildException: Build failure: Build failed due to errors[m
[[1;31mERROR[m] [1;31m	[error]: Build step io.quarkus.arc.deployment.ArcProcessor#validate threw an exception: jakarta.enterprise.inject.spi.DeploymentException: Found 6 deployment problems: [m
[[1;31mERROR[m] [1;31m[1] Unsatisfied dependency for type org.jenga.mapper.TicketMapper and qualifiers [@Default][m
[[1;31mERROR[m] [1;31m	- injection target: parameter 'ticketMapper' of org.jenga.service.TicketService constructor[m
[[1;31mERROR[m] [1;31m	- declared on CLASS bean [types=[java.lang.Object, org.jenga.service.TicketService], qualifiers=[@Any, @Default], target=org.jenga.service.TicketService][m
[[1;31mERROR[m] [1;31m[2] Unsatisfied dependency for type org.jenga.mapper.CommentMapper and qualifiers [@Default][m
[[1;31mERROR[m] [1;31m	- injection target: parameter 'commentMapper' of org.jenga.service.TicketService constructor[m
[[1;31mERROR[m] [1;31m	- declared on CLASS bean [types=[java.lang.Object, org.jenga.service.TicketService], qualifiers=[@Any, @Default], target=org.jenga.service.TicketService][m
[[1;31mERROR[m] [1;31m[3] Unsatisfied dependency for type org.jenga.mapper.AcceptanceCriteriaMapper and qualifiers [@Default][m
[[1;31mERROR[m] [1;31m	- injection target: parameter 'acceptanceCriteriaMapper' of org.jenga.service.TicketService constructor[m
[[1;31mERROR[m] [1;31m	- declared on CLASS bean [types=[java.lang.Object, org.jenga.service.TicketService], qualifiers=[@Any, @Default], target=org.jenga.service.TicketService][m
[[1;31mERROR[m] [1;31m[4] Unsatisfied dependency for type org.jenga.mapper.UserMapper and qualifiers [@Default][m
[[1;31mERROR[m] [1;31m	- injection target: parameter 'userMapper' of org.jenga.service.UserService constructor[m
[[1;31mERROR[m] [1;31m	- declared on CLASS bean [types=[java.lang.Object, org.jenga.service.UserService], qualifiers=[@Any, @Default], target=org.jenga.service.UserService][m
[[1;31mERROR[m] [1;31m[5] Unsatisfied dependency for type org.jenga.mapper.ProjectMapper and qualifiers [@Default][m
[[1;31mERROR[m] [1;31m	- injection target: parameter 'projectMapper' of org.jenga.service.ProjectService constructor[m
[[1;31mERROR[m] [1;31m	- declared on CLASS bean [types=[java.lang.Object, org.jenga.service.ProjectService], qualifiers=[@Any, @Default], target=org.jenga.service.ProjectService][m
[[1;31mERROR[m] [1;31m[6] Unsatisfied dependency for type org.jenga.mapper.LabelMapper and qualifiers [@Default][m
[[1;31mERROR[m] [1;31m	- injection target: parameter 'labelMapper' of org.jenga.service.ProjectService constructor[m
[[1;31mERROR[m] [1;31m	- declared on CLASS bean [types=[java.lang.Object, org.jenga.service.ProjectService], qualifiers=[@Any, @Default], target=org.jenga.service.ProjectService][m
[[1;31mERROR[m] [1;31m	at io.quarkus.arc.processor.BeanDeployment.processErrors(BeanDeployment.java:1602)[m
[[1;31mERROR[m] [1;31m	at io.quarkus.arc.processor.BeanDeployment.init(BeanDeployment.java:341)[m
[[1;31mERROR[m] [1;31m	at io.quarkus.arc.processor.BeanProcessor.initialize(BeanProcessor.java:178)[m
[[1;31mERROR[m] [1;31m	at io.quarkus.arc.deployment.ArcProcessor.validate(ArcProcessor.java:488)[m
[[1;31mERROR[m] [1;31m	at java.base/java.lang.invoke.MethodHandle.invokeWithArguments(MethodHandle.java:733)[m
[[1;31mERROR[m] [1;31m	at io.quarkus.deployment.ExtensionLoader$3.execute(ExtensionLoader.java:874)[m
[[1;31mERROR[m] [1;31m	at io.quarkus.builder.BuildContext.run(BuildContext.java:255)[m
[[1;31mERROR[m] [1;31m	at org.jboss.threads.ContextHandler$1.runWith(ContextHandler.java:18)[m
[[1;31mERROR[m] [1;31m	at org.jboss.threads.EnhancedQueueExecutor$Task.doRunWith(EnhancedQueueExecutor.java:2651)[m
[[1;31mERROR[m] [1;31m	at org.jboss.threads.EnhancedQueueExecutor$Task.run(EnhancedQueueExecutor.java:2630)[m
[[1;31mERROR[m] [1;31m	at org.jboss.threads.EnhancedQueueExecutor.runThreadBody(EnhancedQueueExecutor.java:1622)[m
[[1;31mERROR[m] [1;31m	at org.jboss.threads.EnhancedQueueExecutor$ThreadBody.run(EnhancedQueueExecutor.java:1589)[m
[[1;31mERROR[m] [1;31m	at java.base/java.lang.Thread.run(Thread.java:1583)[m
[[1;31mERROR[m] [1;31m	at org.jboss.threads.JBossThread.run(JBossThread.java:501)[m
[[1;31mERROR[m] [1;31m	Suppressed: jakarta.enterprise.inject.UnsatisfiedResolutionException: Unsatisfied dependency for type org.jenga.mapper.TicketMapper and qualifiers [@Default][m
[[1;31mERROR[m] [1;31m	- injection target: parameter 'ticketMapper' of org.jenga.service.TicketService constructor[m
[[1;31mERROR[m] [1;31m	- declared on CLASS bean [types=[java.lang.Object, org.jenga.service.TicketService], qualifiers=[@Any, @Default], target=org.jenga.service.TicketService][m
[[1;31mERROR[m] [1;31m		at io.quarkus.arc.processor.Beans.resolveInjectionPoint(Beans.java:547)[m
[[1;31mERROR[m] [1;31m		at io.quarkus.arc.processor.BeanInfo.init(BeanInfo.java:689)[m
[[1;31mERROR[m] [1;31m		at io.quarkus.arc.processor.BeanDeployment.init(BeanDeployment.java:326)[m
[[1;31mERROR[m] [1;31m		... 12 more[m
[[1;31mERROR[m] [1;31m	Suppressed: jakarta.enterprise.inject.UnsatisfiedResolutionException: Unsatisfied dependency for type org.jenga.mapper.CommentMapper and qualifiers [@Default][m
[[1;31mERROR[m] [1;31m	- injection target: parameter 'commentMapper' of org.jenga.service.TicketService constructor[m
[[1;31mERROR[m] [1;31m	- declared on CLASS bean [types=[java.lang.Object, org.jenga.service.TicketService], qualifiers=[@Any, @Default], target=org.jenga.service.TicketService][m
[[1;31mERROR[m] [1;31m		at io.quarkus.arc.processor.Beans.resolveInjectionPoint(Beans.java:547)[m
[[1;31mERROR[m] [1;31m		at io.quarkus.arc.processor.BeanInfo.init(BeanInfo.java:689)[m
[[1;31mERROR[m] [1;31m		at io.quarkus.arc.processor.BeanDeployment.init(BeanDeployment.java:326)[m
[[1;31mERROR[m] [1;31m		... 12 more[m
[[1;31mERROR[m] [1;31m	Suppressed: jakarta.enterprise.inject.UnsatisfiedResolutionException: Unsatisfied dependency for type org.jenga.mapper.AcceptanceCriteriaMapper and qualifiers [@Default][m
[[1;31mERROR[m] [1;31m	- injection target: parameter 'acceptanceCriteriaMapper' of org.jenga.service.TicketService constructor[m
[[1;31mERROR[m] [1;31m	- declared on CLASS bean [types=[java.lang.Object, org.jenga.service.TicketService], qualifiers=[@Any, @Default], target=org.jenga.service.TicketService][m
[[1;31mERROR[m] [1;31m		at io.quarkus.arc.processor.Beans.resolveInjectionPoint(Beans.java:547)[m
[[1;31mERROR[m] [1;31m		at io.quarkus.arc.processor.BeanInfo.init(BeanInfo.java:689)[m
[[1;31mERROR[m] [1;31m		at io.quarkus.arc.processor.BeanDeployment.init(BeanDeployment.java:326)[m
[[1;31mERROR[m] [1;31m		... 12 more[m
[[1;31mERROR[m] [1;31m	Suppressed: jakarta.enterprise.inject.UnsatisfiedResolutionException: Unsatisfied dependency for type org.jenga.mapper.UserMapper and qualifiers [@Default][m
[[1;31mERROR[m] [1;31m	- injection target: parameter 'userMapper' of org.jenga.service.UserService constructor[m
[[1;31mERROR[m] [1;31m	- declared on CLASS bean [types=[java.lang.Object, org.jenga.service.UserService], qualifiers=[@Any, @Default], target=org.jenga.service.UserService][m
[[1;31mERROR[m] [1;31m		at io.quarkus.arc.processor.Beans.resolveInjectionPoint(Beans.java:547)[m
[[1;31mERROR[m] [1;31m		at io.quarkus.arc.processor.BeanInfo.init(BeanInfo.java:689)[m
[[1;31mERROR[m] [1;31m		at io.quarkus.arc.processor.BeanDeployment.init(BeanDeployment.java:326)[m
[[1;31mERROR[m] [1;31m		... 12 more[m
[[1;31mERROR[m] [1;31m	Suppressed: jakarta.enterprise.inject.UnsatisfiedResolutionException: Unsatisfied dependency for type org.jenga.mapper.ProjectMapper and qualifiers [@Default][m
[[1;31mERROR[m] [1;31m	- injection target: parameter 'projectMapper' of org.jenga.service.ProjectService constructor[m
[[1;31mERROR[m] [1;31m	- declared on CLASS bean [types=[java.lang.Object, org.jenga.service.ProjectService], qualifiers=[@Any, @Default], target=org.jenga.service.ProjectService][m
[[1;31mERROR[m] [1;31m		at io.quarkus.arc.processor.Beans.resolveInjectionPoint(Beans.java:547)[m
[[1;31mERROR[m] [1;31m		at io.quarkus.arc.processor.BeanInfo.init(BeanInfo.java:689)[m
[[1;31mERROR[m] [1;31m		at io.quarkus.arc.processor.BeanDeployment.init(BeanDeployment.java:326)[m
[[1;31mERROR[m] [1;31m		... 12 more[m
[[1;31mERROR[m] [1;31m	Suppressed: jakarta.enterprise.inject.UnsatisfiedResolutionException: Unsatisfied dependency for type org.jenga.mapper.LabelMapper and qualifiers [@Default][m
[[1;31mERROR[m] [1;31m	- injection target: parameter 'labelMapper' of org.jenga.service.ProjectService constructor[m
[[1;31mERROR[m] [1;31m	- declared on CLASS bean [types=[java.lang.Object, org.jenga.service.ProjectService], qualifiers=[@Any, @Default], target=org.jenga.service.ProjectService][m
[[1;31mERROR[m] [1;31m		at io.quarkus.arc.processor.Beans.resolveInjectionPoint(Beans.java:547)[m
[[1;31mERROR[m] [1;31m		at io.quarkus.arc.processor.BeanInfo.init(BeanInfo.java:689)[m
[[1;31mERROR[m] [1;31m		at io.quarkus.arc.processor.BeanDeployment.init(BeanDeployment.java:326)[m
[[1;31mERROR[m] [1;31m		... 12 more[m
[[1;31mERROR[m] [1;31m[m
[[1;31mERROR[m] [1;31m	at io.quarkus.runner.bootstrap.AugmentActionImpl.runAugment(AugmentActionImpl.java:376)[m
[[1;31mERROR[m] [1;31m	at io.quarkus.runner.bootstrap.AugmentActionImpl.createInitialRuntimeApplication(AugmentActionImpl.java:293)[m
[[1;31mERROR[m] [1;31m	at io.quarkus.runner.bootstrap.AugmentActionImpl.createInitialRuntimeApplication(AugmentActionImpl.java:61)[m
[[1;31mERROR[m] [1;31m	at io.quarkus.test.junit.AppMakerHelper.getStartupAction(AppMakerHelper.java:253)[m
[[1;31mERROR[m] [1;31m	at io.quarkus.test.junit.classloading.FacadeClassLoader.getOrCreateRuntimeClassLoader(FacadeClassLoader.java:544)[m
[[1;31mERROR[m] [1;31m	at io.quarkus.test.junit.classloading.FacadeClassLoader.getQuarkusClassLoader(FacadeClassLoader.java:441)[m
[[1;31mERROR[m] [1;31m	at io.quarkus.test.junit.classloading.FacadeClassLoader.loadClass(FacadeClassLoader.java:330)[m
[[1;31mERROR[m] [1;31m	at java.base/java.lang.Class.forName0(Native Method)[m
[[1;31mERROR[m] [1;31m	at java.base/java.lang.Class.forName(Class.java:534)[m
[[1;31mERROR[m] [1;31m	at java.base/java.lang.Class.forName(Class.java:513)[m
[[1;31mERROR[m] [1;31m	at org.junit.platform.commons.util.ReflectionUtils.lambda$tryToLoadClass$10(ReflectionUtils.java:886)[m
[[1;31mERROR[m] [1;31m	at org.junit.platform.commons.function.Try.lambda$call$0(Try.java:57)[m
[[1;31mERROR[m] [1;31m	at org.junit.platform.commons.function.Try.of(Try.java:93)[m
[[1;31mERROR[m] [1;31m	at org.junit.platform.commons.function.Try.call(Try.java:57)[m
[[1;31mERROR[m] [1;31m	at org.junit.platform.commons.util.ReflectionUtils.tryToLoadClass(ReflectionUtils.java:873)[m
[[1;31mERROR[m] [1;31m	at org.junit.platform.commons.util.ReflectionUtils.tryToLoadClass(ReflectionUtils.java:810)[m
[[1;31mERROR[m] [1;31m	at org.junit.platform.commons.support.ReflectionSupport.tryToLoadClass(ReflectionSupport.java:94)[m
[[1;31mERROR[m] [1;31m	at org.junit.platform.engine.discovery.ClassSelector.getJavaClass(ClassSelector.java:95)[m
[[1;31mERROR[m] [1;31m	... 38 more[m
[[1;31mERROR[m] [1;31mCaused by: io.quarkus.builder.BuildException: Build failure: Build failed due to errors[m
[[1;31mERROR[m] [1;31m	[error]: Build step io.quarkus.arc.deployment.ArcProcessor#validate threw an exception: jakarta.enterprise.inject.spi.DeploymentException: Found 6 deployment problems: [m
[[1;31mERROR[m] [1;31m[1] Unsatisfied dependency for type org.jenga.mapper.TicketMapper and qualifiers [@Default][m
[[1;31mERROR[m] [1;31m	- injection target: parameter 'ticketMapper' of org.jenga.service.TicketService constructor[m
[[1;31mERROR[m] [1;31m	- declared on CLASS bean [types=[java.lang.Object, org.jenga.service.TicketService], qualifiers=[@Any, @Default], target=org.jenga.service.TicketService][m
[[1;31mERROR[m] [1;31m[2] Unsatisfied dependency for type org.jenga.mapper.CommentMapper and qualifiers [@Default][m
[[1;31mERROR[m] [1;31m	- injection target: parameter 'commentMapper' of org.jenga.service.TicketService constructor[m
[[1;31mERROR[m] [1;31m	- declared on CLASS bean [types=[java.lang.Object, org.jenga.service.TicketService], qualifiers=[@Any, @Default], target=org.jenga.service.TicketService][m
[[1;31mERROR[m] [1;31m[3] Unsatisfied dependency for type org.jenga.mapper.AcceptanceCriteriaMapper and qualifiers [@Default][m
[[1;31mERROR[m] [1;31m	- injection target: parameter 'acceptanceCriteriaMapper' of org.jenga.service.TicketService constructor[m
[[1;31mERROR[m] [1;31m	- declared on CLASS bean [types=[java.lang.Object, org.jenga.service.TicketService], qualifiers=[@Any, @Default], target=org.jenga.service.TicketService][m
[[1;31mERROR[m] [1;31m[4] Unsatisfied dependency for type org.jenga.mapper.UserMapper and qualifiers [@Default][m
[[1;31mERROR[m] [1;31m	- injection target: parameter 'userMapper' of org.jenga.service.UserService constructor[m
[[1;31mERROR[m] [1;31m	- declared on CLASS bean [types=[java.lang.Object, org.jenga.service.UserService], qualifiers=[@Any, @Default], target=org.jenga.service.UserService][m
[[1;31mERROR[m] [1;31m[5] Unsatisfied dependency for type org.jenga.mapper.ProjectMapper and qualifiers [@Default][m
[[1;31mERROR[m] [1;31m	- injection target: parameter 'projectMapper' of org.jenga.service.ProjectService constructor[m
[[1;31mERROR[m] [1;31m	- declared on CLASS bean [types=[java.lang.Object, org.jenga.service.ProjectService], qualifiers=[@Any, @Default], target=org.jenga.service.ProjectService][m
[[1;31mERROR[m] [1;31m[6] Unsatisfied dependency for type org.jenga.mapper.LabelMapper and qualifiers [@Default][m
[[1;31mERROR[m] [1;31m	- injection target: parameter 'labelMapper' of org.jenga.service.ProjectService constructor[m
[[1;31mERROR[m] [1;31m	- declared on CLASS bean [types=[java.lang.Object, org.jenga.service.ProjectService], qualifiers=[@Any, @Default], target=org.jenga.service.ProjectService][m
[[1;31mERROR[m] [1;31m	at io.quarkus.arc.processor.BeanDeployment.processErrors(BeanDeployment.java:1602)[m
[[1;31mERROR[m] [1;31m	at io.quarkus.arc.processor.BeanDeployment.init(BeanDeployment.java:341)[m
[[1;31mERROR[m] [1;31m	at io.quarkus.arc.processor.BeanProcessor.initialize(BeanProcessor.java:178)[m
[[1;31mERROR[m] [1;31m	at io.quarkus.arc.deployment.ArcProcessor.validate(ArcProcessor.java:488)[m
[[1;31mERROR[m] [1;31m	at java.base/java.lang.invoke.MethodHandle.invokeWithArguments(MethodHandle.java:733)[m
[[1;31mERROR[m] [1;31m	at io.quarkus.deployment.ExtensionLoader$3.execute(ExtensionLoader.java:874)[m
[[1;31mERROR[m] [1;31m	at io.quarkus.builder.BuildContext.run(BuildContext.java:255)[m
[[1;31mERROR[m] [1;31m	at org.jboss.threads.ContextHandler$1.runWith(ContextHandler.java:18)[m
[[1;31mERROR[m] [1;31m	at org.jboss.threads.EnhancedQueueExecutor$Task.doRunWith(EnhancedQueueExecutor.java:2651)[m
[[1;31mERROR[m] [1;31m	at org.jboss.threads.EnhancedQueueExecutor$Task.run(EnhancedQueueExecutor.java:2630)[m
[[1;31mERROR[m] [1;31m	at org.jboss.threads.EnhancedQueueExecutor.runThreadBody(EnhancedQueueExecutor.java:1622)[m
[[1;31mERROR[m] [1;31m	at org.jboss.threads.EnhancedQueueExecutor$ThreadBody.run(EnhancedQueueExecutor.java:1589)[m
[[1;31mERROR[m] [1;31m	at java.base/java.lang.Thread.run(Thread.java:1583)[m
[[1;31mERROR[m] [1;31m	at org.jboss.threads.JBossThread.run(JBossThread.java:501)[m
[[1;31mERROR[m] [1;31m	Suppressed: jakarta.enterprise.inject.UnsatisfiedResolutionException: Unsatisfied dependency for type org.jenga.mapper.TicketMapper and qualifiers [@Default][m
[[1;31mERROR[m] [1;31m	- injection target: parameter 'ticketMapper' of org.jenga.service.TicketService constructor[m
[[1;31mERROR[m] [1;31m	- declared on CLASS bean [types=[java.lang.Object, org.jenga.service.TicketService], qualifiers=[@Any, @Default], target=org.jenga.service.TicketService][m
[[1;31mERROR[m] [1;31m		at io.quarkus.arc.processor.Beans.resolveInjectionPoint(Beans.java:547)[m
[[1;31mERROR[m] [1;31m		at io.quarkus.arc.processor.BeanInfo.init(BeanInfo.java:689)[m
[[1;31mERROR[m] [1;31m		at io.quarkus.arc.processor.BeanDeployment.init(BeanDeployment.java:326)[m
[[1;31mERROR[m] [1;31m		... 12 more[m
[[1;31mERROR[m] [1;31m	Suppressed: jakarta.enterprise.inject.UnsatisfiedResolutionException: Unsatisfied dependency for type org.jenga.mapper.CommentMapper and qualifiers [@Default][m
[[1;31mERROR[m] [1;31m	- injection target: parameter 'commentMapper' of org.jenga.service.TicketService constructor[m
[[1;31mERROR[m] [1;31m	- declared on CLASS bean [types=[java.lang.Object, org.jenga.service.TicketService], qualifiers=[@Any, @Default], target=org.jenga.service.TicketService][m
[[1;31mERROR[m] [1;31m		at io.quarkus.arc.processor.Beans.resolveInjectionPoint(Beans.java:547)[m
[[1;31mERROR[m] [1;31m		at io.quarkus.arc.processor.BeanInfo.init(BeanInfo.java:689)[m
[[1;31mERROR[m] [1;31m		at io.quarkus.arc.processor.BeanDeployment.init(BeanDeployment.java:326)[m
[[1;31mERROR[m] [1;31m		... 12 more[m
[[1;31mERROR[m] [1;31m	Suppressed: jakarta.enterprise.inject.UnsatisfiedResolutionException: Unsatisfied dependency for type org.jenga.mapper.AcceptanceCriteriaMapper and qualifiers [@Default][m
[[1;31mERROR[m] [1;31m	- injection target: parameter 'acceptanceCriteriaMapper' of org.jenga.service.TicketService constructor[m
[[1;31mERROR[m] [1;31m	- declared on CLASS bean [types=[java.lang.Object, org.jenga.service.TicketService], qualifiers=[@Any, @Default], target=org.jenga.service.TicketService][m
[[1;31mERROR[m] [1;31m		at io.quarkus.arc.processor.Beans.resolveInjectionPoint(Beans.java:547)[m
[[1;31mERROR[m] [1;31m		at io.quarkus.arc.processor.BeanInfo.init(BeanInfo.java:689)[m
[[1;31mERROR[m] [1;31m		at io.quarkus.arc.processor.BeanDeployment.init(BeanDeployment.java:326)[m
[[1;31mERROR[m] [1;31m		... 12 more[m
[[1;31mERROR[m] [1;31m	Suppressed: jakarta.enterprise.inject.UnsatisfiedResolutionException: Unsatisfied dependency for type org.jenga.mapper.UserMapper and qualifiers [@Default][m
[[1;31mERROR[m] [1;31m	- injection target: parameter 'userMapper' of org.jenga.service.UserService constructor[m
[[1;31mERROR[m] [1;31m	- declared on CLASS bean [types=[java.lang.Object, org.jenga.service.UserService], qualifiers=[@Any, @Default], target=org.jenga.service.UserService][m
[[1;31mERROR[m] [1;31m		at io.quarkus.arc.processor.Beans.resolveInjectionPoint(Beans.java:547)[m
[[1;31mERROR[m] [1;31m		at io.quarkus.arc.processor.BeanInfo.init(BeanInfo.java:689)[m
[[1;31mERROR[m] [1;31m		at io.quarkus.arc.processor.BeanDeployment.init(BeanDeployment.java:326)[m
[[1;31mERROR[m] [1;31m		... 12 more[m
[[1;31mERROR[m] [1;31m	Suppressed: jakarta.enterprise.inject.UnsatisfiedResolutionException: Unsatisfied dependency for type org.jenga.mapper.ProjectMapper and qualifiers [@Default][m
[[1;31mERROR[m] [1;31m	- injection target: parameter 'projectMapper' of org.jenga.service.ProjectService constructor[m
[[1;31mERROR[m] [1;31m	- declared on CLASS bean [types=[java.lang.Object, org.jenga.service.ProjectService], qualifiers=[@Any, @Default], target=org.jenga.service.ProjectService][m
[[1;31mERROR[m] [1;31m		at io.quarkus.arc.processor.Beans.resolveInjectionPoint(Beans.java:547)[m
[[1;31mERROR[m] [1;31m		at io.quarkus.arc.processor.BeanInfo.init(BeanInfo.java:689)[m
[[1;31mERROR[m] [1;31m		at io.quarkus.arc.processor.BeanDeployment.init(BeanDeployment.java:326)[m
[[1;31mERROR[m] [1;31m		... 12 more[m
[[1;31mERROR[m] [1;31m	Suppressed: jakarta.enterprise.inject.UnsatisfiedResolutionException: Unsatisfied dependency for type org.jenga.mapper.LabelMapper and qualifiers [@Default][m
[[1;31mERROR[m] [1;31m	- injection target: parameter 'labelMapper' of org.jenga.service.ProjectService constructor[m
[[1;31mERROR[m] [1;31m	- declared on CLASS bean [types=[java.lang.Object, org.jenga.service.ProjectService], qualifiers=[@Any, @Default], target=org.jenga.service.ProjectService][m
[[1;31mERROR[m] [1;31m		at io.quarkus.arc.processor.Beans.resolveInjectionPoint(Beans.java:547)[m
[[1;31mERROR[m] [1;31m		at io.quarkus.arc.processor.BeanInfo.init(BeanInfo.java:689)[m
[[1;31mERROR[m] [1;31m		at io.quarkus.arc.processor.BeanDeployment.init(BeanDeployment.java:326)[m
[[1;31mERROR[m] [1;31m		... 12 more[m
[[1;31mERROR[m] [1;31m[m
[[1;31mERROR[m] [1;31m	at io.quarkus.builder.Execution.run(Execution.java:122)[m
[[1;31mERROR[m] [1;31m	at io.quarkus.builder.BuildExecutionBuilder.execute(BuildExecutionBuilder.java:78)[m
[[1;31mERROR[m] [1;31m	at io.quarkus.deployment.QuarkusAugmentor.run(QuarkusAugmentor.java:160)[m
[[1;31mERROR[m] [1;31m	at io.quarkus.runner.bootstrap.AugmentActionImpl.runAugment(AugmentActionImpl.java:372)[m
[[1;31mERROR[m] [1;31m	... 55 more[m
[[1;31mERROR[m] [1;31mCaused by: jakarta.enterprise.inject.spi.DeploymentException: Found 6 deployment problems: [m
[[1;31mERROR[m] [1;31m[1] Unsatisfied dependency for type org.jenga.mapper.TicketMapper and qualifiers [@Default][m
[[1;31mERROR[m] [1;31m	- injection target: parameter 'ticketMapper' of org.jenga.service.TicketService constructor[m
[[1;31mERROR[m] [1;31m	- declared on CLASS bean [types=[java.lang.Object, org.jenga.service.TicketService], qualifiers=[@Any, @Default], target=org.jenga.service.TicketService][m
[[1;31mERROR[m] [1;31m[2] Unsatisfied dependency for type org.jenga.mapper.CommentMapper and qualifiers [@Default][m
[[1;31mERROR[m] [1;31m	- injection target: parameter 'commentMapper' of org.jenga.service.TicketService constructor[m
[[1;31mERROR[m] [1;31m	- declared on CLASS bean [types=[java.lang.Object, org.jenga.service.TicketService], qualifiers=[@Any, @Default], target=org.jenga.service.TicketService][m
[[1;31mERROR[m] [1;31m[3] Unsatisfied dependency for type org.jenga.mapper.AcceptanceCriteriaMapper and qualifiers [@Default][m
[[1;31mERROR[m] [1;31m	- injection target: parameter 'acceptanceCriteriaMapper' of org.jenga.service.TicketService constructor[m
[[1;31mERROR[m] [1;31m	- declared on CLASS bean [types=[java.lang.Object, org.jenga.service.TicketService], qualifiers=[@Any, @Default], target=org.jenga.service.TicketService][m
[[1;31mERROR[m] [1;31m[4] Unsatisfied dependency for type org.jenga.mapper.UserMapper and qualifiers [@Default][m
[[1;31mERROR[m] [1;31m	- injection target: parameter 'userMapper' of org.jenga.service.UserService constructor[m
[[1;31mERROR[m] [1;31m	- declared on CLASS bean [types=[java.lang.Object, org.jenga.service.UserService], qualifiers=[@Any, @Default], target=org.jenga.service.UserService][m
[[1;31mERROR[m] [1;31m[5] Unsatisfied dependency for type org.jenga.mapper.ProjectMapper and qualifiers [@Default][m
[[1;31mERROR[m] [1;31m	- injection target: parameter 'projectMapper' of org.jenga.service.ProjectService constructor[m
[[1;31mERROR[m] [1;31m	- declared on CLASS bean [types=[java.lang.Object, org.jenga.service.ProjectService], qualifiers=[@Any, @Default], target=org.jenga.service.ProjectService][m
[[1;31mERROR[m] [1;31m[6] Unsatisfied dependency for type org.jenga.mapper.LabelMapper and qualifiers [@Default][m
[[1;31mERROR[m] [1;31m	- injection target: parameter 'labelMapper' of org.jenga.service.ProjectService constructor[m
[[1;31mERROR[m] [1;31m	- declared on CLASS bean [types=[java.lang.Object, org.jenga.service.ProjectService], qualifiers=[@Any, @Default], target=org.jenga.service.ProjectService][m
[[1;31mERROR[m] [1;31m	at io.quarkus.arc.processor.BeanDeployment.processErrors(BeanDeployment.java:1602)[m
[[1;31mERROR[m] [1;31m	at io.quarkus.arc.processor.BeanDeployment.init(BeanDeployment.java:341)[m
[[1;31mERROR[m] [1;31m	at io.quarkus.arc.processor.BeanProcessor.initialize(BeanProcessor.java:178)[m
[[1;31mERROR[m] [1;31m	at io.quarkus.arc.deployment.ArcProcessor.validate(ArcProcessor.java:488)[m
[[1;31mERROR[m] [1;31m	at java.base/java.lang.invoke.MethodHandle.invokeWithArguments(MethodHandle.java:733)[m
[[1;31mERROR[m] [1;31m	at io.quarkus.deployment.ExtensionLoader$3.execute(ExtensionLoader.java:874)[m
[[1;31mERROR[m] [1;31m	at io.quarkus.builder.BuildContext.run(BuildContext.java:255)[m
[[1;31mERROR[m] [1;31m	at org.jboss.threads.ContextHandler$1.runWith(ContextHandler.java:18)[m
[[1;31mERROR[m] [1;31m	at org.jboss.threads.EnhancedQueueExecutor$Task.doRunWith(EnhancedQueueExecutor.java:2651)[m
[[1;31mERROR[m] [1;31m	at org.jboss.threads.EnhancedQueueExecutor$Task.run(EnhancedQueueExecutor.java:2630)[m
[[1;31mERROR[m] [1;31m	at org.jboss.threads.EnhancedQueueExecutor.runThreadBody(EnhancedQueueExecutor.java:1622)[m
[[1;31mERROR[m] [1;31m	at org.jboss.threads.EnhancedQueueExecutor$ThreadBody.run(EnhancedQueueExecutor.java:1589)[m
[[1;31mERROR[m] [1;31m	at java.base/java.lang.Thread.run(Thread.java:1583)[m
[[1;31mERROR[m] [1;31m	at org.jboss.threads.JBossThread.run(JBossThread.java:501)[m
[[1;31mERROR[m] [1;31m	Suppressed: jakarta.enterprise.inject.UnsatisfiedResolutionException: Unsatisfied dependency for type org.jenga.mapper.TicketMapper and qualifiers [@Default][m
[[1;31mERROR[m] [1;31m	- injection target: parameter 'ticketMapper' of org.jenga.service.TicketService constructor[m
[[1;31mERROR[m] [1;31m	- declared on CLASS bean [types=[java.lang.Object, org.jenga.service.TicketService], qualifiers=[@Any, @Default], target=org.jenga.service.TicketService][m
[[1;31mERROR[m] [1;31m		at io.quarkus.arc.processor.Beans.resolveInjectionPoint(Beans.java:547)[m
[[1;31mERROR[m] [1;31m		at io.quarkus.arc.processor.BeanInfo.init(BeanInfo.java:689)[m
[[1;31mERROR[m] [1;31m		at io.quarkus.arc.processor.BeanDeployment.init(BeanDeployment.java:326)[m
[[1;31mERROR[m] [1;31m		... 12 more[m
[[1;31mERROR[m] [1;31m	Suppressed: jakarta.enterprise.inject.UnsatisfiedResolutionException: Unsatisfied dependency for type org.jenga.mapper.CommentMapper and qualifiers [@Default][m
[[1;31mERROR[m] [1;31m	- injection target: parameter 'commentMapper' of org.jenga.service.TicketService constructor[m
[[1;31mERROR[m] [1;31m	- declared on CLASS bean [types=[java.lang.Object, org.jenga.service.TicketService], qualifiers=[@Any, @Default], target=org.jenga.service.TicketService][m
[[1;31mERROR[m] [1;31m		at io.quarkus.arc.processor.Beans.resolveInjectionPoint(Beans.java:547)[m
[[1;31mERROR[m] [1;31m		at io.quarkus.arc.processor.BeanInfo.init(BeanInfo.java:689)[m
[[1;31mERROR[m] [1;31m		at io.quarkus.arc.processor.BeanDeployment.init(BeanDeployment.java:326)[m
[[1;31mERROR[m] [1;31m		... 12 more[m
[[1;31mERROR[m] [1;31m	Suppressed: jakarta.enterprise.inject.UnsatisfiedResolutionException: Unsatisfied dependency for type org.jenga.mapper.AcceptanceCriteriaMapper and qualifiers [@Default][m
[[1;31mERROR[m] [1;31m	- injection target: parameter 'acceptanceCriteriaMapper' of org.jenga.service.TicketService constructor[m
[[1;31mERROR[m] [1;31m	- declared on CLASS bean [types=[java.lang.Object, org.jenga.service.TicketService], qualifiers=[@Any, @Default], target=org.jenga.service.TicketService][m
[[1;31mERROR[m] [1;31m		at io.quarkus.arc.processor.Beans.resolveInjectionPoint(Beans.java:547)[m
[[1;31mERROR[m] [1;31m		at io.quarkus.arc.processor.BeanInfo.init(BeanInfo.java:689)[m
[[1;31mERROR[m] [1;31m		at io.quarkus.arc.processor.BeanDeployment.init(BeanDeployment.java:326)[m
[[1;31mERROR[m] [1;31m		... 12 more[m
[[1;31mERROR[m] [1;31m	Suppressed: jakarta.enterprise.inject.UnsatisfiedResolutionException: Unsatisfied dependency for type org.jenga.mapper.UserMapper and qualifiers [@Default][m
[[1;31mERROR[m] [1;31m	- injection target: parameter 'userMapper' of org.jenga.service.UserService constructor[m
[[1;31mERROR[m] [1;31m	- declared on CLASS bean [types=[java.lang.Object, org.jenga.service.UserService], qualifiers=[@Any, @Default], target=org.jenga.service.UserService][m
[[1;31mERROR[m] [1;31m		at io.quarkus.arc.processor.Beans.resolveInjectionPoint(Beans.java:547)[m
[[1;31mERROR[m] [1;31m		at io.quarkus.arc.processor.BeanInfo.init(BeanInfo.java:689)[m
[[1;31mERROR[m] [1;31m		at io.quarkus.arc.processor.BeanDeployment.init(BeanDeployment.java:326)[m
[[1;31mERROR[m] [1;31m		... 12 more[m
[[1;31mERROR[m] [1;31m	Suppressed: jakarta.enterprise.inject.UnsatisfiedResolutionException: Unsatisfied dependency for type org.jenga.mapper.ProjectMapper and qualifiers [@Default][m
[[1;31mERROR[m] [1;31m	- injection target: parameter 'projectMapper' of org.jenga.service.ProjectService constructor[m
[[1;31mERROR[m] [1;31m	- declared on CLASS bean [types=[java.lang.Object, org.jenga.service.ProjectService], qualifiers=[@Any, @Default], target=org.jenga.service.ProjectService][m
[[1;31mERROR[m] [1;31m		at io.quarkus.arc.processor.Beans.resolveInjectionPoint(Beans.java:547)[m
[[1;31mERROR[m] [1;31m		at io.quarkus.arc.processor.BeanInfo.init(BeanInfo.java:689)[m
[[1;31mERROR[m] [1;31m		at io.quarkus.arc.processor.BeanDeployment.init(BeanDeployment.java:326)[m
[[1;31mERROR[m] [1;31m		... 12 more[m
[[1;31mERROR[m] [1;31m	Suppressed: jakarta.enterprise.inject.UnsatisfiedResolutionException: Unsatisfied dependency for type org.jenga.mapper.LabelMapper and qualifiers [@Default][m
[[1;31mERROR[m] [1;31m	- injection target: parameter 'labelMapper' of org.jenga.service.ProjectService constructor[m
[[1;31mERROR[m] [1;31m	- declared on CLASS bean [types=[java.lang.Object, org.jenga.service.ProjectService], qualifiers=[@Any, @Default], target=org.jenga.service.ProjectService][m
[[1;31mERROR[m] [1;31m		at io.quarkus.arc.processor.Beans.resolveInjectionPoint(Beans.java:547)[m
[[1;31mERROR[m] [1;31m		at io.quarkus.arc.processor.BeanInfo.init(BeanInfo.java:689)[m
[[1;31mERROR[m] [1;31m		at io.quarkus.arc.processor.BeanDeployment.init(BeanDeployment.java:326)[m
[[1;31mERROR[m] [1;31m		... 12 more[m
[[1;31mERROR[m] [1;31m[m
[[1;31mERROR[m] [1;31m[m
[[1;31mERROR[m] [1;31morg.apache.maven.surefire.booter.SurefireBooterForkException: There was an error in the forked process[m
[[1;31mERROR[m] [1;31mTestEngine with ID 'junit-jupiter' encountered a critical issue during test discovery:[m
[[1;31mERROR[m] [1;31m[m
[[1;31mERROR[m] [1;31m(1) [ERROR] ClassSelector [className = 'org.jenga.service.ImportServiceTest', classLoader = null] resolution failed[m
[[1;31mERROR[m] [1;31m    Source: ClassSource [className = 'org.jenga.service.ImportServiceTest', filePosition = null][m
[[1;31mERROR[m] [1;31m            at org.jenga.service.ImportServiceTest.<no-method>(SourceFile:0)[m
[[1;31mERROR[m] [1;31m    Cause: org.junit.platform.commons.PreconditionViolationException: Could not load class with name: org.jenga.service.ImportServiceTest[m
[[1;31mERROR[m] [1;31m	at org.junit.platform.engine.discovery.ClassSelector.lambda$getJavaClass$0(ClassSelector.java:98)[m
[[1;31mERROR[m] [1;31m	at org.junit.platform.commons.function.Try$Failure.getOrThrow(Try.java:335)[m
[[1;31mERROR[m] [1;31m	at org.junit.platform.engine.discovery.ClassSelector.getJavaClass(ClassSelector.java:97)[m
[[1;31mERROR[m] [1;31m	at org.junit.jupiter.engine.discovery.ClassSelectorResolver.resolve(ClassSelectorResolver.java:87)[m
[[1;31mERROR[m] [1;31m	at org.junit.platform.engine.support.discovery.EngineDiscoveryRequestResolution.lambda$resolve$2(EngineDiscoveryRequestResolution.java:135)[m
[[1;31mERROR[m] [1;31m	at java.base/java.util.stream.ReferencePipeline$3$1.accept(ReferencePipeline.java:197)[m
[[1;31mERROR[m] [1;31m	at java.base/java.util.ArrayList$ArrayListSpliterator.tryAdvance(ArrayList.java:1685)[m
[[1;31mERROR[m] [1;31m	at java.base/java.util.stream.ReferencePipeline.forEachWithCancel(ReferencePipeline.java:129)[m
[[1;31mERROR[m] [1;31m	at java.base/java.util.stream.AbstractPipeline.copyIntoWithCancel(AbstractPipeline.java:527)[m
[[1;31mERROR[m] [1;31m	at java.base/java.util.stream.AbstractPipeline.copyInto(AbstractPipeline.java:513)[m
[[1;31mERROR[m] [1;31m	at java.base/java.util.stream.AbstractPipeline.wrapAndCopyInto(AbstractPipeline.java:499)[m
[[1;31mERROR[m] [1;31m	at java.base/java.util.stream.FindOps$FindOp.evaluateSequential(FindOps.java:150)[m
[[1;31mERROR[m] [1;31m	at java.base/java.util.stream.AbstractPipeline.evaluate(AbstractPipeline.java:234)[m
[[1;31mERROR[m] [1;31m	at java.base/java.util.stream.ReferencePipeline.findFirst(ReferencePipeline.java:647)[m
[[1;31mERROR[m] [1;31m	at org.junit.platform.engine.support.discovery.EngineDiscoveryRequestResolution.resolve(EngineDiscoveryRequestResolution.java:189)[m
[[1;31mERROR[m] [1;31m	at org.junit.platform.engine.support.discovery.EngineDiscoveryRequestResolution.resolve(EngineDiscoveryRequestResolution.java:126)[m
[[1;31mERROR[m] [1;31m	at org.junit.platform.engine.support.discovery.EngineDiscoveryRequestResolution.resolveCompletely(EngineDiscoveryRequestResolution.java:92)[m
[[1;31mERROR[m] [1;31m	at org.junit.platform.engine.support.discovery.EngineDiscoveryRequestResolution.run(EngineDiscoveryRequestResolution.java:83)[m
[[1;31mERROR[m] [1;31m	at org.junit.platform.engine.support.discovery.EngineDiscoveryRequestResolver.resolve(EngineDiscoveryRequestResolver.java:148)[m
[[1;31mERROR[m] [1;31m	at org.junit.jupiter.engine.discovery.DiscoverySelectorResolver.resolveSelectors(DiscoverySelectorResolver.java:63)[m
[[1;31mERROR[m] [1;31m	at org.junit.jupiter.engine.JupiterTestEngine.discover(JupiterTestEngine.java:70)[m
[[1;31mERROR[m] [1;31m	at org.junit.platform.launcher.core.EngineDiscoveryOrchestrator.discoverEngineRoot(EngineDiscoveryOrchestrator.java:195)[m
[[1;31mERROR[m] [1;31m	at org.junit.platform.launcher.core.EngineDiscoveryOrchestrator.discoverSafely(EngineDiscoveryOrchestrator.java:174)[m
[[1;31mERROR[m] [1;31m	at org.junit.platform.launcher.core.EngineDiscoveryOrchestrator.discover(EngineDiscoveryOrchestrator.java:119)[m
[[1;31mERROR[m] [1;31m	at org.junit.platform.launcher.core.EngineDiscoveryOrchestrator.discover(EngineDiscoveryOrchestrator.java:84)[m
[[1;31mERROR[m] [1;31m	at org.junit.platform.launcher.core.DefaultLauncher.discover(DefaultLauncher.java:104)[m
[[1;31mERROR[m] [1;31m	at org.junit.platform.launcher.core.DefaultLauncher.discover(DefaultLauncher.java:83)[m
[[1;31mERROR[m] [1;31m	at org.junit.platform.launcher.core.DelegatingLauncher.discover(DelegatingLauncher.java:42)[m
[[1;31mERROR[m] [1;31m	at org.junit.platform.launcher.core.InterceptingLauncher.lambda$discover$0(InterceptingLauncher.java:33)[m
[[1;31mERROR[m] [1;31m	at org.junit.platform.launcher.core.ClasspathAlignmentCheckingLauncherInterceptor.intercept(ClasspathAlignmentCheckingLauncherInterceptor.java:25)[m
[[1;31mERROR[m] [1;31m	at org.junit.platform.launcher.core.InterceptingLauncher.discover(InterceptingLauncher.java:33)[m
[[1;31mERROR[m] [1;31m	at org.junit.platform.launcher.core.DelegatingLauncher.discover(DelegatingLauncher.java:42)[m
[[1;31mERROR[m] [1;31m	at org.apache.maven.surefire.junitplatform.LazyLauncher.discover(LazyLauncher.java:50)[m
[[1;31mERROR[m] [1;31m	at org.apache.maven.surefire.junitplatform.TestPlanScannerFilter.accept(TestPlanScannerFilter.java:52)[m
[[1;31mERROR[m] [1;31m	at org.apache.maven.surefire.api.util.DefaultScanResult.applyFilter(DefaultScanResult.java:87)[m
[[1;31mERROR[m] [1;31m	at org.apache.maven.surefire.junitplatform.JUnitPlatformProvider.scanClasspath(JUnitPlatformProvider.java:144)[m
[[1;31mERROR[m] [1;31m	at org.apache.maven.surefire.junitplatform.JUnitPlatformProvider.invoke(JUnitPlatformProvider.java:124)[m
[[1;31mERROR[m] [1;31m	at org.apache.maven.surefire.booter.ForkedBooter.runSuitesInProcess(ForkedBooter.java:385)[m
[[1;31mERROR[m] [1;31m	at org.apache.maven.surefire.booter.ForkedBooter.execute(ForkedBooter.java:162)[m
[[1;31mERROR[m] [1;31m	at org.apache.maven.surefire.booter.ForkedBooter.run(ForkedBooter.java:507)[m
[[1;31mERROR[m] [1;31m	at org.apache.maven.surefire.booter.ForkedBooter.main(ForkedBooter.java:495)[m
[[1;31mERROR[m] [1;31mCaused by: java.lang.RuntimeException: io.quarkus.builder.BuildException: Build failure: Build failed due to errors[m
[[1;31mERROR[m] [1;31m	[error]: Build step io.quarkus.arc.deployment.ArcProcessor#validate threw an exception: jakarta.enterprise.inject.spi.DeploymentException: Found 6 deployment problems: [m
[[1;31mERROR[m] [1;31m[1] Unsatisfied dependency for type org.jenga.mapper.TicketMapper and qualifiers [@Default][m
[[1;31mERROR[m] [1;31m	- injection target: parameter 'ticketMapper' of org.jenga.service.TicketService constructor[m
[[1;31mERROR[m] [1;31m	- declared on CLASS bean [types=[java.lang.Object, org.jenga.service.TicketService], qualifiers=[@Any, @Default], target=org.jenga.service.TicketService][m
[[1;31mERROR[m] [1;31m[2] Unsatisfied dependency for type org.jenga.mapper.CommentMapper and qualifiers [@Default][m
[[1;31mERROR[m] [1;31m	- injection target: parameter 'commentMapper' of org.jenga.service.TicketService constructor[m
[[1;31mERROR[m] [1;31m	- declared on CLASS bean [types=[java.lang.Object, org.jenga.service.TicketService], qualifiers=[@Any, @Default], target=org.jenga.service.TicketService][m
[[1;31mERROR[m] [1;31m[3] Unsatisfied dependency for type org.jenga.mapper.AcceptanceCriteriaMapper and qualifiers [@Default][m
[[1;31mERROR[m] [1;31m	- injection target: parameter 'acceptanceCriteriaMapper' of org.jenga.service.TicketService constructor[m
[[1;31mERROR[m] [1;31m	- declared on CLASS bean [types=[java.lang.Object, org.jenga.service.TicketService], qualifiers=[@Any, @Default], target=org.jenga.service.TicketService][m
[[1;31mERROR[m] [1;31m[4] Unsatisfied dependency for type org.jenga.mapper.UserMapper and qualifiers [@Default][m
[[1;31mERROR[m] [1;31m	- injection target: parameter 'userMapper' of org.jenga.service.UserService constructor[m
[[1;31mERROR[m] [1;31m	- declared on CLASS bean [types=[java.lang.Object, org.jenga.service.UserService], qualifiers=[@Any, @Default], target=org.jenga.service.UserService][m
[[1;31mERROR[m] [1;31m[5] Unsatisfied dependency for type org.jenga.mapper.ProjectMapper and qualifiers [@Default][m
[[1;31mERROR[m] [1;31m	- injection target: parameter 'projectMapper' of org.jenga.service.ProjectService constructor[m
[[1;31mERROR[m] [1;31m	- declared on CLASS bean [types=[java.lang.Object, org.jenga.service.ProjectService], qualifiers=[@Any, @Default], target=org.jenga.service.ProjectService][m
[[1;31mERROR[m] [1;31m[6] Unsatisfied dependency for type org.jenga.mapper.LabelMapper and qualifiers [@Default][m
[[1;31mERROR[m] [1;31m	- injection target: parameter 'labelMapper' of org.jenga.service.ProjectService constructor[m
[[1;31mERROR[m] [1;31m	- declared on CLASS bean [types=[java.lang.Object, org.jenga.service.ProjectService], qualifiers=[@Any, @Default], target=org.jenga.service.ProjectService][m
[[1;31mERROR[m] [1;31m	at io.quarkus.arc.processor.BeanDeployment.processErrors(BeanDeployment.java:1602)[m
[[1;31mERROR[m] [1;31m	at io.quarkus.arc.processor.BeanDeployment.init(BeanDeployment.java:341)[m
[[1;31mERROR[m] [1;31m	at io.quarkus.arc.processor.BeanProcessor.initialize(BeanProcessor.java:178)[m
[[1;31mERROR[m] [1;31m	at io.quarkus.arc.deployment.ArcProcessor.validate(ArcProcessor.java:488)[m
[[1;31mERROR[m] [1;31m	at java.base/java.lang.invoke.MethodHandle.invokeWithArguments(MethodHandle.java:733)[m
[[1;31mERROR[m] [1;31m	at io.quarkus.deployment.ExtensionLoader$3.execute(ExtensionLoader.java:874)[m
[[1;31mERROR[m] [1;31m	at io.quarkus.builder.BuildContext.run(BuildContext.java:255)[m
[[1;31mERROR[m] [1;31m	at org.jboss.threads.ContextHandler$1.runWith(ContextHandler.java:18)[m
[[1;31mERROR[m] [1;31m	at org.jboss.threads.EnhancedQueueExecutor$Task.doRunWith(EnhancedQueueExecutor.java:2651)[m
[[1;31mERROR[m] [1;31m	at org.jboss.threads.EnhancedQueueExecutor$Task.run(EnhancedQueueExecutor.java:2630)[m
[[1;31mERROR[m] [1;31m	at org.jboss.threads.EnhancedQueueExecutor.runThreadBody(EnhancedQueueExecutor.java:1622)[m
[[1;31mERROR[m] [1;31m	at org.jboss.threads.EnhancedQueueExecutor$ThreadBody.run(EnhancedQueueExecutor.java:1589)[m
[[1;31mERROR[m] [1;31m	at java.base/java.lang.Thread.run(Thread.java:1583)[m
[[1;31mERROR[m] [1;31m	at org.jboss.threads.JBossThread.run(JBossThread.java:501)[m
[[1;31mERROR[m] [1;31m	Suppressed: jakarta.enterprise.inject.UnsatisfiedResolutionException: Unsatisfied dependency for type org.jenga.mapper.TicketMapper and qualifiers [@Default][m
[[1;31mERROR[m] [1;31m	- injection target: parameter 'ticketMapper' of org.jenga.service.TicketService constructor[m
[[1;31mERROR[m] [1;31m	- declared on CLASS bean [types=[java.lang.Object, org.jenga.service.TicketService], qualifiers=[@Any, @Default], target=org.jenga.service.TicketService][m
[[1;31mERROR[m] [1;31m		at io.quarkus.arc.processor.Beans.resolveInjectionPoint(Beans.java:547)[m
[[1;31mERROR[m] [1;31m		at io.quarkus.arc.processor.BeanInfo.init(BeanInfo.java:689)[m
[[1;31mERROR[m] [1;31m		at io.quarkus.arc.processor.BeanDeployment.init(BeanDeployment.java:326)[m
[[1;31mERROR[m] [1;31m		... 12 more[m
[[1;31mERROR[m] [1;31m	Suppressed: jakarta.enterprise.inject.UnsatisfiedResolutionException: Unsatisfied dependency for type org.jenga.mapper.CommentMapper and qualifiers [@Default][m
[[1;31mERROR[m] [1;31m	- injection target: parameter 'commentMapper' of org.jenga.service.TicketService constructor[m
[[1;31mERROR[m] [1;31m	- declared on CLASS bean [types=[java.lang.Object, org.jenga.service.TicketService], qualifiers=[@Any, @Default], target=org.jenga.service.TicketService][m
[[1;31mERROR[m] [1;31m		at io.quarkus.arc.processor.Beans.resolveInjectionPoint(Beans.java:547)[m
[[1;31mERROR[m] [1;31m		at io.quarkus.arc.processor.BeanInfo.init(BeanInfo.java:689)[m
[[1;31mERROR[m] [1;31m		at io.quarkus.arc.processor.BeanDeployment.init(BeanDeployment.java:326)[m
[[1;31mERROR[m] [1;31m		... 12 more[m
[[1;31mERROR[m] [1;31m	Suppressed: jakarta.enterprise.inject.UnsatisfiedResolutionException: Unsatisfied dependency for type org.jenga.mapper.AcceptanceCriteriaMapper and qualifiers [@Default][m
[[1;31mERROR[m] [1;31m	- injection target: parameter 'acceptanceCriteriaMapper' of org.jenga.service.TicketService constructor[m
[[1;31mERROR[m] [1;31m	- declared on CLASS bean [types=[java.lang.Object, org.jenga.service.TicketService], qualifiers=[@Any, @Default], target=org.jenga.service.TicketService][m
[[1;31mERROR[m] [1;31m		at io.quarkus.arc.processor.Beans.resolveInjectionPoint(Beans.java:547)[m
[[1;31mERROR[m] [1;31m		at io.quarkus.arc.processor.BeanInfo.init(BeanInfo.java:689)[m
[[1;31mERROR[m] [1;31m		at io.quarkus.arc.processor.BeanDeployment.init(BeanDeployment.java:326)[m
[[1;31mERROR[m] [1;31m		... 12 more[m
[[1;31mERROR[m] [1;31m	Suppressed: jakarta.enterprise.inject.UnsatisfiedResolutionException: Unsatisfied dependency for type org.jenga.mapper.UserMapper and qualifiers [@Default][m
[[1;31mERROR[m] [1;31m	- injection target: parameter 'userMapper' of org.jenga.service.UserService constructor[m
[[1;31mERROR[m] [1;31m	- declared on CLASS bean [types=[java.lang.Object, org.jenga.service.UserService], qualifiers=[@Any, @Default], target=org.jenga.service.UserService][m
[[1;31mERROR[m] [1;31m		at io.quarkus.arc.processor.Beans.resolveInjectionPoint(Beans.java:547)[m
[[1;31mERROR[m] [1;31m		at io.quarkus.arc.processor.BeanInfo.init(BeanInfo.java:689)[m
[[1;31mERROR[m] [1;31m		at io.quarkus.arc.processor.BeanDeployment.init(BeanDeployment.java:326)[m
[[1;31mERROR[m] [1;31m		... 12 more[m
[[1;31mERROR[m] [1;31m	Suppressed: jakarta.enterprise.inject.UnsatisfiedResolutionException: Unsatisfied dependency for type org.jenga.mapper.ProjectMapper and qualifiers [@Default][m
[[1;31mERROR[m] [1;31m	- injection target: parameter 'projectMapper' of org.jenga.service.ProjectService constructor[m
[[1;31mERROR[m] [1;31m	- declared on CLASS bean [types=[java.lang.Object, org.jenga.service.ProjectService], qualifiers=[@Any, @Default], target=org.jenga.service.ProjectService][m
[[1;31mERROR[m] [1;31m		at io.quarkus.arc.processor.Beans.resolveInjectionPoint(Beans.java:547)[m
[[1;31mERROR[m] [1;31m		at io.quarkus.arc.processor.BeanInfo.init(BeanInfo.java:689)[m
[[1;31mERROR[m] [1;31m		at io.quarkus.arc.processor.BeanDeployment.init(BeanDeployment.java:326)[m
[[1;31mERROR[m] [1;31m		... 12 more[m
[[1;31mERROR[m] [1;31m	Suppressed: jakarta.enterprise.inject.UnsatisfiedResolutionException: Unsatisfied dependency for type org.jenga.mapper.LabelMapper and qualifiers [@Default][m
[[1;31mERROR[m] [1;31m	- injection target: parameter 'labelMapper' of org.jenga.service.ProjectService constructor[m
[[1;31mERROR[m] [1;31m	- declared on CLASS bean [types=[java.lang.Object, org.jenga.service.ProjectService], qualifiers=[@Any, @Default], target=org.jenga.service.ProjectService][m
[[1;31mERROR[m] [1;31m		at io.quarkus.arc.processor.Beans.resolveInjectionPoint(Beans.java:547)[m
[[1;31mERROR[m] [1;31m		at io.quarkus.arc.processor.BeanInfo.init(BeanInfo.java:689)[m
[[1;31mERROR[m] [1;31m		at io.quarkus.arc.processor.BeanDeployment.init(BeanDeployment.java:326)[m
[[1;31mERROR[m] [1;31m		... 12 more[m
[[1;31mERROR[m] [1;31m[m
[[1;31mERROR[m] [1;31m	at io.quarkus.runner.bootstrap.AugmentActionImpl.runAugment(AugmentActionImpl.java:376)[m
[[1;31mERROR[m] [1;31m	at io.quarkus.runner.bootstrap.AugmentActionImpl.createInitialRuntimeApplication(AugmentActionImpl.java:293)[m
[[1;31mERROR[m] [1;31m	at io.quarkus.runner.bootstrap.AugmentActionImpl.createInitialRuntimeApplication(AugmentActionImpl.java:61)[m
[[1;31mERROR[m] [1;31m	at io.quarkus.test.junit.AppMakerHelper.getStartupAction(AppMakerHelper.java:253)[m
[[1;31mERROR[m] [1;31m	at io.quarkus.test.junit.classloading.FacadeClassLoader.getOrCreateRuntimeClassLoader(FacadeClassLoader.java:544)[m
[[1;31mERROR[m] [1;31m	at io.quarkus.test.junit.classloading.FacadeClassLoader.getQuarkusClassLoader(FacadeClassLoader.java:441)[m
[[1;31mERROR[m] [1;31m	at io.quarkus.test.junit.classloading.FacadeClassLoader.loadClass(FacadeClassLoader.java:330)[m
[[1;31mERROR[m] [1;31m	at java.base/java.lang.Class.forName0(Native Method)[m
[[1;31mERROR[m] [1;31m	at java.base/java.lang.Class.forName(Class.java:534)[m
[[1;31mERROR[m] [1;31m	at java.base/java.lang.Class.forName(Class.java:513)[m
[[1;31mERROR[m] [1;31m	at org.junit.platform.commons.util.ReflectionUtils.lambda$tryToLoadClass$10(ReflectionUtils.java:886)[m
[[1;31mERROR[m] [1;31m	at org.junit.platform.commons.function.Try.lambda$call$0(Try.java:57)[m
[[1;31mERROR[m] [1;31m	at org.junit.platform.commons.function.Try.of(Try.java:93)[m
[[1;31mERROR[m] [1;31m	at org.junit.platform.commons.function.Try.call(Try.java:57)[m
[[1;31mERROR[m] [1;31m	at org.junit.platform.commons.util.ReflectionUtils.tryToLoadClass(ReflectionUtils.java:873)[m
[[1;31mERROR[m] [1;31m	at org.junit.platform.commons.util.ReflectionUtils.tryToLoadClass(ReflectionUtils.java:810)[m
[[1;31mERROR[m] [1;31m	at org.junit.platform.commons.support.ReflectionSupport.tryToLoadClass(ReflectionSupport.java:94)[m
[[1;31mERROR[m] [1;31m	at org.junit.platform.engine.discovery.ClassSelector.getJavaClass(ClassSelector.java:95)[m
[[1;31mERROR[m] [1;31m	... 38 more[m
[[1;31mERROR[m] [1;31mCaused by: io.quarkus.builder.BuildException: Build failure: Build failed due to errors[m
[[1;31mERROR[m] [1;31m	[error]: Build step io.quarkus.arc.deployment.ArcProcessor#validate threw an exception: jakarta.enterprise.inject.spi.DeploymentException: Found 6 deployment problems: [m
[[1;31mERROR[m] [1;31m[1] Unsatisfied dependency for type org.jenga.mapper.TicketMapper and qualifiers [@Default][m
[[1;31mERROR[m] [1;31m	- injection target: parameter 'ticketMapper' of org.jenga.service.TicketService constructor[m
[[1;31mERROR[m] [1;31m	- declared on CLASS bean [types=[java.lang.Object, org.jenga.service.TicketService], qualifiers=[@Any, @Default], target=org.jenga.service.TicketService][m
[[1;31mERROR[m] [1;31m[2] Unsatisfied dependency for type org.jenga.mapper.CommentMapper and qualifiers [@Default][m
[[1;31mERROR[m] [1;31m	- injection target: parameter 'commentMapper' of org.jenga.service.TicketService constructor[m
[[1;31mERROR[m] [1;31m	- declared on CLASS bean [types=[java.lang.Object, org.jenga.service.TicketService], qualifiers=[@Any, @Default], target=org.jenga.service.TicketService][m
[[1;31mERROR[m] [1;31m[3] Unsatisfied dependency for type org.jenga.mapper.AcceptanceCriteriaMapper and qualifiers [@Default][m
[[1;31mERROR[m] [1;31m	- injection target: parameter 'acceptanceCriteriaMapper' of org.jenga.service.TicketService constructor[m
[[1;31mERROR[m] [1;31m	- declared on CLASS bean [types=[java.lang.Object, org.jenga.service.TicketService], qualifiers=[@Any, @Default], target=org.jenga.service.TicketService][m
[[1;31mERROR[m] [1;31m[4] Unsatisfied dependency for type org.jenga.mapper.UserMapper and qualifiers [@Default][m
[[1;31mERROR[m] [1;31m	- injection target: parameter 'userMapper' of org.jenga.service.UserService constructor[m
[[1;31mERROR[m] [1;31m	- declared on CLASS bean [types=[java.lang.Object, org.jenga.service.UserService], qualifiers=[@Any, @Default], target=org.jenga.service.UserService][m
[[1;31mERROR[m] [1;31m[5] Unsatisfied dependency for type org.jenga.mapper.ProjectMapper and qualifiers [@Default][m
[[1;31mERROR[m] [1;31m	- injection target: parameter 'projectMapper' of org.jenga.service.ProjectService constructor[m
[[1;31mERROR[m] [1;31m	- declared on CLASS bean [types=[java.lang.Object, org.jenga.service.ProjectService], qualifiers=[@Any, @Default], target=org.jenga.service.ProjectService][m
[[1;31mERROR[m] [1;31m[6] Unsatisfied dependency for type org.jenga.mapper.LabelMapper and qualifiers [@Default][m
[[1;31mERROR[m] [1;31m	- injection target: parameter 'labelMapper' of org.jenga.service.ProjectService constructor[m
[[1;31mERROR[m] [1;31m	- declared on CLASS bean [types=[java.lang.Object, org.jenga.service.ProjectService], qualifiers=[@Any, @Default], target=org.jenga.service.ProjectService][m
[[1;31mERROR[m] [1;31m	at io.quarkus.arc.processor.BeanDeployment.processErrors(BeanDeployment.java:1602)[m
[[1;31mERROR[m] [1;31m	at io.quarkus.arc.processor.BeanDeployment.init(BeanDeployment.java:341)[m
[[1;31mERROR[m] [1;31m	at io.quarkus.arc.processor.BeanProcessor.initialize(BeanProcessor.java:178)[m
[[1;31mERROR[m] [1;31m	at io.quarkus.arc.deployment.ArcProcessor.validate(ArcProcessor.java:488)[m
[[1;31mERROR[m] [1;31m	at java.base/java.lang.invoke.MethodHandle.invokeWithArguments(MethodHandle.java:733)[m
[[1;31mERROR[m] [1;31m	at io.quarkus.deployment.ExtensionLoader$3.execute(ExtensionLoader.java:874)[m
[[1;31mERROR[m] [1;31m	at io.quarkus.builder.BuildContext.run(BuildContext.java:255)[m
[[1;31mERROR[m] [1;31m	at org.jboss.threads.ContextHandler$1.runWith(ContextHandler.java:18)[m
[[1;31mERROR[m] [1;31m	at org.jboss.threads.EnhancedQueueExecutor$Task.doRunWith(EnhancedQueueExecutor.java:2651)[m
[[1;31mERROR[m] [1;31m	at org.jboss.threads.EnhancedQueueExecutor$Task.run(EnhancedQueueExecutor.java:2630)[m
[[1;31mERROR[m] [1;31m	at org.jboss.threads.EnhancedQueueExecutor.runThreadBody(EnhancedQueueExecutor.java:1622)[m
[[1;31mERROR[m] [1;31m	at org.jboss.threads.EnhancedQueueExecutor$ThreadBody.run(EnhancedQueueExecutor.java:1589)[m
[[1;31mERROR[m] [1;31m	at java.base/java.lang.Thread.run(Thread.java:1583)[m
[[1;31mERROR[m] [1;31m	at org.jboss.threads.JBossThread.run(JBossThread.java:501)[m
[[1;31mERROR[m] [1;31m	Suppressed: jakarta.enterprise.inject.UnsatisfiedResolutionException: Unsatisfied dependency for type org.jenga.mapper.TicketMapper and qualifiers [@Default][m
[[1;31mERROR[m] [1;31m	- injection target: parameter 'ticketMapper' of org.jenga.service.TicketService constructor[m
[[1;31mERROR[m] [1;31m	- declared on CLASS bean [types=[java.lang.Object, org.jenga.service.TicketService], qualifiers=[@Any, @Default], target=org.jenga.service.TicketService][m
[[1;31mERROR[m] [1;31m		at io.quarkus.arc.processor.Beans.resolveInjectionPoint(Beans.java:547)[m
[[1;31mERROR[m] [1;31m		at io.quarkus.arc.processor.BeanInfo.init(BeanInfo.java:689)[m
[[1;31mERROR[m] [1;31m		at io.quarkus.arc.processor.BeanDeployment.init(BeanDeployment.java:326)[m
[[1;31mERROR[m] [1;31m		... 12 more[m
[[1;31mERROR[m] [1;31m	Suppressed: jakarta.enterprise.inject.UnsatisfiedResolutionException: Unsatisfied dependency for type org.jenga.mapper.CommentMapper and qualifiers [@Default][m
[[1;31mERROR[m] [1;31m	- injection target: parameter 'commentMapper' of org.jenga.service.TicketService constructor[m
[[1;31mERROR[m] [1;31m	- declared on CLASS bean [types=[java.lang.Object, org.jenga.service.TicketService], qualifiers=[@Any, @Default], target=org.jenga.service.TicketService][m
[[1;31mERROR[m] [1;31m		at io.quarkus.arc.processor.Beans.resolveInjectionPoint(Beans.java:547)[m
[[1;31mERROR[m] [1;31m		at io.quarkus.arc.processor.BeanInfo.init(BeanInfo.java:689)[m
[[1;31mERROR[m] [1;31m		at io.quarkus.arc.processor.BeanDeployment.init(BeanDeployment.java:326)[m
[[1;31mERROR[m] [1;31m		... 12 more[m
[[1;31mERROR[m] [1;31m	Suppressed: jakarta.enterprise.inject.UnsatisfiedResolutionException: Unsatisfied dependency for type org.jenga.mapper.AcceptanceCriteriaMapper and qualifiers [@Default][m
[[1;31mERROR[m] [1;31m	- injection target: parameter 'acceptanceCriteriaMapper' of org.jenga.service.TicketService constructor[m
[[1;31mERROR[m] [1;31m	- declared on CLASS bean [types=[java.lang.Object, org.jenga.service.TicketService], qualifiers=[@Any, @Default], target=org.jenga.service.TicketService][m
[[1;31mERROR[m] [1;31m		at io.quarkus.arc.processor.Beans.resolveInjectionPoint(Beans.java:547)[m
[[1;31mERROR[m] [1;31m		at io.quarkus.arc.processor.BeanInfo.init(BeanInfo.java:689)[m
[[1;31mERROR[m] [1;31m		at io.quarkus.arc.processor.BeanDeployment.init(BeanDeployment.java:326)[m
[[1;31mERROR[m] [1;31m		... 12 more[m
[[1;31mERROR[m] [1;31m	Suppressed: jakarta.enterprise.inject.UnsatisfiedResolutionException: Unsatisfied dependency for type org.jenga.mapper.UserMapper and qualifiers [@Default][m
[[1;31mERROR[m] [1;31m	- injection target: parameter 'userMapper' of org.jenga.service.UserService constructor[m
[[1;31mERROR[m] [1;31m	- declared on CLASS bean [types=[java.lang.Object, org.jenga.service.UserService], qualifiers=[@Any, @Default], target=org.jenga.service.UserService][m
[[1;31mERROR[m] [1;31m		at io.quarkus.arc.processor.Beans.resolveInjectionPoint(Beans.java:547)[m
[[1;31mERROR[m] [1;31m		at io.quarkus.arc.processor.BeanInfo.init(BeanInfo.java:689)[m
[[1;31mERROR[m] [1;31m		at io.quarkus.arc.processor.BeanDeployment.init(BeanDeployment.java:326)[m
[[1;31mERROR[m] [1;31m		... 12 more[m
[[1;31mERROR[m] [1;31m	Suppressed: jakarta.enterprise.inject.UnsatisfiedResolutionException: Unsatisfied dependency for type org.jenga.mapper.ProjectMapper and qualifiers [@Default][m
[[1;31mERROR[m] [1;31m	- injection target: parameter 'projectMapper' of org.jenga.service.ProjectService constructor[m
[[1;31mERROR[m] [1;31m	- declared on CLASS bean [types=[java.lang.Object, org.jenga.service.ProjectService], qualifiers=[@Any, @Default], target=org.jenga.service.ProjectService][m
[[1;31mERROR[m] [1;31m		at io.quarkus.arc.processor.Beans.resolveInjectionPoint(Beans.java:547)[m
[[1;31mERROR[m] [1;31m		at io.quarkus.arc.processor.BeanInfo.init(BeanInfo.java:689)[m
[[1;31mERROR[m] [1;31m		at io.quarkus.arc.processor.BeanDeployment.init(BeanDeployment.java:326)[m
[[1;31mERROR[m] [1;31m		... 12 more[m
[[1;31mERROR[m] [1;31m	Suppressed: jakarta.enterprise.inject.UnsatisfiedResolutionException: Unsatisfied dependency for type org.jenga.mapper.LabelMapper and qualifiers [@Default][m
[[1;31mERROR[m] [1;31m	- injection target: parameter 'labelMapper' of org.jenga.service.ProjectService constructor[m
[[1;31mERROR[m] [1;31m	- declared on CLASS bean [types=[java.lang.Object, org.jenga.service.ProjectService], qualifiers=[@Any, @Default], target=org.jenga.service.ProjectService][m
[[1;31mERROR[m] [1;31m		at io.quarkus.arc.processor.Beans.resolveInjectionPoint(Beans.java:547)[m
[[1;31mERROR[m] [1;31m		at io.quarkus.arc.processor.BeanInfo.init(BeanInfo.java:689)[m
[[1;31mERROR[m] [1;31m		at io.quarkus.arc.processor.BeanDeployment.init(BeanDeployment.java:326)[m
[[1;31mERROR[m] [1;31m		... 12 more[m
[[1;31mERROR[m] [1;31m[m
[[1;31mERROR[m] [1;31m	at io.quarkus.builder.Execution.run(Execution.java:122)[m
[[1;31mERROR[m] [1;31m	at io.quarkus.builder.BuildExecutionBuilder.execute(BuildExecutionBuilder.java:78)[m
[[1;31mERROR[m] [1;31m	at io.quarkus.deployment.QuarkusAugmentor.run(QuarkusAugmentor.java:160)[m
[[1;31mERROR[m] [1;31m	at io.quarkus.runner.bootstrap.AugmentActionImpl.runAugment(AugmentActionImpl.java:372)[m
[[1;31mERROR[m] [1;31m	... 55 more[m
[[1;31mERROR[m] [1;31mCaused by: jakarta.enterprise.inject.spi.DeploymentException: Found 6 deployment problems: [m
[[1;31mERROR[m] [1;31m[1] Unsatisfied dependency for type org.jenga.mapper.TicketMapper and qualifiers [@Default][m
[[1;31mERROR[m] [1;31m	- injection target: parameter 'ticketMapper' of org.jenga.service.TicketService constructor[m
[[1;31mERROR[m] [1;31m	- declared on CLASS bean [types=[java.lang.Object, org.jenga.service.TicketService], qualifiers=[@Any, @Default], target=org.jenga.service.TicketService][m
[[1;31mERROR[m] [1;31m[2] Unsatisfied dependency for type org.jenga.mapper.CommentMapper and qualifiers [@Default][m
[[1;31mERROR[m] [1;31m	- injection target: parameter 'commentMapper' of org.jenga.service.TicketService constructor[m
[[1;31mERROR[m] [1;31m	- declared on CLASS bean [types=[java.lang.Object, org.jenga.service.TicketService], qualifiers=[@Any, @Default], target=org.jenga.service.TicketService][m
[[1;31mERROR[m] [1;31m[3] Unsatisfied dependency for type org.jenga.mapper.AcceptanceCriteriaMapper and qualifiers [@Default][m
[[1;31mERROR[m] [1;31m	- injection target: parameter 'acceptanceCriteriaMapper' of org.jenga.service.TicketService constructor[m
[[1;31mERROR[m] [1;31m	- declared on CLASS bean [types=[java.lang.Object, org.jenga.service.TicketService], qualifiers=[@Any, @Default], target=org.jenga.service.TicketService][m
[[1;31mERROR[m] [1;31m[4] Unsatisfied dependency for type org.jenga.mapper.UserMapper and qualifiers [@Default][m
[[1;31mERROR[m] [1;31m	- injection target: parameter 'userMapper' of org.jenga.service.UserService constructor[m
[[1;31mERROR[m] [1;31m	- declared on CLASS bean [types=[java.lang.Object, org.jenga.service.UserService], qualifiers=[@Any, @Default], target=org.jenga.service.UserService][m
[[1;31mERROR[m] [1;31m[5] Unsatisfied dependency for type org.jenga.mapper.ProjectMapper and qualifiers [@Default][m
[[1;31mERROR[m] [1;31m	- injection target: parameter 'projectMapper' of org.jenga.service.ProjectService constructor[m
[[1;31mERROR[m] [1;31m	- declared on CLASS bean [types=[java.lang.Object, org.jenga.service.ProjectService], qualifiers=[@Any, @Default], target=org.jenga.service.ProjectService][m
[[1;31mERROR[m] [1;31m[6] Unsatisfied dependency for type org.jenga.mapper.LabelMapper and qualifiers [@Default][m
[[1;31mERROR[m] [1;31m	- injection target: parameter 'labelMapper' of org.jenga.service.ProjectService constructor[m
[[1;31mERROR[m] [1;31m	- declared on CLASS bean [types=[java.lang.Object, org.jenga.service.ProjectService], qualifiers=[@Any, @Default], target=org.jenga.service.ProjectService][m
[[1;31mERROR[m] [1;31m	at io.quarkus.arc.processor.BeanDeployment.processErrors(BeanDeployment.java:1602)[m
[[1;31mERROR[m] [1;31m	at io.quarkus.arc.processor.BeanDeployment.init(BeanDeployment.java:341)[m
[[1;31mERROR[m] [1;31m	at io.quarkus.arc.processor.BeanProcessor.initialize(BeanProcessor.java:178)[m
[[1;31mERROR[m] [1;31m	at io.quarkus.arc.deployment.ArcProcessor.validate(ArcProcessor.java:488)[m
[[1;31mERROR[m] [1;31m	at java.base/java.lang.invoke.MethodHandle.invokeWithArguments(MethodHandle.java:733)[m
[[1;31mERROR[m] [1;31m	at io.quarkus.deployment.ExtensionLoader$3.execute(ExtensionLoader.java:874)[m
[[1;31mERROR[m] [1;31m	at io.quarkus.builder.BuildContext.run(BuildContext.java:255)[m
[[1;31mERROR[m] [1;31m	at org.jboss.threads.ContextHandler$1.runWith(ContextHandler.java:18)[m
[[1;31mERROR[m] [1;31m	at org.jboss.threads.EnhancedQueueExecutor$Task.doRunWith(EnhancedQueueExecutor.java:2651)[m
[[1;31mERROR[m] [1;31m	at org.jboss.threads.EnhancedQueueExecutor$Task.run(EnhancedQueueExecutor.java:2630)[m
[[1;31mERROR[m] [1;31m	at org.jboss.threads.EnhancedQueueExecutor.runThreadBody(EnhancedQueueExecutor.java:1622)[m
[[1;31mERROR[m] [1;31m	at org.jboss.threads.EnhancedQueueExecutor$ThreadBody.run(EnhancedQueueExecutor.java:1589)[m
[[1;31mERROR[m] [1;31m	at java.base/java.lang.Thread.run(Thread.java:1583)[m
[[1;31mERROR[m] [1;31m	at org.jboss.threads.JBossThread.run(JBossThread.java:501)[m
[[1;31mERROR[m] [1;31m	Suppressed: jakarta.enterprise.inject.UnsatisfiedResolutionException: Unsatisfied dependency for type org.jenga.mapper.TicketMapper and qualifiers [@Default][m
[[1;31mERROR[m] [1;31m	- injection target: parameter 'ticketMapper' of org.jenga.service.TicketService constructor[m
[[1;31mERROR[m] [1;31m	- declared on CLASS bean [types=[java.lang.Object, org.jenga.service.TicketService], qualifiers=[@Any, @Default], target=org.jenga.service.TicketService][m
[[1;31mERROR[m] [1;31m		at io.quarkus.arc.processor.Beans.resolveInjectionPoint(Beans.java:547)[m
[[1;31mERROR[m] [1;31m		at io.quarkus.arc.processor.BeanInfo.init(BeanInfo.java:689)[m
[[1;31mERROR[m] [1;31m		at io.quarkus.arc.processor.BeanDeployment.init(BeanDeployment.java:326)[m
[[1;31mERROR[m] [1;31m		... 12 more[m
[[1;31mERROR[m] [1;31m	Suppressed: jakarta.enterprise.inject.UnsatisfiedResolutionException: Unsatisfied dependency for type org.jenga.mapper.CommentMapper and qualifiers [@Default][m
[[1;31mERROR[m] [1;31m	- injection target: parameter 'commentMapper' of org.jenga.service.TicketService constructor[m
[[1;31mERROR[m] [1;31m	- declared on CLASS bean [types=[java.lang.Object, org.jenga.service.TicketService], qualifiers=[@Any, @Default], target=org.jenga.service.TicketService][m
[[1;31mERROR[m] [1;31m		at io.quarkus.arc.processor.Beans.resolveInjectionPoint(Beans.java:547)[m
[[1;31mERROR[m] [1;31m		at io.quarkus.arc.processor.BeanInfo.init(BeanInfo.java:689)[m
[[1;31mERROR[m] [1;31m		at io.quarkus.arc.processor.BeanDeployment.init(BeanDeployment.java:326)[m
[[1;31mERROR[m] [1;31m		... 12 more[m
[[1;31mERROR[m] [1;31m	Suppressed: jakarta.enterprise.inject.UnsatisfiedResolutionException: Unsatisfied dependency for type org.jenga.mapper.AcceptanceCriteriaMapper and qualifiers [@Default][m
[[1;31mERROR[m] [1;31m	- injection target: parameter 'acceptanceCriteriaMapper' of org.jenga.service.TicketService constructor[m
[[1;31mERROR[m] [1;31m	- declared on CLASS bean [types=[java.lang.Object, org.jenga.service.TicketService], qualifiers=[@Any, @Default], target=org.jenga.service.TicketService][m
[[1;31mERROR[m] [1;31m		at io.quarkus.arc.processor.Beans.resolveInjectionPoint(Beans.java:547)[m
[[1;31mERROR[m] [1;31m		at io.quarkus.arc.processor.BeanInfo.init(BeanInfo.java:689)[m
[[1;31mERROR[m] [1;31m		at io.quarkus.arc.processor.BeanDeployment.init(BeanDeployment.java:326)[m
[[1;31mERROR[m] [1;31m		... 12 more[m
[[1;31mERROR[m] [1;31m	Suppressed: jakarta.enterprise.inject.UnsatisfiedResolutionException: Unsatisfied dependency for type org.jenga.mapper.UserMapper and qualifiers [@Default][m
[[1;31mERROR[m] [1;31m	- injection target: parameter 'userMapper' of org.jenga.service.UserService constructor[m
[[1;31mERROR[m] [1;31m	- declared on CLASS bean [types=[java.lang.Object, org.jenga.service.UserService], qualifiers=[@Any, @Default], target=org.jenga.service.UserService][m
[[1;31mERROR[m] [1;31m		at io.quarkus.arc.processor.Beans.resolveInjectionPoint(Beans.java:547)[m
[[1;31mERROR[m] [1;31m		at io.quarkus.arc.processor.BeanInfo.init(BeanInfo.java:689)[m
[[1;31mERROR[m] [1;31m		at io.quarkus.arc.processor.BeanDeployment.init(BeanDeployment.java:326)[m
[[1;31mERROR[m] [1;31m		... 12 more[m
[[1;31mERROR[m] [1;31m	Suppressed: jakarta.enterprise.inject.UnsatisfiedResolutionException: Unsatisfied dependency for type org.jenga.mapper.ProjectMapper and qualifiers [@Default][m
[[1;31mERROR[m] [1;31m	- injection target: parameter 'projectMapper' of org.jenga.service.ProjectService constructor[m
[[1;31mERROR[m] [1;31m	- declared on CLASS bean [types=[java.lang.Object, org.jenga.service.ProjectService], qualifiers=[@Any, @Default], target=org.jenga.service.ProjectService][m
[[1;31mERROR[m] [1;31m		at io.quarkus.arc.processor.Beans.resolveInjectionPoint(Beans.java:547)[m
[[1;31mERROR[m] [1;31m		at io.quarkus.arc.processor.BeanInfo.init(BeanInfo.java:689)[m
[[1;31mERROR[m] [1;31m		at io.quarkus.arc.processor.BeanDeployment.init(BeanDeployment.java:326)[m
[[1;31mERROR[m] [1;31m		... 12 more[m
[[1;31mERROR[m] [1;31m	Suppressed: jakarta.enterprise.inject.UnsatisfiedResolutionException: Unsatisfied dependency for type org.jenga.mapper.LabelMapper and qualifiers [@Default][m
[[1;31mERROR[m] [1;31m	- injection target: parameter 'labelMapper' of org.jenga.service.ProjectService constructor[m
[[1;31mERROR[m] [1;31m	- declared on CLASS bean [types=[java.lang.Object, org.jenga.service.ProjectService], qualifiers=[@Any, @Default], target=org.jenga.service.ProjectService][m
[[1;31mERROR[m] [1;31m		at io.quarkus.arc.processor.Beans.resolveInjectionPoint(Beans.java:547)[m
[[1;31mERROR[m] [1;31m		at io.quarkus.arc.processor.BeanInfo.init(BeanInfo.java:689)[m
[[1;31mERROR[m] [1;31m		at io.quarkus.arc.processor.BeanDeployment.init(BeanDeployment.java:326)[m
[[1;31mERROR[m] [1;31m		... 12 more[m
[[1;31mERROR[m] [1;31m[m
[[1;31mERROR[m] [1;31morg.junit.platform.launcher.core.DiscoveryIssueException: TestEngine with ID 'junit-jupiter' encountered a critical issue during test discovery:[m
[[1;31mERROR[m] [1;31m[m
[[1;31mERROR[m] [1;31m(1) [ERROR] ClassSelector [className = 'org.jenga.service.ImportServiceTest', classLoader = null] resolution failed[m
[[1;31mERROR[m] [1;31m    Source: ClassSource [className = 'org.jenga.service.ImportServiceTest', filePosition = null][m
[[1;31mERROR[m] [1;31m            at org.jenga.service.ImportServiceTest.<no-method>(SourceFile:0)[m
[[1;31mERROR[m] [1;31m    Cause: org.junit.platform.commons.PreconditionViolationException: Could not load class with name: org.jenga.service.ImportServiceTest[m
[[1;31mERROR[m] [1;31m	at org.junit.platform.engine.discovery.ClassSelector.lambda$getJavaClass$0(ClassSelector.java:98)[m
[[1;31mERROR[m] [1;31m	at org.junit.platform.commons.function.Try$Failure.getOrThrow(Try.java:335)[m
[[1;31mERROR[m] [1;31m	at org.junit.platform.engine.discovery.ClassSelector.getJavaClass(ClassSelector.java:97)[m
[[1;31mERROR[m] [1;31m	at org.junit.jupiter.engine.discovery.ClassSelectorResolver.resolve(ClassSelectorResolver.java:87)[m
[[1;31mERROR[m] [1;31m	at org.junit.platform.engine.support.discovery.EngineDiscoveryRequestResolution.lambda$resolve$2(EngineDiscoveryRequestResolution.java:135)[m
[[1;31mERROR[m] [1;31m	at java.base/java.util.stream.ReferencePipeline$3$1.accept(ReferencePipeline.java:197)[m
[[1;31mERROR[m] [1;31m	at java.base/java.util.ArrayList$ArrayListSpliterator.tryAdvance(ArrayList.java:1685)[m
[[1;31mERROR[m] [1;31m	at java.base/java.util.stream.ReferencePipeline.forEachWithCancel(ReferencePipeline.java:129)[m
[[1;31mERROR[m] [1;31m	at java.base/java.util.stream.AbstractPipeline.copyIntoWithCancel(AbstractPipeline.java:527)[m
[[1;31mERROR[m] [1;31m	at java.base/java.util.stream.AbstractPipeline.copyInto(AbstractPipeline.java:513)[m
[[1;31mERROR[m] [1;31m	at java.base/java.util.stream.AbstractPipeline.wrapAndCopyInto(AbstractPipeline.java:499)[m
[[1;31mERROR[m] [1;31m	at java.base/java.util.stream.FindOps$FindOp.evaluateSequential(FindOps.java:150)[m
[[1;31mERROR[m] [1;31m	at java.base/java.util.stream.AbstractPipeline.evaluate(AbstractPipeline.java:234)[m
[[1;31mERROR[m] [1;31m	at java.base/java.util.stream.ReferencePipeline.findFirst(ReferencePipeline.java:647)[m
[[1;31mERROR[m] [1;31m	at org.junit.platform.engine.support.discovery.EngineDiscoveryRequestResolution.resolve(EngineDiscoveryRequestResolution.java:189)[m
[[1;31mERROR[m] [1;31m	at org.junit.platform.engine.support.discovery.EngineDiscoveryRequestResolution.resolve(EngineDiscoveryRequestResolution.java:126)[m
[[1;31mERROR[m] [1;31m	at org.junit.platform.engine.support.discovery.EngineDiscoveryRequestResolution.resolveCompletely(EngineDiscoveryRequestResolution.java:92)[m
[[1;31mERROR[m] [1;31m	at org.junit.platform.engine.support.discovery.EngineDiscoveryRequestResolution.run(EngineDiscoveryRequestResolution.java:83)[m
[[1;31mERROR[m] [1;31m	at org.junit.platform.engine.support.discovery.EngineDiscoveryRequestResolver.resolve(EngineDiscoveryRequestResolver.java:148)[m
[[1;31mERROR[m] [1;31m	at org.junit.jupiter.engine.discovery.DiscoverySelectorResolver.resolveSelectors(DiscoverySelectorResolver.java:63)[m
[[1;31mERROR[m] [1;31m	at org.junit.jupiter.engine.JupiterTestEngine.discover(JupiterTestEngine.java:70)[m
[[1;31mERROR[m] [1;31m	at org.junit.platform.launcher.core.EngineDiscoveryOrchestrator.discoverEngineRoot(EngineDiscoveryOrchestrator.java:195)[m
[[1;31mERROR[m] [1;31m	at org.junit.platform.launcher.core.EngineDiscoveryOrchestrator.discoverSafely(EngineDiscoveryOrchestrator.java:174)[m
[[1;31mERROR[m] [1;31m	at org.junit.platform.launcher.core.EngineDiscoveryOrchestrator.discover(EngineDiscoveryOrchestrator.java:119)[m
[[1;31mERROR[m] [1;31m	at org.junit.platform.launcher.core.EngineDiscoveryOrchestrator.discover(EngineDiscoveryOrchestrator.java:84)[m
[[1;31mERROR[m] [1;31m	at org.junit.platform.launcher.core.DefaultLauncher.discover(DefaultLauncher.java:104)[m
[[1;31mERROR[m] [1;31m	at org.junit.platform.launcher.core.DefaultLauncher.discover(DefaultLauncher.java:83)[m
[[1;31mERROR[m] [1;31m	at org.junit.platform.launcher.core.DelegatingLauncher.discover(DelegatingLauncher.java:42)[m
[[1;31mERROR[m] [1;31m	at org.junit.platform.launcher.core.InterceptingLauncher.lambda$discover$0(InterceptingLauncher.java:33)[m
[[1;31mERROR[m] [1;31m	at org.junit.platform.launcher.core.ClasspathAlignmentCheckingLauncherInterceptor.intercept(ClasspathAlignmentCheckingLauncherInterceptor.java:25)[m
[[1;31mERROR[m] [1;31m	at org.junit.platform.launcher.core.InterceptingLauncher.discover(InterceptingLauncher.java:33)[m
[[1;31mERROR[m] [1;31m	at org.junit.platform.launcher.core.DelegatingLauncher.discover(DelegatingLauncher.java:42)[m
[[1;31mERROR[m] [1;31m	at org.apache.maven.surefire.junitplatform.LazyLauncher.discover(LazyLauncher.java:50)[m
[[1;31mERROR[m] [1;31m	at org.apache.maven.surefire.junitplatform.TestPlanScannerFilter.accept(TestPlanScannerFilter.java:52)[m
[[1;31mERROR[m] [1;31m	at org.apache.maven.surefire.api.util.DefaultScanResult.applyFilter(DefaultScanResult.java:87)[m
[[1;31mERROR[m] [1;31m	at org.apache.maven.surefire.junitplatform.JUnitPlatformProvider.scanClasspath(JUnitPlatformProvider.java:144)[m
[[1;31mERROR[m] [1;31m	at org.apache.maven.surefire.junitplatform.JUnitPlatformProvider.invoke(JUnitPlatformProvider.java:124)[m
[[1;31mERROR[m] [1;31m	at org.apache.maven.surefire.booter.ForkedBooter.runSuitesInProcess(ForkedBooter.java:385)[m
[[1;31mERROR[m] [1;31m	at org.apache.maven.surefire.booter.ForkedBooter.execute(ForkedBooter.java:162)[m
[[1;31mERROR[m] [1;31m	at org.apache.maven.surefire.booter.ForkedBooter.run(ForkedBooter.java:507)[m
[[1;31mERROR[m] [1;31m	at org.apache.maven.surefire.booter.ForkedBooter.main(ForkedBooter.java:495)[m
[[1;31mERROR[m] [1;31mCaused by: java.lang.RuntimeException: io.quarkus.builder.BuildException: Build failure: Build failed due to errors[m
[[1;31mERROR[m] [1;31m	[error]: Build step io.quarkus.arc.deployment.ArcProcessor#validate threw an exception: jakarta.enterprise.inject.spi.DeploymentException: Found 6 deployment problems: [m
[[1;31mERROR[m] [1;31m[1] Unsatisfied dependency for type org.jenga.mapper.TicketMapper and qualifiers [@Default][m
[[1;31mERROR[m] [1;31m	- injection target: parameter 'ticketMapper' of org.jenga.service.TicketService constructor[m
[[1;31mERROR[m] [1;31m	- declared on CLASS bean [types=[java.lang.Object, org.jenga.service.TicketService], qualifiers=[@Any, @Default], target=org.jenga.service.TicketService][m
[[1;31mERROR[m] [1;31m[2] Unsatisfied dependency for type org.jenga.mapper.CommentMapper and qualifiers [@Default][m
[[1;31mERROR[m] [1;31m	- injection target: parameter 'commentMapper' of org.jenga.service.TicketService constructor[m
[[1;31mERROR[m] [1;31m	- declared on CLASS bean [types=[java.lang.Object, org.jenga.service.TicketService], qualifiers=[@Any, @Default], target=org.jenga.service.TicketService][m
[[1;31mERROR[m] [1;31m[3] Unsatisfied dependency for type org.jenga.mapper.AcceptanceCriteriaMapper and qualifiers [@Default][m
[[1;31mERROR[m] [1;31m	- injection target: parameter 'acceptanceCriteriaMapper' of org.jenga.service.TicketService constructor[m
[[1;31mERROR[m] [1;31m	- declared on CLASS bean [types=[java.lang.Object, org.jenga.service.TicketService], qualifiers=[@Any, @Default], target=org.jenga.service.TicketService][m
[[1;31mERROR[m] [1;31m[4] Unsatisfied dependency for type org.jenga.mapper.UserMapper and qualifiers [@Default][m
[[1;31mERROR[m] [1;31m	- injection target: parameter 'userMapper' of org.jenga.service.UserService constructor[m
[[1;31mERROR[m] [1;31m	- declared on CLASS bean [types=[java.lang.Object, org.jenga.service.UserService], qualifiers=[@Any, @Default], target=org.jenga.service.UserService][m
[[1;31mERROR[m] [1;31m[5] Unsatisfied dependency for type org.jenga.mapper.ProjectMapper and qualifiers [@Default][m
[[1;31mERROR[m] [1;31m	- injection target: parameter 'projectMapper' of org.jenga.service.ProjectService constructor[m
[[1;31mERROR[m] [1;31m	- declared on CLASS bean [types=[java.lang.Object, org.jenga.service.ProjectService], qualifiers=[@Any, @Default], target=org.jenga.service.ProjectService][m
[[1;31mERROR[m] [1;31m[6] Unsatisfied dependency for type org.jenga.mapper.LabelMapper and qualifiers [@Default][m
[[1;31mERROR[m] [1;31m	- injection target: parameter 'labelMapper' of org.jenga.service.ProjectService constructor[m
[[1;31mERROR[m] [1;31m	- declared on CLASS bean [types=[java.lang.Object, org.jenga.service.ProjectService], qualifiers=[@Any, @Default], target=org.jenga.service.ProjectService][m
[[1;31mERROR[m] [1;31m	at io.quarkus.arc.processor.BeanDeployment.processErrors(BeanDeployment.java:1602)[m
[[1;31mERROR[m] [1;31m	at io.quarkus.arc.processor.BeanDeployment.init(BeanDeployment.java:341)[m
[[1;31mERROR[m] [1;31m	at io.quarkus.arc.processor.BeanProcessor.initialize(BeanProcessor.java:178)[m
[[1;31mERROR[m] [1;31m	at io.quarkus.arc.deployment.ArcProcessor.validate(ArcProcessor.java:488)[m
[[1;31mERROR[m] [1;31m	at java.base/java.lang.invoke.MethodHandle.invokeWithArguments(MethodHandle.java:733)[m
[[1;31mERROR[m] [1;31m	at io.quarkus.deployment.ExtensionLoader$3.execute(ExtensionLoader.java:874)[m
[[1;31mERROR[m] [1;31m	at io.quarkus.builder.BuildContext.run(BuildContext.java:255)[m
[[1;31mERROR[m] [1;31m	at org.jboss.threads.ContextHandler$1.runWith(ContextHandler.java:18)[m
[[1;31mERROR[m] [1;31m	at org.jboss.threads.EnhancedQueueExecutor$Task.doRunWith(EnhancedQueueExecutor.java:2651)[m
[[1;31mERROR[m] [1;31m	at org.jboss.threads.EnhancedQueueExecutor$Task.run(EnhancedQueueExecutor.java:2630)[m
[[1;31mERROR[m] [1;31m	at org.jboss.threads.EnhancedQueueExecutor.runThreadBody(EnhancedQueueExecutor.java:1622)[m
[[1;31mERROR[m] [1;31m	at org.jboss.threads.EnhancedQueueExecutor$ThreadBody.run(EnhancedQueueExecutor.java:1589)[m
[[1;31mERROR[m] [1;31m	at java.base/java.lang.Thread.run(Thread.java:1583)[m
[[1;31mERROR[m] [1;31m	at org.jboss.threads.JBossThread.run(JBossThread.java:501)[m
[[1;31mERROR[m] [1;31m	Suppressed: jakarta.enterprise.inject.UnsatisfiedResolutionException: Unsatisfied dependency for type org.jenga.mapper.TicketMapper and qualifiers [@Default][m
[[1;31mERROR[m] [1;31m	- injection target: parameter 'ticketMapper' of org.jenga.service.TicketService constructor[m
[[1;31mERROR[m] [1;31m	- declared on CLASS bean [types=[java.lang.Object, org.jenga.service.TicketService], qualifiers=[@Any, @Default], target=org.jenga.service.TicketService][m
[[1;31mERROR[m] [1;31m		at io.quarkus.arc.processor.Beans.resolveInjectionPoint(Beans.java:547)[m
[[1;31mERROR[m] [1;31m		at io.quarkus.arc.processor.BeanInfo.init(BeanInfo.java:689)[m
[[1;31mERROR[m] [1;31m		at io.quarkus.arc.processor.BeanDeployment.init(BeanDeployment.java:326)[m
[[1;31mERROR[m] [1;31m		... 12 more[m
[[1;31mERROR[m] [1;31m	Suppressed: jakarta.enterprise.inject.UnsatisfiedResolutionException: Unsatisfied dependency for type org.jenga.mapper.CommentMapper and qualifiers [@Default][m
[[1;31mERROR[m] [1;31m	- injection target: parameter 'commentMapper' of org.jenga.service.TicketService constructor[m
[[1;31mERROR[m] [1;31m	- declared on CLASS bean [types=[java.lang.Object, org.jenga.service.TicketService], qualifiers=[@Any, @Default], target=org.jenga.service.TicketService][m
[[1;31mERROR[m] [1;31m		at io.quarkus.arc.processor.Beans.resolveInjectionPoint(Beans.java:547)[m
[[1;31mERROR[m] [1;31m		at io.quarkus.arc.processor.BeanInfo.init(BeanInfo.java:689)[m
[[1;31mERROR[m] [1;31m		at io.quarkus.arc.processor.BeanDeployment.init(BeanDeployment.java:326)[m
[[1;31mERROR[m] [1;31m		... 12 more[m
[[1;31mERROR[m] [1;31m	Suppressed: jakarta.enterprise.inject.UnsatisfiedResolutionException: Unsatisfied dependency for type org.jenga.mapper.AcceptanceCriteriaMapper and qualifiers [@Default][m
[[1;31mERROR[m] [1;31m	- injection target: parameter 'acceptanceCriteriaMapper' of org.jenga.service.TicketService constructor[m
[[1;31mERROR[m] [1;31m	- declared on CLASS bean [types=[java.lang.Object, org.jenga.service.TicketService], qualifiers=[@Any, @Default], target=org.jenga.service.TicketService][m
[[1;31mERROR[m] [1;31m		at io.quarkus.arc.processor.Beans.resolveInjectionPoint(Beans.java:547)[m
[[1;31mERROR[m] [1;31m		at io.quarkus.arc.processor.BeanInfo.init(BeanInfo.java:689)[m
[[1;31mERROR[m] [1;31m		at io.quarkus.arc.processor.BeanDeployment.init(BeanDeployment.java:326)[m
[[1;31mERROR[m] [1;31m		... 12 more[m
[[1;31mERROR[m] [1;31m	Suppressed: jakarta.enterprise.inject.UnsatisfiedResolutionException: Unsatisfied dependency for type org.jenga.mapper.UserMapper and qualifiers [@Default][m
[[1;31mERROR[m] [1;31m	- injection target: parameter 'userMapper' of org.jenga.service.UserService constructor[m
[[1;31mERROR[m] [1;31m	- declared on CLASS bean [types=[java.lang.Object, org.jenga.service.UserService], qualifiers=[@Any, @Default], target=org.jenga.service.UserService][m
[[1;31mERROR[m] [1;31m		at io.quarkus.arc.processor.Beans.resolveInjectionPoint(Beans.java:547)[m
[[1;31mERROR[m] [1;31m		at io.quarkus.arc.processor.BeanInfo.init(BeanInfo.java:689)[m
[[1;31mERROR[m] [1;31m		at io.quarkus.arc.processor.BeanDeployment.init(BeanDeployment.java:326)[m
[[1;31mERROR[m] [1;31m		... 12 more[m
[[1;31mERROR[m] [1;31m	Suppressed: jakarta.enterprise.inject.UnsatisfiedResolutionException: Unsatisfied dependency for type org.jenga.mapper.ProjectMapper and qualifiers [@Default][m
[[1;31mERROR[m] [1;31m	- injection target: parameter 'projectMapper' of org.jenga.service.ProjectService constructor[m
[[1;31mERROR[m] [1;31m	- declared on CLASS bean [types=[java.lang.Object, org.jenga.service.ProjectService], qualifiers=[@Any, @Default], target=org.jenga.service.ProjectService][m
[[1;31mERROR[m] [1;31m		at io.quarkus.arc.processor.Beans.resolveInjectionPoint(Beans.java:547)[m
[[1;31mERROR[m] [1;31m		at io.quarkus.arc.processor.BeanInfo.init(BeanInfo.java:689)[m
[[1;31mERROR[m] [1;31m		at io.quarkus.arc.processor.BeanDeployment.init(BeanDeployment.java:326)[m
[[1;31mERROR[m] [1;31m		... 12 more[m
[[1;31mERROR[m] [1;31m	Suppressed: jakarta.enterprise.inject.UnsatisfiedResolutionException: Unsatisfied dependency for type org.jenga.mapper.LabelMapper and qualifiers [@Default][m
[[1;31mERROR[m] [1;31m	- injection target: parameter 'labelMapper' of org.jenga.service.ProjectService constructor[m
[[1;31mERROR[m] [1;31m	- declared on CLASS bean [types=[java.lang.Object, org.jenga.service.ProjectService], qualifiers=[@Any, @Default], target=org.jenga.service.ProjectService][m
[[1;31mERROR[m] [1;31m		at io.quarkus.arc.processor.Beans.resolveInjectionPoint(Beans.java:547)[m
[[1;31mERROR[m] [1;31m		at io.quarkus.arc.processor.BeanInfo.init(BeanInfo.java:689)[m
[[1;31mERROR[m] [1;31m		at io.quarkus.arc.processor.BeanDeployment.init(BeanDeployment.java:326)[m
[[1;31mERROR[m] [1;31m		... 12 more[m
[[1;31mERROR[m] [1;31m[m
[[1;31mERROR[m] [1;31m	at io.quarkus.runner.bootstrap.AugmentActionImpl.runAugment(AugmentActionImpl.java:376)[m
[[1;31mERROR[m] [1;31m	at io.quarkus.runner.bootstrap.AugmentActionImpl.createInitialRuntimeApplication(AugmentActionImpl.java:293)[m
[[1;31mERROR[m] [1;31m	at io.quarkus.runner.bootstrap.AugmentActionImpl.createInitialRuntimeApplication(AugmentActionImpl.java:61)[m
[[1;31mERROR[m] [1;31m	at io.quarkus.test.junit.AppMakerHelper.getStartupAction(AppMakerHelper.java:253)[m
[[1;31mERROR[m] [1;31m	at io.quarkus.test.junit.classloading.FacadeClassLoader.getOrCreateRuntimeClassLoader(FacadeClassLoader.java:544)[m
[[1;31mERROR[m] [1;31m	at io.quarkus.test.junit.classloading.FacadeClassLoader.getQuarkusClassLoader(FacadeClassLoader.java:441)[m
[[1;31mERROR[m] [1;31m	at io.quarkus.test.junit.classloading.FacadeClassLoader.loadClass(FacadeClassLoader.java:330)[m
[[1;31mERROR[m] [1;31m	at java.base/java.lang.Class.forName0(Native Method)[m
[[1;31mERROR[m] [1;31m	at java.base/java.lang.Class.forName(Class.java:534)[m
[[1;31mERROR[m] [1;31m	at java.base/java.lang.Class.forName(Class.java:513)[m
[[1;31mERROR[m] [1;31m	at org.junit.platform.commons.util.ReflectionUtils.lambda$tryToLoadClass$10(ReflectionUtils.java:886)[m
[[1;31mERROR[m] [1;31m	at org.junit.platform.commons.function.Try.lambda$call$0(Try.java:57)[m
[[1;31mERROR[m] [1;31m	at org.junit.platform.commons.function.Try.of(Try.java:93)[m
[[1;31mERROR[m] [1;31m	at org.junit.platform.commons.function.Try.call(Try.java:57)[m
[[1;31mERROR[m] [1;31m	at org.junit.platform.commons.util.ReflectionUtils.tryToLoadClass(ReflectionUtils.java:873)[m
[[1;31mERROR[m] [1;31m	at org.junit.platform.commons.util.ReflectionUtils.tryToLoadClass(ReflectionUtils.java:810)[m
[[1;31mERROR[m] [1;31m	at org.junit.platform.commons.support.ReflectionSupport.tryToLoadClass(ReflectionSupport.java:94)[m
[[1;31mERROR[m] [1;31m	at org.junit.platform.engine.discovery.ClassSelector.getJavaClass(ClassSelector.java:95)[m
[[1;31mERROR[m] [1;31m	... 38 more[m
[[1;31mERROR[m] [1;31mCaused by: io.quarkus.builder.BuildException: Build failure: Build failed due to errors[m
[[1;31mERROR[m] [1;31m	[error]: Build step io.quarkus.arc.deployment.ArcProcessor#validate threw an exception: jakarta.enterprise.inject.spi.DeploymentException: Found 6 deployment problems: [m
[[1;31mERROR[m] [1;31m[1] Unsatisfied dependency for type org.jenga.mapper.TicketMapper and qualifiers [@Default][m
[[1;31mERROR[m] [1;31m	- injection target: parameter 'ticketMapper' of org.jenga.service.TicketService constructor[m
[[1;31mERROR[m] [1;31m	- declared on CLASS bean [types=[java.lang.Object, org.jenga.service.TicketService], qualifiers=[@Any, @Default], target=org.jenga.service.TicketService][m
[[1;31mERROR[m] [1;31m[2] Unsatisfied dependency for type org.jenga.mapper.CommentMapper and qualifiers [@Default][m
[[1;31mERROR[m] [1;31m	- injection target: parameter 'commentMapper' of org.jenga.service.TicketService constructor[m
[[1;31mERROR[m] [1;31m	- declared on CLASS bean [types=[java.lang.Object, org.jenga.service.TicketService], qualifiers=[@Any, @Default], target=org.jenga.service.TicketService][m
[[1;31mERROR[m] [1;31m[3] Unsatisfied dependency for type org.jenga.mapper.AcceptanceCriteriaMapper and qualifiers [@Default][m
[[1;31mERROR[m] [1;31m	- injection target: parameter 'acceptanceCriteriaMapper' of org.jenga.service.TicketService constructor[m
[[1;31mERROR[m] [1;31m	- declared on CLASS bean [types=[java.lang.Object, org.jenga.service.TicketService], qualifiers=[@Any, @Default], target=org.jenga.service.TicketService][m
[[1;31mERROR[m] [1;31m[4] Unsatisfied dependency for type org.jenga.mapper.UserMapper and qualifiers [@Default][m
[[1;31mERROR[m] [1;31m	- injection target: parameter 'userMapper' of org.jenga.service.UserService constructor[m
[[1;31mERROR[m] [1;31m	- declared on CLASS bean [types=[java.lang.Object, org.jenga.service.UserService], qualifiers=[@Any, @Default], target=org.jenga.service.UserService][m
[[1;31mERROR[m] [1;31m[5] Unsatisfied dependency for type org.jenga.mapper.ProjectMapper and qualifiers [@Default][m
[[1;31mERROR[m] [1;31m	- injection target: parameter 'projectMapper' of org.jenga.service.ProjectService constructor[m
[[1;31mERROR[m] [1;31m	- declared on CLASS bean [types=[java.lang.Object, org.jenga.service.ProjectService], qualifiers=[@Any, @Default], target=org.jenga.service.ProjectService][m
[[1;31mERROR[m] [1;31m[6] Unsatisfied dependency for type org.jenga.mapper.LabelMapper and qualifiers [@Default][m
[[1;31mERROR[m] [1;31m	- injection target: parameter 'labelMapper' of org.jenga.service.ProjectService constructor[m
[[1;31mERROR[m] [1;31m	- declared on CLASS bean [types=[java.lang.Object, org.jenga.service.ProjectService], qualifiers=[@Any, @Default], target=org.jenga.service.ProjectService][m
[[1;31mERROR[m] [1;31m	at io.quarkus.arc.processor.BeanDeployment.processErrors(BeanDeployment.java:1602)[m
[[1;31mERROR[m] [1;31m	at io.quarkus.arc.processor.BeanDeployment.init(BeanDeployment.java:341)[m
[[1;31mERROR[m] [1;31m	at io.quarkus.arc.processor.BeanProcessor.initialize(BeanProcessor.java:178)[m
[[1;31mERROR[m] [1;31m	at io.quarkus.arc.deployment.ArcProcessor.validate(ArcProcessor.java:488)[m
[[1;31mERROR[m] [1;31m	at java.base/java.lang.invoke.MethodHandle.invokeWithArguments(MethodHandle.java:733)[m
[[1;31mERROR[m] [1;31m	at io.quarkus.deployment.ExtensionLoader$3.execute(ExtensionLoader.java:874)[m
[[1;31mERROR[m] [1;31m	at io.quarkus.builder.BuildContext.run(BuildContext.java:255)[m
[[1;31mERROR[m] [1;31m	at org.jboss.threads.ContextHandler$1.runWith(ContextHandler.java:18)[m
[[1;31mERROR[m] [1;31m	at org.jboss.threads.EnhancedQueueExecutor$Task.doRunWith(EnhancedQueueExecutor.java:2651)[m
[[1;31mERROR[m] [1;31m	at org.jboss.threads.EnhancedQueueExecutor$Task.run(EnhancedQueueExecutor.java:2630)[m
[[1;31mERROR[m] [1;31m	at org.jboss.threads.EnhancedQueueExecutor.runThreadBody(EnhancedQueueExecutor.java:1622)[m
[[1;31mERROR[m] [1;31m	at org.jboss.threads.EnhancedQueueExecutor$ThreadBody.run(EnhancedQueueExecutor.java:1589)[m
[[1;31mERROR[m] [1;31m	at java.base/java.lang.Thread.run(Thread.java:1583)[m
[[1;31mERROR[m] [1;31m	at org.jboss.threads.JBossThread.run(JBossThread.java:501)[m
[[1;31mERROR[m] [1;31m	Suppressed: jakarta.enterprise.inject.UnsatisfiedResolutionException: Unsatisfied dependency for type org.jenga.mapper.TicketMapper and qualifiers [@Default][m
[[1;31mERROR[m] [1;31m	- injection target: parameter 'ticketMapper' of org.jenga.service.TicketService constructor[m
[[1;31mERROR[m] [1;31m	- declared on CLASS bean [types=[java.lang.Object, org.jenga.service.TicketService], qualifiers=[@Any, @Default], target=org.jenga.service.TicketService][m
[[1;31mERROR[m] [1;31m		at io.quarkus.arc.processor.Beans.resolveInjectionPoint(Beans.java:547)[m
[[1;31mERROR[m] [1;31m		at io.quarkus.arc.processor.BeanInfo.init(BeanInfo.java:689)[m
[[1;31mERROR[m] [1;31m		at io.quarkus.arc.processor.BeanDeployment.init(BeanDeployment.java:326)[m
[[1;31mERROR[m] [1;31m		... 12 more[m
[[1;31mERROR[m] [1;31m	Suppressed: jakarta.enterprise.inject.UnsatisfiedResolutionException: Unsatisfied dependency for type org.jenga.mapper.CommentMapper and qualifiers [@Default][m
[[1;31mERROR[m] [1;31m	- injection target: parameter 'commentMapper' of org.jenga.service.TicketService constructor[m
[[1;31mERROR[m] [1;31m	- declared on CLASS bean [types=[java.lang.Object, org.jenga.service.TicketService], qualifiers=[@Any, @Default], target=org.jenga.service.TicketService][m
[[1;31mERROR[m] [1;31m		at io.quarkus.arc.processor.Beans.resolveInjectionPoint(Beans.java:547)[m
[[1;31mERROR[m] [1;31m		at io.quarkus.arc.processor.BeanInfo.init(BeanInfo.java:689)[m
[[1;31mERROR[m] [1;31m		at io.quarkus.arc.processor.BeanDeployment.init(BeanDeployment.java:326)[m
[[1;31mERROR[m] [1;31m		... 12 more[m
[[1;31mERROR[m] [1;31m	Suppressed: jakarta.enterprise.inject.UnsatisfiedResolutionException: Unsatisfied dependency for type org.jenga.mapper.AcceptanceCriteriaMapper and qualifiers [@Default][m
[[1;31mERROR[m] [1;31m	- injection target: parameter 'acceptanceCriteriaMapper' of org.jenga.service.TicketService constructor[m
[[1;31mERROR[m] [1;31m	- declared on CLASS bean [types=[java.lang.Object, org.jenga.service.TicketService], qualifiers=[@Any, @Default], target=org.jenga.service.TicketService][m
[[1;31mERROR[m] [1;31m		at io.quarkus.arc.processor.Beans.resolveInjectionPoint(Beans.java:547)[m
[[1;31mERROR[m] [1;31m		at io.quarkus.arc.processor.BeanInfo.init(BeanInfo.java:689)[m
[[1;31mERROR[m] [1;31m		at io.quarkus.arc.processor.BeanDeployment.init(BeanDeployment.java:326)[m
[[1;31mERROR[m] [1;31m		... 12 more[m
[[1;31mERROR[m] [1;31m	Suppressed: jakarta.enterprise.inject.UnsatisfiedResolutionException: Unsatisfied dependency for type org.jenga.mapper.UserMapper and qualifiers [@Default][m
[[1;31mERROR[m] [1;31m	- injection target: parameter 'userMapper' of org.jenga.service.UserService constructor[m
[[1;31mERROR[m] [1;31m	- declared on CLASS bean [types=[java.lang.Object, org.jenga.service.UserService], qualifiers=[@Any, @Default], target=org.jenga.service.UserService][m
[[1;31mERROR[m] [1;31m		at io.quarkus.arc.processor.Beans.resolveInjectionPoint(Beans.java:547)[m
[[1;31mERROR[m] [1;31m		at io.quarkus.arc.processor.BeanInfo.init(BeanInfo.java:689)[m
[[1;31mERROR[m] [1;31m		at io.quarkus.arc.processor.BeanDeployment.init(BeanDeployment.java:326)[m
[[1;31mERROR[m] [1;31m		... 12 more[m
[[1;31mERROR[m] [1;31m	Suppressed: jakarta.enterprise.inject.UnsatisfiedResolutionException: Unsatisfied dependency for type org.jenga.mapper.ProjectMapper and qualifiers [@Default][m
[[1;31mERROR[m] [1;31m	- injection target: parameter 'projectMapper' of org.jenga.service.ProjectService constructor[m
[[1;31mERROR[m] [1;31m	- declared on CLASS bean [types=[java.lang.Object, org.jenga.service.ProjectService], qualifiers=[@Any, @Default], target=org.jenga.service.ProjectService][m
[[1;31mERROR[m] [1;31m		at io.quarkus.arc.processor.Beans.resolveInjectionPoint(Beans.java:547)[m
[[1;31mERROR[m] [1;31m		at io.quarkus.arc.processor.BeanInfo.init(BeanInfo.java:689)[m
[[1;31mERROR[m] [1;31m		at io.quarkus.arc.processor.BeanDeployment.init(BeanDeployment.java:326)[m
[[1;31mERROR[m] [1;31m		... 12 more[m
[[1;31mERROR[m] [1;31m	Suppressed: jakarta.enterprise.inject.UnsatisfiedResolutionException: Unsatisfied dependency for type org.jenga.mapper.LabelMapper and qualifiers [@Default][m
[[1;31mERROR[m] [1;31m	- injection target: parameter 'labelMapper' of org.jenga.service.ProjectService constructor[m
[[1;31mERROR[m] [1;31m	- declared on CLASS bean [types=[java.lang.Object, org.jenga.service.ProjectService], qualifiers=[@Any, @Default], target=org.jenga.service.ProjectService][m
[[1;31mERROR[m] [1;31m		at io.quarkus.arc.processor.Beans.resolveInjectionPoint(Beans.java:547)[m
[[1;31mERROR[m] [1;31m		at io.quarkus.arc.processor.BeanInfo.init(BeanInfo.java:689)[m
[[1;31mERROR[m] [1;31m		at io.quarkus.arc.processor.BeanDeployment.init(BeanDeployment.java:326)[m
[[1;31mERROR[m] [1;31m		... 12 more[m
[[1;31mERROR[m] [1;31m[m
[[1;31mERROR[m] [1;31m	at io.quarkus.builder.Execution.run(Execution.java:122)[m
[[1;31mERROR[m] [1;31m	at io.quarkus.builder.BuildExecutionBuilder.execute(BuildExecutionBuilder.java:78)[m
[[1;31mERROR[m] [1;31m	at io.quarkus.deployment.QuarkusAugmentor.run(QuarkusAugmentor.java:160)[m
[[1;31mERROR[m] [1;31m	at io.quarkus.runner.bootstrap.AugmentActionImpl.runAugment(AugmentActionImpl.java:372)[m
[[1;31mERROR[m] [1;31m	... 55 more[m
[[1;31mERROR[m] [1;31mCaused by: jakarta.enterprise.inject.spi.DeploymentException: Found 6 deployment problems: [m
[[1;31mERROR[m] [1;31m[1] Unsatisfied dependency for type org.jenga.mapper.TicketMapper and qualifiers [@Default][m
[[1;31mERROR[m] [1;31m	- injection target: parameter 'ticketMapper' of org.jenga.service.TicketService constructor[m
[[1;31mERROR[m] [1;31m	- declared on CLASS bean [types=[java.lang.Object, org.jenga.service.TicketService], qualifiers=[@Any, @Default], target=org.jenga.service.TicketService][m
[[1;31mERROR[m] [1;31m[2] Unsatisfied dependency for type org.jenga.mapper.CommentMapper and qualifiers [@Default][m
[[1;31mERROR[m] [1;31m	- injection target: parameter 'commentMapper' of org.jenga.service.TicketService constructor[m
[[1;31mERROR[m] [1;31m	- declared on CLASS bean [types=[java.lang.Object, org.jenga.service.TicketService], qualifiers=[@Any, @Default], target=org.jenga.service.TicketService][m
[[1;31mERROR[m] [1;31m[3] Unsatisfied dependency for type org.jenga.mapper.AcceptanceCriteriaMapper and qualifiers [@Default][m
[[1;31mERROR[m] [1;31m	- injection target: parameter 'acceptanceCriteriaMapper' of org.jenga.service.TicketService constructor[m
[[1;31mERROR[m] [1;31m	- declared on CLASS bean [types=[java.lang.Object, org.jenga.service.TicketService], qualifiers=[@Any, @Default], target=org.jenga.service.TicketService][m
[[1;31mERROR[m] [1;31m[4] Unsatisfied dependency for type org.jenga.mapper.UserMapper and qualifiers [@Default][m
[[1;31mERROR[m] [1;31m	- injection target: parameter 'userMapper' of org.jenga.service.UserService constructor[m
[[1;31mERROR[m] [1;31m	- declared on CLASS bean [types=[java.lang.Object, org.jenga.service.UserService], qualifiers=[@Any, @Default], target=org.jenga.service.UserService][m
[[1;31mERROR[m] [1;31m[5] Unsatisfied dependency for type org.jenga.mapper.ProjectMapper and qualifiers [@Default][m
[[1;31mERROR[m] [1;31m	- injection target: parameter 'projectMapper' of org.jenga.service.ProjectService constructor[m
[[1;31mERROR[m] [1;31m	- declared on CLASS bean [types=[java.lang.Object, org.jenga.service.ProjectService], qualifiers=[@Any, @Default], target=org.jenga.service.ProjectService][m
[[1;31mERROR[m] [1;31m[6] Unsatisfied dependency for type org.jenga.mapper.LabelMapper and qualifiers [@Default][m
[[1;31mERROR[m] [1;31m	- injection target: parameter 'labelMapper' of org.jenga.service.ProjectService constructor[m
[[1;31mERROR[m] [1;31m	- declared on CLASS bean [types=[java.lang.Object, org.jenga.service.ProjectService], qualifiers=[@Any, @Default], target=org.jenga.service.ProjectService][m
[[1;31mERROR[m] [1;31m	at io.quarkus.arc.processor.BeanDeployment.processErrors(BeanDeployment.java:1602)[m
[[1;31mERROR[m] [1;31m	at io.quarkus.arc.processor.BeanDeployment.init(BeanDeployment.java:341)[m
[[1;31mERROR[m] [1;31m	at io.quarkus.arc.processor.BeanProcessor.initialize(BeanProcessor.java:178)[m
[[1;31mERROR[m] [1;31m	at io.quarkus.arc.deployment.ArcProcessor.validate(ArcProcessor.java:488)[m
[[1;31mERROR[m] [1;31m	at java.base/java.lang.invoke.MethodHandle.invokeWithArguments(MethodHandle.java:733)[m
[[1;31mERROR[m] [1;31m	at io.quarkus.deployment.ExtensionLoader$3.execute(ExtensionLoader.java:874)[m
[[1;31mERROR[m] [1;31m	at io.quarkus.builder.BuildContext.run(BuildContext.java:255)[m
[[1;31mERROR[m] [1;31m	at org.jboss.threads.ContextHandler$1.runWith(ContextHandler.java:18)[m
[[1;31mERROR[m] [1;31m	at org.jboss.threads.EnhancedQueueExecutor$Task.doRunWith(EnhancedQueueExecutor.java:2651)[m
[[1;31mERROR[m] [1;31m	at org.jboss.threads.EnhancedQueueExecutor$Task.run(EnhancedQueueExecutor.java:2630)[m
[[1;31mERROR[m] [1;31m	at org.jboss.threads.EnhancedQueueExecutor.runThreadBody(EnhancedQueueExecutor.java:1622)[m
[[1;31mERROR[m] [1;31m	at org.jboss.threads.EnhancedQueueExecutor$ThreadBody.run(EnhancedQueueExecutor.java:1589)[m
[[1;31mERROR[m] [1;31m	at java.base/java.lang.Thread.run(Thread.java:1583)[m
[[1;31mERROR[m] [1;31m	at org.jboss.threads.JBossThread.run(JBossThread.java:501)[m
[[1;31mERROR[m] [1;31m	Suppressed: jakarta.enterprise.inject.UnsatisfiedResolutionException: Unsatisfied dependency for type org.jenga.mapper.TicketMapper and qualifiers [@Default][m
[[1;31mERROR[m] [1;31m	- injection target: parameter 'ticketMapper' of org.jenga.service.TicketService constructor[m
[[1;31mERROR[m] [1;31m	- declared on CLASS bean [types=[java.lang.Object, org.jenga.service.TicketService], qualifiers=[@Any, @Default], target=org.jenga.service.TicketService][m
[[1;31mERROR[m] [1;31m		at io.quarkus.arc.processor.Beans.resolveInjectionPoint(Beans.java:547)[m
[[1;31mERROR[m] [1;31m		at io.quarkus.arc.processor.BeanInfo.init(BeanInfo.java:689)[m
[[1;31mERROR[m] [1;31m		at io.quarkus.arc.processor.BeanDeployment.init(BeanDeployment.java:326)[m
[[1;31mERROR[m] [1;31m		... 12 more[m
[[1;31mERROR[m] [1;31m	Suppressed: jakarta.enterprise.inject.UnsatisfiedResolutionException: Unsatisfied dependency for type org.jenga.mapper.CommentMapper and qualifiers [@Default][m
[[1;31mERROR[m] [1;31m	- injection target: parameter 'commentMapper' of org.jenga.service.TicketService constructor[m
[[1;31mERROR[m] [1;31m	- declared on CLASS bean [types=[java.lang.Object, org.jenga.service.TicketService], qualifiers=[@Any, @Default], target=org.jenga.service.TicketService][m
[[1;31mERROR[m] [1;31m		at io.quarkus.arc.processor.Beans.resolveInjectionPoint(Beans.java:547)[m
[[1;31mERROR[m] [1;31m		at io.quarkus.arc.processor.BeanInfo.init(BeanInfo.java:689)[m
[[1;31mERROR[m] [1;31m		at io.quarkus.arc.processor.BeanDeployment.init(BeanDeployment.java:326)[m
[[1;31mERROR[m] [1;31m		... 12 more[m
[[1;31mERROR[m] [1;31m	Suppressed: jakarta.enterprise.inject.UnsatisfiedResolutionException: Unsatisfied dependency for type org.jenga.mapper.AcceptanceCriteriaMapper and qualifiers [@Default][m
[[1;31mERROR[m] [1;31m	- injection target: parameter 'acceptanceCriteriaMapper' of org.jenga.service.TicketService constructor[m
[[1;31mERROR[m] [1;31m	- declared on CLASS bean [types=[java.lang.Object, org.jenga.service.TicketService], qualifiers=[@Any, @Default], target=org.jenga.service.TicketService][m
[[1;31mERROR[m] [1;31m		at io.quarkus.arc.processor.Beans.resolveInjectionPoint(Beans.java:547)[m
[[1;31mERROR[m] [1;31m		at io.quarkus.arc.processor.BeanInfo.init(BeanInfo.java:689)[m
[[1;31mERROR[m] [1;31m		at io.quarkus.arc.processor.BeanDeployment.init(BeanDeployment.java:326)[m
[[1;31mERROR[m] [1;31m		... 12 more[m
[[1;31mERROR[m] [1;31m	Suppressed: jakarta.enterprise.inject.UnsatisfiedResolutionException: Unsatisfied dependency for type org.jenga.mapper.UserMapper and qualifiers [@Default][m
[[1;31mERROR[m] [1;31m	- injection target: parameter 'userMapper' of org.jenga.service.UserService constructor[m
[[1;31mERROR[m] [1;31m	- declared on CLASS bean [types=[java.lang.Object, org.jenga.service.UserService], qualifiers=[@Any, @Default], target=org.jenga.service.UserService][m
[[1;31mERROR[m] [1;31m		at io.quarkus.arc.processor.Beans.resolveInjectionPoint(Beans.java:547)[m
[[1;31mERROR[m] [1;31m		at io.quarkus.arc.processor.BeanInfo.init(BeanInfo.java:689)[m
[[1;31mERROR[m] [1;31m		at io.quarkus.arc.processor.BeanDeployment.init(BeanDeployment.java:326)[m
[[1;31mERROR[m] [1;31m		... 12 more[m
[[1;31mERROR[m] [1;31m	Suppressed: jakarta.enterprise.inject.UnsatisfiedResolutionException: Unsatisfied dependency for type org.jenga.mapper.ProjectMapper and qualifiers [@Default][m
[[1;31mERROR[m] [1;31m	- injection target: parameter 'projectMapper' of org.jenga.service.ProjectService constructor[m
[[1;31mERROR[m] [1;31m	- declared on CLASS bean [types=[java.lang.Object, org.jenga.service.ProjectService], qualifiers=[@Any, @Default], target=org.jenga.service.ProjectService][m
[[1;31mERROR[m] [1;31m		at io.quarkus.arc.processor.Beans.resolveInjectionPoint(Beans.java:547)[m
[[1;31mERROR[m] [1;31m		at io.quarkus.arc.processor.BeanInfo.init(BeanInfo.java:689)[m
[[1;31mERROR[m] [1;31m		at io.quarkus.arc.processor.BeanDeployment.init(BeanDeployment.java:326)[m
[[1;31mERROR[m] [1;31m		... 12 more[m
[[1;31mERROR[m] [1;31m	Suppressed: jakarta.enterprise.inject.UnsatisfiedResolutionException: Unsatisfied dependency for type org.jenga.mapper.LabelMapper and qualifiers [@Default][m
[[1;31mERROR[m] [1;31m	- injection target: parameter 'labelMapper' of org.jenga.service.ProjectService constructor[m
[[1;31mERROR[m] [1;31m	- declared on CLASS bean [types=[java.lang.Object, org.jenga.service.ProjectService], qualifiers=[@Any, @Default], target=org.jenga.service.ProjectService][m
[[1;31mERROR[m] [1;31m		at io.quarkus.arc.processor.Beans.resolveInjectionPoint(Beans.java:547)[m
[[1;31mERROR[m] [1;31m		at io.quarkus.arc.processor.BeanInfo.init(BeanInfo.java:689)[m
[[1;31mERROR[m] [1;31m		at io.quarkus.arc.processor.BeanDeployment.init(BeanDeployment.java:326)[m
[[1;31mERROR[m] [1;31m		... 12 more[m
[[1;31mERROR[m] [1;31m[m
[[1;31mERROR[m] [1;31m[m
[[1;31mERROR[m] [1;31m	at org.apache.maven.plugin.surefire.booterclient.ForkStarter.fork(ForkStarter.java:628)[m
[[1;31mERROR[m] [1;31m	at org.apache.maven.plugin.surefire.booterclient.ForkStarter.run(ForkStarter.java:285)[m
[[1;31mERROR[m] [1;31m	at org.apache.maven.plugin.surefire.booterclient.ForkStarter.run(ForkStarter.java:250)[m
[[1;31mERROR[m] [1;31m	at org.apache.maven.plugin.surefire.AbstractSurefireMojo.executeProvider(AbstractSurefireMojo.java:1337)[m
[[1;31mERROR[m] [1;31m	at org.apache.maven.plugin.surefire.AbstractSurefireMojo.executeAfterPreconditionsChecked(AbstractSurefireMojo.java:1135)[m
[[1;31mERROR[m] [1;31m	at org.apache.maven.plugin.surefire.AbstractSurefireMojo.execute(AbstractSurefireMojo.java:969)[m
[[1;31mERROR[m] [1;31m	at org.apache.maven.plugin.DefaultBuildPluginManager.executeMojo(DefaultBuildPluginManager.java:137)[m
[[1;31mERROR[m] [1;31m	at org.apache.maven.lifecycle.internal.MojoExecutor.doExecute2(MojoExecutor.java:370)[m
[[1;31mERROR[m] [1;31m	at org.apache.maven.lifecycle.internal.MojoExecutor.doExecute(MojoExecutor.java:351)[m
[[1;31mERROR[m] [1;31m	at org.apache.maven.lifecycle.internal.MojoExecutor.execute(MojoExecutor.java:215)[m
[[1;31mERROR[m] [1;31m	at org.apache.maven.lifecycle.internal.MojoExecutor.execute(MojoExecutor.java:171)[m
[[1;31mERROR[m] [1;31m	at org.apache.maven.lifecycle.internal.MojoExecutor.execute(MojoExecutor.java:163)[m
[[1;31mERROR[m] [1;31m	at org.apache.maven.lifecycle.internal.LifecycleModuleBuilder.buildProject(LifecycleModuleBuilder.java:117)[m
[[1;31mERROR[m] [1;31m	at org.apache.maven.lifecycle.internal.LifecycleModuleBuilder.buildProject(LifecycleModuleBuilder.java:81)[m
[[1;31mERROR[m] [1;31m	at org.apache.maven.lifecycle.internal.builder.singlethreaded.SingleThreadedBuilder.build(SingleThreadedBuilder.java:56)[m
[[1;31mERROR[m] [1;31m	at org.apache.maven.lifecycle.internal.LifecycleStarter.execute(LifecycleStarter.java:128)[m
[[1;31mERROR[m] [1;31m	at org.apache.maven.DefaultMaven.doExecute(DefaultMaven.java:298)[m
[[1;31mERROR[m] [1;31m	at org.apache.maven.DefaultMaven.doExecute(DefaultMaven.java:192)[m
[[1;31mERROR[m] [1;31m	at org.apache.maven.DefaultMaven.execute(DefaultMaven.java:105)[m
[[1;31mERROR[m] [1;31m	at org.apache.maven.cli.MavenCli.execute(MavenCli.java:960)[m
[[1;31mERROR[m] [1;31m	at org.apache.maven.cli.MavenCli.doMain(MavenCli.java:293)[m
[[1;31mERROR[m] [1;31m	at org.apache.maven.cli.MavenCli.main(MavenCli.java:196)[m
[[1;31mERROR[m] [1;31m	at java.base/jdk.internal.reflect.DirectMethodHandleAccessor.invoke(DirectMethodHandleAccessor.java:103)[m
[[1;31mERROR[m] [1;31m	at java.base/java.lang.reflect.Method.invoke(Method.java:580)[m
[[1;31mERROR[m] [1;31m	at org.codehaus.plexus.classworlds.launcher.Launcher.launchEnhanced(Launcher.java:283)[m
[[1;31mERROR[m] [1;31m	at org.codehaus.plexus.classworlds.launcher.Launcher.launch(Launcher.java:226)[m
[[1;31mERROR[m] [1;31m	at org.codehaus.plexus.classworlds.launcher.Launcher.mainWithExitCode(Launcher.java:407)[m
[[1;31mERROR[m] [1;31m	at org.codehaus.plexus.classworlds.launcher.Launcher.main(Launcher.java:348)[m
[[1;31mERROR[m] [1;31m[m
[[1;31mERROR[m] -> [1m[Help 1][m
[1;31morg.apache.maven.lifecycle.LifecycleExecutionException[m: [1;31mFailed to execute goal [32morg.apache.maven.plugins:maven-surefire-plugin:3.5.3:test[m [1m(default-test)[m on project [36mjenga[m: [1;31m

See /home/adam-wagner/Projekte/Jenga/backend/target/surefire-reports for the individual test results.
See dump files (if any exist) [date].dump, [date]-jvmRun[N].dump and [date].dumpstream.
There was an error in the forked process
TestEngine with ID 'junit-jupiter' encountered a critical issue during test discovery:

(1) [ERROR] ClassSelector [className = 'org.jenga.service.ImportServiceTest', classLoader = null] resolution failed
    Source: ClassSource [className = 'org.jenga.service.ImportServiceTest', filePosition = null]
            at org.jenga.service.ImportServiceTest.<no-method>(SourceFile:0)
    Cause: org.junit.platform.commons.PreconditionViolationException: Could not load class with name: org.jenga.service.ImportServiceTest
	at org.junit.platform.engine.discovery.ClassSelector.lambda$getJavaClass$0(ClassSelector.java:98)
	at org.junit.platform.commons.function.Try$Failure.getOrThrow(Try.java:335)
	at org.junit.platform.engine.discovery.ClassSelector.getJavaClass(ClassSelector.java:97)
	at org.junit.jupiter.engine.discovery.ClassSelectorResolver.resolve(ClassSelectorResolver.java:87)
	at org.junit.platform.engine.support.discovery.EngineDiscoveryRequestResolution.lambda$resolve$2(EngineDiscoveryRequestResolution.java:135)
	at java.base/java.util.stream.ReferencePipeline$3$1.accept(ReferencePipeline.java:197)
	at java.base/java.util.ArrayList$ArrayListSpliterator.tryAdvance(ArrayList.java:1685)
	at java.base/java.util.stream.ReferencePipeline.forEachWithCancel(ReferencePipeline.java:129)
	at java.base/java.util.stream.AbstractPipeline.copyIntoWithCancel(AbstractPipeline.java:527)
	at java.base/java.util.stream.AbstractPipeline.copyInto(AbstractPipeline.java:513)
	at java.base/java.util.stream.AbstractPipeline.wrapAndCopyInto(AbstractPipeline.java:499)
	at java.base/java.util.stream.FindOps$FindOp.evaluateSequential(FindOps.java:150)
	at java.base/java.util.stream.AbstractPipeline.evaluate(AbstractPipeline.java:234)
	at java.base/java.util.stream.ReferencePipeline.findFirst(ReferencePipeline.java:647)
	at org.junit.platform.engine.support.discovery.EngineDiscoveryRequestResolution.resolve(EngineDiscoveryRequestResolution.java:189)
	at org.junit.platform.engine.support.discovery.EngineDiscoveryRequestResolution.resolve(EngineDiscoveryRequestResolution.java:126)
	at org.junit.platform.engine.support.discovery.EngineDiscoveryRequestResolution.resolveCompletely(EngineDiscoveryRequestResolution.java:92)
	at org.junit.platform.engine.support.discovery.EngineDiscoveryRequestResolution.run(EngineDiscoveryRequestResolution.java:83)
	at org.junit.platform.engine.support.discovery.EngineDiscoveryRequestResolver.resolve(EngineDiscoveryRequestResolver.java:148)
	at org.junit.jupiter.engine.discovery.DiscoverySelectorResolver.resolveSelectors(DiscoverySelectorResolver.java:63)
	at org.junit.jupiter.engine.JupiterTestEngine.discover(JupiterTestEngine.java:70)
	at org.junit.platform.launcher.core.EngineDiscoveryOrchestrator.discoverEngineRoot(EngineDiscoveryOrchestrator.java:195)
	at org.junit.platform.launcher.core.EngineDiscoveryOrchestrator.discoverSafely(EngineDiscoveryOrchestrator.java:174)
	at org.junit.platform.launcher.core.EngineDiscoveryOrchestrator.discover(EngineDiscoveryOrchestrator.java:119)
	at org.junit.platform.launcher.core.EngineDiscoveryOrchestrator.discover(EngineDiscoveryOrchestrator.java:84)
	at org.junit.platform.launcher.core.DefaultLauncher.discover(DefaultLauncher.java:104)
	at org.junit.platform.launcher.core.DefaultLauncher.discover(DefaultLauncher.java:83)
	at org.junit.platform.launcher.core.DelegatingLauncher.discover(DelegatingLauncher.java:42)
	at org.junit.platform.launcher.core.InterceptingLauncher.lambda$discover$0(InterceptingLauncher.java:33)
	at org.junit.platform.launcher.core.ClasspathAlignmentCheckingLauncherInterceptor.intercept(ClasspathAlignmentCheckingLauncherInterceptor.java:25)
	at org.junit.platform.launcher.core.InterceptingLauncher.discover(InterceptingLauncher.java:33)
	at org.junit.platform.launcher.core.DelegatingLauncher.discover(DelegatingLauncher.java:42)
	at org.apache.maven.surefire.junitplatform.LazyLauncher.discover(LazyLauncher.java:50)
	at org.apache.maven.surefire.junitplatform.TestPlanScannerFilter.accept(TestPlanScannerFilter.java:52)
	at org.apache.maven.surefire.api.util.DefaultScanResult.applyFilter(DefaultScanResult.java:87)
	at org.apache.maven.surefire.junitplatform.JUnitPlatformProvider.scanClasspath(JUnitPlatformProvider.java:144)
	at org.apache.maven.surefire.junitplatform.JUnitPlatformProvider.invoke(JUnitPlatformProvider.java:124)
	at org.apache.maven.surefire.booter.ForkedBooter.runSuitesInProcess(ForkedBooter.java:385)
	at org.apache.maven.surefire.booter.ForkedBooter.execute(ForkedBooter.java:162)
	at org.apache.maven.surefire.booter.ForkedBooter.run(ForkedBooter.java:507)
	at org.apache.maven.surefire.booter.ForkedBooter.main(ForkedBooter.java:495)
Caused by: java.lang.RuntimeException: io.quarkus.builder.BuildException: Build failure: Build failed due to errors
	[error]: Build step io.quarkus.arc.deployment.ArcProcessor#validate threw an exception: jakarta.enterprise.inject.spi.DeploymentException: Found 6 deployment problems: 
[1] Unsatisfied dependency for type org.jenga.mapper.TicketMapper and qualifiers [@Default]
	- injection target: parameter 'ticketMapper' of org.jenga.service.TicketService constructor
	- declared on CLASS bean [types=[java.lang.Object, org.jenga.service.TicketService], qualifiers=[@Any, @Default], target=org.jenga.service.TicketService]
[2] Unsatisfied dependency for type org.jenga.mapper.CommentMapper and qualifiers [@Default]
	- injection target: parameter 'commentMapper' of org.jenga.service.TicketService constructor
	- declared on CLASS bean [types=[java.lang.Object, org.jenga.service.TicketService], qualifiers=[@Any, @Default], target=org.jenga.service.TicketService]
[3] Unsatisfied dependency for type org.jenga.mapper.AcceptanceCriteriaMapper and qualifiers [@Default]
	- injection target: parameter 'acceptanceCriteriaMapper' of org.jenga.service.TicketService constructor
	- declared on CLASS bean [types=[java.lang.Object, org.jenga.service.TicketService], qualifiers=[@Any, @Default], target=org.jenga.service.TicketService]
[4] Unsatisfied dependency for type org.jenga.mapper.UserMapper and qualifiers [@Default]
	- injection target: parameter 'userMapper' of org.jenga.service.UserService constructor
	- declared on CLASS bean [types=[java.lang.Object, org.jenga.service.UserService], qualifiers=[@Any, @Default], target=org.jenga.service.UserService]
[5] Unsatisfied dependency for type org.jenga.mapper.ProjectMapper and qualifiers [@Default]
	- injection target: parameter 'projectMapper' of org.jenga.service.ProjectService constructor
	- declared on CLASS bean [types=[java.lang.Object, org.jenga.service.ProjectService], qualifiers=[@Any, @Default], target=org.jenga.service.ProjectService]
[6] Unsatisfied dependency for type org.jenga.mapper.LabelMapper and qualifiers [@Default]
	- injection target: parameter 'labelMapper' of org.jenga.service.ProjectService constructor
	- declared on CLASS bean [types=[java.lang.Object, org.jenga.service.ProjectService], qualifiers=[@Any, @Default], target=org.jenga.service.ProjectService]
	at io.quarkus.arc.processor.BeanDeployment.processErrors(BeanDeployment.java:1602)
	at io.quarkus.arc.processor.BeanDeployment.init(BeanDeployment.java:341)
	at io.quarkus.arc.processor.BeanProcessor.initialize(BeanProcessor.java:178)
	at io.quarkus.arc.deployment.ArcProcessor.validate(ArcProcessor.java:488)
	at java.base/java.lang.invoke.MethodHandle.invokeWithArguments(MethodHandle.java:733)
	at io.quarkus.deployment.ExtensionLoader$3.execute(ExtensionLoader.java:874)
	at io.quarkus.builder.BuildContext.run(BuildContext.java:255)
	at org.jboss.threads.ContextHandler$1.runWith(ContextHandler.java:18)
	at org.jboss.threads.EnhancedQueueExecutor$Task.doRunWith(EnhancedQueueExecutor.java:2651)
	at org.jboss.threads.EnhancedQueueExecutor$Task.run(EnhancedQueueExecutor.java:2630)
	at org.jboss.threads.EnhancedQueueExecutor.runThreadBody(EnhancedQueueExecutor.java:1622)
	at org.jboss.threads.EnhancedQueueExecutor$ThreadBody.run(EnhancedQueueExecutor.java:1589)
	at java.base/java.lang.Thread.run(Thread.java:1583)
	at org.jboss.threads.JBossThread.run(JBossThread.java:501)
	Suppressed: jakarta.enterprise.inject.UnsatisfiedResolutionException: Unsatisfied dependency for type org.jenga.mapper.TicketMapper and qualifiers [@Default]
	- injection target: parameter 'ticketMapper' of org.jenga.service.TicketService constructor
	- declared on CLASS bean [types=[java.lang.Object, org.jenga.service.TicketService], qualifiers=[@Any, @Default], target=org.jenga.service.TicketService]
		at io.quarkus.arc.processor.Beans.resolveInjectionPoint(Beans.java:547)
		at io.quarkus.arc.processor.BeanInfo.init(BeanInfo.java:689)
		at io.quarkus.arc.processor.BeanDeployment.init(BeanDeployment.java:326)
		... 12 more
	Suppressed: jakarta.enterprise.inject.UnsatisfiedResolutionException: Unsatisfied dependency for type org.jenga.mapper.CommentMapper and qualifiers [@Default]
	- injection target: parameter 'commentMapper' of org.jenga.service.TicketService constructor
	- declared on CLASS bean [types=[java.lang.Object, org.jenga.service.TicketService], qualifiers=[@Any, @Default], target=org.jenga.service.TicketService]
		at io.quarkus.arc.processor.Beans.resolveInjectionPoint(Beans.java:547)
		at io.quarkus.arc.processor.BeanInfo.init(BeanInfo.java:689)
		at io.quarkus.arc.processor.BeanDeployment.init(BeanDeployment.java:326)
		... 12 more
	Suppressed: jakarta.enterprise.inject.UnsatisfiedResolutionException: Unsatisfied dependency for type org.jenga.mapper.AcceptanceCriteriaMapper and qualifiers [@Default]
	- injection target: parameter 'acceptanceCriteriaMapper' of org.jenga.service.TicketService constructor
	- declared on CLASS bean [types=[java.lang.Object, org.jenga.service.TicketService], qualifiers=[@Any, @Default], target=org.jenga.service.TicketService]
		at io.quarkus.arc.processor.Beans.resolveInjectionPoint(Beans.java:547)
		at io.quarkus.arc.processor.BeanInfo.init(BeanInfo.java:689)
		at io.quarkus.arc.processor.BeanDeployment.init(BeanDeployment.java:326)
		... 12 more
	Suppressed: jakarta.enterprise.inject.UnsatisfiedResolutionException: Unsatisfied dependency for type org.jenga.mapper.UserMapper and qualifiers [@Default]
	- injection target: parameter 'userMapper' of org.jenga.service.UserService constructor
	- declared on CLASS bean [types=[java.lang.Object, org.jenga.service.UserService], qualifiers=[@Any, @Default], target=org.jenga.service.UserService]
		at io.quarkus.arc.processor.Beans.resolveInjectionPoint(Beans.java:547)
		at io.quarkus.arc.processor.BeanInfo.init(BeanInfo.java:689)
		at io.quarkus.arc.processor.BeanDeployment.init(BeanDeployment.java:326)
		... 12 more
	Suppressed: jakarta.enterprise.inject.UnsatisfiedResolutionException: Unsatisfied dependency for type org.jenga.mapper.ProjectMapper and qualifiers [@Default]
	- injection target: parameter 'projectMapper' of org.jenga.service.ProjectService constructor
	- declared on CLASS bean [types=[java.lang.Object, org.jenga.service.ProjectService], qualifiers=[@Any, @Default], target=org.jenga.service.ProjectService]
		at io.quarkus.arc.processor.Beans.resolveInjectionPoint(Beans.java:547)
		at io.quarkus.arc.processor.BeanInfo.init(BeanInfo.java:689)
		at io.quarkus.arc.processor.BeanDeployment.init(BeanDeployment.java:326)
		... 12 more
	Suppressed: jakarta.enterprise.inject.UnsatisfiedResolutionException: Unsatisfied dependency for type org.jenga.mapper.LabelMapper and qualifiers [@Default]
	- injection target: parameter 'labelMapper' of org.jenga.service.ProjectService constructor
	- declared on CLASS bean [types=[java.lang.Object, org.jenga.service.ProjectService], qualifiers=[@Any, @Default], target=org.jenga.service.ProjectService]
		at io.quarkus.arc.processor.Beans.resolveInjectionPoint(Beans.java:547)
		at io.quarkus.arc.processor.BeanInfo.init(BeanInfo.java:689)
		at io.quarkus.arc.processor.BeanDeployment.init(BeanDeployment.java:326)
		... 12 more

	at io.quarkus.runner.bootstrap.AugmentActionImpl.runAugment(AugmentActionImpl.java:376)
	at io.quarkus.runner.bootstrap.AugmentActionImpl.createInitialRuntimeApplication(AugmentActionImpl.java:293)
	at io.quarkus.runner.bootstrap.AugmentActionImpl.createInitialRuntimeApplication(AugmentActionImpl.java:61)
	at io.quarkus.test.junit.AppMakerHelper.getStartupAction(AppMakerHelper.java:253)
	at io.quarkus.test.junit.classloading.FacadeClassLoader.getOrCreateRuntimeClassLoader(FacadeClassLoader.java:544)
	at io.quarkus.test.junit.classloading.FacadeClassLoader.getQuarkusClassLoader(FacadeClassLoader.java:441)
	at io.quarkus.test.junit.classloading.FacadeClassLoader.loadClass(FacadeClassLoader.java:330)
	at java.base/java.lang.Class.forName0(Native Method)
	at java.base/java.lang.Class.forName(Class.java:534)
	at java.base/java.lang.Class.forName(Class.java:513)
	at org.junit.platform.commons.util.ReflectionUtils.lambda$tryToLoadClass$10(ReflectionUtils.java:886)
	at org.junit.platform.commons.function.Try.lambda$call$0(Try.java:57)
	at org.junit.platform.commons.function.Try.of(Try.java:93)
	at org.junit.platform.commons.function.Try.call(Try.java:57)
	at org.junit.platform.commons.util.ReflectionUtils.tryToLoadClass(ReflectionUtils.java:873)
	at org.junit.platform.commons.util.ReflectionUtils.tryToLoadClass(ReflectionUtils.java:810)
	at org.junit.platform.commons.support.ReflectionSupport.tryToLoadClass(ReflectionSupport.java:94)
	at org.junit.platform.engine.discovery.ClassSelector.getJavaClass(ClassSelector.java:95)
	... 38 more
Caused by: io.quarkus.builder.BuildException: Build failure: Build failed due to errors
	[error]: Build step io.quarkus.arc.deployment.ArcProcessor#validate threw an exception: jakarta.enterprise.inject.spi.DeploymentException: Found 6 deployment problems: 
[1] Unsatisfied dependency for type org.jenga.mapper.TicketMapper and qualifiers [@Default]
	- injection target: parameter 'ticketMapper' of org.jenga.service.TicketService constructor
	- declared on CLASS bean [types=[java.lang.Object, org.jenga.service.TicketService], qualifiers=[@Any, @Default], target=org.jenga.service.TicketService]
[2] Unsatisfied dependency for type org.jenga.mapper.CommentMapper and qualifiers [@Default]
	- injection target: parameter 'commentMapper' of org.jenga.service.TicketService constructor
	- declared on CLASS bean [types=[java.lang.Object, org.jenga.service.TicketService], qualifiers=[@Any, @Default], target=org.jenga.service.TicketService]
[3] Unsatisfied dependency for type org.jenga.mapper.AcceptanceCriteriaMapper and qualifiers [@Default]
	- injection target: parameter 'acceptanceCriteriaMapper' of org.jenga.service.TicketService constructor
	- declared on CLASS bean [types=[java.lang.Object, org.jenga.service.TicketService], qualifiers=[@Any, @Default], target=org.jenga.service.TicketService]
[4] Unsatisfied dependency for type org.jenga.mapper.UserMapper and qualifiers [@Default]
	- injection target: parameter 'userMapper' of org.jenga.service.UserService constructor
	- declared on CLASS bean [types=[java.lang.Object, org.jenga.service.UserService], qualifiers=[@Any, @Default], target=org.jenga.service.UserService]
[5] Unsatisfied dependency for type org.jenga.mapper.ProjectMapper and qualifiers [@Default]
	- injection target: parameter 'projectMapper' of org.jenga.service.ProjectService constructor
	- declared on CLASS bean [types=[java.lang.Object, org.jenga.service.ProjectService], qualifiers=[@Any, @Default], target=org.jenga.service.ProjectService]
[6] Unsatisfied dependency for type org.jenga.mapper.LabelMapper and qualifiers [@Default]
	- injection target: parameter 'labelMapper' of org.jenga.service.ProjectService constructor
	- declared on CLASS bean [types=[java.lang.Object, org.jenga.service.ProjectService], qualifiers=[@Any, @Default], target=org.jenga.service.ProjectService]
	at io.quarkus.arc.processor.BeanDeployment.processErrors(BeanDeployment.java:1602)
	at io.quarkus.arc.processor.BeanDeployment.init(BeanDeployment.java:341)
	at io.quarkus.arc.processor.BeanProcessor.initialize(BeanProcessor.java:178)
	at io.quarkus.arc.deployment.ArcProcessor.validate(ArcProcessor.java:488)
	at java.base/java.lang.invoke.MethodHandle.invokeWithArguments(MethodHandle.java:733)
	at io.quarkus.deployment.ExtensionLoader$3.execute(ExtensionLoader.java:874)
	at io.quarkus.builder.BuildContext.run(BuildContext.java:255)
	at org.jboss.threads.ContextHandler$1.runWith(ContextHandler.java:18)
	at org.jboss.threads.EnhancedQueueExecutor$Task.doRunWith(EnhancedQueueExecutor.java:2651)
	at org.jboss.threads.EnhancedQueueExecutor$Task.run(EnhancedQueueExecutor.java:2630)
	at org.jboss.threads.EnhancedQueueExecutor.runThreadBody(EnhancedQueueExecutor.java:1622)
	at org.jboss.threads.EnhancedQueueExecutor$ThreadBody.run(EnhancedQueueExecutor.java:1589)
	at java.base/java.lang.Thread.run(Thread.java:1583)
	at org.jboss.threads.JBossThread.run(JBossThread.java:501)
	Suppressed: jakarta.enterprise.inject.UnsatisfiedResolutionException: Unsatisfied dependency for type org.jenga.mapper.TicketMapper and qualifiers [@Default]
	- injection target: parameter 'ticketMapper' of org.jenga.service.TicketService constructor
	- declared on CLASS bean [types=[java.lang.Object, org.jenga.service.TicketService], qualifiers=[@Any, @Default], target=org.jenga.service.TicketService]
		at io.quarkus.arc.processor.Beans.resolveInjectionPoint(Beans.java:547)
		at io.quarkus.arc.processor.BeanInfo.init(BeanInfo.java:689)
		at io.quarkus.arc.processor.BeanDeployment.init(BeanDeployment.java:326)
		... 12 more
	Suppressed: jakarta.enterprise.inject.UnsatisfiedResolutionException: Unsatisfied dependency for type org.jenga.mapper.CommentMapper and qualifiers [@Default]
	- injection target: parameter 'commentMapper' of org.jenga.service.TicketService constructor
	- declared on CLASS bean [types=[java.lang.Object, org.jenga.service.TicketService], qualifiers=[@Any, @Default], target=org.jenga.service.TicketService]
		at io.quarkus.arc.processor.Beans.resolveInjectionPoint(Beans.java:547)
		at io.quarkus.arc.processor.BeanInfo.init(BeanInfo.java:689)
		at io.quarkus.arc.processor.BeanDeployment.init(BeanDeployment.java:326)
		... 12 more
	Suppressed: jakarta.enterprise.inject.UnsatisfiedResolutionException: Unsatisfied dependency for type org.jenga.mapper.AcceptanceCriteriaMapper and qualifiers [@Default]
	- injection target: parameter 'acceptanceCriteriaMapper' of org.jenga.service.TicketService constructor
	- declared on CLASS bean [types=[java.lang.Object, org.jenga.service.TicketService], qualifiers=[@Any, @Default], target=org.jenga.service.TicketService]
		at io.quarkus.arc.processor.Beans.resolveInjectionPoint(Beans.java:547)
		at io.quarkus.arc.processor.BeanInfo.init(BeanInfo.java:689)
		at io.quarkus.arc.processor.BeanDeployment.init(BeanDeployment.java:326)
		... 12 more
	Suppressed: jakarta.enterprise.inject.UnsatisfiedResolutionException: Unsatisfied dependency for type org.jenga.mapper.UserMapper and qualifiers [@Default]
	- injection target: parameter 'userMapper' of org.jenga.service.UserService constructor
	- declared on CLASS bean [types=[java.lang.Object, org.jenga.service.UserService], qualifiers=[@Any, @Default], target=org.jenga.service.UserService]
		at io.quarkus.arc.processor.Beans.resolveInjectionPoint(Beans.java:547)
		at io.quarkus.arc.processor.BeanInfo.init(BeanInfo.java:689)
		at io.quarkus.arc.processor.BeanDeployment.init(BeanDeployment.java:326)
		... 12 more
	Suppressed: jakarta.enterprise.inject.UnsatisfiedResolutionException: Unsatisfied dependency for type org.jenga.mapper.ProjectMapper and qualifiers [@Default]
	- injection target: parameter 'projectMapper' of org.jenga.service.ProjectService constructor
	- declared on CLASS bean [types=[java.lang.Object, org.jenga.service.ProjectService], qualifiers=[@Any, @Default], target=org.jenga.service.ProjectService]
		at io.quarkus.arc.processor.Beans.resolveInjectionPoint(Beans.java:547)
		at io.quarkus.arc.processor.BeanInfo.init(BeanInfo.java:689)
		at io.quarkus.arc.processor.BeanDeployment.init(BeanDeployment.java:326)
		... 12 more
	Suppressed: jakarta.enterprise.inject.UnsatisfiedResolutionException: Unsatisfied dependency for type org.jenga.mapper.LabelMapper and qualifiers [@Default]
	- injection target: parameter 'labelMapper' of org.jenga.service.ProjectService constructor
	- declared on CLASS bean [types=[java.lang.Object, org.jenga.service.ProjectService], qualifiers=[@Any, @Default], target=org.jenga.service.ProjectService]
		at io.quarkus.arc.processor.Beans.resolveInjectionPoint(Beans.java:547)
		at io.quarkus.arc.processor.BeanInfo.init(BeanInfo.java:689)
		at io.quarkus.arc.processor.BeanDeployment.init(BeanDeployment.java:326)
		... 12 more

	at io.quarkus.builder.Execution.run(Execution.java:122)
	at io.quarkus.builder.BuildExecutionBuilder.execute(BuildExecutionBuilder.java:78)
	at io.quarkus.deployment.QuarkusAugmentor.run(QuarkusAugmentor.java:160)
	at io.quarkus.runner.bootstrap.AugmentActionImpl.runAugment(AugmentActionImpl.java:372)
	... 55 more
Caused by: jakarta.enterprise.inject.spi.DeploymentException: Found 6 deployment problems: 
[1] Unsatisfied dependency for type org.jenga.mapper.TicketMapper and qualifiers [@Default]
	- injection target: parameter 'ticketMapper' of org.jenga.service.TicketService constructor
	- declared on CLASS bean [types=[java.lang.Object, org.jenga.service.TicketService], qualifiers=[@Any, @Default], target=org.jenga.service.TicketService]
[2] Unsatisfied dependency for type org.jenga.mapper.CommentMapper and qualifiers [@Default]
	- injection target: parameter 'commentMapper' of org.jenga.service.TicketService constructor
	- declared on CLASS bean [types=[java.lang.Object, org.jenga.service.TicketService], qualifiers=[@Any, @Default], target=org.jenga.service.TicketService]
[3] Unsatisfied dependency for type org.jenga.mapper.AcceptanceCriteriaMapper and qualifiers [@Default]
	- injection target: parameter 'acceptanceCriteriaMapper' of org.jenga.service.TicketService constructor
	- declared on CLASS bean [types=[java.lang.Object, org.jenga.service.TicketService], qualifiers=[@Any, @Default], target=org.jenga.service.TicketService]
[4] Unsatisfied dependency for type org.jenga.mapper.UserMapper and qualifiers [@Default]
	- injection target: parameter 'userMapper' of org.jenga.service.UserService constructor
	- declared on CLASS bean [types=[java.lang.Object, org.jenga.service.UserService], qualifiers=[@Any, @Default], target=org.jenga.service.UserService]
[5] Unsatisfied dependency for type org.jenga.mapper.ProjectMapper and qualifiers [@Default]
	- injection target: parameter 'projectMapper' of org.jenga.service.ProjectService constructor
	- declared on CLASS bean [types=[java.lang.Object, org.jenga.service.ProjectService], qualifiers=[@Any, @Default], target=org.jenga.service.ProjectService]
[6] Unsatisfied dependency for type org.jenga.mapper.LabelMapper and qualifiers [@Default]
	- injection target: parameter 'labelMapper' of org.jenga.service.ProjectService constructor
	- declared on CLASS bean [types=[java.lang.Object, org.jenga.service.ProjectService], qualifiers=[@Any, @Default], target=org.jenga.service.ProjectService]
	at io.quarkus.arc.processor.BeanDeployment.processErrors(BeanDeployment.java:1602)
	at io.quarkus.arc.processor.BeanDeployment.init(BeanDeployment.java:341)
	at io.quarkus.arc.processor.BeanProcessor.initialize(BeanProcessor.java:178)
	at io.quarkus.arc.deployment.ArcProcessor.validate(ArcProcessor.java:488)
	at java.base/java.lang.invoke.MethodHandle.invokeWithArguments(MethodHandle.java:733)
	at io.quarkus.deployment.ExtensionLoader$3.execute(ExtensionLoader.java:874)
	at io.quarkus.builder.BuildContext.run(BuildContext.java:255)
	at org.jboss.threads.ContextHandler$1.runWith(ContextHandler.java:18)
	at org.jboss.threads.EnhancedQueueExecutor$Task.doRunWith(EnhancedQueueExecutor.java:2651)
	at org.jboss.threads.EnhancedQueueExecutor$Task.run(EnhancedQueueExecutor.java:2630)
	at org.jboss.threads.EnhancedQueueExecutor.runThreadBody(EnhancedQueueExecutor.java:1622)
	at org.jboss.threads.EnhancedQueueExecutor$ThreadBody.run(EnhancedQueueExecutor.java:1589)
	at java.base/java.lang.Thread.run(Thread.java:1583)
	at org.jboss.threads.JBossThread.run(JBossThread.java:501)
	Suppressed: jakarta.enterprise.inject.UnsatisfiedResolutionException: Unsatisfied dependency for type org.jenga.mapper.TicketMapper and qualifiers [@Default]
	- injection target: parameter 'ticketMapper' of org.jenga.service.TicketService constructor
	- declared on CLASS bean [types=[java.lang.Object, org.jenga.service.TicketService], qualifiers=[@Any, @Default], target=org.jenga.service.TicketService]
		at io.quarkus.arc.processor.Beans.resolveInjectionPoint(Beans.java:547)
		at io.quarkus.arc.processor.BeanInfo.init(BeanInfo.java:689)
		at io.quarkus.arc.processor.BeanDeployment.init(BeanDeployment.java:326)
		... 12 more
	Suppressed: jakarta.enterprise.inject.UnsatisfiedResolutionException: Unsatisfied dependency for type org.jenga.mapper.CommentMapper and qualifiers [@Default]
	- injection target: parameter 'commentMapper' of org.jenga.service.TicketService constructor
	- declared on CLASS bean [types=[java.lang.Object, org.jenga.service.TicketService], qualifiers=[@Any, @Default], target=org.jenga.service.TicketService]
		at io.quarkus.arc.processor.Beans.resolveInjectionPoint(Beans.java:547)
		at io.quarkus.arc.processor.BeanInfo.init(BeanInfo.java:689)
		at io.quarkus.arc.processor.BeanDeployment.init(BeanDeployment.java:326)
		... 12 more
	Suppressed: jakarta.enterprise.inject.UnsatisfiedResolutionException: Unsatisfied dependency for type org.jenga.mapper.AcceptanceCriteriaMapper and qualifiers [@Default]
	- injection target: parameter 'acceptanceCriteriaMapper' of org.jenga.service.TicketService constructor
	- declared on CLASS bean [types=[java.lang.Object, org.jenga.service.TicketService], qualifiers=[@Any, @Default], target=org.jenga.service.TicketService]
		at io.quarkus.arc.processor.Beans.resolveInjectionPoint(Beans.java:547)
		at io.quarkus.arc.processor.BeanInfo.init(BeanInfo.java:689)
		at io.quarkus.arc.processor.BeanDeployment.init(BeanDeployment.java:326)
		... 12 more
	Suppressed: jakarta.enterprise.inject.UnsatisfiedResolutionException: Unsatisfied dependency for type org.jenga.mapper.UserMapper and qualifiers [@Default]
	- injection target: parameter 'userMapper' of org.jenga.service.UserService constructor
	- declared on CLASS bean [types=[java.lang.Object, org.jenga.service.UserService], qualifiers=[@Any, @Default], target=org.jenga.service.UserService]
		at io.quarkus.arc.processor.Beans.resolveInjectionPoint(Beans.java:547)
		at io.quarkus.arc.processor.BeanInfo.init(BeanInfo.java:689)
		at io.quarkus.arc.processor.BeanDeployment.init(BeanDeployment.java:326)
		... 12 more
	Suppressed: jakarta.enterprise.inject.UnsatisfiedResolutionException: Unsatisfied dependency for type org.jenga.mapper.ProjectMapper and qualifiers [@Default]
	- injection target: parameter 'projectMapper' of org.jenga.service.ProjectService constructor
	- declared on CLASS bean [types=[java.lang.Object, org.jenga.service.ProjectService], qualifiers=[@Any, @Default], target=org.jenga.service.ProjectService]
		at io.quarkus.arc.processor.Beans.resolveInjectionPoint(Beans.java:547)
		at io.quarkus.arc.processor.BeanInfo.init(BeanInfo.java:689)
		at io.quarkus.arc.processor.BeanDeployment.init(BeanDeployment.java:326)
		... 12 more
	Suppressed: jakarta.enterprise.inject.UnsatisfiedResolutionException: Unsatisfied dependency for type org.jenga.mapper.LabelMapper and qualifiers [@Default]
	- injection target: parameter 'labelMapper' of org.jenga.service.ProjectService constructor
	- declared on CLASS bean [types=[java.lang.Object, org.jenga.service.ProjectService], qualifiers=[@Any, @Default], target=org.jenga.service.ProjectService]
		at io.quarkus.arc.processor.Beans.resolveInjectionPoint(Beans.java:547)
		at io.quarkus.arc.processor.BeanInfo.init(BeanInfo.java:689)
		at io.quarkus.arc.processor.BeanDeployment.init(BeanDeployment.java:326)
		... 12 more

org.junit.platform.launcher.core.DiscoveryIssueException: TestEngine with ID 'junit-jupiter' encountered a critical issue during test discovery:

(1) [ERROR] ClassSelector [className = 'org.jenga.service.ImportServiceTest', classLoader = null] resolution failed
    Source: ClassSource [className = 'org.jenga.service.ImportServiceTest', filePosition = null]
            at org.jenga.service.ImportServiceTest.<no-method>(SourceFile:0)
    Cause: org.junit.platform.commons.PreconditionViolationException: Could not load class with name: org.jenga.service.ImportServiceTest
	at org.junit.platform.engine.discovery.ClassSelector.lambda$getJavaClass$0(ClassSelector.java:98)
	at org.junit.platform.commons.function.Try$Failure.getOrThrow(Try.java:335)
	at org.junit.platform.engine.discovery.ClassSelector.getJavaClass(ClassSelector.java:97)
	at org.junit.jupiter.engine.discovery.ClassSelectorResolver.resolve(ClassSelectorResolver.java:87)
	at org.junit.platform.engine.support.discovery.EngineDiscoveryRequestResolution.lambda$resolve$2(EngineDiscoveryRequestResolution.java:135)
	at java.base/java.util.stream.ReferencePipeline$3$1.accept(ReferencePipeline.java:197)
	at java.base/java.util.ArrayList$ArrayListSpliterator.tryAdvance(ArrayList.java:1685)
	at java.base/java.util.stream.ReferencePipeline.forEachWithCancel(ReferencePipeline.java:129)
	at java.base/java.util.stream.AbstractPipeline.copyIntoWithCancel(AbstractPipeline.java:527)
	at java.base/java.util.stream.AbstractPipeline.copyInto(AbstractPipeline.java:513)
	at java.base/java.util.stream.AbstractPipeline.wrapAndCopyInto(AbstractPipeline.java:499)
	at java.base/java.util.stream.FindOps$FindOp.evaluateSequential(FindOps.java:150)
	at java.base/java.util.stream.AbstractPipeline.evaluate(AbstractPipeline.java:234)
	at java.base/java.util.stream.ReferencePipeline.findFirst(ReferencePipeline.java:647)
	at org.junit.platform.engine.support.discovery.EngineDiscoveryRequestResolution.resolve(EngineDiscoveryRequestResolution.java:189)
	at org.junit.platform.engine.support.discovery.EngineDiscoveryRequestResolution.resolve(EngineDiscoveryRequestResolution.java:126)
	at org.junit.platform.engine.support.discovery.EngineDiscoveryRequestResolution.resolveCompletely(EngineDiscoveryRequestResolution.java:92)
	at org.junit.platform.engine.support.discovery.EngineDiscoveryRequestResolution.run(EngineDiscoveryRequestResolution.java:83)
	at org.junit.platform.engine.support.discovery.EngineDiscoveryRequestResolver.resolve(EngineDiscoveryRequestResolver.java:148)
	at org.junit.jupiter.engine.discovery.DiscoverySelectorResolver.resolveSelectors(DiscoverySelectorResolver.java:63)
	at org.junit.jupiter.engine.JupiterTestEngine.discover(JupiterTestEngine.java:70)
	at org.junit.platform.launcher.core.EngineDiscoveryOrchestrator.discoverEngineRoot(EngineDiscoveryOrchestrator.java:195)
	at org.junit.platform.launcher.core.EngineDiscoveryOrchestrator.discoverSafely(EngineDiscoveryOrchestrator.java:174)
	at org.junit.platform.launcher.core.EngineDiscoveryOrchestrator.discover(EngineDiscoveryOrchestrator.java:119)
	at org.junit.platform.launcher.core.EngineDiscoveryOrchestrator.discover(EngineDiscoveryOrchestrator.java:84)
	at org.junit.platform.launcher.core.DefaultLauncher.discover(DefaultLauncher.java:104)
	at org.junit.platform.launcher.core.DefaultLauncher.discover(DefaultLauncher.java:83)
	at org.junit.platform.launcher.core.DelegatingLauncher.discover(DelegatingLauncher.java:42)
	at org.junit.platform.launcher.core.InterceptingLauncher.lambda$discover$0(InterceptingLauncher.java:33)
	at org.junit.platform.launcher.core.ClasspathAlignmentCheckingLauncherInterceptor.intercept(ClasspathAlignmentCheckingLauncherInterceptor.java:25)
	at org.junit.platform.launcher.core.InterceptingLauncher.discover(InterceptingLauncher.java:33)
	at org.junit.platform.launcher.core.DelegatingLauncher.discover(DelegatingLauncher.java:42)
	at org.apache.maven.surefire.junitplatform.LazyLauncher.discover(LazyLauncher.java:50)
	at org.apache.maven.surefire.junitplatform.TestPlanScannerFilter.accept(TestPlanScannerFilter.java:52)
	at org.apache.maven.surefire.api.util.DefaultScanResult.applyFilter(DefaultScanResult.java:87)
	at org.apache.maven.surefire.junitplatform.JUnitPlatformProvider.scanClasspath(JUnitPlatformProvider.java:144)
	at org.apache.maven.surefire.junitplatform.JUnitPlatformProvider.invoke(JUnitPlatformProvider.java:124)
	at org.apache.maven.surefire.booter.ForkedBooter.runSuitesInProcess(ForkedBooter.java:385)
	at org.apache.maven.surefire.booter.ForkedBooter.execute(ForkedBooter.java:162)
	at org.apache.maven.surefire.booter.ForkedBooter.run(ForkedBooter.java:507)
	at org.apache.maven.surefire.booter.ForkedBooter.main(ForkedBooter.java:495)
Caused by: java.lang.RuntimeException: io.quarkus.builder.BuildException: Build failure: Build failed due to errors
	[error]: Build step io.quarkus.arc.deployment.ArcProcessor#validate threw an exception: jakarta.enterprise.inject.spi.DeploymentException: Found 6 deployment problems: 
[1] Unsatisfied dependency for type org.jenga.mapper.TicketMapper and qualifiers [@Default]
	- injection target: parameter 'ticketMapper' of org.jenga.service.TicketService constructor
	- declared on CLASS bean [types=[java.lang.Object, org.jenga.service.TicketService], qualifiers=[@Any, @Default], target=org.jenga.service.TicketService]
[2] Unsatisfied dependency for type org.jenga.mapper.CommentMapper and qualifiers [@Default]
	- injection target: parameter 'commentMapper' of org.jenga.service.TicketService constructor
	- declared on CLASS bean [types=[java.lang.Object, org.jenga.service.TicketService], qualifiers=[@Any, @Default], target=org.jenga.service.TicketService]
[3] Unsatisfied dependency for type org.jenga.mapper.AcceptanceCriteriaMapper and qualifiers [@Default]
	- injection target: parameter 'acceptanceCriteriaMapper' of org.jenga.service.TicketService constructor
	- declared on CLASS bean [types=[java.lang.Object, org.jenga.service.TicketService], qualifiers=[@Any, @Default], target=org.jenga.service.TicketService]
[4] Unsatisfied dependency for type org.jenga.mapper.UserMapper and qualifiers [@Default]
	- injection target: parameter 'userMapper' of org.jenga.service.UserService constructor
	- declared on CLASS bean [types=[java.lang.Object, org.jenga.service.UserService], qualifiers=[@Any, @Default], target=org.jenga.service.UserService]
[5] Unsatisfied dependency for type org.jenga.mapper.ProjectMapper and qualifiers [@Default]
	- injection target: parameter 'projectMapper' of org.jenga.service.ProjectService constructor
	- declared on CLASS bean [types=[java.lang.Object, org.jenga.service.ProjectService], qualifiers=[@Any, @Default], target=org.jenga.service.ProjectService]
[6] Unsatisfied dependency for type org.jenga.mapper.LabelMapper and qualifiers [@Default]
	- injection target: parameter 'labelMapper' of org.jenga.service.ProjectService constructor
	- declared on CLASS bean [types=[java.lang.Object, org.jenga.service.ProjectService], qualifiers=[@Any, @Default], target=org.jenga.service.ProjectService]
	at io.quarkus.arc.processor.BeanDeployment.processErrors(BeanDeployment.java:1602)
	at io.quarkus.arc.processor.BeanDeployment.init(BeanDeployment.java:341)
	at io.quarkus.arc.processor.BeanProcessor.initialize(BeanProcessor.java:178)
	at io.quarkus.arc.deployment.ArcProcessor.validate(ArcProcessor.java:488)
	at java.base/java.lang.invoke.MethodHandle.invokeWithArguments(MethodHandle.java:733)
	at io.quarkus.deployment.ExtensionLoader$3.execute(ExtensionLoader.java:874)
	at io.quarkus.builder.BuildContext.run(BuildContext.java:255)
	at org.jboss.threads.ContextHandler$1.runWith(ContextHandler.java:18)
	at org.jboss.threads.EnhancedQueueExecutor$Task.doRunWith(EnhancedQueueExecutor.java:2651)
	at org.jboss.threads.EnhancedQueueExecutor$Task.run(EnhancedQueueExecutor.java:2630)
	at org.jboss.threads.EnhancedQueueExecutor.runThreadBody(EnhancedQueueExecutor.java:1622)
	at org.jboss.threads.EnhancedQueueExecutor$ThreadBody.run(EnhancedQueueExecutor.java:1589)
	at java.base/java.lang.Thread.run(Thread.java:1583)
	at org.jboss.threads.JBossThread.run(JBossThread.java:501)
	Suppressed: jakarta.enterprise.inject.UnsatisfiedResolutionException: Unsatisfied dependency for type org.jenga.mapper.TicketMapper and qualifiers [@Default]
	- injection target: parameter 'ticketMapper' of org.jenga.service.TicketService constructor
	- declared on CLASS bean [types=[java.lang.Object, org.jenga.service.TicketService], qualifiers=[@Any, @Default], target=org.jenga.service.TicketService]
		at io.quarkus.arc.processor.Beans.resolveInjectionPoint(Beans.java:547)
		at io.quarkus.arc.processor.BeanInfo.init(BeanInfo.java:689)
		at io.quarkus.arc.processor.BeanDeployment.init(BeanDeployment.java:326)
		... 12 more
	Suppressed: jakarta.enterprise.inject.UnsatisfiedResolutionException: Unsatisfied dependency for type org.jenga.mapper.CommentMapper and qualifiers [@Default]
	- injection target: parameter 'commentMapper' of org.jenga.service.TicketService constructor
	- declared on CLASS bean [types=[java.lang.Object, org.jenga.service.TicketService], qualifiers=[@Any, @Default], target=org.jenga.service.TicketService]
		at io.quarkus.arc.processor.Beans.resolveInjectionPoint(Beans.java:547)
		at io.quarkus.arc.processor.BeanInfo.init(BeanInfo.java:689)
		at io.quarkus.arc.processor.BeanDeployment.init(BeanDeployment.java:326)
		... 12 more
	Suppressed: jakarta.enterprise.inject.UnsatisfiedResolutionException: Unsatisfied dependency for type org.jenga.mapper.AcceptanceCriteriaMapper and qualifiers [@Default]
	- injection target: parameter 'acceptanceCriteriaMapper' of org.jenga.service.TicketService constructor
	- declared on CLASS bean [types=[java.lang.Object, org.jenga.service.TicketService], qualifiers=[@Any, @Default], target=org.jenga.service.TicketService]
		at io.quarkus.arc.processor.Beans.resolveInjectionPoint(Beans.java:547)
		at io.quarkus.arc.processor.BeanInfo.init(BeanInfo.java:689)
		at io.quarkus.arc.processor.BeanDeployment.init(BeanDeployment.java:326)
		... 12 more
	Suppressed: jakarta.enterprise.inject.UnsatisfiedResolutionException: Unsatisfied dependency for type org.jenga.mapper.UserMapper and qualifiers [@Default]
	- injection target: parameter 'userMapper' of org.jenga.service.UserService constructor
	- declared on CLASS bean [types=[java.lang.Object, org.jenga.service.UserService], qualifiers=[@Any, @Default], target=org.jenga.service.UserService]
		at io.quarkus.arc.processor.Beans.resolveInjectionPoint(Beans.java:547)
		at io.quarkus.arc.processor.BeanInfo.init(BeanInfo.java:689)
		at io.quarkus.arc.processor.BeanDeployment.init(BeanDeployment.java:326)
		... 12 more
	Suppressed: jakarta.enterprise.inject.UnsatisfiedResolutionException: Unsatisfied dependency for type org.jenga.mapper.ProjectMapper and qualifiers [@Default]
	- injection target: parameter 'projectMapper' of org.jenga.service.ProjectService constructor
	- declared on CLASS bean [types=[java.lang.Object, org.jenga.service.ProjectService], qualifiers=[@Any, @Default], target=org.jenga.service.ProjectService]
		at io.quarkus.arc.processor.Beans.resolveInjectionPoint(Beans.java:547)
		at io.quarkus.arc.processor.BeanInfo.init(BeanInfo.java:689)
		at io.quarkus.arc.processor.BeanDeployment.init(BeanDeployment.java:326)
		... 12 more
	Suppressed: jakarta.enterprise.inject.UnsatisfiedResolutionException: Unsatisfied dependency for type org.jenga.mapper.LabelMapper and qualifiers [@Default]
	- injection target: parameter 'labelMapper' of org.jenga.service.ProjectService constructor
	- declared on CLASS bean [types=[java.lang.Object, org.jenga.service.ProjectService], qualifiers=[@Any, @Default], target=org.jenga.service.ProjectService]
		at io.quarkus.arc.processor.Beans.resolveInjectionPoint(Beans.java:547)
		at io.quarkus.arc.processor.BeanInfo.init(BeanInfo.java:689)
		at io.quarkus.arc.processor.BeanDeployment.init(BeanDeployment.java:326)
		... 12 more

	at io.quarkus.runner.bootstrap.AugmentActionImpl.runAugment(AugmentActionImpl.java:376)
	at io.quarkus.runner.bootstrap.AugmentActionImpl.createInitialRuntimeApplication(AugmentActionImpl.java:293)
	at io.quarkus.runner.bootstrap.AugmentActionImpl.createInitialRuntimeApplication(AugmentActionImpl.java:61)
	at io.quarkus.test.junit.AppMakerHelper.getStartupAction(AppMakerHelper.java:253)
	at io.quarkus.test.junit.classloading.FacadeClassLoader.getOrCreateRuntimeClassLoader(FacadeClassLoader.java:544)
	at io.quarkus.test.junit.classloading.FacadeClassLoader.getQuarkusClassLoader(FacadeClassLoader.java:441)
	at io.quarkus.test.junit.classloading.FacadeClassLoader.loadClass(FacadeClassLoader.java:330)
	at java.base/java.lang.Class.forName0(Native Method)
	at java.base/java.lang.Class.forName(Class.java:534)
	at java.base/java.lang.Class.forName(Class.java:513)
	at org.junit.platform.commons.util.ReflectionUtils.lambda$tryToLoadClass$10(ReflectionUtils.java:886)
	at org.junit.platform.commons.function.Try.lambda$call$0(Try.java:57)
	at org.junit.platform.commons.function.Try.of(Try.java:93)
	at org.junit.platform.commons.function.Try.call(Try.java:57)
	at org.junit.platform.commons.util.ReflectionUtils.tryToLoadClass(ReflectionUtils.java:873)
	at org.junit.platform.commons.util.ReflectionUtils.tryToLoadClass(ReflectionUtils.java:810)
	at org.junit.platform.commons.support.ReflectionSupport.tryToLoadClass(ReflectionSupport.java:94)
	at org.junit.platform.engine.discovery.ClassSelector.getJavaClass(ClassSelector.java:95)
	... 38 more
Caused by: io.quarkus.builder.BuildException: Build failure: Build failed due to errors
	[error]: Build step io.quarkus.arc.deployment.ArcProcessor#validate threw an exception: jakarta.enterprise.inject.spi.DeploymentException: Found 6 deployment problems: 
[1] Unsatisfied dependency for type org.jenga.mapper.TicketMapper and qualifiers [@Default]
	- injection target: parameter 'ticketMapper' of org.jenga.service.TicketService constructor
	- declared on CLASS bean [types=[java.lang.Object, org.jenga.service.TicketService], qualifiers=[@Any, @Default], target=org.jenga.service.TicketService]
[2] Unsatisfied dependency for type org.jenga.mapper.CommentMapper and qualifiers [@Default]
	- injection target: parameter 'commentMapper' of org.jenga.service.TicketService constructor
	- declared on CLASS bean [types=[java.lang.Object, org.jenga.service.TicketService], qualifiers=[@Any, @Default], target=org.jenga.service.TicketService]
[3] Unsatisfied dependency for type org.jenga.mapper.AcceptanceCriteriaMapper and qualifiers [@Default]
	- injection target: parameter 'acceptanceCriteriaMapper' of org.jenga.service.TicketService constructor
	- declared on CLASS bean [types=[java.lang.Object, org.jenga.service.TicketService], qualifiers=[@Any, @Default], target=org.jenga.service.TicketService]
[4] Unsatisfied dependency for type org.jenga.mapper.UserMapper and qualifiers [@Default]
	- injection target: parameter 'userMapper' of org.jenga.service.UserService constructor
	- declared on CLASS bean [types=[java.lang.Object, org.jenga.service.UserService], qualifiers=[@Any, @Default], target=org.jenga.service.UserService]
[5] Unsatisfied dependency for type org.jenga.mapper.ProjectMapper and qualifiers [@Default]
	- injection target: parameter 'projectMapper' of org.jenga.service.ProjectService constructor
	- declared on CLASS bean [types=[java.lang.Object, org.jenga.service.ProjectService], qualifiers=[@Any, @Default], target=org.jenga.service.ProjectService]
[6] Unsatisfied dependency for type org.jenga.mapper.LabelMapper and qualifiers [@Default]
	- injection target: parameter 'labelMapper' of org.jenga.service.ProjectService constructor
	- declared on CLASS bean [types=[java.lang.Object, org.jenga.service.ProjectService], qualifiers=[@Any, @Default], target=org.jenga.service.ProjectService]
	at io.quarkus.arc.processor.BeanDeployment.processErrors(BeanDeployment.java:1602)
	at io.quarkus.arc.processor.BeanDeployment.init(BeanDeployment.java:341)
	at io.quarkus.arc.processor.BeanProcessor.initialize(BeanProcessor.java:178)
	at io.quarkus.arc.deployment.ArcProcessor.validate(ArcProcessor.java:488)
	at java.base/java.lang.invoke.MethodHandle.invokeWithArguments(MethodHandle.java:733)
	at io.quarkus.deployment.ExtensionLoader$3.execute(ExtensionLoader.java:874)
	at io.quarkus.builder.BuildContext.run(BuildContext.java:255)
	at org.jboss.threads.ContextHandler$1.runWith(ContextHandler.java:18)
	at org.jboss.threads.EnhancedQueueExecutor$Task.doRunWith(EnhancedQueueExecutor.java:2651)
	at org.jboss.threads.EnhancedQueueExecutor$Task.run(EnhancedQueueExecutor.java:2630)
	at org.jboss.threads.EnhancedQueueExecutor.runThreadBody(EnhancedQueueExecutor.java:1622)
	at org.jboss.threads.EnhancedQueueExecutor$ThreadBody.run(EnhancedQueueExecutor.java:1589)
	at java.base/java.lang.Thread.run(Thread.java:1583)
	at org.jboss.threads.JBossThread.run(JBossThread.java:501)
	Suppressed: jakarta.enterprise.inject.UnsatisfiedResolutionException: Unsatisfied dependency for type org.jenga.mapper.TicketMapper and qualifiers [@Default]
	- injection target: parameter 'ticketMapper' of org.jenga.service.TicketService constructor
	- declared on CLASS bean [types=[java.lang.Object, org.jenga.service.TicketService], qualifiers=[@Any, @Default], target=org.jenga.service.TicketService]
		at io.quarkus.arc.processor.Beans.resolveInjectionPoint(Beans.java:547)
		at io.quarkus.arc.processor.BeanInfo.init(BeanInfo.java:689)
		at io.quarkus.arc.processor.BeanDeployment.init(BeanDeployment.java:326)
		... 12 more
	Suppressed: jakarta.enterprise.inject.UnsatisfiedResolutionException: Unsatisfied dependency for type org.jenga.mapper.CommentMapper and qualifiers [@Default]
	- injection target: parameter 'commentMapper' of org.jenga.service.TicketService constructor
	- declared on CLASS bean [types=[java.lang.Object, org.jenga.service.TicketService], qualifiers=[@Any, @Default], target=org.jenga.service.TicketService]
		at io.quarkus.arc.processor.Beans.resolveInjectionPoint(Beans.java:547)
		at io.quarkus.arc.processor.BeanInfo.init(BeanInfo.java:689)
		at io.quarkus.arc.processor.BeanDeployment.init(BeanDeployment.java:326)
		... 12 more
	Suppressed: jakarta.enterprise.inject.UnsatisfiedResolutionException: Unsatisfied dependency for type org.jenga.mapper.AcceptanceCriteriaMapper and qualifiers [@Default]
	- injection target: parameter 'acceptanceCriteriaMapper' of org.jenga.service.TicketService constructor
	- declared on CLASS bean [types=[java.lang.Object, org.jenga.service.TicketService], qualifiers=[@Any, @Default], target=org.jenga.service.TicketService]
		at io.quarkus.arc.processor.Beans.resolveInjectionPoint(Beans.java:547)
		at io.quarkus.arc.processor.BeanInfo.init(BeanInfo.java:689)
		at io.quarkus.arc.processor.BeanDeployment.init(BeanDeployment.java:326)
		... 12 more
	Suppressed: jakarta.enterprise.inject.UnsatisfiedResolutionException: Unsatisfied dependency for type org.jenga.mapper.UserMapper and qualifiers [@Default]
	- injection target: parameter 'userMapper' of org.jenga.service.UserService constructor
	- declared on CLASS bean [types=[java.lang.Object, org.jenga.service.UserService], qualifiers=[@Any, @Default], target=org.jenga.service.UserService]
		at io.quarkus.arc.processor.Beans.resolveInjectionPoint(Beans.java:547)
		at io.quarkus.arc.processor.BeanInfo.init(BeanInfo.java:689)
		at io.quarkus.arc.processor.BeanDeployment.init(BeanDeployment.java:326)
		... 12 more
	Suppressed: jakarta.enterprise.inject.UnsatisfiedResolutionException: Unsatisfied dependency for type org.jenga.mapper.ProjectMapper and qualifiers [@Default]
	- injection target: parameter 'projectMapper' of org.jenga.service.ProjectService constructor
	- declared on CLASS bean [types=[java.lang.Object, org.jenga.service.ProjectService], qualifiers=[@Any, @Default], target=org.jenga.service.ProjectService]
		at io.quarkus.arc.processor.Beans.resolveInjectionPoint(Beans.java:547)
		at io.quarkus.arc.processor.BeanInfo.init(BeanInfo.java:689)
		at io.quarkus.arc.processor.BeanDeployment.init(BeanDeployment.java:326)
		... 12 more
	Suppressed: jakarta.enterprise.inject.UnsatisfiedResolutionException: Unsatisfied dependency for type org.jenga.mapper.LabelMapper and qualifiers [@Default]
	- injection target: parameter 'labelMapper' of org.jenga.service.ProjectService constructor
	- declared on CLASS bean [types=[java.lang.Object, org.jenga.service.ProjectService], qualifiers=[@Any, @Default], target=org.jenga.service.ProjectService]
		at io.quarkus.arc.processor.Beans.resolveInjectionPoint(Beans.java:547)
		at io.quarkus.arc.processor.BeanInfo.init(BeanInfo.java:689)
		at io.quarkus.arc.processor.BeanDeployment.init(BeanDeployment.java:326)
		... 12 more

	at io.quarkus.builder.Execution.run(Execution.java:122)
	at io.quarkus.builder.BuildExecutionBuilder.execute(BuildExecutionBuilder.java:78)
	at io.quarkus.deployment.QuarkusAugmentor.run(QuarkusAugmentor.java:160)
	at io.quarkus.runner.bootstrap.AugmentActionImpl.runAugment(AugmentActionImpl.java:372)
	... 55 more
Caused by: jakarta.enterprise.inject.spi.DeploymentException: Found 6 deployment problems: 
[1] Unsatisfied dependency for type org.jenga.mapper.TicketMapper and qualifiers [@Default]
	- injection target: parameter 'ticketMapper' of org.jenga.service.TicketService constructor
	- declared on CLASS bean [types=[java.lang.Object, org.jenga.service.TicketService], qualifiers=[@Any, @Default], target=org.jenga.service.TicketService]
[2] Unsatisfied dependency for type org.jenga.mapper.CommentMapper and qualifiers [@Default]
	- injection target: parameter 'commentMapper' of org.jenga.service.TicketService constructor
	- declared on CLASS bean [types=[java.lang.Object, org.jenga.service.TicketService], qualifiers=[@Any, @Default], target=org.jenga.service.TicketService]
[3] Unsatisfied dependency for type org.jenga.mapper.AcceptanceCriteriaMapper and qualifiers [@Default]
	- injection target: parameter 'acceptanceCriteriaMapper' of org.jenga.service.TicketService constructor
	- declared on CLASS bean [types=[java.lang.Object, org.jenga.service.TicketService], qualifiers=[@Any, @Default], target=org.jenga.service.TicketService]
[4] Unsatisfied dependency for type org.jenga.mapper.UserMapper and qualifiers [@Default]
	- injection target: parameter 'userMapper' of org.jenga.service.UserService constructor
	- declared on CLASS bean [types=[java.lang.Object, org.jenga.service.UserService], qualifiers=[@Any, @Default], target=org.jenga.service.UserService]
[5] Unsatisfied dependency for type org.jenga.mapper.ProjectMapper and qualifiers [@Default]
	- injection target: parameter 'projectMapper' of org.jenga.service.ProjectService constructor
	- declared on CLASS bean [types=[java.lang.Object, org.jenga.service.ProjectService], qualifiers=[@Any, @Default], target=org.jenga.service.ProjectService]
[6] Unsatisfied dependency for type org.jenga.mapper.LabelMapper and qualifiers [@Default]
	- injection target: parameter 'labelMapper' of org.jenga.service.ProjectService constructor
	- declared on CLASS bean [types=[java.lang.Object, org.jenga.service.ProjectService], qualifiers=[@Any, @Default], target=org.jenga.service.ProjectService]
	at io.quarkus.arc.processor.BeanDeployment.processErrors(BeanDeployment.java:1602)
	at io.quarkus.arc.processor.BeanDeployment.init(BeanDeployment.java:341)
	at io.quarkus.arc.processor.BeanProcessor.initialize(BeanProcessor.java:178)
	at io.quarkus.arc.deployment.ArcProcessor.validate(ArcProcessor.java:488)
	at java.base/java.lang.invoke.MethodHandle.invokeWithArguments(MethodHandle.java:733)
	at io.quarkus.deployment.ExtensionLoader$3.execute(ExtensionLoader.java:874)
	at io.quarkus.builder.BuildContext.run(BuildContext.java:255)
	at org.jboss.threads.ContextHandler$1.runWith(ContextHandler.java:18)
	at org.jboss.threads.EnhancedQueueExecutor$Task.doRunWith(EnhancedQueueExecutor.java:2651)
	at org.jboss.threads.EnhancedQueueExecutor$Task.run(EnhancedQueueExecutor.java:2630)
	at org.jboss.threads.EnhancedQueueExecutor.runThreadBody(EnhancedQueueExecutor.java:1622)
	at org.jboss.threads.EnhancedQueueExecutor$ThreadBody.run(EnhancedQueueExecutor.java:1589)
	at java.base/java.lang.Thread.run(Thread.java:1583)
	at org.jboss.threads.JBossThread.run(JBossThread.java:501)
	Suppressed: jakarta.enterprise.inject.UnsatisfiedResolutionException: Unsatisfied dependency for type org.jenga.mapper.TicketMapper and qualifiers [@Default]
	- injection target: parameter 'ticketMapper' of org.jenga.service.TicketService constructor
	- declared on CLASS bean [types=[java.lang.Object, org.jenga.service.TicketService], qualifiers=[@Any, @Default], target=org.jenga.service.TicketService]
		at io.quarkus.arc.processor.Beans.resolveInjectionPoint(Beans.java:547)
		at io.quarkus.arc.processor.BeanInfo.init(BeanInfo.java:689)
		at io.quarkus.arc.processor.BeanDeployment.init(BeanDeployment.java:326)
		... 12 more
	Suppressed: jakarta.enterprise.inject.UnsatisfiedResolutionException: Unsatisfied dependency for type org.jenga.mapper.CommentMapper and qualifiers [@Default]
	- injection target: parameter 'commentMapper' of org.jenga.service.TicketService constructor
	- declared on CLASS bean [types=[java.lang.Object, org.jenga.service.TicketService], qualifiers=[@Any, @Default], target=org.jenga.service.TicketService]
		at io.quarkus.arc.processor.Beans.resolveInjectionPoint(Beans.java:547)
		at io.quarkus.arc.processor.BeanInfo.init(BeanInfo.java:689)
		at io.quarkus.arc.processor.BeanDeployment.init(BeanDeployment.java:326)
		... 12 more
	Suppressed: jakarta.enterprise.inject.UnsatisfiedResolutionException: Unsatisfied dependency for type org.jenga.mapper.AcceptanceCriteriaMapper and qualifiers [@Default]
	- injection target: parameter 'acceptanceCriteriaMapper' of org.jenga.service.TicketService constructor
	- declared on CLASS bean [types=[java.lang.Object, org.jenga.service.TicketService], qualifiers=[@Any, @Default], target=org.jenga.service.TicketService]
		at io.quarkus.arc.processor.Beans.resolveInjectionPoint(Beans.java:547)
		at io.quarkus.arc.processor.BeanInfo.init(BeanInfo.java:689)
		at io.quarkus.arc.processor.BeanDeployment.init(BeanDeployment.java:326)
		... 12 more
	Suppressed: jakarta.enterprise.inject.UnsatisfiedResolutionException: Unsatisfied dependency for type org.jenga.mapper.UserMapper and qualifiers [@Default]
	- injection target: parameter 'userMapper' of org.jenga.service.UserService constructor
	- declared on CLASS bean [types=[java.lang.Object, org.jenga.service.UserService], qualifiers=[@Any, @Default], target=org.jenga.service.UserService]
		at io.quarkus.arc.processor.Beans.resolveInjectionPoint(Beans.java:547)
		at io.quarkus.arc.processor.BeanInfo.init(BeanInfo.java:689)
		at io.quarkus.arc.processor.BeanDeployment.init(BeanDeployment.java:326)
		... 12 more
	Suppressed: jakarta.enterprise.inject.UnsatisfiedResolutionException: Unsatisfied dependency for type org.jenga.mapper.ProjectMapper and qualifiers [@Default]
	- injection target: parameter 'projectMapper' of org.jenga.service.ProjectService constructor
	- declared on CLASS bean [types=[java.lang.Object, org.jenga.service.ProjectService], qualifiers=[@Any, @Default], target=org.jenga.service.ProjectService]
		at io.quarkus.arc.processor.Beans.resolveInjectionPoint(Beans.java:547)
		at io.quarkus.arc.processor.BeanInfo.init(BeanInfo.java:689)
		at io.quarkus.arc.processor.BeanDeployment.init(BeanDeployment.java:326)
		... 12 more
	Suppressed: jakarta.enterprise.inject.UnsatisfiedResolutionException: Unsatisfied dependency for type org.jenga.mapper.LabelMapper and qualifiers [@Default]
	- injection target: parameter 'labelMapper' of org.jenga.service.ProjectService constructor
	- declared on CLASS bean [types=[java.lang.Object, org.jenga.service.ProjectService], qualifiers=[@Any, @Default], target=org.jenga.service.ProjectService]
		at io.quarkus.arc.processor.Beans.resolveInjectionPoint(Beans.java:547)
		at io.quarkus.arc.processor.BeanInfo.init(BeanInfo.java:689)
		at io.quarkus.arc.processor.BeanDeployment.init(BeanDeployment.java:326)
		... 12 more


org.apache.maven.surefire.booter.SurefireBooterForkException: There was an error in the forked process
TestEngine with ID 'junit-jupiter' encountered a critical issue during test discovery:

(1) [ERROR] ClassSelector [className = 'org.jenga.service.ImportServiceTest', classLoader = null] resolution failed
    Source: ClassSource [className = 'org.jenga.service.ImportServiceTest', filePosition = null]
            at org.jenga.service.ImportServiceTest.<no-method>(SourceFile:0)
    Cause: org.junit.platform.commons.PreconditionViolationException: Could not load class with name: org.jenga.service.ImportServiceTest
	at org.junit.platform.engine.discovery.ClassSelector.lambda$getJavaClass$0(ClassSelector.java:98)
	at org.junit.platform.commons.function.Try$Failure.getOrThrow(Try.java:335)
	at org.junit.platform.engine.discovery.ClassSelector.getJavaClass(ClassSelector.java:97)
	at org.junit.jupiter.engine.discovery.ClassSelectorResolver.resolve(ClassSelectorResolver.java:87)
	at org.junit.platform.engine.support.discovery.EngineDiscoveryRequestResolution.lambda$resolve$2(EngineDiscoveryRequestResolution.java:135)
	at java.base/java.util.stream.ReferencePipeline$3$1.accept(ReferencePipeline.java:197)
	at java.base/java.util.ArrayList$ArrayListSpliterator.tryAdvance(ArrayList.java:1685)
	at java.base/java.util.stream.ReferencePipeline.forEachWithCancel(ReferencePipeline.java:129)
	at java.base/java.util.stream.AbstractPipeline.copyIntoWithCancel(AbstractPipeline.java:527)
	at java.base/java.util.stream.AbstractPipeline.copyInto(AbstractPipeline.java:513)
	at java.base/java.util.stream.AbstractPipeline.wrapAndCopyInto(AbstractPipeline.java:499)
	at java.base/java.util.stream.FindOps$FindOp.evaluateSequential(FindOps.java:150)
	at java.base/java.util.stream.AbstractPipeline.evaluate(AbstractPipeline.java:234)
	at java.base/java.util.stream.ReferencePipeline.findFirst(ReferencePipeline.java:647)
	at org.junit.platform.engine.support.discovery.EngineDiscoveryRequestResolution.resolve(EngineDiscoveryRequestResolution.java:189)
	at org.junit.platform.engine.support.discovery.EngineDiscoveryRequestResolution.resolve(EngineDiscoveryRequestResolution.java:126)
	at org.junit.platform.engine.support.discovery.EngineDiscoveryRequestResolution.resolveCompletely(EngineDiscoveryRequestResolution.java:92)
	at org.junit.platform.engine.support.discovery.EngineDiscoveryRequestResolution.run(EngineDiscoveryRequestResolution.java:83)
	at org.junit.platform.engine.support.discovery.EngineDiscoveryRequestResolver.resolve(EngineDiscoveryRequestResolver.java:148)
	at org.junit.jupiter.engine.discovery.DiscoverySelectorResolver.resolveSelectors(DiscoverySelectorResolver.java:63)
	at org.junit.jupiter.engine.JupiterTestEngine.discover(JupiterTestEngine.java:70)
	at org.junit.platform.launcher.core.EngineDiscoveryOrchestrator.discoverEngineRoot(EngineDiscoveryOrchestrator.java:195)
	at org.junit.platform.launcher.core.EngineDiscoveryOrchestrator.discoverSafely(EngineDiscoveryOrchestrator.java:174)
	at org.junit.platform.launcher.core.EngineDiscoveryOrchestrator.discover(EngineDiscoveryOrchestrator.java:119)
	at org.junit.platform.launcher.core.EngineDiscoveryOrchestrator.discover(EngineDiscoveryOrchestrator.java:84)
	at org.junit.platform.launcher.core.DefaultLauncher.discover(DefaultLauncher.java:104)
	at org.junit.platform.launcher.core.DefaultLauncher.discover(DefaultLauncher.java:83)
	at org.junit.platform.launcher.core.DelegatingLauncher.discover(DelegatingLauncher.java:42)
	at org.junit.platform.launcher.core.InterceptingLauncher.lambda$discover$0(InterceptingLauncher.java:33)
	at org.junit.platform.launcher.core.ClasspathAlignmentCheckingLauncherInterceptor.intercept(ClasspathAlignmentCheckingLauncherInterceptor.java:25)
	at org.junit.platform.launcher.core.InterceptingLauncher.discover(InterceptingLauncher.java:33)
	at org.junit.platform.launcher.core.DelegatingLauncher.discover(DelegatingLauncher.java:42)
	at org.apache.maven.surefire.junitplatform.LazyLauncher.discover(LazyLauncher.java:50)
	at org.apache.maven.surefire.junitplatform.TestPlanScannerFilter.accept(TestPlanScannerFilter.java:52)
	at org.apache.maven.surefire.api.util.DefaultScanResult.applyFilter(DefaultScanResult.java:87)
	at org.apache.maven.surefire.junitplatform.JUnitPlatformProvider.scanClasspath(JUnitPlatformProvider.java:144)
	at org.apache.maven.surefire.junitplatform.JUnitPlatformProvider.invoke(JUnitPlatformProvider.java:124)
	at org.apache.maven.surefire.booter.ForkedBooter.runSuitesInProcess(ForkedBooter.java:385)
	at org.apache.maven.surefire.booter.ForkedBooter.execute(ForkedBooter.java:162)
	at org.apache.maven.surefire.booter.ForkedBooter.run(ForkedBooter.java:507)
	at org.apache.maven.surefire.booter.ForkedBooter.main(ForkedBooter.java:495)
Caused by: java.lang.RuntimeException: io.quarkus.builder.BuildException: Build failure: Build failed due to errors
	[error]: Build step io.quarkus.arc.deployment.ArcProcessor#validate threw an exception: jakarta.enterprise.inject.spi.DeploymentException: Found 6 deployment problems: 
[1] Unsatisfied dependency for type org.jenga.mapper.TicketMapper and qualifiers [@Default]
	- injection target: parameter 'ticketMapper' of org.jenga.service.TicketService constructor
	- declared on CLASS bean [types=[java.lang.Object, org.jenga.service.TicketService], qualifiers=[@Any, @Default], target=org.jenga.service.TicketService]
[2] Unsatisfied dependency for type org.jenga.mapper.CommentMapper and qualifiers [@Default]
	- injection target: parameter 'commentMapper' of org.jenga.service.TicketService constructor
	- declared on CLASS bean [types=[java.lang.Object, org.jenga.service.TicketService], qualifiers=[@Any, @Default], target=org.jenga.service.TicketService]
[3] Unsatisfied dependency for type org.jenga.mapper.AcceptanceCriteriaMapper and qualifiers [@Default]
	- injection target: parameter 'acceptanceCriteriaMapper' of org.jenga.service.TicketService constructor
	- declared on CLASS bean [types=[java.lang.Object, org.jenga.service.TicketService], qualifiers=[@Any, @Default], target=org.jenga.service.TicketService]
[4] Unsatisfied dependency for type org.jenga.mapper.UserMapper and qualifiers [@Default]
	- injection target: parameter 'userMapper' of org.jenga.service.UserService constructor
	- declared on CLASS bean [types=[java.lang.Object, org.jenga.service.UserService], qualifiers=[@Any, @Default], target=org.jenga.service.UserService]
[5] Unsatisfied dependency for type org.jenga.mapper.ProjectMapper and qualifiers [@Default]
	- injection target: parameter 'projectMapper' of org.jenga.service.ProjectService constructor
	- declared on CLASS bean [types=[java.lang.Object, org.jenga.service.ProjectService], qualifiers=[@Any, @Default], target=org.jenga.service.ProjectService]
[6] Unsatisfied dependency for type org.jenga.mapper.LabelMapper and qualifiers [@Default]
	- injection target: parameter 'labelMapper' of org.jenga.service.ProjectService constructor
	- declared on CLASS bean [types=[java.lang.Object, org.jenga.service.ProjectService], qualifiers=[@Any, @Default], target=org.jenga.service.ProjectService]
	at io.quarkus.arc.processor.BeanDeployment.processErrors(BeanDeployment.java:1602)
	at io.quarkus.arc.processor.BeanDeployment.init(BeanDeployment.java:341)
	at io.quarkus.arc.processor.BeanProcessor.initialize(BeanProcessor.java:178)
	at io.quarkus.arc.deployment.ArcProcessor.validate(ArcProcessor.java:488)
	at java.base/java.lang.invoke.MethodHandle.invokeWithArguments(MethodHandle.java:733)
	at io.quarkus.deployment.ExtensionLoader$3.execute(ExtensionLoader.java:874)
	at io.quarkus.builder.BuildContext.run(BuildContext.java:255)
	at org.jboss.threads.ContextHandler$1.runWith(ContextHandler.java:18)
	at org.jboss.threads.EnhancedQueueExecutor$Task.doRunWith(EnhancedQueueExecutor.java:2651)
	at org.jboss.threads.EnhancedQueueExecutor$Task.run(EnhancedQueueExecutor.java:2630)
	at org.jboss.threads.EnhancedQueueExecutor.runThreadBody(EnhancedQueueExecutor.java:1622)
	at org.jboss.threads.EnhancedQueueExecutor$ThreadBody.run(EnhancedQueueExecutor.java:1589)
	at java.base/java.lang.Thread.run(Thread.java:1583)
	at org.jboss.threads.JBossThread.run(JBossThread.java:501)
	Suppressed: jakarta.enterprise.inject.UnsatisfiedResolutionException: Unsatisfied dependency for type org.jenga.mapper.TicketMapper and qualifiers [@Default]
	- injection target: parameter 'ticketMapper' of org.jenga.service.TicketService constructor
	- declared on CLASS bean [types=[java.lang.Object, org.jenga.service.TicketService], qualifiers=[@Any, @Default], target=org.jenga.service.TicketService]
		at io.quarkus.arc.processor.Beans.resolveInjectionPoint(Beans.java:547)
		at io.quarkus.arc.processor.BeanInfo.init(BeanInfo.java:689)
		at io.quarkus.arc.processor.BeanDeployment.init(BeanDeployment.java:326)
		... 12 more
	Suppressed: jakarta.enterprise.inject.UnsatisfiedResolutionException: Unsatisfied dependency for type org.jenga.mapper.CommentMapper and qualifiers [@Default]
	- injection target: parameter 'commentMapper' of org.jenga.service.TicketService constructor
	- declared on CLASS bean [types=[java.lang.Object, org.jenga.service.TicketService], qualifiers=[@Any, @Default], target=org.jenga.service.TicketService]
		at io.quarkus.arc.processor.Beans.resolveInjectionPoint(Beans.java:547)
		at io.quarkus.arc.processor.BeanInfo.init(BeanInfo.java:689)
		at io.quarkus.arc.processor.BeanDeployment.init(BeanDeployment.java:326)
		... 12 more
	Suppressed: jakarta.enterprise.inject.UnsatisfiedResolutionException: Unsatisfied dependency for type org.jenga.mapper.AcceptanceCriteriaMapper and qualifiers [@Default]
	- injection target: parameter 'acceptanceCriteriaMapper' of org.jenga.service.TicketService constructor
	- declared on CLASS bean [types=[java.lang.Object, org.jenga.service.TicketService], qualifiers=[@Any, @Default], target=org.jenga.service.TicketService]
		at io.quarkus.arc.processor.Beans.resolveInjectionPoint(Beans.java:547)
		at io.quarkus.arc.processor.BeanInfo.init(BeanInfo.java:689)
		at io.quarkus.arc.processor.BeanDeployment.init(BeanDeployment.java:326)
		... 12 more
	Suppressed: jakarta.enterprise.inject.UnsatisfiedResolutionException: Unsatisfied dependency for type org.jenga.mapper.UserMapper and qualifiers [@Default]
	- injection target: parameter 'userMapper' of org.jenga.service.UserService constructor
	- declared on CLASS bean [types=[java.lang.Object, org.jenga.service.UserService], qualifiers=[@Any, @Default], target=org.jenga.service.UserService]
		at io.quarkus.arc.processor.Beans.resolveInjectionPoint(Beans.java:547)
		at io.quarkus.arc.processor.BeanInfo.init(BeanInfo.java:689)
		at io.quarkus.arc.processor.BeanDeployment.init(BeanDeployment.java:326)
		... 12 more
	Suppressed: jakarta.enterprise.inject.UnsatisfiedResolutionException: Unsatisfied dependency for type org.jenga.mapper.ProjectMapper and qualifiers [@Default]
	- injection target: parameter 'projectMapper' of org.jenga.service.ProjectService constructor
	- declared on CLASS bean [types=[java.lang.Object, org.jenga.service.ProjectService], qualifiers=[@Any, @Default], target=org.jenga.service.ProjectService]
		at io.quarkus.arc.processor.Beans.resolveInjectionPoint(Beans.java:547)
		at io.quarkus.arc.processor.BeanInfo.init(BeanInfo.java:689)
		at io.quarkus.arc.processor.BeanDeployment.init(BeanDeployment.java:326)
		... 12 more
	Suppressed: jakarta.enterprise.inject.UnsatisfiedResolutionException: Unsatisfied dependency for type org.jenga.mapper.LabelMapper and qualifiers [@Default]
	- injection target: parameter 'labelMapper' of org.jenga.service.ProjectService constructor
	- declared on CLASS bean [types=[java.lang.Object, org.jenga.service.ProjectService], qualifiers=[@Any, @Default], target=org.jenga.service.ProjectService]
		at io.quarkus.arc.processor.Beans.resolveInjectionPoint(Beans.java:547)
		at io.quarkus.arc.processor.BeanInfo.init(BeanInfo.java:689)
		at io.quarkus.arc.processor.BeanDeployment.init(BeanDeployment.java:326)
		... 12 more

	at io.quarkus.runner.bootstrap.AugmentActionImpl.runAugment(AugmentActionImpl.java:376)
	at io.quarkus.runner.bootstrap.AugmentActionImpl.createInitialRuntimeApplication(AugmentActionImpl.java:293)
	at io.quarkus.runner.bootstrap.AugmentActionImpl.createInitialRuntimeApplication(AugmentActionImpl.java:61)
	at io.quarkus.test.junit.AppMakerHelper.getStartupAction(AppMakerHelper.java:253)
	at io.quarkus.test.junit.classloading.FacadeClassLoader.getOrCreateRuntimeClassLoader(FacadeClassLoader.java:544)
	at io.quarkus.test.junit.classloading.FacadeClassLoader.getQuarkusClassLoader(FacadeClassLoader.java:441)
	at io.quarkus.test.junit.classloading.FacadeClassLoader.loadClass(FacadeClassLoader.java:330)
	at java.base/java.lang.Class.forName0(Native Method)
	at java.base/java.lang.Class.forName(Class.java:534)
	at java.base/java.lang.Class.forName(Class.java:513)
	at org.junit.platform.commons.util.ReflectionUtils.lambda$tryToLoadClass$10(ReflectionUtils.java:886)
	at org.junit.platform.commons.function.Try.lambda$call$0(Try.java:57)
	at org.junit.platform.commons.function.Try.of(Try.java:93)
	at org.junit.platform.commons.function.Try.call(Try.java:57)
	at org.junit.platform.commons.util.ReflectionUtils.tryToLoadClass(ReflectionUtils.java:873)
	at org.junit.platform.commons.util.ReflectionUtils.tryToLoadClass(ReflectionUtils.java:810)
	at org.junit.platform.commons.support.ReflectionSupport.tryToLoadClass(ReflectionSupport.java:94)
	at org.junit.platform.engine.discovery.ClassSelector.getJavaClass(ClassSelector.java:95)
	... 38 more
Caused by: io.quarkus.builder.BuildException: Build failure: Build failed due to errors
	[error]: Build step io.quarkus.arc.deployment.ArcProcessor#validate threw an exception: jakarta.enterprise.inject.spi.DeploymentException: Found 6 deployment problems: 
[1] Unsatisfied dependency for type org.jenga.mapper.TicketMapper and qualifiers [@Default]
	- injection target: parameter 'ticketMapper' of org.jenga.service.TicketService constructor
	- declared on CLASS bean [types=[java.lang.Object, org.jenga.service.TicketService], qualifiers=[@Any, @Default], target=org.jenga.service.TicketService]
[2] Unsatisfied dependency for type org.jenga.mapper.CommentMapper and qualifiers [@Default]
	- injection target: parameter 'commentMapper' of org.jenga.service.TicketService constructor
	- declared on CLASS bean [types=[java.lang.Object, org.jenga.service.TicketService], qualifiers=[@Any, @Default], target=org.jenga.service.TicketService]
[3] Unsatisfied dependency for type org.jenga.mapper.AcceptanceCriteriaMapper and qualifiers [@Default]
	- injection target: parameter 'acceptanceCriteriaMapper' of org.jenga.service.TicketService constructor
	- declared on CLASS bean [types=[java.lang.Object, org.jenga.service.TicketService], qualifiers=[@Any, @Default], target=org.jenga.service.TicketService]
[4] Unsatisfied dependency for type org.jenga.mapper.UserMapper and qualifiers [@Default]
	- injection target: parameter 'userMapper' of org.jenga.service.UserService constructor
	- declared on CLASS bean [types=[java.lang.Object, org.jenga.service.UserService], qualifiers=[@Any, @Default], target=org.jenga.service.UserService]
[5] Unsatisfied dependency for type org.jenga.mapper.ProjectMapper and qualifiers [@Default]
	- injection target: parameter 'projectMapper' of org.jenga.service.ProjectService constructor
	- declared on CLASS bean [types=[java.lang.Object, org.jenga.service.ProjectService], qualifiers=[@Any, @Default], target=org.jenga.service.ProjectService]
[6] Unsatisfied dependency for type org.jenga.mapper.LabelMapper and qualifiers [@Default]
	- injection target: parameter 'labelMapper' of org.jenga.service.ProjectService constructor
	- declared on CLASS bean [types=[java.lang.Object, org.jenga.service.ProjectService], qualifiers=[@Any, @Default], target=org.jenga.service.ProjectService]
	at io.quarkus.arc.processor.BeanDeployment.processErrors(BeanDeployment.java:1602)
	at io.quarkus.arc.processor.BeanDeployment.init(BeanDeployment.java:341)
	at io.quarkus.arc.processor.BeanProcessor.initialize(BeanProcessor.java:178)
	at io.quarkus.arc.deployment.ArcProcessor.validate(ArcProcessor.java:488)
	at java.base/java.lang.invoke.MethodHandle.invokeWithArguments(MethodHandle.java:733)
	at io.quarkus.deployment.ExtensionLoader$3.execute(ExtensionLoader.java:874)
	at io.quarkus.builder.BuildContext.run(BuildContext.java:255)
	at org.jboss.threads.ContextHandler$1.runWith(ContextHandler.java:18)
	at org.jboss.threads.EnhancedQueueExecutor$Task.doRunWith(EnhancedQueueExecutor.java:2651)
	at org.jboss.threads.EnhancedQueueExecutor$Task.run(EnhancedQueueExecutor.java:2630)
	at org.jboss.threads.EnhancedQueueExecutor.runThreadBody(EnhancedQueueExecutor.java:1622)
	at org.jboss.threads.EnhancedQueueExecutor$ThreadBody.run(EnhancedQueueExecutor.java:1589)
	at java.base/java.lang.Thread.run(Thread.java:1583)
	at org.jboss.threads.JBossThread.run(JBossThread.java:501)
	Suppressed: jakarta.enterprise.inject.UnsatisfiedResolutionException: Unsatisfied dependency for type org.jenga.mapper.TicketMapper and qualifiers [@Default]
	- injection target: parameter 'ticketMapper' of org.jenga.service.TicketService constructor
	- declared on CLASS bean [types=[java.lang.Object, org.jenga.service.TicketService], qualifiers=[@Any, @Default], target=org.jenga.service.TicketService]
		at io.quarkus.arc.processor.Beans.resolveInjectionPoint(Beans.java:547)
		at io.quarkus.arc.processor.BeanInfo.init(BeanInfo.java:689)
		at io.quarkus.arc.processor.BeanDeployment.init(BeanDeployment.java:326)
		... 12 more
	Suppressed: jakarta.enterprise.inject.UnsatisfiedResolutionException: Unsatisfied dependency for type org.jenga.mapper.CommentMapper and qualifiers [@Default]
	- injection target: parameter 'commentMapper' of org.jenga.service.TicketService constructor
	- declared on CLASS bean [types=[java.lang.Object, org.jenga.service.TicketService], qualifiers=[@Any, @Default], target=org.jenga.service.TicketService]
		at io.quarkus.arc.processor.Beans.resolveInjectionPoint(Beans.java:547)
		at io.quarkus.arc.processor.BeanInfo.init(BeanInfo.java:689)
		at io.quarkus.arc.processor.BeanDeployment.init(BeanDeployment.java:326)
		... 12 more
	Suppressed: jakarta.enterprise.inject.UnsatisfiedResolutionException: Unsatisfied dependency for type org.jenga.mapper.AcceptanceCriteriaMapper and qualifiers [@Default]
	- injection target: parameter 'acceptanceCriteriaMapper' of org.jenga.service.TicketService constructor
	- declared on CLASS bean [types=[java.lang.Object, org.jenga.service.TicketService], qualifiers=[@Any, @Default], target=org.jenga.service.TicketService]
		at io.quarkus.arc.processor.Beans.resolveInjectionPoint(Beans.java:547)
		at io.quarkus.arc.processor.BeanInfo.init(BeanInfo.java:689)
		at io.quarkus.arc.processor.BeanDeployment.init(BeanDeployment.java:326)
		... 12 more
	Suppressed: jakarta.enterprise.inject.UnsatisfiedResolutionException: Unsatisfied dependency for type org.jenga.mapper.UserMapper and qualifiers [@Default]
	- injection target: parameter 'userMapper' of org.jenga.service.UserService constructor
	- declared on CLASS bean [types=[java.lang.Object, org.jenga.service.UserService], qualifiers=[@Any, @Default], target=org.jenga.service.UserService]
		at io.quarkus.arc.processor.Beans.resolveInjectionPoint(Beans.java:547)
		at io.quarkus.arc.processor.BeanInfo.init(BeanInfo.java:689)
		at io.quarkus.arc.processor.BeanDeployment.init(BeanDeployment.java:326)
		... 12 more
	Suppressed: jakarta.enterprise.inject.UnsatisfiedResolutionException: Unsatisfied dependency for type org.jenga.mapper.ProjectMapper and qualifiers [@Default]
	- injection target: parameter 'projectMapper' of org.jenga.service.ProjectService constructor
	- declared on CLASS bean [types=[java.lang.Object, org.jenga.service.ProjectService], qualifiers=[@Any, @Default], target=org.jenga.service.ProjectService]
		at io.quarkus.arc.processor.Beans.resolveInjectionPoint(Beans.java:547)
		at io.quarkus.arc.processor.BeanInfo.init(BeanInfo.java:689)
		at io.quarkus.arc.processor.BeanDeployment.init(BeanDeployment.java:326)
		... 12 more
	Suppressed: jakarta.enterprise.inject.UnsatisfiedResolutionException: Unsatisfied dependency for type org.jenga.mapper.LabelMapper and qualifiers [@Default]
	- injection target: parameter 'labelMapper' of org.jenga.service.ProjectService constructor
	- declared on CLASS bean [types=[java.lang.Object, org.jenga.service.ProjectService], qualifiers=[@Any, @Default], target=org.jenga.service.ProjectService]
		at io.quarkus.arc.processor.Beans.resolveInjectionPoint(Beans.java:547)
		at io.quarkus.arc.processor.BeanInfo.init(BeanInfo.java:689)
		at io.quarkus.arc.processor.BeanDeployment.init(BeanDeployment.java:326)
		... 12 more

	at io.quarkus.builder.Execution.run(Execution.java:122)
	at io.quarkus.builder.BuildExecutionBuilder.execute(BuildExecutionBuilder.java:78)
	at io.quarkus.deployment.QuarkusAugmentor.run(QuarkusAugmentor.java:160)
	at io.quarkus.runner.bootstrap.AugmentActionImpl.runAugment(AugmentActionImpl.java:372)
	... 55 more
Caused by: jakarta.enterprise.inject.spi.DeploymentException: Found 6 deployment problems: 
[1] Unsatisfied dependency for type org.jenga.mapper.TicketMapper and qualifiers [@Default]
	- injection target: parameter 'ticketMapper' of org.jenga.service.TicketService constructor
	- declared on CLASS bean [types=[java.lang.Object, org.jenga.service.TicketService], qualifiers=[@Any, @Default], target=org.jenga.service.TicketService]
[2] Unsatisfied dependency for type org.jenga.mapper.CommentMapper and qualifiers [@Default]
	- injection target: parameter 'commentMapper' of org.jenga.service.TicketService constructor
	- declared on CLASS bean [types=[java.lang.Object, org.jenga.service.TicketService], qualifiers=[@Any, @Default], target=org.jenga.service.TicketService]
[3] Unsatisfied dependency for type org.jenga.mapper.AcceptanceCriteriaMapper and qualifiers [@Default]
	- injection target: parameter 'acceptanceCriteriaMapper' of org.jenga.service.TicketService constructor
	- declared on CLASS bean [types=[java.lang.Object, org.jenga.service.TicketService], qualifiers=[@Any, @Default], target=org.jenga.service.TicketService]
[4] Unsatisfied dependency for type org.jenga.mapper.UserMapper and qualifiers [@Default]
	- injection target: parameter 'userMapper' of org.jenga.service.UserService constructor
	- declared on CLASS bean [types=[java.lang.Object, org.jenga.service.UserService], qualifiers=[@Any, @Default], target=org.jenga.service.UserService]
[5] Unsatisfied dependency for type org.jenga.mapper.ProjectMapper and qualifiers [@Default]
	- injection target: parameter 'projectMapper' of org.jenga.service.ProjectService constructor
	- declared on CLASS bean [types=[java.lang.Object, org.jenga.service.ProjectService], qualifiers=[@Any, @Default], target=org.jenga.service.ProjectService]
[6] Unsatisfied dependency for type org.jenga.mapper.LabelMapper and qualifiers [@Default]
	- injection target: parameter 'labelMapper' of org.jenga.service.ProjectService constructor
	- declared on CLASS bean [types=[java.lang.Object, org.jenga.service.ProjectService], qualifiers=[@Any, @Default], target=org.jenga.service.ProjectService]
	at io.quarkus.arc.processor.BeanDeployment.processErrors(BeanDeployment.java:1602)
	at io.quarkus.arc.processor.BeanDeployment.init(BeanDeployment.java:341)
	at io.quarkus.arc.processor.BeanProcessor.initialize(BeanProcessor.java:178)
	at io.quarkus.arc.deployment.ArcProcessor.validate(ArcProcessor.java:488)
	at java.base/java.lang.invoke.MethodHandle.invokeWithArguments(MethodHandle.java:733)
	at io.quarkus.deployment.ExtensionLoader$3.execute(ExtensionLoader.java:874)
	at io.quarkus.builder.BuildContext.run(BuildContext.java:255)
	at org.jboss.threads.ContextHandler$1.runWith(ContextHandler.java:18)
	at org.jboss.threads.EnhancedQueueExecutor$Task.doRunWith(EnhancedQueueExecutor.java:2651)
	at org.jboss.threads.EnhancedQueueExecutor$Task.run(EnhancedQueueExecutor.java:2630)
	at org.jboss.threads.EnhancedQueueExecutor.runThreadBody(EnhancedQueueExecutor.java:1622)
	at org.jboss.threads.EnhancedQueueExecutor$ThreadBody.run(EnhancedQueueExecutor.java:1589)
	at java.base/java.lang.Thread.run(Thread.java:1583)
	at org.jboss.threads.JBossThread.run(JBossThread.java:501)
	Suppressed: jakarta.enterprise.inject.UnsatisfiedResolutionException: Unsatisfied dependency for type org.jenga.mapper.TicketMapper and qualifiers [@Default]
	- injection target: parameter 'ticketMapper' of org.jenga.service.TicketService constructor
	- declared on CLASS bean [types=[java.lang.Object, org.jenga.service.TicketService], qualifiers=[@Any, @Default], target=org.jenga.service.TicketService]
		at io.quarkus.arc.processor.Beans.resolveInjectionPoint(Beans.java:547)
		at io.quarkus.arc.processor.BeanInfo.init(BeanInfo.java:689)
		at io.quarkus.arc.processor.BeanDeployment.init(BeanDeployment.java:326)
		... 12 more
	Suppressed: jakarta.enterprise.inject.UnsatisfiedResolutionException: Unsatisfied dependency for type org.jenga.mapper.CommentMapper and qualifiers [@Default]
	- injection target: parameter 'commentMapper' of org.jenga.service.TicketService constructor
	- declared on CLASS bean [types=[java.lang.Object, org.jenga.service.TicketService], qualifiers=[@Any, @Default], target=org.jenga.service.TicketService]
		at io.quarkus.arc.processor.Beans.resolveInjectionPoint(Beans.java:547)
		at io.quarkus.arc.processor.BeanInfo.init(BeanInfo.java:689)
		at io.quarkus.arc.processor.BeanDeployment.init(BeanDeployment.java:326)
		... 12 more
	Suppressed: jakarta.enterprise.inject.UnsatisfiedResolutionException: Unsatisfied dependency for type org.jenga.mapper.AcceptanceCriteriaMapper and qualifiers [@Default]
	- injection target: parameter 'acceptanceCriteriaMapper' of org.jenga.service.TicketService constructor
	- declared on CLASS bean [types=[java.lang.Object, org.jenga.service.TicketService], qualifiers=[@Any, @Default], target=org.jenga.service.TicketService]
		at io.quarkus.arc.processor.Beans.resolveInjectionPoint(Beans.java:547)
		at io.quarkus.arc.processor.BeanInfo.init(BeanInfo.java:689)
		at io.quarkus.arc.processor.BeanDeployment.init(BeanDeployment.java:326)
		... 12 more
	Suppressed: jakarta.enterprise.inject.UnsatisfiedResolutionException: Unsatisfied dependency for type org.jenga.mapper.UserMapper and qualifiers [@Default]
	- injection target: parameter 'userMapper' of org.jenga.service.UserService constructor
	- declared on CLASS bean [types=[java.lang.Object, org.jenga.service.UserService], qualifiers=[@Any, @Default], target=org.jenga.service.UserService]
		at io.quarkus.arc.processor.Beans.resolveInjectionPoint(Beans.java:547)
		at io.quarkus.arc.processor.BeanInfo.init(BeanInfo.java:689)
		at io.quarkus.arc.processor.BeanDeployment.init(BeanDeployment.java:326)
		... 12 more
	Suppressed: jakarta.enterprise.inject.UnsatisfiedResolutionException: Unsatisfied dependency for type org.jenga.mapper.ProjectMapper and qualifiers [@Default]
	- injection target: parameter 'projectMapper' of org.jenga.service.ProjectService constructor
	- declared on CLASS bean [types=[java.lang.Object, org.jenga.service.ProjectService], qualifiers=[@Any, @Default], target=org.jenga.service.ProjectService]
		at io.quarkus.arc.processor.Beans.resolveInjectionPoint(Beans.java:547)
		at io.quarkus.arc.processor.BeanInfo.init(BeanInfo.java:689)
		at io.quarkus.arc.processor.BeanDeployment.init(BeanDeployment.java:326)
		... 12 more
	Suppressed: jakarta.enterprise.inject.UnsatisfiedResolutionException: Unsatisfied dependency for type org.jenga.mapper.LabelMapper and qualifiers [@Default]
	- injection target: parameter 'labelMapper' of org.jenga.service.ProjectService constructor
	- declared on CLASS bean [types=[java.lang.Object, org.jenga.service.ProjectService], qualifiers=[@Any, @Default], target=org.jenga.service.ProjectService]
		at io.quarkus.arc.processor.Beans.resolveInjectionPoint(Beans.java:547)
		at io.quarkus.arc.processor.BeanInfo.init(BeanInfo.java:689)
		at io.quarkus.arc.processor.BeanDeployment.init(BeanDeployment.java:326)
		... 12 more

org.junit.platform.launcher.core.DiscoveryIssueException: TestEngine with ID 'junit-jupiter' encountered a critical issue during test discovery:

(1) [ERROR] ClassSelector [className = 'org.jenga.service.ImportServiceTest', classLoader = null] resolution failed
    Source: ClassSource [className = 'org.jenga.service.ImportServiceTest', filePosition = null]
            at org.jenga.service.ImportServiceTest.<no-method>(SourceFile:0)
    Cause: org.junit.platform.commons.PreconditionViolationException: Could not load class with name: org.jenga.service.ImportServiceTest
	at org.junit.platform.engine.discovery.ClassSelector.lambda$getJavaClass$0(ClassSelector.java:98)
	at org.junit.platform.commons.function.Try$Failure.getOrThrow(Try.java:335)
	at org.junit.platform.engine.discovery.ClassSelector.getJavaClass(ClassSelector.java:97)
	at org.junit.jupiter.engine.discovery.ClassSelectorResolver.resolve(ClassSelectorResolver.java:87)
	at org.junit.platform.engine.support.discovery.EngineDiscoveryRequestResolution.lambda$resolve$2(EngineDiscoveryRequestResolution.java:135)
	at java.base/java.util.stream.ReferencePipeline$3$1.accept(ReferencePipeline.java:197)
	at java.base/java.util.ArrayList$ArrayListSpliterator.tryAdvance(ArrayList.java:1685)
	at java.base/java.util.stream.ReferencePipeline.forEachWithCancel(ReferencePipeline.java:129)
	at java.base/java.util.stream.AbstractPipeline.copyIntoWithCancel(AbstractPipeline.java:527)
	at java.base/java.util.stream.AbstractPipeline.copyInto(AbstractPipeline.java:513)
	at java.base/java.util.stream.AbstractPipeline.wrapAndCopyInto(AbstractPipeline.java:499)
	at java.base/java.util.stream.FindOps$FindOp.evaluateSequential(FindOps.java:150)
	at java.base/java.util.stream.AbstractPipeline.evaluate(AbstractPipeline.java:234)
	at java.base/java.util.stream.ReferencePipeline.findFirst(ReferencePipeline.java:647)
	at org.junit.platform.engine.support.discovery.EngineDiscoveryRequestResolution.resolve(EngineDiscoveryRequestResolution.java:189)
	at org.junit.platform.engine.support.discovery.EngineDiscoveryRequestResolution.resolve(EngineDiscoveryRequestResolution.java:126)
	at org.junit.platform.engine.support.discovery.EngineDiscoveryRequestResolution.resolveCompletely(EngineDiscoveryRequestResolution.java:92)
	at org.junit.platform.engine.support.discovery.EngineDiscoveryRequestResolution.run(EngineDiscoveryRequestResolution.java:83)
	at org.junit.platform.engine.support.discovery.EngineDiscoveryRequestResolver.resolve(EngineDiscoveryRequestResolver.java:148)
	at org.junit.jupiter.engine.discovery.DiscoverySelectorResolver.resolveSelectors(DiscoverySelectorResolver.java:63)
	at org.junit.jupiter.engine.JupiterTestEngine.discover(JupiterTestEngine.java:70)
	at org.junit.platform.launcher.core.EngineDiscoveryOrchestrator.discoverEngineRoot(EngineDiscoveryOrchestrator.java:195)
	at org.junit.platform.launcher.core.EngineDiscoveryOrchestrator.discoverSafely(EngineDiscoveryOrchestrator.java:174)
	at org.junit.platform.launcher.core.EngineDiscoveryOrchestrator.discover(EngineDiscoveryOrchestrator.java:119)
	at org.junit.platform.launcher.core.EngineDiscoveryOrchestrator.discover(EngineDiscoveryOrchestrator.java:84)
	at org.junit.platform.launcher.core.DefaultLauncher.discover(DefaultLauncher.java:104)
	at org.junit.platform.launcher.core.DefaultLauncher.discover(DefaultLauncher.java:83)
	at org.junit.platform.launcher.core.DelegatingLauncher.discover(DelegatingLauncher.java:42)
	at org.junit.platform.launcher.core.InterceptingLauncher.lambda$discover$0(InterceptingLauncher.java:33)
	at org.junit.platform.launcher.core.ClasspathAlignmentCheckingLauncherInterceptor.intercept(ClasspathAlignmentCheckingLauncherInterceptor.java:25)
	at org.junit.platform.launcher.core.InterceptingLauncher.discover(InterceptingLauncher.java:33)
	at org.junit.platform.launcher.core.DelegatingLauncher.discover(DelegatingLauncher.java:42)
	at org.apache.maven.surefire.junitplatform.LazyLauncher.discover(LazyLauncher.java:50)
	at org.apache.maven.surefire.junitplatform.TestPlanScannerFilter.accept(TestPlanScannerFilter.java:52)
	at org.apache.maven.surefire.api.util.DefaultScanResult.applyFilter(DefaultScanResult.java:87)
	at org.apache.maven.surefire.junitplatform.JUnitPlatformProvider.scanClasspath(JUnitPlatformProvider.java:144)
	at org.apache.maven.surefire.junitplatform.JUnitPlatformProvider.invoke(JUnitPlatformProvider.java:124)
	at org.apache.maven.surefire.booter.ForkedBooter.runSuitesInProcess(ForkedBooter.java:385)
	at org.apache.maven.surefire.booter.ForkedBooter.execute(ForkedBooter.java:162)
	at org.apache.maven.surefire.booter.ForkedBooter.run(ForkedBooter.java:507)
	at org.apache.maven.surefire.booter.ForkedBooter.main(ForkedBooter.java:495)
Caused by: java.lang.RuntimeException: io.quarkus.builder.BuildException: Build failure: Build failed due to errors
	[error]: Build step io.quarkus.arc.deployment.ArcProcessor#validate threw an exception: jakarta.enterprise.inject.spi.DeploymentException: Found 6 deployment problems: 
[1] Unsatisfied dependency for type org.jenga.mapper.TicketMapper and qualifiers [@Default]
	- injection target: parameter 'ticketMapper' of org.jenga.service.TicketService constructor
	- declared on CLASS bean [types=[java.lang.Object, org.jenga.service.TicketService], qualifiers=[@Any, @Default], target=org.jenga.service.TicketService]
[2] Unsatisfied dependency for type org.jenga.mapper.CommentMapper and qualifiers [@Default]
	- injection target: parameter 'commentMapper' of org.jenga.service.TicketService constructor
	- declared on CLASS bean [types=[java.lang.Object, org.jenga.service.TicketService], qualifiers=[@Any, @Default], target=org.jenga.service.TicketService]
[3] Unsatisfied dependency for type org.jenga.mapper.AcceptanceCriteriaMapper and qualifiers [@Default]
	- injection target: parameter 'acceptanceCriteriaMapper' of org.jenga.service.TicketService constructor
	- declared on CLASS bean [types=[java.lang.Object, org.jenga.service.TicketService], qualifiers=[@Any, @Default], target=org.jenga.service.TicketService]
[4] Unsatisfied dependency for type org.jenga.mapper.UserMapper and qualifiers [@Default]
	- injection target: parameter 'userMapper' of org.jenga.service.UserService constructor
	- declared on CLASS bean [types=[java.lang.Object, org.jenga.service.UserService], qualifiers=[@Any, @Default], target=org.jenga.service.UserService]
[5] Unsatisfied dependency for type org.jenga.mapper.ProjectMapper and qualifiers [@Default]
	- injection target: parameter 'projectMapper' of org.jenga.service.ProjectService constructor
	- declared on CLASS bean [types=[java.lang.Object, org.jenga.service.ProjectService], qualifiers=[@Any, @Default], target=org.jenga.service.ProjectService]
[6] Unsatisfied dependency for type org.jenga.mapper.LabelMapper and qualifiers [@Default]
	- injection target: parameter 'labelMapper' of org.jenga.service.ProjectService constructor
	- declared on CLASS bean [types=[java.lang.Object, org.jenga.service.ProjectService], qualifiers=[@Any, @Default], target=org.jenga.service.ProjectService]
	at io.quarkus.arc.processor.BeanDeployment.processErrors(BeanDeployment.java:1602)
	at io.quarkus.arc.processor.BeanDeployment.init(BeanDeployment.java:341)
	at io.quarkus.arc.processor.BeanProcessor.initialize(BeanProcessor.java:178)
	at io.quarkus.arc.deployment.ArcProcessor.validate(ArcProcessor.java:488)
	at java.base/java.lang.invoke.MethodHandle.invokeWithArguments(MethodHandle.java:733)
	at io.quarkus.deployment.ExtensionLoader$3.execute(ExtensionLoader.java:874)
	at io.quarkus.builder.BuildContext.run(BuildContext.java:255)
	at org.jboss.threads.ContextHandler$1.runWith(ContextHandler.java:18)
	at org.jboss.threads.EnhancedQueueExecutor$Task.doRunWith(EnhancedQueueExecutor.java:2651)
	at org.jboss.threads.EnhancedQueueExecutor$Task.run(EnhancedQueueExecutor.java:2630)
	at org.jboss.threads.EnhancedQueueExecutor.runThreadBody(EnhancedQueueExecutor.java:1622)
	at org.jboss.threads.EnhancedQueueExecutor$ThreadBody.run(EnhancedQueueExecutor.java:1589)
	at java.base/java.lang.Thread.run(Thread.java:1583)
	at org.jboss.threads.JBossThread.run(JBossThread.java:501)
	Suppressed: jakarta.enterprise.inject.UnsatisfiedResolutionException: Unsatisfied dependency for type org.jenga.mapper.TicketMapper and qualifiers [@Default]
	- injection target: parameter 'ticketMapper' of org.jenga.service.TicketService constructor
	- declared on CLASS bean [types=[java.lang.Object, org.jenga.service.TicketService], qualifiers=[@Any, @Default], target=org.jenga.service.TicketService]
		at io.quarkus.arc.processor.Beans.resolveInjectionPoint(Beans.java:547)
		at io.quarkus.arc.processor.BeanInfo.init(BeanInfo.java:689)
		at io.quarkus.arc.processor.BeanDeployment.init(BeanDeployment.java:326)
		... 12 more
	Suppressed: jakarta.enterprise.inject.UnsatisfiedResolutionException: Unsatisfied dependency for type org.jenga.mapper.CommentMapper and qualifiers [@Default]
	- injection target: parameter 'commentMapper' of org.jenga.service.TicketService constructor
	- declared on CLASS bean [types=[java.lang.Object, org.jenga.service.TicketService], qualifiers=[@Any, @Default], target=org.jenga.service.TicketService]
		at io.quarkus.arc.processor.Beans.resolveInjectionPoint(Beans.java:547)
		at io.quarkus.arc.processor.BeanInfo.init(BeanInfo.java:689)
		at io.quarkus.arc.processor.BeanDeployment.init(BeanDeployment.java:326)
		... 12 more
	Suppressed: jakarta.enterprise.inject.UnsatisfiedResolutionException: Unsatisfied dependency for type org.jenga.mapper.AcceptanceCriteriaMapper and qualifiers [@Default]
	- injection target: parameter 'acceptanceCriteriaMapper' of org.jenga.service.TicketService constructor
	- declared on CLASS bean [types=[java.lang.Object, org.jenga.service.TicketService], qualifiers=[@Any, @Default], target=org.jenga.service.TicketService]
		at io.quarkus.arc.processor.Beans.resolveInjectionPoint(Beans.java:547)
		at io.quarkus.arc.processor.BeanInfo.init(BeanInfo.java:689)
		at io.quarkus.arc.processor.BeanDeployment.init(BeanDeployment.java:326)
		... 12 more
	Suppressed: jakarta.enterprise.inject.UnsatisfiedResolutionException: Unsatisfied dependency for type org.jenga.mapper.UserMapper and qualifiers [@Default]
	- injection target: parameter 'userMapper' of org.jenga.service.UserService constructor
	- declared on CLASS bean [types=[java.lang.Object, org.jenga.service.UserService], qualifiers=[@Any, @Default], target=org.jenga.service.UserService]
		at io.quarkus.arc.processor.Beans.resolveInjectionPoint(Beans.java:547)
		at io.quarkus.arc.processor.BeanInfo.init(BeanInfo.java:689)
		at io.quarkus.arc.processor.BeanDeployment.init(BeanDeployment.java:326)
		... 12 more
	Suppressed: jakarta.enterprise.inject.UnsatisfiedResolutionException: Unsatisfied dependency for type org.jenga.mapper.ProjectMapper and qualifiers [@Default]
	- injection target: parameter 'projectMapper' of org.jenga.service.ProjectService constructor
	- declared on CLASS bean [types=[java.lang.Object, org.jenga.service.ProjectService], qualifiers=[@Any, @Default], target=org.jenga.service.ProjectService]
		at io.quarkus.arc.processor.Beans.resolveInjectionPoint(Beans.java:547)
		at io.quarkus.arc.processor.BeanInfo.init(BeanInfo.java:689)
		at io.quarkus.arc.processor.BeanDeployment.init(BeanDeployment.java:326)
		... 12 more
	Suppressed: jakarta.enterprise.inject.UnsatisfiedResolutionException: Unsatisfied dependency for type org.jenga.mapper.LabelMapper and qualifiers [@Default]
	- injection target: parameter 'labelMapper' of org.jenga.service.ProjectService constructor
	- declared on CLASS bean [types=[java.lang.Object, org.jenga.service.ProjectService], qualifiers=[@Any, @Default], target=org.jenga.service.ProjectService]
		at io.quarkus.arc.processor.Beans.resolveInjectionPoint(Beans.java:547)
		at io.quarkus.arc.processor.BeanInfo.init(BeanInfo.java:689)
		at io.quarkus.arc.processor.BeanDeployment.init(BeanDeployment.java:326)
		... 12 more

	at io.quarkus.runner.bootstrap.AugmentActionImpl.runAugment(AugmentActionImpl.java:376)
	at io.quarkus.runner.bootstrap.AugmentActionImpl.createInitialRuntimeApplication(AugmentActionImpl.java:293)
	at io.quarkus.runner.bootstrap.AugmentActionImpl.createInitialRuntimeApplication(AugmentActionImpl.java:61)
	at io.quarkus.test.junit.AppMakerHelper.getStartupAction(AppMakerHelper.java:253)
	at io.quarkus.test.junit.classloading.FacadeClassLoader.getOrCreateRuntimeClassLoader(FacadeClassLoader.java:544)
	at io.quarkus.test.junit.classloading.FacadeClassLoader.getQuarkusClassLoader(FacadeClassLoader.java:441)
	at io.quarkus.test.junit.classloading.FacadeClassLoader.loadClass(FacadeClassLoader.java:330)
	at java.base/java.lang.Class.forName0(Native Method)
	at java.base/java.lang.Class.forName(Class.java:534)
	at java.base/java.lang.Class.forName(Class.java:513)
	at org.junit.platform.commons.util.ReflectionUtils.lambda$tryToLoadClass$10(ReflectionUtils.java:886)
	at org.junit.platform.commons.function.Try.lambda$call$0(Try.java:57)
	at org.junit.platform.commons.function.Try.of(Try.java:93)
	at org.junit.platform.commons.function.Try.call(Try.java:57)
	at org.junit.platform.commons.util.ReflectionUtils.tryToLoadClass(ReflectionUtils.java:873)
	at org.junit.platform.commons.util.ReflectionUtils.tryToLoadClass(ReflectionUtils.java:810)
	at org.junit.platform.commons.support.ReflectionSupport.tryToLoadClass(ReflectionSupport.java:94)
	at org.junit.platform.engine.discovery.ClassSelector.getJavaClass(ClassSelector.java:95)
	... 38 more
Caused by: io.quarkus.builder.BuildException: Build failure: Build failed due to errors
	[error]: Build step io.quarkus.arc.deployment.ArcProcessor#validate threw an exception: jakarta.enterprise.inject.spi.DeploymentException: Found 6 deployment problems: 
[1] Unsatisfied dependency for type org.jenga.mapper.TicketMapper and qualifiers [@Default]
	- injection target: parameter 'ticketMapper' of org.jenga.service.TicketService constructor
	- declared on CLASS bean [types=[java.lang.Object, org.jenga.service.TicketService], qualifiers=[@Any, @Default], target=org.jenga.service.TicketService]
[2] Unsatisfied dependency for type org.jenga.mapper.CommentMapper and qualifiers [@Default]
	- injection target: parameter 'commentMapper' of org.jenga.service.TicketService constructor
	- declared on CLASS bean [types=[java.lang.Object, org.jenga.service.TicketService], qualifiers=[@Any, @Default], target=org.jenga.service.TicketService]
[3] Unsatisfied dependency for type org.jenga.mapper.AcceptanceCriteriaMapper and qualifiers [@Default]
	- injection target: parameter 'acceptanceCriteriaMapper' of org.jenga.service.TicketService constructor
	- declared on CLASS bean [types=[java.lang.Object, org.jenga.service.TicketService], qualifiers=[@Any, @Default], target=org.jenga.service.TicketService]
[4] Unsatisfied dependency for type org.jenga.mapper.UserMapper and qualifiers [@Default]
	- injection target: parameter 'userMapper' of org.jenga.service.UserService constructor
	- declared on CLASS bean [types=[java.lang.Object, org.jenga.service.UserService], qualifiers=[@Any, @Default], target=org.jenga.service.UserService]
[5] Unsatisfied dependency for type org.jenga.mapper.ProjectMapper and qualifiers [@Default]
	- injection target: parameter 'projectMapper' of org.jenga.service.ProjectService constructor
	- declared on CLASS bean [types=[java.lang.Object, org.jenga.service.ProjectService], qualifiers=[@Any, @Default], target=org.jenga.service.ProjectService]
[6] Unsatisfied dependency for type org.jenga.mapper.LabelMapper and qualifiers [@Default]
	- injection target: parameter 'labelMapper' of org.jenga.service.ProjectService constructor
	- declared on CLASS bean [types=[java.lang.Object, org.jenga.service.ProjectService], qualifiers=[@Any, @Default], target=org.jenga.service.ProjectService]
	at io.quarkus.arc.processor.BeanDeployment.processErrors(BeanDeployment.java:1602)
	at io.quarkus.arc.processor.BeanDeployment.init(BeanDeployment.java:341)
	at io.quarkus.arc.processor.BeanProcessor.initialize(BeanProcessor.java:178)
	at io.quarkus.arc.deployment.ArcProcessor.validate(ArcProcessor.java:488)
	at java.base/java.lang.invoke.MethodHandle.invokeWithArguments(MethodHandle.java:733)
	at io.quarkus.deployment.ExtensionLoader$3.execute(ExtensionLoader.java:874)
	at io.quarkus.builder.BuildContext.run(BuildContext.java:255)
	at org.jboss.threads.ContextHandler$1.runWith(ContextHandler.java:18)
	at org.jboss.threads.EnhancedQueueExecutor$Task.doRunWith(EnhancedQueueExecutor.java:2651)
	at org.jboss.threads.EnhancedQueueExecutor$Task.run(EnhancedQueueExecutor.java:2630)
	at org.jboss.threads.EnhancedQueueExecutor.runThreadBody(EnhancedQueueExecutor.java:1622)
	at org.jboss.threads.EnhancedQueueExecutor$ThreadBody.run(EnhancedQueueExecutor.java:1589)
	at java.base/java.lang.Thread.run(Thread.java:1583)
	at org.jboss.threads.JBossThread.run(JBossThread.java:501)
	Suppressed: jakarta.enterprise.inject.UnsatisfiedResolutionException: Unsatisfied dependency for type org.jenga.mapper.TicketMapper and qualifiers [@Default]
	- injection target: parameter 'ticketMapper' of org.jenga.service.TicketService constructor
	- declared on CLASS bean [types=[java.lang.Object, org.jenga.service.TicketService], qualifiers=[@Any, @Default], target=org.jenga.service.TicketService]
		at io.quarkus.arc.processor.Beans.resolveInjectionPoint(Beans.java:547)
		at io.quarkus.arc.processor.BeanInfo.init(BeanInfo.java:689)
		at io.quarkus.arc.processor.BeanDeployment.init(BeanDeployment.java:326)
		... 12 more
	Suppressed: jakarta.enterprise.inject.UnsatisfiedResolutionException: Unsatisfied dependency for type org.jenga.mapper.CommentMapper and qualifiers [@Default]
	- injection target: parameter 'commentMapper' of org.jenga.service.TicketService constructor
	- declared on CLASS bean [types=[java.lang.Object, org.jenga.service.TicketService], qualifiers=[@Any, @Default], target=org.jenga.service.TicketService]
		at io.quarkus.arc.processor.Beans.resolveInjectionPoint(Beans.java:547)
		at io.quarkus.arc.processor.BeanInfo.init(BeanInfo.java:689)
		at io.quarkus.arc.processor.BeanDeployment.init(BeanDeployment.java:326)
		... 12 more
	Suppressed: jakarta.enterprise.inject.UnsatisfiedResolutionException: Unsatisfied dependency for type org.jenga.mapper.AcceptanceCriteriaMapper and qualifiers [@Default]
	- injection target: parameter 'acceptanceCriteriaMapper' of org.jenga.service.TicketService constructor
	- declared on CLASS bean [types=[java.lang.Object, org.jenga.service.TicketService], qualifiers=[@Any, @Default], target=org.jenga.service.TicketService]
		at io.quarkus.arc.processor.Beans.resolveInjectionPoint(Beans.java:547)
		at io.quarkus.arc.processor.BeanInfo.init(BeanInfo.java:689)
		at io.quarkus.arc.processor.BeanDeployment.init(BeanDeployment.java:326)
		... 12 more
	Suppressed: jakarta.enterprise.inject.UnsatisfiedResolutionException: Unsatisfied dependency for type org.jenga.mapper.UserMapper and qualifiers [@Default]
	- injection target: parameter 'userMapper' of org.jenga.service.UserService constructor
	- declared on CLASS bean [types=[java.lang.Object, org.jenga.service.UserService], qualifiers=[@Any, @Default], target=org.jenga.service.UserService]
		at io.quarkus.arc.processor.Beans.resolveInjectionPoint(Beans.java:547)
		at io.quarkus.arc.processor.BeanInfo.init(BeanInfo.java:689)
		at io.quarkus.arc.processor.BeanDeployment.init(BeanDeployment.java:326)
		... 12 more
	Suppressed: jakarta.enterprise.inject.UnsatisfiedResolutionException: Unsatisfied dependency for type org.jenga.mapper.ProjectMapper and qualifiers [@Default]
	- injection target: parameter 'projectMapper' of org.jenga.service.ProjectService constructor
	- declared on CLASS bean [types=[java.lang.Object, org.jenga.service.ProjectService], qualifiers=[@Any, @Default], target=org.jenga.service.ProjectService]
		at io.quarkus.arc.processor.Beans.resolveInjectionPoint(Beans.java:547)
		at io.quarkus.arc.processor.BeanInfo.init(BeanInfo.java:689)
		at io.quarkus.arc.processor.BeanDeployment.init(BeanDeployment.java:326)
		... 12 more
	Suppressed: jakarta.enterprise.inject.UnsatisfiedResolutionException: Unsatisfied dependency for type org.jenga.mapper.LabelMapper and qualifiers [@Default]
	- injection target: parameter 'labelMapper' of org.jenga.service.ProjectService constructor
	- declared on CLASS bean [types=[java.lang.Object, org.jenga.service.ProjectService], qualifiers=[@Any, @Default], target=org.jenga.service.ProjectService]
		at io.quarkus.arc.processor.Beans.resolveInjectionPoint(Beans.java:547)
		at io.quarkus.arc.processor.BeanInfo.init(BeanInfo.java:689)
		at io.quarkus.arc.processor.BeanDeployment.init(BeanDeployment.java:326)
		... 12 more

	at io.quarkus.builder.Execution.run(Execution.java:122)
	at io.quarkus.builder.BuildExecutionBuilder.execute(BuildExecutionBuilder.java:78)
	at io.quarkus.deployment.QuarkusAugmentor.run(QuarkusAugmentor.java:160)
	at io.quarkus.runner.bootstrap.AugmentActionImpl.runAugment(AugmentActionImpl.java:372)
	... 55 more
Caused by: jakarta.enterprise.inject.spi.DeploymentException: Found 6 deployment problems: 
[1] Unsatisfied dependency for type org.jenga.mapper.TicketMapper and qualifiers [@Default]
	- injection target: parameter 'ticketMapper' of org.jenga.service.TicketService constructor
	- declared on CLASS bean [types=[java.lang.Object, org.jenga.service.TicketService], qualifiers=[@Any, @Default], target=org.jenga.service.TicketService]
[2] Unsatisfied dependency for type org.jenga.mapper.CommentMapper and qualifiers [@Default]
	- injection target: parameter 'commentMapper' of org.jenga.service.TicketService constructor
	- declared on CLASS bean [types=[java.lang.Object, org.jenga.service.TicketService], qualifiers=[@Any, @Default], target=org.jenga.service.TicketService]
[3] Unsatisfied dependency for type org.jenga.mapper.AcceptanceCriteriaMapper and qualifiers [@Default]
	- injection target: parameter 'acceptanceCriteriaMapper' of org.jenga.service.TicketService constructor
	- declared on CLASS bean [types=[java.lang.Object, org.jenga.service.TicketService], qualifiers=[@Any, @Default], target=org.jenga.service.TicketService]
[4] Unsatisfied dependency for type org.jenga.mapper.UserMapper and qualifiers [@Default]
	- injection target: parameter 'userMapper' of org.jenga.service.UserService constructor
	- declared on CLASS bean [types=[java.lang.Object, org.jenga.service.UserService], qualifiers=[@Any, @Default], target=org.jenga.service.UserService]
[5] Unsatisfied dependency for type org.jenga.mapper.ProjectMapper and qualifiers [@Default]
	- injection target: parameter 'projectMapper' of org.jenga.service.ProjectService constructor
	- declared on CLASS bean [types=[java.lang.Object, org.jenga.service.ProjectService], qualifiers=[@Any, @Default], target=org.jenga.service.ProjectService]
[6] Unsatisfied dependency for type org.jenga.mapper.LabelMapper and qualifiers [@Default]
	- injection target: parameter 'labelMapper' of org.jenga.service.ProjectService constructor
	- declared on CLASS bean [types=[java.lang.Object, org.jenga.service.ProjectService], qualifiers=[@Any, @Default], target=org.jenga.service.ProjectService]
	at io.quarkus.arc.processor.BeanDeployment.processErrors(BeanDeployment.java:1602)
	at io.quarkus.arc.processor.BeanDeployment.init(BeanDeployment.java:341)
	at io.quarkus.arc.processor.BeanProcessor.initialize(BeanProcessor.java:178)
	at io.quarkus.arc.deployment.ArcProcessor.validate(ArcProcessor.java:488)
	at java.base/java.lang.invoke.MethodHandle.invokeWithArguments(MethodHandle.java:733)
	at io.quarkus.deployment.ExtensionLoader$3.execute(ExtensionLoader.java:874)
	at io.quarkus.builder.BuildContext.run(BuildContext.java:255)
	at org.jboss.threads.ContextHandler$1.runWith(ContextHandler.java:18)
	at org.jboss.threads.EnhancedQueueExecutor$Task.doRunWith(EnhancedQueueExecutor.java:2651)
	at org.jboss.threads.EnhancedQueueExecutor$Task.run(EnhancedQueueExecutor.java:2630)
	at org.jboss.threads.EnhancedQueueExecutor.runThreadBody(EnhancedQueueExecutor.java:1622)
	at org.jboss.threads.EnhancedQueueExecutor$ThreadBody.run(EnhancedQueueExecutor.java:1589)
	at java.base/java.lang.Thread.run(Thread.java:1583)
	at org.jboss.threads.JBossThread.run(JBossThread.java:501)
	Suppressed: jakarta.enterprise.inject.UnsatisfiedResolutionException: Unsatisfied dependency for type org.jenga.mapper.TicketMapper and qualifiers [@Default]
	- injection target: parameter 'ticketMapper' of org.jenga.service.TicketService constructor
	- declared on CLASS bean [types=[java.lang.Object, org.jenga.service.TicketService], qualifiers=[@Any, @Default], target=org.jenga.service.TicketService]
		at io.quarkus.arc.processor.Beans.resolveInjectionPoint(Beans.java:547)
		at io.quarkus.arc.processor.BeanInfo.init(BeanInfo.java:689)
		at io.quarkus.arc.processor.BeanDeployment.init(BeanDeployment.java:326)
		... 12 more
	Suppressed: jakarta.enterprise.inject.UnsatisfiedResolutionException: Unsatisfied dependency for type org.jenga.mapper.CommentMapper and qualifiers [@Default]
	- injection target: parameter 'commentMapper' of org.jenga.service.TicketService constructor
	- declared on CLASS bean [types=[java.lang.Object, org.jenga.service.TicketService], qualifiers=[@Any, @Default], target=org.jenga.service.TicketService]
		at io.quarkus.arc.processor.Beans.resolveInjectionPoint(Beans.java:547)
		at io.quarkus.arc.processor.BeanInfo.init(BeanInfo.java:689)
		at io.quarkus.arc.processor.BeanDeployment.init(BeanDeployment.java:326)
		... 12 more
	Suppressed: jakarta.enterprise.inject.UnsatisfiedResolutionException: Unsatisfied dependency for type org.jenga.mapper.AcceptanceCriteriaMapper and qualifiers [@Default]
	- injection target: parameter 'acceptanceCriteriaMapper' of org.jenga.service.TicketService constructor
	- declared on CLASS bean [types=[java.lang.Object, org.jenga.service.TicketService], qualifiers=[@Any, @Default], target=org.jenga.service.TicketService]
		at io.quarkus.arc.processor.Beans.resolveInjectionPoint(Beans.java:547)
		at io.quarkus.arc.processor.BeanInfo.init(BeanInfo.java:689)
		at io.quarkus.arc.processor.BeanDeployment.init(BeanDeployment.java:326)
		... 12 more
	Suppressed: jakarta.enterprise.inject.UnsatisfiedResolutionException: Unsatisfied dependency for type org.jenga.mapper.UserMapper and qualifiers [@Default]
	- injection target: parameter 'userMapper' of org.jenga.service.UserService constructor
	- declared on CLASS bean [types=[java.lang.Object, org.jenga.service.UserService], qualifiers=[@Any, @Default], target=org.jenga.service.UserService]
		at io.quarkus.arc.processor.Beans.resolveInjectionPoint(Beans.java:547)
		at io.quarkus.arc.processor.BeanInfo.init(BeanInfo.java:689)
		at io.quarkus.arc.processor.BeanDeployment.init(BeanDeployment.java:326)
		... 12 more
	Suppressed: jakarta.enterprise.inject.UnsatisfiedResolutionException: Unsatisfied dependency for type org.jenga.mapper.ProjectMapper and qualifiers [@Default]
	- injection target: parameter 'projectMapper' of org.jenga.service.ProjectService constructor
	- declared on CLASS bean [types=[java.lang.Object, org.jenga.service.ProjectService], qualifiers=[@Any, @Default], target=org.jenga.service.ProjectService]
		at io.quarkus.arc.processor.Beans.resolveInjectionPoint(Beans.java:547)
		at io.quarkus.arc.processor.BeanInfo.init(BeanInfo.java:689)
		at io.quarkus.arc.processor.BeanDeployment.init(BeanDeployment.java:326)
		... 12 more
	Suppressed: jakarta.enterprise.inject.UnsatisfiedResolutionException: Unsatisfied dependency for type org.jenga.mapper.LabelMapper and qualifiers [@Default]
	- injection target: parameter 'labelMapper' of org.jenga.service.ProjectService constructor
	- declared on CLASS bean [types=[java.lang.Object, org.jenga.service.ProjectService], qualifiers=[@Any, @Default], target=org.jenga.service.ProjectService]
		at io.quarkus.arc.processor.Beans.resolveInjectionPoint(Beans.java:547)
		at io.quarkus.arc.processor.BeanInfo.init(BeanInfo.java:689)
		at io.quarkus.arc.processor.BeanDeployment.init(BeanDeployment.java:326)
		... 12 more


	at org.apache.maven.plugin.surefire.booterclient.ForkStarter.fork(ForkStarter.java:628)
	at org.apache.maven.plugin.surefire.booterclient.ForkStarter.run(ForkStarter.java:285)
	at org.apache.maven.plugin.surefire.booterclient.ForkStarter.run(ForkStarter.java:250)
	at org.apache.maven.plugin.surefire.AbstractSurefireMojo.executeProvider(AbstractSurefireMojo.java:1337)
	at org.apache.maven.plugin.surefire.AbstractSurefireMojo.executeAfterPreconditionsChecked(AbstractSurefireMojo.java:1135)
	at org.apache.maven.plugin.surefire.AbstractSurefireMojo.execute(AbstractSurefireMojo.java:969)
	at org.apache.maven.plugin.DefaultBuildPluginManager.executeMojo(DefaultBuildPluginManager.java:137)
	at org.apache.maven.lifecycle.internal.MojoExecutor.doExecute2(MojoExecutor.java:370)
	at org.apache.maven.lifecycle.internal.MojoExecutor.doExecute(MojoExecutor.java:351)
	at org.apache.maven.lifecycle.internal.MojoExecutor.execute(MojoExecutor.java:215)
	at org.apache.maven.lifecycle.internal.MojoExecutor.execute(MojoExecutor.java:171)
	at org.apache.maven.lifecycle.internal.MojoExecutor.execute(MojoExecutor.java:163)
	at org.apache.maven.lifecycle.internal.LifecycleModuleBuilder.buildProject(LifecycleModuleBuilder.java:117)
	at org.apache.maven.lifecycle.internal.LifecycleModuleBuilder.buildProject(LifecycleModuleBuilder.java:81)
	at org.apache.maven.lifecycle.internal.builder.singlethreaded.SingleThreadedBuilder.build(SingleThreadedBuilder.java:56)
	at org.apache.maven.lifecycle.internal.LifecycleStarter.execute(LifecycleStarter.java:128)
	at org.apache.maven.DefaultMaven.doExecute(DefaultMaven.java:298)
	at org.apache.maven.DefaultMaven.doExecute(DefaultMaven.java:192)
	at org.apache.maven.DefaultMaven.execute(DefaultMaven.java:105)
	at org.apache.maven.cli.MavenCli.execute(MavenCli.java:960)
	at org.apache.maven.cli.MavenCli.doMain(MavenCli.java:293)
	at org.apache.maven.cli.MavenCli.main(MavenCli.java:196)
	at java.base/jdk.internal.reflect.DirectMethodHandleAccessor.invoke(DirectMethodHandleAccessor.java:103)
	at java.base/java.lang.reflect.Method.invoke(Method.java:580)
	at org.codehaus.plexus.classworlds.launcher.Launcher.launchEnhanced(Launcher.java:283)
	at org.codehaus.plexus.classworlds.launcher.Launcher.launch(Launcher.java:226)
	at org.codehaus.plexus.classworlds.launcher.Launcher.mainWithExitCode(Launcher.java:407)
	at org.codehaus.plexus.classworlds.launcher.Launcher.main(Launcher.java:348)
[m[m
    [1mat[m org.apache.maven.lifecycle.internal.MojoExecutor.doExecute2 ([1mMojoExecutor.java:375[m)
    [1mat[m org.apache.maven.lifecycle.internal.MojoExecutor.doExecute ([1mMojoExecutor.java:351[m)
    [1mat[m org.apache.maven.lifecycle.internal.MojoExecutor.execute ([1mMojoExecutor.java:215[m)
    [1mat[m org.apache.maven.lifecycle.internal.MojoExecutor.execute ([1mMojoExecutor.java:171[m)
    [1mat[m org.apache.maven.lifecycle.internal.MojoExecutor.execute ([1mMojoExecutor.java:163[m)
    [1mat[m org.apache.maven.lifecycle.internal.LifecycleModuleBuilder.buildProject ([1mLifecycleModuleBuilder.java:117[m)
    [1mat[m org.apache.maven.lifecycle.internal.LifecycleModuleBuilder.buildProject ([1mLifecycleModuleBuilder.java:81[m)
    [1mat[m org.apache.maven.lifecycle.internal.builder.singlethreaded.SingleThreadedBuilder.build ([1mSingleThreadedBuilder.java:56[m)
    [1mat[m org.apache.maven.lifecycle.internal.LifecycleStarter.execute ([1mLifecycleStarter.java:128[m)
    [1mat[m org.apache.maven.DefaultMaven.doExecute ([1mDefaultMaven.java:298[m)
    [1mat[m org.apache.maven.DefaultMaven.doExecute ([1mDefaultMaven.java:192[m)
    [1mat[m org.apache.maven.DefaultMaven.execute ([1mDefaultMaven.java:105[m)
    [1mat[m org.apache.maven.cli.MavenCli.execute ([1mMavenCli.java:960[m)
    [1mat[m org.apache.maven.cli.MavenCli.doMain ([1mMavenCli.java:293[m)
    [1mat[m org.apache.maven.cli.MavenCli.main ([1mMavenCli.java:196[m)
    [1mat[m jdk.internal.reflect.DirectMethodHandleAccessor.invoke ([1mDirectMethodHandleAccessor.java:103[m)
    [1mat[m java.lang.reflect.Method.invoke ([1mMethod.java:580[m)
    [1mat[m org.codehaus.plexus.classworlds.launcher.Launcher.launchEnhanced ([1mLauncher.java:283[m)
    [1mat[m org.codehaus.plexus.classworlds.launcher.Launcher.launch ([1mLauncher.java:226[m)
    [1mat[m org.codehaus.plexus.classworlds.launcher.Launcher.mainWithExitCode ([1mLauncher.java:407[m)
    [1mat[m org.codehaus.plexus.classworlds.launcher.Launcher.main ([1mLauncher.java:348[m)
[1mCaused by[m: org.apache.maven.plugin.MojoExecutionException: [1;31m

See /home/adam-wagner/Projekte/Jenga/backend/target/surefire-reports for the individual test results.
See dump files (if any exist) [date].dump, [date]-jvmRun[N].dump and [date].dumpstream.
There was an error in the forked process
TestEngine with ID 'junit-jupiter' encountered a critical issue during test discovery:

(1) [ERROR] ClassSelector [className = 'org.jenga.service.ImportServiceTest', classLoader = null] resolution failed
    Source: ClassSource [className = 'org.jenga.service.ImportServiceTest', filePosition = null]
            at org.jenga.service.ImportServiceTest.<no-method>(SourceFile:0)
    Cause: org.junit.platform.commons.PreconditionViolationException: Could not load class with name: org.jenga.service.ImportServiceTest
	at org.junit.platform.engine.discovery.ClassSelector.lambda$getJavaClass$0(ClassSelector.java:98)
	at org.junit.platform.commons.function.Try$Failure.getOrThrow(Try.java:335)
	at org.junit.platform.engine.discovery.ClassSelector.getJavaClass(ClassSelector.java:97)
	at org.junit.jupiter.engine.discovery.ClassSelectorResolver.resolve(ClassSelectorResolver.java:87)
	at org.junit.platform.engine.support.discovery.EngineDiscoveryRequestResolution.lambda$resolve$2(EngineDiscoveryRequestResolution.java:135)
	at java.base/java.util.stream.ReferencePipeline$3$1.accept(ReferencePipeline.java:197)
	at java.base/java.util.ArrayList$ArrayListSpliterator.tryAdvance(ArrayList.java:1685)
	at java.base/java.util.stream.ReferencePipeline.forEachWithCancel(ReferencePipeline.java:129)
	at java.base/java.util.stream.AbstractPipeline.copyIntoWithCancel(AbstractPipeline.java:527)
	at java.base/java.util.stream.AbstractPipeline.copyInto(AbstractPipeline.java:513)
	at java.base/java.util.stream.AbstractPipeline.wrapAndCopyInto(AbstractPipeline.java:499)
	at java.base/java.util.stream.FindOps$FindOp.evaluateSequential(FindOps.java:150)
	at java.base/java.util.stream.AbstractPipeline.evaluate(AbstractPipeline.java:234)
	at java.base/java.util.stream.ReferencePipeline.findFirst(ReferencePipeline.java:647)
	at org.junit.platform.engine.support.discovery.EngineDiscoveryRequestResolution.resolve(EngineDiscoveryRequestResolution.java:189)
	at org.junit.platform.engine.support.discovery.EngineDiscoveryRequestResolution.resolve(EngineDiscoveryRequestResolution.java:126)
	at org.junit.platform.engine.support.discovery.EngineDiscoveryRequestResolution.resolveCompletely(EngineDiscoveryRequestResolution.java:92)
	at org.junit.platform.engine.support.discovery.EngineDiscoveryRequestResolution.run(EngineDiscoveryRequestResolution.java:83)
	at org.junit.platform.engine.support.discovery.EngineDiscoveryRequestResolver.resolve(EngineDiscoveryRequestResolver.java:148)
	at org.junit.jupiter.engine.discovery.DiscoverySelectorResolver.resolveSelectors(DiscoverySelectorResolver.java:63)
	at org.junit.jupiter.engine.JupiterTestEngine.discover(JupiterTestEngine.java:70)
	at org.junit.platform.launcher.core.EngineDiscoveryOrchestrator.discoverEngineRoot(EngineDiscoveryOrchestrator.java:195)
	at org.junit.platform.launcher.core.EngineDiscoveryOrchestrator.discoverSafely(EngineDiscoveryOrchestrator.java:174)
	at org.junit.platform.launcher.core.EngineDiscoveryOrchestrator.discover(EngineDiscoveryOrchestrator.java:119)
	at org.junit.platform.launcher.core.EngineDiscoveryOrchestrator.discover(EngineDiscoveryOrchestrator.java:84)
	at org.junit.platform.launcher.core.DefaultLauncher.discover(DefaultLauncher.java:104)
	at org.junit.platform.launcher.core.DefaultLauncher.discover(DefaultLauncher.java:83)
	at org.junit.platform.launcher.core.DelegatingLauncher.discover(DelegatingLauncher.java:42)
	at org.junit.platform.launcher.core.InterceptingLauncher.lambda$discover$0(InterceptingLauncher.java:33)
	at org.junit.platform.launcher.core.ClasspathAlignmentCheckingLauncherInterceptor.intercept(ClasspathAlignmentCheckingLauncherInterceptor.java:25)
	at org.junit.platform.launcher.core.InterceptingLauncher.discover(InterceptingLauncher.java:33)
	at org.junit.platform.launcher.core.DelegatingLauncher.discover(DelegatingLauncher.java:42)
	at org.apache.maven.surefire.junitplatform.LazyLauncher.discover(LazyLauncher.java:50)
	at org.apache.maven.surefire.junitplatform.TestPlanScannerFilter.accept(TestPlanScannerFilter.java:52)
	at org.apache.maven.surefire.api.util.DefaultScanResult.applyFilter(DefaultScanResult.java:87)
	at org.apache.maven.surefire.junitplatform.JUnitPlatformProvider.scanClasspath(JUnitPlatformProvider.java:144)
	at org.apache.maven.surefire.junitplatform.JUnitPlatformProvider.invoke(JUnitPlatformProvider.java:124)
	at org.apache.maven.surefire.booter.ForkedBooter.runSuitesInProcess(ForkedBooter.java:385)
	at org.apache.maven.surefire.booter.ForkedBooter.execute(ForkedBooter.java:162)
	at org.apache.maven.surefire.booter.ForkedBooter.run(ForkedBooter.java:507)
	at org.apache.maven.surefire.booter.ForkedBooter.main(ForkedBooter.java:495)
Caused by: java.lang.RuntimeException: io.quarkus.builder.BuildException: Build failure: Build failed due to errors
	[error]: Build step io.quarkus.arc.deployment.ArcProcessor#validate threw an exception: jakarta.enterprise.inject.spi.DeploymentException: Found 6 deployment problems: 
[1] Unsatisfied dependency for type org.jenga.mapper.TicketMapper and qualifiers [@Default]
	- injection target: parameter 'ticketMapper' of org.jenga.service.TicketService constructor
	- declared on CLASS bean [types=[java.lang.Object, org.jenga.service.TicketService], qualifiers=[@Any, @Default], target=org.jenga.service.TicketService]
[2] Unsatisfied dependency for type org.jenga.mapper.CommentMapper and qualifiers [@Default]
	- injection target: parameter 'commentMapper' of org.jenga.service.TicketService constructor
	- declared on CLASS bean [types=[java.lang.Object, org.jenga.service.TicketService], qualifiers=[@Any, @Default], target=org.jenga.service.TicketService]
[3] Unsatisfied dependency for type org.jenga.mapper.AcceptanceCriteriaMapper and qualifiers [@Default]
	- injection target: parameter 'acceptanceCriteriaMapper' of org.jenga.service.TicketService constructor
	- declared on CLASS bean [types=[java.lang.Object, org.jenga.service.TicketService], qualifiers=[@Any, @Default], target=org.jenga.service.TicketService]
[4] Unsatisfied dependency for type org.jenga.mapper.UserMapper and qualifiers [@Default]
	- injection target: parameter 'userMapper' of org.jenga.service.UserService constructor
	- declared on CLASS bean [types=[java.lang.Object, org.jenga.service.UserService], qualifiers=[@Any, @Default], target=org.jenga.service.UserService]
[5] Unsatisfied dependency for type org.jenga.mapper.ProjectMapper and qualifiers [@Default]
	- injection target: parameter 'projectMapper' of org.jenga.service.ProjectService constructor
	- declared on CLASS bean [types=[java.lang.Object, org.jenga.service.ProjectService], qualifiers=[@Any, @Default], target=org.jenga.service.ProjectService]
[6] Unsatisfied dependency for type org.jenga.mapper.LabelMapper and qualifiers [@Default]
	- injection target: parameter 'labelMapper' of org.jenga.service.ProjectService constructor
	- declared on CLASS bean [types=[java.lang.Object, org.jenga.service.ProjectService], qualifiers=[@Any, @Default], target=org.jenga.service.ProjectService]
	at io.quarkus.arc.processor.BeanDeployment.processErrors(BeanDeployment.java:1602)
	at io.quarkus.arc.processor.BeanDeployment.init(BeanDeployment.java:341)
	at io.quarkus.arc.processor.BeanProcessor.initialize(BeanProcessor.java:178)
	at io.quarkus.arc.deployment.ArcProcessor.validate(ArcProcessor.java:488)
	at java.base/java.lang.invoke.MethodHandle.invokeWithArguments(MethodHandle.java:733)
	at io.quarkus.deployment.ExtensionLoader$3.execute(ExtensionLoader.java:874)
	at io.quarkus.builder.BuildContext.run(BuildContext.java:255)
	at org.jboss.threads.ContextHandler$1.runWith(ContextHandler.java:18)
	at org.jboss.threads.EnhancedQueueExecutor$Task.doRunWith(EnhancedQueueExecutor.java:2651)
	at org.jboss.threads.EnhancedQueueExecutor$Task.run(EnhancedQueueExecutor.java:2630)
	at org.jboss.threads.EnhancedQueueExecutor.runThreadBody(EnhancedQueueExecutor.java:1622)
	at org.jboss.threads.EnhancedQueueExecutor$ThreadBody.run(EnhancedQueueExecutor.java:1589)
	at java.base/java.lang.Thread.run(Thread.java:1583)
	at org.jboss.threads.JBossThread.run(JBossThread.java:501)
	Suppressed: jakarta.enterprise.inject.UnsatisfiedResolutionException: Unsatisfied dependency for type org.jenga.mapper.TicketMapper and qualifiers [@Default]
	- injection target: parameter 'ticketMapper' of org.jenga.service.TicketService constructor
	- declared on CLASS bean [types=[java.lang.Object, org.jenga.service.TicketService], qualifiers=[@Any, @Default], target=org.jenga.service.TicketService]
		at io.quarkus.arc.processor.Beans.resolveInjectionPoint(Beans.java:547)
		at io.quarkus.arc.processor.BeanInfo.init(BeanInfo.java:689)
		at io.quarkus.arc.processor.BeanDeployment.init(BeanDeployment.java:326)
		... 12 more
	Suppressed: jakarta.enterprise.inject.UnsatisfiedResolutionException: Unsatisfied dependency for type org.jenga.mapper.CommentMapper and qualifiers [@Default]
	- injection target: parameter 'commentMapper' of org.jenga.service.TicketService constructor
	- declared on CLASS bean [types=[java.lang.Object, org.jenga.service.TicketService], qualifiers=[@Any, @Default], target=org.jenga.service.TicketService]
		at io.quarkus.arc.processor.Beans.resolveInjectionPoint(Beans.java:547)
		at io.quarkus.arc.processor.BeanInfo.init(BeanInfo.java:689)
		at io.quarkus.arc.processor.BeanDeployment.init(BeanDeployment.java:326)
		... 12 more
	Suppressed: jakarta.enterprise.inject.UnsatisfiedResolutionException: Unsatisfied dependency for type org.jenga.mapper.AcceptanceCriteriaMapper and qualifiers [@Default]
	- injection target: parameter 'acceptanceCriteriaMapper' of org.jenga.service.TicketService constructor
	- declared on CLASS bean [types=[java.lang.Object, org.jenga.service.TicketService], qualifiers=[@Any, @Default], target=org.jenga.service.TicketService]
		at io.quarkus.arc.processor.Beans.resolveInjectionPoint(Beans.java:547)
		at io.quarkus.arc.processor.BeanInfo.init(BeanInfo.java:689)
		at io.quarkus.arc.processor.BeanDeployment.init(BeanDeployment.java:326)
		... 12 more
	Suppressed: jakarta.enterprise.inject.UnsatisfiedResolutionException: Unsatisfied dependency for type org.jenga.mapper.UserMapper and qualifiers [@Default]
	- injection target: parameter 'userMapper' of org.jenga.service.UserService constructor
	- declared on CLASS bean [types=[java.lang.Object, org.jenga.service.UserService], qualifiers=[@Any, @Default], target=org.jenga.service.UserService]
		at io.quarkus.arc.processor.Beans.resolveInjectionPoint(Beans.java:547)
		at io.quarkus.arc.processor.BeanInfo.init(BeanInfo.java:689)
		at io.quarkus.arc.processor.BeanDeployment.init(BeanDeployment.java:326)
		... 12 more
	Suppressed: jakarta.enterprise.inject.UnsatisfiedResolutionException: Unsatisfied dependency for type org.jenga.mapper.ProjectMapper and qualifiers [@Default]
	- injection target: parameter 'projectMapper' of org.jenga.service.ProjectService constructor
	- declared on CLASS bean [types=[java.lang.Object, org.jenga.service.ProjectService], qualifiers=[@Any, @Default], target=org.jenga.service.ProjectService]
		at io.quarkus.arc.processor.Beans.resolveInjectionPoint(Beans.java:547)
		at io.quarkus.arc.processor.BeanInfo.init(BeanInfo.java:689)
		at io.quarkus.arc.processor.BeanDeployment.init(BeanDeployment.java:326)
		... 12 more
	Suppressed: jakarta.enterprise.inject.UnsatisfiedResolutionException: Unsatisfied dependency for type org.jenga.mapper.LabelMapper and qualifiers [@Default]
	- injection target: parameter 'labelMapper' of org.jenga.service.ProjectService constructor
	- declared on CLASS bean [types=[java.lang.Object, org.jenga.service.ProjectService], qualifiers=[@Any, @Default], target=org.jenga.service.ProjectService]
		at io.quarkus.arc.processor.Beans.resolveInjectionPoint(Beans.java:547)
		at io.quarkus.arc.processor.BeanInfo.init(BeanInfo.java:689)
		at io.quarkus.arc.processor.BeanDeployment.init(BeanDeployment.java:326)
		... 12 more

	at io.quarkus.runner.bootstrap.AugmentActionImpl.runAugment(AugmentActionImpl.java:376)
	at io.quarkus.runner.bootstrap.AugmentActionImpl.createInitialRuntimeApplication(AugmentActionImpl.java:293)
	at io.quarkus.runner.bootstrap.AugmentActionImpl.createInitialRuntimeApplication(AugmentActionImpl.java:61)
	at io.quarkus.test.junit.AppMakerHelper.getStartupAction(AppMakerHelper.java:253)
	at io.quarkus.test.junit.classloading.FacadeClassLoader.getOrCreateRuntimeClassLoader(FacadeClassLoader.java:544)
	at io.quarkus.test.junit.classloading.FacadeClassLoader.getQuarkusClassLoader(FacadeClassLoader.java:441)
	at io.quarkus.test.junit.classloading.FacadeClassLoader.loadClass(FacadeClassLoader.java:330)
	at java.base/java.lang.Class.forName0(Native Method)
	at java.base/java.lang.Class.forName(Class.java:534)
	at java.base/java.lang.Class.forName(Class.java:513)
	at org.junit.platform.commons.util.ReflectionUtils.lambda$tryToLoadClass$10(ReflectionUtils.java:886)
	at org.junit.platform.commons.function.Try.lambda$call$0(Try.java:57)
	at org.junit.platform.commons.function.Try.of(Try.java:93)
	at org.junit.platform.commons.function.Try.call(Try.java:57)
	at org.junit.platform.commons.util.ReflectionUtils.tryToLoadClass(ReflectionUtils.java:873)
	at org.junit.platform.commons.util.ReflectionUtils.tryToLoadClass(ReflectionUtils.java:810)
	at org.junit.platform.commons.support.ReflectionSupport.tryToLoadClass(ReflectionSupport.java:94)
	at org.junit.platform.engine.discovery.ClassSelector.getJavaClass(ClassSelector.java:95)
	... 38 more
Caused by: io.quarkus.builder.BuildException: Build failure: Build failed due to errors
	[error]: Build step io.quarkus.arc.deployment.ArcProcessor#validate threw an exception: jakarta.enterprise.inject.spi.DeploymentException: Found 6 deployment problems: 
[1] Unsatisfied dependency for type org.jenga.mapper.TicketMapper and qualifiers [@Default]
	- injection target: parameter 'ticketMapper' of org.jenga.service.TicketService constructor
	- declared on CLASS bean [types=[java.lang.Object, org.jenga.service.TicketService], qualifiers=[@Any, @Default], target=org.jenga.service.TicketService]
[2] Unsatisfied dependency for type org.jenga.mapper.CommentMapper and qualifiers [@Default]
	- injection target: parameter 'commentMapper' of org.jenga.service.TicketService constructor
	- declared on CLASS bean [types=[java.lang.Object, org.jenga.service.TicketService], qualifiers=[@Any, @Default], target=org.jenga.service.TicketService]
[3] Unsatisfied dependency for type org.jenga.mapper.AcceptanceCriteriaMapper and qualifiers [@Default]
	- injection target: parameter 'acceptanceCriteriaMapper' of org.jenga.service.TicketService constructor
	- declared on CLASS bean [types=[java.lang.Object, org.jenga.service.TicketService], qualifiers=[@Any, @Default], target=org.jenga.service.TicketService]
[4] Unsatisfied dependency for type org.jenga.mapper.UserMapper and qualifiers [@Default]
	- injection target: parameter 'userMapper' of org.jenga.service.UserService constructor
	- declared on CLASS bean [types=[java.lang.Object, org.jenga.service.UserService], qualifiers=[@Any, @Default], target=org.jenga.service.UserService]
[5] Unsatisfied dependency for type org.jenga.mapper.ProjectMapper and qualifiers [@Default]
	- injection target: parameter 'projectMapper' of org.jenga.service.ProjectService constructor
	- declared on CLASS bean [types=[java.lang.Object, org.jenga.service.ProjectService], qualifiers=[@Any, @Default], target=org.jenga.service.ProjectService]
[6] Unsatisfied dependency for type org.jenga.mapper.LabelMapper and qualifiers [@Default]
	- injection target: parameter 'labelMapper' of org.jenga.service.ProjectService constructor
	- declared on CLASS bean [types=[java.lang.Object, org.jenga.service.ProjectService], qualifiers=[@Any, @Default], target=org.jenga.service.ProjectService]
	at io.quarkus.arc.processor.BeanDeployment.processErrors(BeanDeployment.java:1602)
	at io.quarkus.arc.processor.BeanDeployment.init(BeanDeployment.java:341)
	at io.quarkus.arc.processor.BeanProcessor.initialize(BeanProcessor.java:178)
	at io.quarkus.arc.deployment.ArcProcessor.validate(ArcProcessor.java:488)
	at java.base/java.lang.invoke.MethodHandle.invokeWithArguments(MethodHandle.java:733)
	at io.quarkus.deployment.ExtensionLoader$3.execute(ExtensionLoader.java:874)
	at io.quarkus.builder.BuildContext.run(BuildContext.java:255)
	at org.jboss.threads.ContextHandler$1.runWith(ContextHandler.java:18)
	at org.jboss.threads.EnhancedQueueExecutor$Task.doRunWith(EnhancedQueueExecutor.java:2651)
	at org.jboss.threads.EnhancedQueueExecutor$Task.run(EnhancedQueueExecutor.java:2630)
	at org.jboss.threads.EnhancedQueueExecutor.runThreadBody(EnhancedQueueExecutor.java:1622)
	at org.jboss.threads.EnhancedQueueExecutor$ThreadBody.run(EnhancedQueueExecutor.java:1589)
	at java.base/java.lang.Thread.run(Thread.java:1583)
	at org.jboss.threads.JBossThread.run(JBossThread.java:501)
	Suppressed: jakarta.enterprise.inject.UnsatisfiedResolutionException: Unsatisfied dependency for type org.jenga.mapper.TicketMapper and qualifiers [@Default]
	- injection target: parameter 'ticketMapper' of org.jenga.service.TicketService constructor
	- declared on CLASS bean [types=[java.lang.Object, org.jenga.service.TicketService], qualifiers=[@Any, @Default], target=org.jenga.service.TicketService]
		at io.quarkus.arc.processor.Beans.resolveInjectionPoint(Beans.java:547)
		at io.quarkus.arc.processor.BeanInfo.init(BeanInfo.java:689)
		at io.quarkus.arc.processor.BeanDeployment.init(BeanDeployment.java:326)
		... 12 more
	Suppressed: jakarta.enterprise.inject.UnsatisfiedResolutionException: Unsatisfied dependency for type org.jenga.mapper.CommentMapper and qualifiers [@Default]
	- injection target: parameter 'commentMapper' of org.jenga.service.TicketService constructor
	- declared on CLASS bean [types=[java.lang.Object, org.jenga.service.TicketService], qualifiers=[@Any, @Default], target=org.jenga.service.TicketService]
		at io.quarkus.arc.processor.Beans.resolveInjectionPoint(Beans.java:547)
		at io.quarkus.arc.processor.BeanInfo.init(BeanInfo.java:689)
		at io.quarkus.arc.processor.BeanDeployment.init(BeanDeployment.java:326)
		... 12 more
	Suppressed: jakarta.enterprise.inject.UnsatisfiedResolutionException: Unsatisfied dependency for type org.jenga.mapper.AcceptanceCriteriaMapper and qualifiers [@Default]
	- injection target: parameter 'acceptanceCriteriaMapper' of org.jenga.service.TicketService constructor
	- declared on CLASS bean [types=[java.lang.Object, org.jenga.service.TicketService], qualifiers=[@Any, @Default], target=org.jenga.service.TicketService]
		at io.quarkus.arc.processor.Beans.resolveInjectionPoint(Beans.java:547)
		at io.quarkus.arc.processor.BeanInfo.init(BeanInfo.java:689)
		at io.quarkus.arc.processor.BeanDeployment.init(BeanDeployment.java:326)
		... 12 more
	Suppressed: jakarta.enterprise.inject.UnsatisfiedResolutionException: Unsatisfied dependency for type org.jenga.mapper.UserMapper and qualifiers [@Default]
	- injection target: parameter 'userMapper' of org.jenga.service.UserService constructor
	- declared on CLASS bean [types=[java.lang.Object, org.jenga.service.UserService], qualifiers=[@Any, @Default], target=org.jenga.service.UserService]
		at io.quarkus.arc.processor.Beans.resolveInjectionPoint(Beans.java:547)
		at io.quarkus.arc.processor.BeanInfo.init(BeanInfo.java:689)
		at io.quarkus.arc.processor.BeanDeployment.init(BeanDeployment.java:326)
		... 12 more
	Suppressed: jakarta.enterprise.inject.UnsatisfiedResolutionException: Unsatisfied dependency for type org.jenga.mapper.ProjectMapper and qualifiers [@Default]
	- injection target: parameter 'projectMapper' of org.jenga.service.ProjectService constructor
	- declared on CLASS bean [types=[java.lang.Object, org.jenga.service.ProjectService], qualifiers=[@Any, @Default], target=org.jenga.service.ProjectService]
		at io.quarkus.arc.processor.Beans.resolveInjectionPoint(Beans.java:547)
		at io.quarkus.arc.processor.BeanInfo.init(BeanInfo.java:689)
		at io.quarkus.arc.processor.BeanDeployment.init(BeanDeployment.java:326)
		... 12 more
	Suppressed: jakarta.enterprise.inject.UnsatisfiedResolutionException: Unsatisfied dependency for type org.jenga.mapper.LabelMapper and qualifiers [@Default]
	- injection target: parameter 'labelMapper' of org.jenga.service.ProjectService constructor
	- declared on CLASS bean [types=[java.lang.Object, org.jenga.service.ProjectService], qualifiers=[@Any, @Default], target=org.jenga.service.ProjectService]
		at io.quarkus.arc.processor.Beans.resolveInjectionPoint(Beans.java:547)
		at io.quarkus.arc.processor.BeanInfo.init(BeanInfo.java:689)
		at io.quarkus.arc.processor.BeanDeployment.init(BeanDeployment.java:326)
		... 12 more

	at io.quarkus.builder.Execution.run(Execution.java:122)
	at io.quarkus.builder.BuildExecutionBuilder.execute(BuildExecutionBuilder.java:78)
	at io.quarkus.deployment.QuarkusAugmentor.run(QuarkusAugmentor.java:160)
	at io.quarkus.runner.bootstrap.AugmentActionImpl.runAugment(AugmentActionImpl.java:372)
	... 55 more
Caused by: jakarta.enterprise.inject.spi.DeploymentException: Found 6 deployment problems: 
[1] Unsatisfied dependency for type org.jenga.mapper.TicketMapper and qualifiers [@Default]
	- injection target: parameter 'ticketMapper' of org.jenga.service.TicketService constructor
	- declared on CLASS bean [types=[java.lang.Object, org.jenga.service.TicketService], qualifiers=[@Any, @Default], target=org.jenga.service.TicketService]
[2] Unsatisfied dependency for type org.jenga.mapper.CommentMapper and qualifiers [@Default]
	- injection target: parameter 'commentMapper' of org.jenga.service.TicketService constructor
	- declared on CLASS bean [types=[java.lang.Object, org.jenga.service.TicketService], qualifiers=[@Any, @Default], target=org.jenga.service.TicketService]
[3] Unsatisfied dependency for type org.jenga.mapper.AcceptanceCriteriaMapper and qualifiers [@Default]
	- injection target: parameter 'acceptanceCriteriaMapper' of org.jenga.service.TicketService constructor
	- declared on CLASS bean [types=[java.lang.Object, org.jenga.service.TicketService], qualifiers=[@Any, @Default], target=org.jenga.service.TicketService]
[4] Unsatisfied dependency for type org.jenga.mapper.UserMapper and qualifiers [@Default]
	- injection target: parameter 'userMapper' of org.jenga.service.UserService constructor
	- declared on CLASS bean [types=[java.lang.Object, org.jenga.service.UserService], qualifiers=[@Any, @Default], target=org.jenga.service.UserService]
[5] Unsatisfied dependency for type org.jenga.mapper.ProjectMapper and qualifiers [@Default]
	- injection target: parameter 'projectMapper' of org.jenga.service.ProjectService constructor
	- declared on CLASS bean [types=[java.lang.Object, org.jenga.service.ProjectService], qualifiers=[@Any, @Default], target=org.jenga.service.ProjectService]
[6] Unsatisfied dependency for type org.jenga.mapper.LabelMapper and qualifiers [@Default]
	- injection target: parameter 'labelMapper' of org.jenga.service.ProjectService constructor
	- declared on CLASS bean [types=[java.lang.Object, org.jenga.service.ProjectService], qualifiers=[@Any, @Default], target=org.jenga.service.ProjectService]
	at io.quarkus.arc.processor.BeanDeployment.processErrors(BeanDeployment.java:1602)
	at io.quarkus.arc.processor.BeanDeployment.init(BeanDeployment.java:341)
	at io.quarkus.arc.processor.BeanProcessor.initialize(BeanProcessor.java:178)
	at io.quarkus.arc.deployment.ArcProcessor.validate(ArcProcessor.java:488)
	at java.base/java.lang.invoke.MethodHandle.invokeWithArguments(MethodHandle.java:733)
	at io.quarkus.deployment.ExtensionLoader$3.execute(ExtensionLoader.java:874)
	at io.quarkus.builder.BuildContext.run(BuildContext.java:255)
	at org.jboss.threads.ContextHandler$1.runWith(ContextHandler.java:18)
	at org.jboss.threads.EnhancedQueueExecutor$Task.doRunWith(EnhancedQueueExecutor.java:2651)
	at org.jboss.threads.EnhancedQueueExecutor$Task.run(EnhancedQueueExecutor.java:2630)
	at org.jboss.threads.EnhancedQueueExecutor.runThreadBody(EnhancedQueueExecutor.java:1622)
	at org.jboss.threads.EnhancedQueueExecutor$ThreadBody.run(EnhancedQueueExecutor.java:1589)
	at java.base/java.lang.Thread.run(Thread.java:1583)
	at org.jboss.threads.JBossThread.run(JBossThread.java:501)
	Suppressed: jakarta.enterprise.inject.UnsatisfiedResolutionException: Unsatisfied dependency for type org.jenga.mapper.TicketMapper and qualifiers [@Default]
	- injection target: parameter 'ticketMapper' of org.jenga.service.TicketService constructor
	- declared on CLASS bean [types=[java.lang.Object, org.jenga.service.TicketService], qualifiers=[@Any, @Default], target=org.jenga.service.TicketService]
		at io.quarkus.arc.processor.Beans.resolveInjectionPoint(Beans.java:547)
		at io.quarkus.arc.processor.BeanInfo.init(BeanInfo.java:689)
		at io.quarkus.arc.processor.BeanDeployment.init(BeanDeployment.java:326)
		... 12 more
	Suppressed: jakarta.enterprise.inject.UnsatisfiedResolutionException: Unsatisfied dependency for type org.jenga.mapper.CommentMapper and qualifiers [@Default]
	- injection target: parameter 'commentMapper' of org.jenga.service.TicketService constructor
	- declared on CLASS bean [types=[java.lang.Object, org.jenga.service.TicketService], qualifiers=[@Any, @Default], target=org.jenga.service.TicketService]
		at io.quarkus.arc.processor.Beans.resolveInjectionPoint(Beans.java:547)
		at io.quarkus.arc.processor.BeanInfo.init(BeanInfo.java:689)
		at io.quarkus.arc.processor.BeanDeployment.init(BeanDeployment.java:326)
		... 12 more
	Suppressed: jakarta.enterprise.inject.UnsatisfiedResolutionException: Unsatisfied dependency for type org.jenga.mapper.AcceptanceCriteriaMapper and qualifiers [@Default]
	- injection target: parameter 'acceptanceCriteriaMapper' of org.jenga.service.TicketService constructor
	- declared on CLASS bean [types=[java.lang.Object, org.jenga.service.TicketService], qualifiers=[@Any, @Default], target=org.jenga.service.TicketService]
		at io.quarkus.arc.processor.Beans.resolveInjectionPoint(Beans.java:547)
		at io.quarkus.arc.processor.BeanInfo.init(BeanInfo.java:689)
		at io.quarkus.arc.processor.BeanDeployment.init(BeanDeployment.java:326)
		... 12 more
	Suppressed: jakarta.enterprise.inject.UnsatisfiedResolutionException: Unsatisfied dependency for type org.jenga.mapper.UserMapper and qualifiers [@Default]
	- injection target: parameter 'userMapper' of org.jenga.service.UserService constructor
	- declared on CLASS bean [types=[java.lang.Object, org.jenga.service.UserService], qualifiers=[@Any, @Default], target=org.jenga.service.UserService]
		at io.quarkus.arc.processor.Beans.resolveInjectionPoint(Beans.java:547)
		at io.quarkus.arc.processor.BeanInfo.init(BeanInfo.java:689)
		at io.quarkus.arc.processor.BeanDeployment.init(BeanDeployment.java:326)
		... 12 more
	Suppressed: jakarta.enterprise.inject.UnsatisfiedResolutionException: Unsatisfied dependency for type org.jenga.mapper.ProjectMapper and qualifiers [@Default]
	- injection target: parameter 'projectMapper' of org.jenga.service.ProjectService constructor
	- declared on CLASS bean [types=[java.lang.Object, org.jenga.service.ProjectService], qualifiers=[@Any, @Default], target=org.jenga.service.ProjectService]
		at io.quarkus.arc.processor.Beans.resolveInjectionPoint(Beans.java:547)
		at io.quarkus.arc.processor.BeanInfo.init(BeanInfo.java:689)
		at io.quarkus.arc.processor.BeanDeployment.init(BeanDeployment.java:326)
		... 12 more
	Suppressed: jakarta.enterprise.inject.UnsatisfiedResolutionException: Unsatisfied dependency for type org.jenga.mapper.LabelMapper and qualifiers [@Default]
	- injection target: parameter 'labelMapper' of org.jenga.service.ProjectService constructor
	- declared on CLASS bean [types=[java.lang.Object, org.jenga.service.ProjectService], qualifiers=[@Any, @Default], target=org.jenga.service.ProjectService]
		at io.quarkus.arc.processor.Beans.resolveInjectionPoint(Beans.java:547)
		at io.quarkus.arc.processor.BeanInfo.init(BeanInfo.java:689)
		at io.quarkus.arc.processor.BeanDeployment.init(BeanDeployment.java:326)
		... 12 more

org.junit.platform.launcher.core.DiscoveryIssueException: TestEngine with ID 'junit-jupiter' encountered a critical issue during test discovery:

(1) [ERROR] ClassSelector [className = 'org.jenga.service.ImportServiceTest', classLoader = null] resolution failed
    Source: ClassSource [className = 'org.jenga.service.ImportServiceTest', filePosition = null]
            at org.jenga.service.ImportServiceTest.<no-method>(SourceFile:0)
    Cause: org.junit.platform.commons.PreconditionViolationException: Could not load class with name: org.jenga.service.ImportServiceTest
	at org.junit.platform.engine.discovery.ClassSelector.lambda$getJavaClass$0(ClassSelector.java:98)
	at org.junit.platform.commons.function.Try$Failure.getOrThrow(Try.java:335)
	at org.junit.platform.engine.discovery.ClassSelector.getJavaClass(ClassSelector.java:97)
	at org.junit.jupiter.engine.discovery.ClassSelectorResolver.resolve(ClassSelectorResolver.java:87)
	at org.junit.platform.engine.support.discovery.EngineDiscoveryRequestResolution.lambda$resolve$2(EngineDiscoveryRequestResolution.java:135)
	at java.base/java.util.stream.ReferencePipeline$3$1.accept(ReferencePipeline.java:197)
	at java.base/java.util.ArrayList$ArrayListSpliterator.tryAdvance(ArrayList.java:1685)
	at java.base/java.util.stream.ReferencePipeline.forEachWithCancel(ReferencePipeline.java:129)
	at java.base/java.util.stream.AbstractPipeline.copyIntoWithCancel(AbstractPipeline.java:527)
	at java.base/java.util.stream.AbstractPipeline.copyInto(AbstractPipeline.java:513)
	at java.base/java.util.stream.AbstractPipeline.wrapAndCopyInto(AbstractPipeline.java:499)
	at java.base/java.util.stream.FindOps$FindOp.evaluateSequential(FindOps.java:150)
	at java.base/java.util.stream.AbstractPipeline.evaluate(AbstractPipeline.java:234)
	at java.base/java.util.stream.ReferencePipeline.findFirst(ReferencePipeline.java:647)
	at org.junit.platform.engine.support.discovery.EngineDiscoveryRequestResolution.resolve(EngineDiscoveryRequestResolution.java:189)
	at org.junit.platform.engine.support.discovery.EngineDiscoveryRequestResolution.resolve(EngineDiscoveryRequestResolution.java:126)
	at org.junit.platform.engine.support.discovery.EngineDiscoveryRequestResolution.resolveCompletely(EngineDiscoveryRequestResolution.java:92)
	at org.junit.platform.engine.support.discovery.EngineDiscoveryRequestResolution.run(EngineDiscoveryRequestResolution.java:83)
	at org.junit.platform.engine.support.discovery.EngineDiscoveryRequestResolver.resolve(EngineDiscoveryRequestResolver.java:148)
	at org.junit.jupiter.engine.discovery.DiscoverySelectorResolver.resolveSelectors(DiscoverySelectorResolver.java:63)
	at org.junit.jupiter.engine.JupiterTestEngine.discover(JupiterTestEngine.java:70)
	at org.junit.platform.launcher.core.EngineDiscoveryOrchestrator.discoverEngineRoot(EngineDiscoveryOrchestrator.java:195)
	at org.junit.platform.launcher.core.EngineDiscoveryOrchestrator.discoverSafely(EngineDiscoveryOrchestrator.java:174)
	at org.junit.platform.launcher.core.EngineDiscoveryOrchestrator.discover(EngineDiscoveryOrchestrator.java:119)
	at org.junit.platform.launcher.core.EngineDiscoveryOrchestrator.discover(EngineDiscoveryOrchestrator.java:84)
	at org.junit.platform.launcher.core.DefaultLauncher.discover(DefaultLauncher.java:104)
	at org.junit.platform.launcher.core.DefaultLauncher.discover(DefaultLauncher.java:83)
	at org.junit.platform.launcher.core.DelegatingLauncher.discover(DelegatingLauncher.java:42)
	at org.junit.platform.launcher.core.InterceptingLauncher.lambda$discover$0(InterceptingLauncher.java:33)
	at org.junit.platform.launcher.core.ClasspathAlignmentCheckingLauncherInterceptor.intercept(ClasspathAlignmentCheckingLauncherInterceptor.java:25)
	at org.junit.platform.launcher.core.InterceptingLauncher.discover(InterceptingLauncher.java:33)
	at org.junit.platform.launcher.core.DelegatingLauncher.discover(DelegatingLauncher.java:42)
	at org.apache.maven.surefire.junitplatform.LazyLauncher.discover(LazyLauncher.java:50)
	at org.apache.maven.surefire.junitplatform.TestPlanScannerFilter.accept(TestPlanScannerFilter.java:52)
	at org.apache.maven.surefire.api.util.DefaultScanResult.applyFilter(DefaultScanResult.java:87)
	at org.apache.maven.surefire.junitplatform.JUnitPlatformProvider.scanClasspath(JUnitPlatformProvider.java:144)
	at org.apache.maven.surefire.junitplatform.JUnitPlatformProvider.invoke(JUnitPlatformProvider.java:124)
	at org.apache.maven.surefire.booter.ForkedBooter.runSuitesInProcess(ForkedBooter.java:385)
	at org.apache.maven.surefire.booter.ForkedBooter.execute(ForkedBooter.java:162)
	at org.apache.maven.surefire.booter.ForkedBooter.run(ForkedBooter.java:507)
	at org.apache.maven.surefire.booter.ForkedBooter.main(ForkedBooter.java:495)
Caused by: java.lang.RuntimeException: io.quarkus.builder.BuildException: Build failure: Build failed due to errors
	[error]: Build step io.quarkus.arc.deployment.ArcProcessor#validate threw an exception: jakarta.enterprise.inject.spi.DeploymentException: Found 6 deployment problems: 
[1] Unsatisfied dependency for type org.jenga.mapper.TicketMapper and qualifiers [@Default]
	- injection target: parameter 'ticketMapper' of org.jenga.service.TicketService constructor
	- declared on CLASS bean [types=[java.lang.Object, org.jenga.service.TicketService], qualifiers=[@Any, @Default], target=org.jenga.service.TicketService]
[2] Unsatisfied dependency for type org.jenga.mapper.CommentMapper and qualifiers [@Default]
	- injection target: parameter 'commentMapper' of org.jenga.service.TicketService constructor
	- declared on CLASS bean [types=[java.lang.Object, org.jenga.service.TicketService], qualifiers=[@Any, @Default], target=org.jenga.service.TicketService]
[3] Unsatisfied dependency for type org.jenga.mapper.AcceptanceCriteriaMapper and qualifiers [@Default]
	- injection target: parameter 'acceptanceCriteriaMapper' of org.jenga.service.TicketService constructor
	- declared on CLASS bean [types=[java.lang.Object, org.jenga.service.TicketService], qualifiers=[@Any, @Default], target=org.jenga.service.TicketService]
[4] Unsatisfied dependency for type org.jenga.mapper.UserMapper and qualifiers [@Default]
	- injection target: parameter 'userMapper' of org.jenga.service.UserService constructor
	- declared on CLASS bean [types=[java.lang.Object, org.jenga.service.UserService], qualifiers=[@Any, @Default], target=org.jenga.service.UserService]
[5] Unsatisfied dependency for type org.jenga.mapper.ProjectMapper and qualifiers [@Default]
	- injection target: parameter 'projectMapper' of org.jenga.service.ProjectService constructor
	- declared on CLASS bean [types=[java.lang.Object, org.jenga.service.ProjectService], qualifiers=[@Any, @Default], target=org.jenga.service.ProjectService]
[6] Unsatisfied dependency for type org.jenga.mapper.LabelMapper and qualifiers [@Default]
	- injection target: parameter 'labelMapper' of org.jenga.service.ProjectService constructor
	- declared on CLASS bean [types=[java.lang.Object, org.jenga.service.ProjectService], qualifiers=[@Any, @Default], target=org.jenga.service.ProjectService]
	at io.quarkus.arc.processor.BeanDeployment.processErrors(BeanDeployment.java:1602)
	at io.quarkus.arc.processor.BeanDeployment.init(BeanDeployment.java:341)
	at io.quarkus.arc.processor.BeanProcessor.initialize(BeanProcessor.java:178)
	at io.quarkus.arc.deployment.ArcProcessor.validate(ArcProcessor.java:488)
	at java.base/java.lang.invoke.MethodHandle.invokeWithArguments(MethodHandle.java:733)
	at io.quarkus.deployment.ExtensionLoader$3.execute(ExtensionLoader.java:874)
	at io.quarkus.builder.BuildContext.run(BuildContext.java:255)
	at org.jboss.threads.ContextHandler$1.runWith(ContextHandler.java:18)
	at org.jboss.threads.EnhancedQueueExecutor$Task.doRunWith(EnhancedQueueExecutor.java:2651)
	at org.jboss.threads.EnhancedQueueExecutor$Task.run(EnhancedQueueExecutor.java:2630)
	at org.jboss.threads.EnhancedQueueExecutor.runThreadBody(EnhancedQueueExecutor.java:1622)
	at org.jboss.threads.EnhancedQueueExecutor$ThreadBody.run(EnhancedQueueExecutor.java:1589)
	at java.base/java.lang.Thread.run(Thread.java:1583)
	at org.jboss.threads.JBossThread.run(JBossThread.java:501)
	Suppressed: jakarta.enterprise.inject.UnsatisfiedResolutionException: Unsatisfied dependency for type org.jenga.mapper.TicketMapper and qualifiers [@Default]
	- injection target: parameter 'ticketMapper' of org.jenga.service.TicketService constructor
	- declared on CLASS bean [types=[java.lang.Object, org.jenga.service.TicketService], qualifiers=[@Any, @Default], target=org.jenga.service.TicketService]
		at io.quarkus.arc.processor.Beans.resolveInjectionPoint(Beans.java:547)
		at io.quarkus.arc.processor.BeanInfo.init(BeanInfo.java:689)
		at io.quarkus.arc.processor.BeanDeployment.init(BeanDeployment.java:326)
		... 12 more
	Suppressed: jakarta.enterprise.inject.UnsatisfiedResolutionException: Unsatisfied dependency for type org.jenga.mapper.CommentMapper and qualifiers [@Default]
	- injection target: parameter 'commentMapper' of org.jenga.service.TicketService constructor
	- declared on CLASS bean [types=[java.lang.Object, org.jenga.service.TicketService], qualifiers=[@Any, @Default], target=org.jenga.service.TicketService]
		at io.quarkus.arc.processor.Beans.resolveInjectionPoint(Beans.java:547)
		at io.quarkus.arc.processor.BeanInfo.init(BeanInfo.java:689)
		at io.quarkus.arc.processor.BeanDeployment.init(BeanDeployment.java:326)
		... 12 more
	Suppressed: jakarta.enterprise.inject.UnsatisfiedResolutionException: Unsatisfied dependency for type org.jenga.mapper.AcceptanceCriteriaMapper and qualifiers [@Default]
	- injection target: parameter 'acceptanceCriteriaMapper' of org.jenga.service.TicketService constructor
	- declared on CLASS bean [types=[java.lang.Object, org.jenga.service.TicketService], qualifiers=[@Any, @Default], target=org.jenga.service.TicketService]
		at io.quarkus.arc.processor.Beans.resolveInjectionPoint(Beans.java:547)
		at io.quarkus.arc.processor.BeanInfo.init(BeanInfo.java:689)
		at io.quarkus.arc.processor.BeanDeployment.init(BeanDeployment.java:326)
		... 12 more
	Suppressed: jakarta.enterprise.inject.UnsatisfiedResolutionException: Unsatisfied dependency for type org.jenga.mapper.UserMapper and qualifiers [@Default]
	- injection target: parameter 'userMapper' of org.jenga.service.UserService constructor
	- declared on CLASS bean [types=[java.lang.Object, org.jenga.service.UserService], qualifiers=[@Any, @Default], target=org.jenga.service.UserService]
		at io.quarkus.arc.processor.Beans.resolveInjectionPoint(Beans.java:547)
		at io.quarkus.arc.processor.BeanInfo.init(BeanInfo.java:689)
		at io.quarkus.arc.processor.BeanDeployment.init(BeanDeployment.java:326)
		... 12 more
	Suppressed: jakarta.enterprise.inject.UnsatisfiedResolutionException: Unsatisfied dependency for type org.jenga.mapper.ProjectMapper and qualifiers [@Default]
	- injection target: parameter 'projectMapper' of org.jenga.service.ProjectService constructor
	- declared on CLASS bean [types=[java.lang.Object, org.jenga.service.ProjectService], qualifiers=[@Any, @Default], target=org.jenga.service.ProjectService]
		at io.quarkus.arc.processor.Beans.resolveInjectionPoint(Beans.java:547)
		at io.quarkus.arc.processor.BeanInfo.init(BeanInfo.java:689)
		at io.quarkus.arc.processor.BeanDeployment.init(BeanDeployment.java:326)
		... 12 more
	Suppressed: jakarta.enterprise.inject.UnsatisfiedResolutionException: Unsatisfied dependency for type org.jenga.mapper.LabelMapper and qualifiers [@Default]
	- injection target: parameter 'labelMapper' of org.jenga.service.ProjectService constructor
	- declared on CLASS bean [types=[java.lang.Object, org.jenga.service.ProjectService], qualifiers=[@Any, @Default], target=org.jenga.service.ProjectService]
		at io.quarkus.arc.processor.Beans.resolveInjectionPoint(Beans.java:547)
		at io.quarkus.arc.processor.BeanInfo.init(BeanInfo.java:689)
		at io.quarkus.arc.processor.BeanDeployment.init(BeanDeployment.java:326)
		... 12 more

	at io.quarkus.runner.bootstrap.AugmentActionImpl.runAugment(AugmentActionImpl.java:376)
	at io.quarkus.runner.bootstrap.AugmentActionImpl.createInitialRuntimeApplication(AugmentActionImpl.java:293)
	at io.quarkus.runner.bootstrap.AugmentActionImpl.createInitialRuntimeApplication(AugmentActionImpl.java:61)
	at io.quarkus.test.junit.AppMakerHelper.getStartupAction(AppMakerHelper.java:253)
	at io.quarkus.test.junit.classloading.FacadeClassLoader.getOrCreateRuntimeClassLoader(FacadeClassLoader.java:544)
	at io.quarkus.test.junit.classloading.FacadeClassLoader.getQuarkusClassLoader(FacadeClassLoader.java:441)
	at io.quarkus.test.junit.classloading.FacadeClassLoader.loadClass(FacadeClassLoader.java:330)
	at java.base/java.lang.Class.forName0(Native Method)
	at java.base/java.lang.Class.forName(Class.java:534)
	at java.base/java.lang.Class.forName(Class.java:513)
	at org.junit.platform.commons.util.ReflectionUtils.lambda$tryToLoadClass$10(ReflectionUtils.java:886)
	at org.junit.platform.commons.function.Try.lambda$call$0(Try.java:57)
	at org.junit.platform.commons.function.Try.of(Try.java:93)
	at org.junit.platform.commons.function.Try.call(Try.java:57)
	at org.junit.platform.commons.util.ReflectionUtils.tryToLoadClass(ReflectionUtils.java:873)
	at org.junit.platform.commons.util.ReflectionUtils.tryToLoadClass(ReflectionUtils.java:810)
	at org.junit.platform.commons.support.ReflectionSupport.tryToLoadClass(ReflectionSupport.java:94)
	at org.junit.platform.engine.discovery.ClassSelector.getJavaClass(ClassSelector.java:95)
	... 38 more
Caused by: io.quarkus.builder.BuildException: Build failure: Build failed due to errors
	[error]: Build step io.quarkus.arc.deployment.ArcProcessor#validate threw an exception: jakarta.enterprise.inject.spi.DeploymentException: Found 6 deployment problems: 
[1] Unsatisfied dependency for type org.jenga.mapper.TicketMapper and qualifiers [@Default]
	- injection target: parameter 'ticketMapper' of org.jenga.service.TicketService constructor
	- declared on CLASS bean [types=[java.lang.Object, org.jenga.service.TicketService], qualifiers=[@Any, @Default], target=org.jenga.service.TicketService]
[2] Unsatisfied dependency for type org.jenga.mapper.CommentMapper and qualifiers [@Default]
	- injection target: parameter 'commentMapper' of org.jenga.service.TicketService constructor
	- declared on CLASS bean [types=[java.lang.Object, org.jenga.service.TicketService], qualifiers=[@Any, @Default], target=org.jenga.service.TicketService]
[3] Unsatisfied dependency for type org.jenga.mapper.AcceptanceCriteriaMapper and qualifiers [@Default]
	- injection target: parameter 'acceptanceCriteriaMapper' of org.jenga.service.TicketService constructor
	- declared on CLASS bean [types=[java.lang.Object, org.jenga.service.TicketService], qualifiers=[@Any, @Default], target=org.jenga.service.TicketService]
[4] Unsatisfied dependency for type org.jenga.mapper.UserMapper and qualifiers [@Default]
	- injection target: parameter 'userMapper' of org.jenga.service.UserService constructor
	- declared on CLASS bean [types=[java.lang.Object, org.jenga.service.UserService], qualifiers=[@Any, @Default], target=org.jenga.service.UserService]
[5] Unsatisfied dependency for type org.jenga.mapper.ProjectMapper and qualifiers [@Default]
	- injection target: parameter 'projectMapper' of org.jenga.service.ProjectService constructor
	- declared on CLASS bean [types=[java.lang.Object, org.jenga.service.ProjectService], qualifiers=[@Any, @Default], target=org.jenga.service.ProjectService]
[6] Unsatisfied dependency for type org.jenga.mapper.LabelMapper and qualifiers [@Default]
	- injection target: parameter 'labelMapper' of org.jenga.service.ProjectService constructor
	- declared on CLASS bean [types=[java.lang.Object, org.jenga.service.ProjectService], qualifiers=[@Any, @Default], target=org.jenga.service.ProjectService]
	at io.quarkus.arc.processor.BeanDeployment.processErrors(BeanDeployment.java:1602)
	at io.quarkus.arc.processor.BeanDeployment.init(BeanDeployment.java:341)
	at io.quarkus.arc.processor.BeanProcessor.initialize(BeanProcessor.java:178)
	at io.quarkus.arc.deployment.ArcProcessor.validate(ArcProcessor.java:488)
	at java.base/java.lang.invoke.MethodHandle.invokeWithArguments(MethodHandle.java:733)
	at io.quarkus.deployment.ExtensionLoader$3.execute(ExtensionLoader.java:874)
	at io.quarkus.builder.BuildContext.run(BuildContext.java:255)
	at org.jboss.threads.ContextHandler$1.runWith(ContextHandler.java:18)
	at org.jboss.threads.EnhancedQueueExecutor$Task.doRunWith(EnhancedQueueExecutor.java:2651)
	at org.jboss.threads.EnhancedQueueExecutor$Task.run(EnhancedQueueExecutor.java:2630)
	at org.jboss.threads.EnhancedQueueExecutor.runThreadBody(EnhancedQueueExecutor.java:1622)
	at org.jboss.threads.EnhancedQueueExecutor$ThreadBody.run(EnhancedQueueExecutor.java:1589)
	at java.base/java.lang.Thread.run(Thread.java:1583)
	at org.jboss.threads.JBossThread.run(JBossThread.java:501)
	Suppressed: jakarta.enterprise.inject.UnsatisfiedResolutionException: Unsatisfied dependency for type org.jenga.mapper.TicketMapper and qualifiers [@Default]
	- injection target: parameter 'ticketMapper' of org.jenga.service.TicketService constructor
	- declared on CLASS bean [types=[java.lang.Object, org.jenga.service.TicketService], qualifiers=[@Any, @Default], target=org.jenga.service.TicketService]
		at io.quarkus.arc.processor.Beans.resolveInjectionPoint(Beans.java:547)
		at io.quarkus.arc.processor.BeanInfo.init(BeanInfo.java:689)
		at io.quarkus.arc.processor.BeanDeployment.init(BeanDeployment.java:326)
		... 12 more
	Suppressed: jakarta.enterprise.inject.UnsatisfiedResolutionException: Unsatisfied dependency for type org.jenga.mapper.CommentMapper and qualifiers [@Default]
	- injection target: parameter 'commentMapper' of org.jenga.service.TicketService constructor
	- declared on CLASS bean [types=[java.lang.Object, org.jenga.service.TicketService], qualifiers=[@Any, @Default], target=org.jenga.service.TicketService]
		at io.quarkus.arc.processor.Beans.resolveInjectionPoint(Beans.java:547)
		at io.quarkus.arc.processor.BeanInfo.init(BeanInfo.java:689)
		at io.quarkus.arc.processor.BeanDeployment.init(BeanDeployment.java:326)
		... 12 more
	Suppressed: jakarta.enterprise.inject.UnsatisfiedResolutionException: Unsatisfied dependency for type org.jenga.mapper.AcceptanceCriteriaMapper and qualifiers [@Default]
	- injection target: parameter 'acceptanceCriteriaMapper' of org.jenga.service.TicketService constructor
	- declared on CLASS bean [types=[java.lang.Object, org.jenga.service.TicketService], qualifiers=[@Any, @Default], target=org.jenga.service.TicketService]
		at io.quarkus.arc.processor.Beans.resolveInjectionPoint(Beans.java:547)
		at io.quarkus.arc.processor.BeanInfo.init(BeanInfo.java:689)
		at io.quarkus.arc.processor.BeanDeployment.init(BeanDeployment.java:326)
		... 12 more
	Suppressed: jakarta.enterprise.inject.UnsatisfiedResolutionException: Unsatisfied dependency for type org.jenga.mapper.UserMapper and qualifiers [@Default]
	- injection target: parameter 'userMapper' of org.jenga.service.UserService constructor
	- declared on CLASS bean [types=[java.lang.Object, org.jenga.service.UserService], qualifiers=[@Any, @Default], target=org.jenga.service.UserService]
		at io.quarkus.arc.processor.Beans.resolveInjectionPoint(Beans.java:547)
		at io.quarkus.arc.processor.BeanInfo.init(BeanInfo.java:689)
		at io.quarkus.arc.processor.BeanDeployment.init(BeanDeployment.java:326)
		... 12 more
	Suppressed: jakarta.enterprise.inject.UnsatisfiedResolutionException: Unsatisfied dependency for type org.jenga.mapper.ProjectMapper and qualifiers [@Default]
	- injection target: parameter 'projectMapper' of org.jenga.service.ProjectService constructor
	- declared on CLASS bean [types=[java.lang.Object, org.jenga.service.ProjectService], qualifiers=[@Any, @Default], target=org.jenga.service.ProjectService]
		at io.quarkus.arc.processor.Beans.resolveInjectionPoint(Beans.java:547)
		at io.quarkus.arc.processor.BeanInfo.init(BeanInfo.java:689)
		at io.quarkus.arc.processor.BeanDeployment.init(BeanDeployment.java:326)
		... 12 more
	Suppressed: jakarta.enterprise.inject.UnsatisfiedResolutionException: Unsatisfied dependency for type org.jenga.mapper.LabelMapper and qualifiers [@Default]
	- injection target: parameter 'labelMapper' of org.jenga.service.ProjectService constructor
	- declared on CLASS bean [types=[java.lang.Object, org.jenga.service.ProjectService], qualifiers=[@Any, @Default], target=org.jenga.service.ProjectService]
		at io.quarkus.arc.processor.Beans.resolveInjectionPoint(Beans.java:547)
		at io.quarkus.arc.processor.BeanInfo.init(BeanInfo.java:689)
		at io.quarkus.arc.processor.BeanDeployment.init(BeanDeployment.java:326)
		... 12 more

	at io.quarkus.builder.Execution.run(Execution.java:122)
	at io.quarkus.builder.BuildExecutionBuilder.execute(BuildExecutionBuilder.java:78)
	at io.quarkus.deployment.QuarkusAugmentor.run(QuarkusAugmentor.java:160)
	at io.quarkus.runner.bootstrap.AugmentActionImpl.runAugment(AugmentActionImpl.java:372)
	... 55 more
Caused by: jakarta.enterprise.inject.spi.DeploymentException: Found 6 deployment problems: 
[1] Unsatisfied dependency for type org.jenga.mapper.TicketMapper and qualifiers [@Default]
	- injection target: parameter 'ticketMapper' of org.jenga.service.TicketService constructor
	- declared on CLASS bean [types=[java.lang.Object, org.jenga.service.TicketService], qualifiers=[@Any, @Default], target=org.jenga.service.TicketService]
[2] Unsatisfied dependency for type org.jenga.mapper.CommentMapper and qualifiers [@Default]
	- injection target: parameter 'commentMapper' of org.jenga.service.TicketService constructor
	- declared on CLASS bean [types=[java.lang.Object, org.jenga.service.TicketService], qualifiers=[@Any, @Default], target=org.jenga.service.TicketService]
[3] Unsatisfied dependency for type org.jenga.mapper.AcceptanceCriteriaMapper and qualifiers [@Default]
	- injection target: parameter 'acceptanceCriteriaMapper' of org.jenga.service.TicketService constructor
	- declared on CLASS bean [types=[java.lang.Object, org.jenga.service.TicketService], qualifiers=[@Any, @Default], target=org.jenga.service.TicketService]
[4] Unsatisfied dependency for type org.jenga.mapper.UserMapper and qualifiers [@Default]
	- injection target: parameter 'userMapper' of org.jenga.service.UserService constructor
	- declared on CLASS bean [types=[java.lang.Object, org.jenga.service.UserService], qualifiers=[@Any, @Default], target=org.jenga.service.UserService]
[5] Unsatisfied dependency for type org.jenga.mapper.ProjectMapper and qualifiers [@Default]
	- injection target: parameter 'projectMapper' of org.jenga.service.ProjectService constructor
	- declared on CLASS bean [types=[java.lang.Object, org.jenga.service.ProjectService], qualifiers=[@Any, @Default], target=org.jenga.service.ProjectService]
[6] Unsatisfied dependency for type org.jenga.mapper.LabelMapper and qualifiers [@Default]
	- injection target: parameter 'labelMapper' of org.jenga.service.ProjectService constructor
	- declared on CLASS bean [types=[java.lang.Object, org.jenga.service.ProjectService], qualifiers=[@Any, @Default], target=org.jenga.service.ProjectService]
	at io.quarkus.arc.processor.BeanDeployment.processErrors(BeanDeployment.java:1602)
	at io.quarkus.arc.processor.BeanDeployment.init(BeanDeployment.java:341)
	at io.quarkus.arc.processor.BeanProcessor.initialize(BeanProcessor.java:178)
	at io.quarkus.arc.deployment.ArcProcessor.validate(ArcProcessor.java:488)
	at java.base/java.lang.invoke.MethodHandle.invokeWithArguments(MethodHandle.java:733)
	at io.quarkus.deployment.ExtensionLoader$3.execute(ExtensionLoader.java:874)
	at io.quarkus.builder.BuildContext.run(BuildContext.java:255)
	at org.jboss.threads.ContextHandler$1.runWith(ContextHandler.java:18)
	at org.jboss.threads.EnhancedQueueExecutor$Task.doRunWith(EnhancedQueueExecutor.java:2651)
	at org.jboss.threads.EnhancedQueueExecutor$Task.run(EnhancedQueueExecutor.java:2630)
	at org.jboss.threads.EnhancedQueueExecutor.runThreadBody(EnhancedQueueExecutor.java:1622)
	at org.jboss.threads.EnhancedQueueExecutor$ThreadBody.run(EnhancedQueueExecutor.java:1589)
	at java.base/java.lang.Thread.run(Thread.java:1583)
	at org.jboss.threads.JBossThread.run(JBossThread.java:501)
	Suppressed: jakarta.enterprise.inject.UnsatisfiedResolutionException: Unsatisfied dependency for type org.jenga.mapper.TicketMapper and qualifiers [@Default]
	- injection target: parameter 'ticketMapper' of org.jenga.service.TicketService constructor
	- declared on CLASS bean [types=[java.lang.Object, org.jenga.service.TicketService], qualifiers=[@Any, @Default], target=org.jenga.service.TicketService]
		at io.quarkus.arc.processor.Beans.resolveInjectionPoint(Beans.java:547)
		at io.quarkus.arc.processor.BeanInfo.init(BeanInfo.java:689)
		at io.quarkus.arc.processor.BeanDeployment.init(BeanDeployment.java:326)
		... 12 more
	Suppressed: jakarta.enterprise.inject.UnsatisfiedResolutionException: Unsatisfied dependency for type org.jenga.mapper.CommentMapper and qualifiers [@Default]
	- injection target: parameter 'commentMapper' of org.jenga.service.TicketService constructor
	- declared on CLASS bean [types=[java.lang.Object, org.jenga.service.TicketService], qualifiers=[@Any, @Default], target=org.jenga.service.TicketService]
		at io.quarkus.arc.processor.Beans.resolveInjectionPoint(Beans.java:547)
		at io.quarkus.arc.processor.BeanInfo.init(BeanInfo.java:689)
		at io.quarkus.arc.processor.BeanDeployment.init(BeanDeployment.java:326)
		... 12 more
	Suppressed: jakarta.enterprise.inject.UnsatisfiedResolutionException: Unsatisfied dependency for type org.jenga.mapper.AcceptanceCriteriaMapper and qualifiers [@Default]
	- injection target: parameter 'acceptanceCriteriaMapper' of org.jenga.service.TicketService constructor
	- declared on CLASS bean [types=[java.lang.Object, org.jenga.service.TicketService], qualifiers=[@Any, @Default], target=org.jenga.service.TicketService]
		at io.quarkus.arc.processor.Beans.resolveInjectionPoint(Beans.java:547)
		at io.quarkus.arc.processor.BeanInfo.init(BeanInfo.java:689)
		at io.quarkus.arc.processor.BeanDeployment.init(BeanDeployment.java:326)
		... 12 more
	Suppressed: jakarta.enterprise.inject.UnsatisfiedResolutionException: Unsatisfied dependency for type org.jenga.mapper.UserMapper and qualifiers [@Default]
	- injection target: parameter 'userMapper' of org.jenga.service.UserService constructor
	- declared on CLASS bean [types=[java.lang.Object, org.jenga.service.UserService], qualifiers=[@Any, @Default], target=org.jenga.service.UserService]
		at io.quarkus.arc.processor.Beans.resolveInjectionPoint(Beans.java:547)
		at io.quarkus.arc.processor.BeanInfo.init(BeanInfo.java:689)
		at io.quarkus.arc.processor.BeanDeployment.init(BeanDeployment.java:326)
		... 12 more
	Suppressed: jakarta.enterprise.inject.UnsatisfiedResolutionException: Unsatisfied dependency for type org.jenga.mapper.ProjectMapper and qualifiers [@Default]
	- injection target: parameter 'projectMapper' of org.jenga.service.ProjectService constructor
	- declared on CLASS bean [types=[java.lang.Object, org.jenga.service.ProjectService], qualifiers=[@Any, @Default], target=org.jenga.service.ProjectService]
		at io.quarkus.arc.processor.Beans.resolveInjectionPoint(Beans.java:547)
		at io.quarkus.arc.processor.BeanInfo.init(BeanInfo.java:689)
		at io.quarkus.arc.processor.BeanDeployment.init(BeanDeployment.java:326)
		... 12 more
	Suppressed: jakarta.enterprise.inject.UnsatisfiedResolutionException: Unsatisfied dependency for type org.jenga.mapper.LabelMapper and qualifiers [@Default]
	- injection target: parameter 'labelMapper' of org.jenga.service.ProjectService constructor
	- declared on CLASS bean [types=[java.lang.Object, org.jenga.service.ProjectService], qualifiers=[@Any, @Default], target=org.jenga.service.ProjectService]
		at io.quarkus.arc.processor.Beans.resolveInjectionPoint(Beans.java:547)
		at io.quarkus.arc.processor.BeanInfo.init(BeanInfo.java:689)
		at io.quarkus.arc.processor.BeanDeployment.init(BeanDeployment.java:326)
		... 12 more


org.apache.maven.surefire.booter.SurefireBooterForkException: There was an error in the forked process
TestEngine with ID 'junit-jupiter' encountered a critical issue during test discovery:

(1) [ERROR] ClassSelector [className = 'org.jenga.service.ImportServiceTest', classLoader = null] resolution failed
    Source: ClassSource [className = 'org.jenga.service.ImportServiceTest', filePosition = null]
            at org.jenga.service.ImportServiceTest.<no-method>(SourceFile:0)
    Cause: org.junit.platform.commons.PreconditionViolationException: Could not load class with name: org.jenga.service.ImportServiceTest
	at org.junit.platform.engine.discovery.ClassSelector.lambda$getJavaClass$0(ClassSelector.java:98)
	at org.junit.platform.commons.function.Try$Failure.getOrThrow(Try.java:335)
	at org.junit.platform.engine.discovery.ClassSelector.getJavaClass(ClassSelector.java:97)
	at org.junit.jupiter.engine.discovery.ClassSelectorResolver.resolve(ClassSelectorResolver.java:87)
	at org.junit.platform.engine.support.discovery.EngineDiscoveryRequestResolution.lambda$resolve$2(EngineDiscoveryRequestResolution.java:135)
	at java.base/java.util.stream.ReferencePipeline$3$1.accept(ReferencePipeline.java:197)
	at java.base/java.util.ArrayList$ArrayListSpliterator.tryAdvance(ArrayList.java:1685)
	at java.base/java.util.stream.ReferencePipeline.forEachWithCancel(ReferencePipeline.java:129)
	at java.base/java.util.stream.AbstractPipeline.copyIntoWithCancel(AbstractPipeline.java:527)
	at java.base/java.util.stream.AbstractPipeline.copyInto(AbstractPipeline.java:513)
	at java.base/java.util.stream.AbstractPipeline.wrapAndCopyInto(AbstractPipeline.java:499)
	at java.base/java.util.stream.FindOps$FindOp.evaluateSequential(FindOps.java:150)
	at java.base/java.util.stream.AbstractPipeline.evaluate(AbstractPipeline.java:234)
	at java.base/java.util.stream.ReferencePipeline.findFirst(ReferencePipeline.java:647)
	at org.junit.platform.engine.support.discovery.EngineDiscoveryRequestResolution.resolve(EngineDiscoveryRequestResolution.java:189)
	at org.junit.platform.engine.support.discovery.EngineDiscoveryRequestResolution.resolve(EngineDiscoveryRequestResolution.java:126)
	at org.junit.platform.engine.support.discovery.EngineDiscoveryRequestResolution.resolveCompletely(EngineDiscoveryRequestResolution.java:92)
	at org.junit.platform.engine.support.discovery.EngineDiscoveryRequestResolution.run(EngineDiscoveryRequestResolution.java:83)
	at org.junit.platform.engine.support.discovery.EngineDiscoveryRequestResolver.resolve(EngineDiscoveryRequestResolver.java:148)
	at org.junit.jupiter.engine.discovery.DiscoverySelectorResolver.resolveSelectors(DiscoverySelectorResolver.java:63)
	at org.junit.jupiter.engine.JupiterTestEngine.discover(JupiterTestEngine.java:70)
	at org.junit.platform.launcher.core.EngineDiscoveryOrchestrator.discoverEngineRoot(EngineDiscoveryOrchestrator.java:195)
	at org.junit.platform.launcher.core.EngineDiscoveryOrchestrator.discoverSafely(EngineDiscoveryOrchestrator.java:174)
	at org.junit.platform.launcher.core.EngineDiscoveryOrchestrator.discover(EngineDiscoveryOrchestrator.java:119)
	at org.junit.platform.launcher.core.EngineDiscoveryOrchestrator.discover(EngineDiscoveryOrchestrator.java:84)
	at org.junit.platform.launcher.core.DefaultLauncher.discover(DefaultLauncher.java:104)
	at org.junit.platform.launcher.core.DefaultLauncher.discover(DefaultLauncher.java:83)
	at org.junit.platform.launcher.core.DelegatingLauncher.discover(DelegatingLauncher.java:42)
	at org.junit.platform.launcher.core.InterceptingLauncher.lambda$discover$0(InterceptingLauncher.java:33)
	at org.junit.platform.launcher.core.ClasspathAlignmentCheckingLauncherInterceptor.intercept(ClasspathAlignmentCheckingLauncherInterceptor.java:25)
	at org.junit.platform.launcher.core.InterceptingLauncher.discover(InterceptingLauncher.java:33)
	at org.junit.platform.launcher.core.DelegatingLauncher.discover(DelegatingLauncher.java:42)
	at org.apache.maven.surefire.junitplatform.LazyLauncher.discover(LazyLauncher.java:50)
	at org.apache.maven.surefire.junitplatform.TestPlanScannerFilter.accept(TestPlanScannerFilter.java:52)
	at org.apache.maven.surefire.api.util.DefaultScanResult.applyFilter(DefaultScanResult.java:87)
	at org.apache.maven.surefire.junitplatform.JUnitPlatformProvider.scanClasspath(JUnitPlatformProvider.java:144)
	at org.apache.maven.surefire.junitplatform.JUnitPlatformProvider.invoke(JUnitPlatformProvider.java:124)
	at org.apache.maven.surefire.booter.ForkedBooter.runSuitesInProcess(ForkedBooter.java:385)
	at org.apache.maven.surefire.booter.ForkedBooter.execute(ForkedBooter.java:162)
	at org.apache.maven.surefire.booter.ForkedBooter.run(ForkedBooter.java:507)
	at org.apache.maven.surefire.booter.ForkedBooter.main(ForkedBooter.java:495)
Caused by: java.lang.RuntimeException: io.quarkus.builder.BuildException: Build failure: Build failed due to errors
	[error]: Build step io.quarkus.arc.deployment.ArcProcessor#validate threw an exception: jakarta.enterprise.inject.spi.DeploymentException: Found 6 deployment problems: 
[1] Unsatisfied dependency for type org.jenga.mapper.TicketMapper and qualifiers [@Default]
	- injection target: parameter 'ticketMapper' of org.jenga.service.TicketService constructor
	- declared on CLASS bean [types=[java.lang.Object, org.jenga.service.TicketService], qualifiers=[@Any, @Default], target=org.jenga.service.TicketService]
[2] Unsatisfied dependency for type org.jenga.mapper.CommentMapper and qualifiers [@Default]
	- injection target: parameter 'commentMapper' of org.jenga.service.TicketService constructor
	- declared on CLASS bean [types=[java.lang.Object, org.jenga.service.TicketService], qualifiers=[@Any, @Default], target=org.jenga.service.TicketService]
[3] Unsatisfied dependency for type org.jenga.mapper.AcceptanceCriteriaMapper and qualifiers [@Default]
	- injection target: parameter 'acceptanceCriteriaMapper' of org.jenga.service.TicketService constructor
	- declared on CLASS bean [types=[java.lang.Object, org.jenga.service.TicketService], qualifiers=[@Any, @Default], target=org.jenga.service.TicketService]
[4] Unsatisfied dependency for type org.jenga.mapper.UserMapper and qualifiers [@Default]
	- injection target: parameter 'userMapper' of org.jenga.service.UserService constructor
	- declared on CLASS bean [types=[java.lang.Object, org.jenga.service.UserService], qualifiers=[@Any, @Default], target=org.jenga.service.UserService]
[5] Unsatisfied dependency for type org.jenga.mapper.ProjectMapper and qualifiers [@Default]
	- injection target: parameter 'projectMapper' of org.jenga.service.ProjectService constructor
	- declared on CLASS bean [types=[java.lang.Object, org.jenga.service.ProjectService], qualifiers=[@Any, @Default], target=org.jenga.service.ProjectService]
[6] Unsatisfied dependency for type org.jenga.mapper.LabelMapper and qualifiers [@Default]
	- injection target: parameter 'labelMapper' of org.jenga.service.ProjectService constructor
	- declared on CLASS bean [types=[java.lang.Object, org.jenga.service.ProjectService], qualifiers=[@Any, @Default], target=org.jenga.service.ProjectService]
	at io.quarkus.arc.processor.BeanDeployment.processErrors(BeanDeployment.java:1602)
	at io.quarkus.arc.processor.BeanDeployment.init(BeanDeployment.java:341)
	at io.quarkus.arc.processor.BeanProcessor.initialize(BeanProcessor.java:178)
	at io.quarkus.arc.deployment.ArcProcessor.validate(ArcProcessor.java:488)
	at java.base/java.lang.invoke.MethodHandle.invokeWithArguments(MethodHandle.java:733)
	at io.quarkus.deployment.ExtensionLoader$3.execute(ExtensionLoader.java:874)
	at io.quarkus.builder.BuildContext.run(BuildContext.java:255)
	at org.jboss.threads.ContextHandler$1.runWith(ContextHandler.java:18)
	at org.jboss.threads.EnhancedQueueExecutor$Task.doRunWith(EnhancedQueueExecutor.java:2651)
	at org.jboss.threads.EnhancedQueueExecutor$Task.run(EnhancedQueueExecutor.java:2630)
	at org.jboss.threads.EnhancedQueueExecutor.runThreadBody(EnhancedQueueExecutor.java:1622)
	at org.jboss.threads.EnhancedQueueExecutor$ThreadBody.run(EnhancedQueueExecutor.java:1589)
	at java.base/java.lang.Thread.run(Thread.java:1583)
	at org.jboss.threads.JBossThread.run(JBossThread.java:501)
	Suppressed: jakarta.enterprise.inject.UnsatisfiedResolutionException: Unsatisfied dependency for type org.jenga.mapper.TicketMapper and qualifiers [@Default]
	- injection target: parameter 'ticketMapper' of org.jenga.service.TicketService constructor
	- declared on CLASS bean [types=[java.lang.Object, org.jenga.service.TicketService], qualifiers=[@Any, @Default], target=org.jenga.service.TicketService]
		at io.quarkus.arc.processor.Beans.resolveInjectionPoint(Beans.java:547)
		at io.quarkus.arc.processor.BeanInfo.init(BeanInfo.java:689)
		at io.quarkus.arc.processor.BeanDeployment.init(BeanDeployment.java:326)
		... 12 more
	Suppressed: jakarta.enterprise.inject.UnsatisfiedResolutionException: Unsatisfied dependency for type org.jenga.mapper.CommentMapper and qualifiers [@Default]
	- injection target: parameter 'commentMapper' of org.jenga.service.TicketService constructor
	- declared on CLASS bean [types=[java.lang.Object, org.jenga.service.TicketService], qualifiers=[@Any, @Default], target=org.jenga.service.TicketService]
		at io.quarkus.arc.processor.Beans.resolveInjectionPoint(Beans.java:547)
		at io.quarkus.arc.processor.BeanInfo.init(BeanInfo.java:689)
		at io.quarkus.arc.processor.BeanDeployment.init(BeanDeployment.java:326)
		... 12 more
	Suppressed: jakarta.enterprise.inject.UnsatisfiedResolutionException: Unsatisfied dependency for type org.jenga.mapper.AcceptanceCriteriaMapper and qualifiers [@Default]
	- injection target: parameter 'acceptanceCriteriaMapper' of org.jenga.service.TicketService constructor
	- declared on CLASS bean [types=[java.lang.Object, org.jenga.service.TicketService], qualifiers=[@Any, @Default], target=org.jenga.service.TicketService]
		at io.quarkus.arc.processor.Beans.resolveInjectionPoint(Beans.java:547)
		at io.quarkus.arc.processor.BeanInfo.init(BeanInfo.java:689)
		at io.quarkus.arc.processor.BeanDeployment.init(BeanDeployment.java:326)
		... 12 more
	Suppressed: jakarta.enterprise.inject.UnsatisfiedResolutionException: Unsatisfied dependency for type org.jenga.mapper.UserMapper and qualifiers [@Default]
	- injection target: parameter 'userMapper' of org.jenga.service.UserService constructor
	- declared on CLASS bean [types=[java.lang.Object, org.jenga.service.UserService], qualifiers=[@Any, @Default], target=org.jenga.service.UserService]
		at io.quarkus.arc.processor.Beans.resolveInjectionPoint(Beans.java:547)
		at io.quarkus.arc.processor.BeanInfo.init(BeanInfo.java:689)
		at io.quarkus.arc.processor.BeanDeployment.init(BeanDeployment.java:326)
		... 12 more
	Suppressed: jakarta.enterprise.inject.UnsatisfiedResolutionException: Unsatisfied dependency for type org.jenga.mapper.ProjectMapper and qualifiers [@Default]
	- injection target: parameter 'projectMapper' of org.jenga.service.ProjectService constructor
	- declared on CLASS bean [types=[java.lang.Object, org.jenga.service.ProjectService], qualifiers=[@Any, @Default], target=org.jenga.service.ProjectService]
		at io.quarkus.arc.processor.Beans.resolveInjectionPoint(Beans.java:547)
		at io.quarkus.arc.processor.BeanInfo.init(BeanInfo.java:689)
		at io.quarkus.arc.processor.BeanDeployment.init(BeanDeployment.java:326)
		... 12 more
	Suppressed: jakarta.enterprise.inject.UnsatisfiedResolutionException: Unsatisfied dependency for type org.jenga.mapper.LabelMapper and qualifiers [@Default]
	- injection target: parameter 'labelMapper' of org.jenga.service.ProjectService constructor
	- declared on CLASS bean [types=[java.lang.Object, org.jenga.service.ProjectService], qualifiers=[@Any, @Default], target=org.jenga.service.ProjectService]
		at io.quarkus.arc.processor.Beans.resolveInjectionPoint(Beans.java:547)
		at io.quarkus.arc.processor.BeanInfo.init(BeanInfo.java:689)
		at io.quarkus.arc.processor.BeanDeployment.init(BeanDeployment.java:326)
		... 12 more

	at io.quarkus.runner.bootstrap.AugmentActionImpl.runAugment(AugmentActionImpl.java:376)
	at io.quarkus.runner.bootstrap.AugmentActionImpl.createInitialRuntimeApplication(AugmentActionImpl.java:293)
	at io.quarkus.runner.bootstrap.AugmentActionImpl.createInitialRuntimeApplication(AugmentActionImpl.java:61)
	at io.quarkus.test.junit.AppMakerHelper.getStartupAction(AppMakerHelper.java:253)
	at io.quarkus.test.junit.classloading.FacadeClassLoader.getOrCreateRuntimeClassLoader(FacadeClassLoader.java:544)
	at io.quarkus.test.junit.classloading.FacadeClassLoader.getQuarkusClassLoader(FacadeClassLoader.java:441)
	at io.quarkus.test.junit.classloading.FacadeClassLoader.loadClass(FacadeClassLoader.java:330)
	at java.base/java.lang.Class.forName0(Native Method)
	at java.base/java.lang.Class.forName(Class.java:534)
	at java.base/java.lang.Class.forName(Class.java:513)
	at org.junit.platform.commons.util.ReflectionUtils.lambda$tryToLoadClass$10(ReflectionUtils.java:886)
	at org.junit.platform.commons.function.Try.lambda$call$0(Try.java:57)
	at org.junit.platform.commons.function.Try.of(Try.java:93)
	at org.junit.platform.commons.function.Try.call(Try.java:57)
	at org.junit.platform.commons.util.ReflectionUtils.tryToLoadClass(ReflectionUtils.java:873)
	at org.junit.platform.commons.util.ReflectionUtils.tryToLoadClass(ReflectionUtils.java:810)
	at org.junit.platform.commons.support.ReflectionSupport.tryToLoadClass(ReflectionSupport.java:94)
	at org.junit.platform.engine.discovery.ClassSelector.getJavaClass(ClassSelector.java:95)
	... 38 more
Caused by: io.quarkus.builder.BuildException: Build failure: Build failed due to errors
	[error]: Build step io.quarkus.arc.deployment.ArcProcessor#validate threw an exception: jakarta.enterprise.inject.spi.DeploymentException: Found 6 deployment problems: 
[1] Unsatisfied dependency for type org.jenga.mapper.TicketMapper and qualifiers [@Default]
	- injection target: parameter 'ticketMapper' of org.jenga.service.TicketService constructor
	- declared on CLASS bean [types=[java.lang.Object, org.jenga.service.TicketService], qualifiers=[@Any, @Default], target=org.jenga.service.TicketService]
[2] Unsatisfied dependency for type org.jenga.mapper.CommentMapper and qualifiers [@Default]
	- injection target: parameter 'commentMapper' of org.jenga.service.TicketService constructor
	- declared on CLASS bean [types=[java.lang.Object, org.jenga.service.TicketService], qualifiers=[@Any, @Default], target=org.jenga.service.TicketService]
[3] Unsatisfied dependency for type org.jenga.mapper.AcceptanceCriteriaMapper and qualifiers [@Default]
	- injection target: parameter 'acceptanceCriteriaMapper' of org.jenga.service.TicketService constructor
	- declared on CLASS bean [types=[java.lang.Object, org.jenga.service.TicketService], qualifiers=[@Any, @Default], target=org.jenga.service.TicketService]
[4] Unsatisfied dependency for type org.jenga.mapper.UserMapper and qualifiers [@Default]
	- injection target: parameter 'userMapper' of org.jenga.service.UserService constructor
	- declared on CLASS bean [types=[java.lang.Object, org.jenga.service.UserService], qualifiers=[@Any, @Default], target=org.jenga.service.UserService]
[5] Unsatisfied dependency for type org.jenga.mapper.ProjectMapper and qualifiers [@Default]
	- injection target: parameter 'projectMapper' of org.jenga.service.ProjectService constructor
	- declared on CLASS bean [types=[java.lang.Object, org.jenga.service.ProjectService], qualifiers=[@Any, @Default], target=org.jenga.service.ProjectService]
[6] Unsatisfied dependency for type org.jenga.mapper.LabelMapper and qualifiers [@Default]
	- injection target: parameter 'labelMapper' of org.jenga.service.ProjectService constructor
	- declared on CLASS bean [types=[java.lang.Object, org.jenga.service.ProjectService], qualifiers=[@Any, @Default], target=org.jenga.service.ProjectService]
	at io.quarkus.arc.processor.BeanDeployment.processErrors(BeanDeployment.java:1602)
	at io.quarkus.arc.processor.BeanDeployment.init(BeanDeployment.java:341)
	at io.quarkus.arc.processor.BeanProcessor.initialize(BeanProcessor.java:178)
	at io.quarkus.arc.deployment.ArcProcessor.validate(ArcProcessor.java:488)
	at java.base/java.lang.invoke.MethodHandle.invokeWithArguments(MethodHandle.java:733)
	at io.quarkus.deployment.ExtensionLoader$3.execute(ExtensionLoader.java:874)
	at io.quarkus.builder.BuildContext.run(BuildContext.java:255)
	at org.jboss.threads.ContextHandler$1.runWith(ContextHandler.java:18)
	at org.jboss.threads.EnhancedQueueExecutor$Task.doRunWith(EnhancedQueueExecutor.java:2651)
	at org.jboss.threads.EnhancedQueueExecutor$Task.run(EnhancedQueueExecutor.java:2630)
	at org.jboss.threads.EnhancedQueueExecutor.runThreadBody(EnhancedQueueExecutor.java:1622)
	at org.jboss.threads.EnhancedQueueExecutor$ThreadBody.run(EnhancedQueueExecutor.java:1589)
	at java.base/java.lang.Thread.run(Thread.java:1583)
	at org.jboss.threads.JBossThread.run(JBossThread.java:501)
	Suppressed: jakarta.enterprise.inject.UnsatisfiedResolutionException: Unsatisfied dependency for type org.jenga.mapper.TicketMapper and qualifiers [@Default]
	- injection target: parameter 'ticketMapper' of org.jenga.service.TicketService constructor
	- declared on CLASS bean [types=[java.lang.Object, org.jenga.service.TicketService], qualifiers=[@Any, @Default], target=org.jenga.service.TicketService]
		at io.quarkus.arc.processor.Beans.resolveInjectionPoint(Beans.java:547)
		at io.quarkus.arc.processor.BeanInfo.init(BeanInfo.java:689)
		at io.quarkus.arc.processor.BeanDeployment.init(BeanDeployment.java:326)
		... 12 more
	Suppressed: jakarta.enterprise.inject.UnsatisfiedResolutionException: Unsatisfied dependency for type org.jenga.mapper.CommentMapper and qualifiers [@Default]
	- injection target: parameter 'commentMapper' of org.jenga.service.TicketService constructor
	- declared on CLASS bean [types=[java.lang.Object, org.jenga.service.TicketService], qualifiers=[@Any, @Default], target=org.jenga.service.TicketService]
		at io.quarkus.arc.processor.Beans.resolveInjectionPoint(Beans.java:547)
		at io.quarkus.arc.processor.BeanInfo.init(BeanInfo.java:689)
		at io.quarkus.arc.processor.BeanDeployment.init(BeanDeployment.java:326)
		... 12 more
	Suppressed: jakarta.enterprise.inject.UnsatisfiedResolutionException: Unsatisfied dependency for type org.jenga.mapper.AcceptanceCriteriaMapper and qualifiers [@Default]
	- injection target: parameter 'acceptanceCriteriaMapper' of org.jenga.service.TicketService constructor
	- declared on CLASS bean [types=[java.lang.Object, org.jenga.service.TicketService], qualifiers=[@Any, @Default], target=org.jenga.service.TicketService]
		at io.quarkus.arc.processor.Beans.resolveInjectionPoint(Beans.java:547)
		at io.quarkus.arc.processor.BeanInfo.init(BeanInfo.java:689)
		at io.quarkus.arc.processor.BeanDeployment.init(BeanDeployment.java:326)
		... 12 more
	Suppressed: jakarta.enterprise.inject.UnsatisfiedResolutionException: Unsatisfied dependency for type org.jenga.mapper.UserMapper and qualifiers [@Default]
	- injection target: parameter 'userMapper' of org.jenga.service.UserService constructor
	- declared on CLASS bean [types=[java.lang.Object, org.jenga.service.UserService], qualifiers=[@Any, @Default], target=org.jenga.service.UserService]
		at io.quarkus.arc.processor.Beans.resolveInjectionPoint(Beans.java:547)
		at io.quarkus.arc.processor.BeanInfo.init(BeanInfo.java:689)
		at io.quarkus.arc.processor.BeanDeployment.init(BeanDeployment.java:326)
		... 12 more
	Suppressed: jakarta.enterprise.inject.UnsatisfiedResolutionException: Unsatisfied dependency for type org.jenga.mapper.ProjectMapper and qualifiers [@Default]
	- injection target: parameter 'projectMapper' of org.jenga.service.ProjectService constructor
	- declared on CLASS bean [types=[java.lang.Object, org.jenga.service.ProjectService], qualifiers=[@Any, @Default], target=org.jenga.service.ProjectService]
		at io.quarkus.arc.processor.Beans.resolveInjectionPoint(Beans.java:547)
		at io.quarkus.arc.processor.BeanInfo.init(BeanInfo.java:689)
		at io.quarkus.arc.processor.BeanDeployment.init(BeanDeployment.java:326)
		... 12 more
	Suppressed: jakarta.enterprise.inject.UnsatisfiedResolutionException: Unsatisfied dependency for type org.jenga.mapper.LabelMapper and qualifiers [@Default]
	- injection target: parameter 'labelMapper' of org.jenga.service.ProjectService constructor
	- declared on CLASS bean [types=[java.lang.Object, org.jenga.service.ProjectService], qualifiers=[@Any, @Default], target=org.jenga.service.ProjectService]
		at io.quarkus.arc.processor.Beans.resolveInjectionPoint(Beans.java:547)
		at io.quarkus.arc.processor.BeanInfo.init(BeanInfo.java:689)
		at io.quarkus.arc.processor.BeanDeployment.init(BeanDeployment.java:326)
		... 12 more

	at io.quarkus.builder.Execution.run(Execution.java:122)
	at io.quarkus.builder.BuildExecutionBuilder.execute(BuildExecutionBuilder.java:78)
	at io.quarkus.deployment.QuarkusAugmentor.run(QuarkusAugmentor.java:160)
	at io.quarkus.runner.bootstrap.AugmentActionImpl.runAugment(AugmentActionImpl.java:372)
	... 55 more
Caused by: jakarta.enterprise.inject.spi.DeploymentException: Found 6 deployment problems: 
[1] Unsatisfied dependency for type org.jenga.mapper.TicketMapper and qualifiers [@Default]
	- injection target: parameter 'ticketMapper' of org.jenga.service.TicketService constructor
	- declared on CLASS bean [types=[java.lang.Object, org.jenga.service.TicketService], qualifiers=[@Any, @Default], target=org.jenga.service.TicketService]
[2] Unsatisfied dependency for type org.jenga.mapper.CommentMapper and qualifiers [@Default]
	- injection target: parameter 'commentMapper' of org.jenga.service.TicketService constructor
	- declared on CLASS bean [types=[java.lang.Object, org.jenga.service.TicketService], qualifiers=[@Any, @Default], target=org.jenga.service.TicketService]
[3] Unsatisfied dependency for type org.jenga.mapper.AcceptanceCriteriaMapper and qualifiers [@Default]
	- injection target: parameter 'acceptanceCriteriaMapper' of org.jenga.service.TicketService constructor
	- declared on CLASS bean [types=[java.lang.Object, org.jenga.service.TicketService], qualifiers=[@Any, @Default], target=org.jenga.service.TicketService]
[4] Unsatisfied dependency for type org.jenga.mapper.UserMapper and qualifiers [@Default]
	- injection target: parameter 'userMapper' of org.jenga.service.UserService constructor
	- declared on CLASS bean [types=[java.lang.Object, org.jenga.service.UserService], qualifiers=[@Any, @Default], target=org.jenga.service.UserService]
[5] Unsatisfied dependency for type org.jenga.mapper.ProjectMapper and qualifiers [@Default]
	- injection target: parameter 'projectMapper' of org.jenga.service.ProjectService constructor
	- declared on CLASS bean [types=[java.lang.Object, org.jenga.service.ProjectService], qualifiers=[@Any, @Default], target=org.jenga.service.ProjectService]
[6] Unsatisfied dependency for type org.jenga.mapper.LabelMapper and qualifiers [@Default]
	- injection target: parameter 'labelMapper' of org.jenga.service.ProjectService constructor
	- declared on CLASS bean [types=[java.lang.Object, org.jenga.service.ProjectService], qualifiers=[@Any, @Default], target=org.jenga.service.ProjectService]
	at io.quarkus.arc.processor.BeanDeployment.processErrors(BeanDeployment.java:1602)
	at io.quarkus.arc.processor.BeanDeployment.init(BeanDeployment.java:341)
	at io.quarkus.arc.processor.BeanProcessor.initialize(BeanProcessor.java:178)
	at io.quarkus.arc.deployment.ArcProcessor.validate(ArcProcessor.java:488)
	at java.base/java.lang.invoke.MethodHandle.invokeWithArguments(MethodHandle.java:733)
	at io.quarkus.deployment.ExtensionLoader$3.execute(ExtensionLoader.java:874)
	at io.quarkus.builder.BuildContext.run(BuildContext.java:255)
	at org.jboss.threads.ContextHandler$1.runWith(ContextHandler.java:18)
	at org.jboss.threads.EnhancedQueueExecutor$Task.doRunWith(EnhancedQueueExecutor.java:2651)
	at org.jboss.threads.EnhancedQueueExecutor$Task.run(EnhancedQueueExecutor.java:2630)
	at org.jboss.threads.EnhancedQueueExecutor.runThreadBody(EnhancedQueueExecutor.java:1622)
	at org.jboss.threads.EnhancedQueueExecutor$ThreadBody.run(EnhancedQueueExecutor.java:1589)
	at java.base/java.lang.Thread.run(Thread.java:1583)
	at org.jboss.threads.JBossThread.run(JBossThread.java:501)
	Suppressed: jakarta.enterprise.inject.UnsatisfiedResolutionException: Unsatisfied dependency for type org.jenga.mapper.TicketMapper and qualifiers [@Default]
	- injection target: parameter 'ticketMapper' of org.jenga.service.TicketService constructor
	- declared on CLASS bean [types=[java.lang.Object, org.jenga.service.TicketService], qualifiers=[@Any, @Default], target=org.jenga.service.TicketService]
		at io.quarkus.arc.processor.Beans.resolveInjectionPoint(Beans.java:547)
		at io.quarkus.arc.processor.BeanInfo.init(BeanInfo.java:689)
		at io.quarkus.arc.processor.BeanDeployment.init(BeanDeployment.java:326)
		... 12 more
	Suppressed: jakarta.enterprise.inject.UnsatisfiedResolutionException: Unsatisfied dependency for type org.jenga.mapper.CommentMapper and qualifiers [@Default]
	- injection target: parameter 'commentMapper' of org.jenga.service.TicketService constructor
	- declared on CLASS bean [types=[java.lang.Object, org.jenga.service.TicketService], qualifiers=[@Any, @Default], target=org.jenga.service.TicketService]
		at io.quarkus.arc.processor.Beans.resolveInjectionPoint(Beans.java:547)
		at io.quarkus.arc.processor.BeanInfo.init(BeanInfo.java:689)
		at io.quarkus.arc.processor.BeanDeployment.init(BeanDeployment.java:326)
		... 12 more
	Suppressed: jakarta.enterprise.inject.UnsatisfiedResolutionException: Unsatisfied dependency for type org.jenga.mapper.AcceptanceCriteriaMapper and qualifiers [@Default]
	- injection target: parameter 'acceptanceCriteriaMapper' of org.jenga.service.TicketService constructor
	- declared on CLASS bean [types=[java.lang.Object, org.jenga.service.TicketService], qualifiers=[@Any, @Default], target=org.jenga.service.TicketService]
		at io.quarkus.arc.processor.Beans.resolveInjectionPoint(Beans.java:547)
		at io.quarkus.arc.processor.BeanInfo.init(BeanInfo.java:689)
		at io.quarkus.arc.processor.BeanDeployment.init(BeanDeployment.java:326)
		... 12 more
	Suppressed: jakarta.enterprise.inject.UnsatisfiedResolutionException: Unsatisfied dependency for type org.jenga.mapper.UserMapper and qualifiers [@Default]
	- injection target: parameter 'userMapper' of org.jenga.service.UserService constructor
	- declared on CLASS bean [types=[java.lang.Object, org.jenga.service.UserService], qualifiers=[@Any, @Default], target=org.jenga.service.UserService]
		at io.quarkus.arc.processor.Beans.resolveInjectionPoint(Beans.java:547)
		at io.quarkus.arc.processor.BeanInfo.init(BeanInfo.java:689)
		at io.quarkus.arc.processor.BeanDeployment.init(BeanDeployment.java:326)
		... 12 more
	Suppressed: jakarta.enterprise.inject.UnsatisfiedResolutionException: Unsatisfied dependency for type org.jenga.mapper.ProjectMapper and qualifiers [@Default]
	- injection target: parameter 'projectMapper' of org.jenga.service.ProjectService constructor
	- declared on CLASS bean [types=[java.lang.Object, org.jenga.service.ProjectService], qualifiers=[@Any, @Default], target=org.jenga.service.ProjectService]
		at io.quarkus.arc.processor.Beans.resolveInjectionPoint(Beans.java:547)
		at io.quarkus.arc.processor.BeanInfo.init(BeanInfo.java:689)
		at io.quarkus.arc.processor.BeanDeployment.init(BeanDeployment.java:326)
		... 12 more
	Suppressed: jakarta.enterprise.inject.UnsatisfiedResolutionException: Unsatisfied dependency for type org.jenga.mapper.LabelMapper and qualifiers [@Default]
	- injection target: parameter 'labelMapper' of org.jenga.service.ProjectService constructor
	- declared on CLASS bean [types=[java.lang.Object, org.jenga.service.ProjectService], qualifiers=[@Any, @Default], target=org.jenga.service.ProjectService]
		at io.quarkus.arc.processor.Beans.resolveInjectionPoint(Beans.java:547)
		at io.quarkus.arc.processor.BeanInfo.init(BeanInfo.java:689)
		at io.quarkus.arc.processor.BeanDeployment.init(BeanDeployment.java:326)
		... 12 more

org.junit.platform.launcher.core.DiscoveryIssueException: TestEngine with ID 'junit-jupiter' encountered a critical issue during test discovery:

(1) [ERROR] ClassSelector [className = 'org.jenga.service.ImportServiceTest', classLoader = null] resolution failed
    Source: ClassSource [className = 'org.jenga.service.ImportServiceTest', filePosition = null]
            at org.jenga.service.ImportServiceTest.<no-method>(SourceFile:0)
    Cause: org.junit.platform.commons.PreconditionViolationException: Could not load class with name: org.jenga.service.ImportServiceTest
	at org.junit.platform.engine.discovery.ClassSelector.lambda$getJavaClass$0(ClassSelector.java:98)
	at org.junit.platform.commons.function.Try$Failure.getOrThrow(Try.java:335)
	at org.junit.platform.engine.discovery.ClassSelector.getJavaClass(ClassSelector.java:97)
	at org.junit.jupiter.engine.discovery.ClassSelectorResolver.resolve(ClassSelectorResolver.java:87)
	at org.junit.platform.engine.support.discovery.EngineDiscoveryRequestResolution.lambda$resolve$2(EngineDiscoveryRequestResolution.java:135)
	at java.base/java.util.stream.ReferencePipeline$3$1.accept(ReferencePipeline.java:197)
	at java.base/java.util.ArrayList$ArrayListSpliterator.tryAdvance(ArrayList.java:1685)
	at java.base/java.util.stream.ReferencePipeline.forEachWithCancel(ReferencePipeline.java:129)
	at java.base/java.util.stream.AbstractPipeline.copyIntoWithCancel(AbstractPipeline.java:527)
	at java.base/java.util.stream.AbstractPipeline.copyInto(AbstractPipeline.java:513)
	at java.base/java.util.stream.AbstractPipeline.wrapAndCopyInto(AbstractPipeline.java:499)
	at java.base/java.util.stream.FindOps$FindOp.evaluateSequential(FindOps.java:150)
	at java.base/java.util.stream.AbstractPipeline.evaluate(AbstractPipeline.java:234)
	at java.base/java.util.stream.ReferencePipeline.findFirst(ReferencePipeline.java:647)
	at org.junit.platform.engine.support.discovery.EngineDiscoveryRequestResolution.resolve(EngineDiscoveryRequestResolution.java:189)
	at org.junit.platform.engine.support.discovery.EngineDiscoveryRequestResolution.resolve(EngineDiscoveryRequestResolution.java:126)
	at org.junit.platform.engine.support.discovery.EngineDiscoveryRequestResolution.resolveCompletely(EngineDiscoveryRequestResolution.java:92)
	at org.junit.platform.engine.support.discovery.EngineDiscoveryRequestResolution.run(EngineDiscoveryRequestResolution.java:83)
	at org.junit.platform.engine.support.discovery.EngineDiscoveryRequestResolver.resolve(EngineDiscoveryRequestResolver.java:148)
	at org.junit.jupiter.engine.discovery.DiscoverySelectorResolver.resolveSelectors(DiscoverySelectorResolver.java:63)
	at org.junit.jupiter.engine.JupiterTestEngine.discover(JupiterTestEngine.java:70)
	at org.junit.platform.launcher.core.EngineDiscoveryOrchestrator.discoverEngineRoot(EngineDiscoveryOrchestrator.java:195)
	at org.junit.platform.launcher.core.EngineDiscoveryOrchestrator.discoverSafely(EngineDiscoveryOrchestrator.java:174)
	at org.junit.platform.launcher.core.EngineDiscoveryOrchestrator.discover(EngineDiscoveryOrchestrator.java:119)
	at org.junit.platform.launcher.core.EngineDiscoveryOrchestrator.discover(EngineDiscoveryOrchestrator.java:84)
	at org.junit.platform.launcher.core.DefaultLauncher.discover(DefaultLauncher.java:104)
	at org.junit.platform.launcher.core.DefaultLauncher.discover(DefaultLauncher.java:83)
	at org.junit.platform.launcher.core.DelegatingLauncher.discover(DelegatingLauncher.java:42)
	at org.junit.platform.launcher.core.InterceptingLauncher.lambda$discover$0(InterceptingLauncher.java:33)
	at org.junit.platform.launcher.core.ClasspathAlignmentCheckingLauncherInterceptor.intercept(ClasspathAlignmentCheckingLauncherInterceptor.java:25)
	at org.junit.platform.launcher.core.InterceptingLauncher.discover(InterceptingLauncher.java:33)
	at org.junit.platform.launcher.core.DelegatingLauncher.discover(DelegatingLauncher.java:42)
	at org.apache.maven.surefire.junitplatform.LazyLauncher.discover(LazyLauncher.java:50)
	at org.apache.maven.surefire.junitplatform.TestPlanScannerFilter.accept(TestPlanScannerFilter.java:52)
	at org.apache.maven.surefire.api.util.DefaultScanResult.applyFilter(DefaultScanResult.java:87)
	at org.apache.maven.surefire.junitplatform.JUnitPlatformProvider.scanClasspath(JUnitPlatformProvider.java:144)
	at org.apache.maven.surefire.junitplatform.JUnitPlatformProvider.invoke(JUnitPlatformProvider.java:124)
	at org.apache.maven.surefire.booter.ForkedBooter.runSuitesInProcess(ForkedBooter.java:385)
	at org.apache.maven.surefire.booter.ForkedBooter.execute(ForkedBooter.java:162)
	at org.apache.maven.surefire.booter.ForkedBooter.run(ForkedBooter.java:507)
	at org.apache.maven.surefire.booter.ForkedBooter.main(ForkedBooter.java:495)
Caused by: java.lang.RuntimeException: io.quarkus.builder.BuildException: Build failure: Build failed due to errors
	[error]: Build step io.quarkus.arc.deployment.ArcProcessor#validate threw an exception: jakarta.enterprise.inject.spi.DeploymentException: Found 6 deployment problems: 
[1] Unsatisfied dependency for type org.jenga.mapper.TicketMapper and qualifiers [@Default]
	- injection target: parameter 'ticketMapper' of org.jenga.service.TicketService constructor
	- declared on CLASS bean [types=[java.lang.Object, org.jenga.service.TicketService], qualifiers=[@Any, @Default], target=org.jenga.service.TicketService]
[2] Unsatisfied dependency for type org.jenga.mapper.CommentMapper and qualifiers [@Default]
	- injection target: parameter 'commentMapper' of org.jenga.service.TicketService constructor
	- declared on CLASS bean [types=[java.lang.Object, org.jenga.service.TicketService], qualifiers=[@Any, @Default], target=org.jenga.service.TicketService]
[3] Unsatisfied dependency for type org.jenga.mapper.AcceptanceCriteriaMapper and qualifiers [@Default]
	- injection target: parameter 'acceptanceCriteriaMapper' of org.jenga.service.TicketService constructor
	- declared on CLASS bean [types=[java.lang.Object, org.jenga.service.TicketService], qualifiers=[@Any, @Default], target=org.jenga.service.TicketService]
[4] Unsatisfied dependency for type org.jenga.mapper.UserMapper and qualifiers [@Default]
	- injection target: parameter 'userMapper' of org.jenga.service.UserService constructor
	- declared on CLASS bean [types=[java.lang.Object, org.jenga.service.UserService], qualifiers=[@Any, @Default], target=org.jenga.service.UserService]
[5] Unsatisfied dependency for type org.jenga.mapper.ProjectMapper and qualifiers [@Default]
	- injection target: parameter 'projectMapper' of org.jenga.service.ProjectService constructor
	- declared on CLASS bean [types=[java.lang.Object, org.jenga.service.ProjectService], qualifiers=[@Any, @Default], target=org.jenga.service.ProjectService]
[6] Unsatisfied dependency for type org.jenga.mapper.LabelMapper and qualifiers [@Default]
	- injection target: parameter 'labelMapper' of org.jenga.service.ProjectService constructor
	- declared on CLASS bean [types=[java.lang.Object, org.jenga.service.ProjectService], qualifiers=[@Any, @Default], target=org.jenga.service.ProjectService]
	at io.quarkus.arc.processor.BeanDeployment.processErrors(BeanDeployment.java:1602)
	at io.quarkus.arc.processor.BeanDeployment.init(BeanDeployment.java:341)
	at io.quarkus.arc.processor.BeanProcessor.initialize(BeanProcessor.java:178)
	at io.quarkus.arc.deployment.ArcProcessor.validate(ArcProcessor.java:488)
	at java.base/java.lang.invoke.MethodHandle.invokeWithArguments(MethodHandle.java:733)
	at io.quarkus.deployment.ExtensionLoader$3.execute(ExtensionLoader.java:874)
	at io.quarkus.builder.BuildContext.run(BuildContext.java:255)
	at org.jboss.threads.ContextHandler$1.runWith(ContextHandler.java:18)
	at org.jboss.threads.EnhancedQueueExecutor$Task.doRunWith(EnhancedQueueExecutor.java:2651)
	at org.jboss.threads.EnhancedQueueExecutor$Task.run(EnhancedQueueExecutor.java:2630)
	at org.jboss.threads.EnhancedQueueExecutor.runThreadBody(EnhancedQueueExecutor.java:1622)
	at org.jboss.threads.EnhancedQueueExecutor$ThreadBody.run(EnhancedQueueExecutor.java:1589)
	at java.base/java.lang.Thread.run(Thread.java:1583)
	at org.jboss.threads.JBossThread.run(JBossThread.java:501)
	Suppressed: jakarta.enterprise.inject.UnsatisfiedResolutionException: Unsatisfied dependency for type org.jenga.mapper.TicketMapper and qualifiers [@Default]
	- injection target: parameter 'ticketMapper' of org.jenga.service.TicketService constructor
	- declared on CLASS bean [types=[java.lang.Object, org.jenga.service.TicketService], qualifiers=[@Any, @Default], target=org.jenga.service.TicketService]
		at io.quarkus.arc.processor.Beans.resolveInjectionPoint(Beans.java:547)
		at io.quarkus.arc.processor.BeanInfo.init(BeanInfo.java:689)
		at io.quarkus.arc.processor.BeanDeployment.init(BeanDeployment.java:326)
		... 12 more
	Suppressed: jakarta.enterprise.inject.UnsatisfiedResolutionException: Unsatisfied dependency for type org.jenga.mapper.CommentMapper and qualifiers [@Default]
	- injection target: parameter 'commentMapper' of org.jenga.service.TicketService constructor
	- declared on CLASS bean [types=[java.lang.Object, org.jenga.service.TicketService], qualifiers=[@Any, @Default], target=org.jenga.service.TicketService]
		at io.quarkus.arc.processor.Beans.resolveInjectionPoint(Beans.java:547)
		at io.quarkus.arc.processor.BeanInfo.init(BeanInfo.java:689)
		at io.quarkus.arc.processor.BeanDeployment.init(BeanDeployment.java:326)
		... 12 more
	Suppressed: jakarta.enterprise.inject.UnsatisfiedResolutionException: Unsatisfied dependency for type org.jenga.mapper.AcceptanceCriteriaMapper and qualifiers [@Default]
	- injection target: parameter 'acceptanceCriteriaMapper' of org.jenga.service.TicketService constructor
	- declared on CLASS bean [types=[java.lang.Object, org.jenga.service.TicketService], qualifiers=[@Any, @Default], target=org.jenga.service.TicketService]
		at io.quarkus.arc.processor.Beans.resolveInjectionPoint(Beans.java:547)
		at io.quarkus.arc.processor.BeanInfo.init(BeanInfo.java:689)
		at io.quarkus.arc.processor.BeanDeployment.init(BeanDeployment.java:326)
		... 12 more
	Suppressed: jakarta.enterprise.inject.UnsatisfiedResolutionException: Unsatisfied dependency for type org.jenga.mapper.UserMapper and qualifiers [@Default]
	- injection target: parameter 'userMapper' of org.jenga.service.UserService constructor
	- declared on CLASS bean [types=[java.lang.Object, org.jenga.service.UserService], qualifiers=[@Any, @Default], target=org.jenga.service.UserService]
		at io.quarkus.arc.processor.Beans.resolveInjectionPoint(Beans.java:547)
		at io.quarkus.arc.processor.BeanInfo.init(BeanInfo.java:689)
		at io.quarkus.arc.processor.BeanDeployment.init(BeanDeployment.java:326)
		... 12 more
	Suppressed: jakarta.enterprise.inject.UnsatisfiedResolutionException: Unsatisfied dependency for type org.jenga.mapper.ProjectMapper and qualifiers [@Default]
	- injection target: parameter 'projectMapper' of org.jenga.service.ProjectService constructor
	- declared on CLASS bean [types=[java.lang.Object, org.jenga.service.ProjectService], qualifiers=[@Any, @Default], target=org.jenga.service.ProjectService]
		at io.quarkus.arc.processor.Beans.resolveInjectionPoint(Beans.java:547)
		at io.quarkus.arc.processor.BeanInfo.init(BeanInfo.java:689)
		at io.quarkus.arc.processor.BeanDeployment.init(BeanDeployment.java:326)
		... 12 more
	Suppressed: jakarta.enterprise.inject.UnsatisfiedResolutionException: Unsatisfied dependency for type org.jenga.mapper.LabelMapper and qualifiers [@Default]
	- injection target: parameter 'labelMapper' of org.jenga.service.ProjectService constructor
	- declared on CLASS bean [types=[java.lang.Object, org.jenga.service.ProjectService], qualifiers=[@Any, @Default], target=org.jenga.service.ProjectService]
		at io.quarkus.arc.processor.Beans.resolveInjectionPoint(Beans.java:547)
		at io.quarkus.arc.processor.BeanInfo.init(BeanInfo.java:689)
		at io.quarkus.arc.processor.BeanDeployment.init(BeanDeployment.java:326)
		... 12 more

	at io.quarkus.runner.bootstrap.AugmentActionImpl.runAugment(AugmentActionImpl.java:376)
	at io.quarkus.runner.bootstrap.AugmentActionImpl.createInitialRuntimeApplication(AugmentActionImpl.java:293)
	at io.quarkus.runner.bootstrap.AugmentActionImpl.createInitialRuntimeApplication(AugmentActionImpl.java:61)
	at io.quarkus.test.junit.AppMakerHelper.getStartupAction(AppMakerHelper.java:253)
	at io.quarkus.test.junit.classloading.FacadeClassLoader.getOrCreateRuntimeClassLoader(FacadeClassLoader.java:544)
	at io.quarkus.test.junit.classloading.FacadeClassLoader.getQuarkusClassLoader(FacadeClassLoader.java:441)
	at io.quarkus.test.junit.classloading.FacadeClassLoader.loadClass(FacadeClassLoader.java:330)
	at java.base/java.lang.Class.forName0(Native Method)
	at java.base/java.lang.Class.forName(Class.java:534)
	at java.base/java.lang.Class.forName(Class.java:513)
	at org.junit.platform.commons.util.ReflectionUtils.lambda$tryToLoadClass$10(ReflectionUtils.java:886)
	at org.junit.platform.commons.function.Try.lambda$call$0(Try.java:57)
	at org.junit.platform.commons.function.Try.of(Try.java:93)
	at org.junit.platform.commons.function.Try.call(Try.java:57)
	at org.junit.platform.commons.util.ReflectionUtils.tryToLoadClass(ReflectionUtils.java:873)
	at org.junit.platform.commons.util.ReflectionUtils.tryToLoadClass(ReflectionUtils.java:810)
	at org.junit.platform.commons.support.ReflectionSupport.tryToLoadClass(ReflectionSupport.java:94)
	at org.junit.platform.engine.discovery.ClassSelector.getJavaClass(ClassSelector.java:95)
	... 38 more
Caused by: io.quarkus.builder.BuildException: Build failure: Build failed due to errors
	[error]: Build step io.quarkus.arc.deployment.ArcProcessor#validate threw an exception: jakarta.enterprise.inject.spi.DeploymentException: Found 6 deployment problems: 
[1] Unsatisfied dependency for type org.jenga.mapper.TicketMapper and qualifiers [@Default]
	- injection target: parameter 'ticketMapper' of org.jenga.service.TicketService constructor
	- declared on CLASS bean [types=[java.lang.Object, org.jenga.service.TicketService], qualifiers=[@Any, @Default], target=org.jenga.service.TicketService]
[2] Unsatisfied dependency for type org.jenga.mapper.CommentMapper and qualifiers [@Default]
	- injection target: parameter 'commentMapper' of org.jenga.service.TicketService constructor
	- declared on CLASS bean [types=[java.lang.Object, org.jenga.service.TicketService], qualifiers=[@Any, @Default], target=org.jenga.service.TicketService]
[3] Unsatisfied dependency for type org.jenga.mapper.AcceptanceCriteriaMapper and qualifiers [@Default]
	- injection target: parameter 'acceptanceCriteriaMapper' of org.jenga.service.TicketService constructor
	- declared on CLASS bean [types=[java.lang.Object, org.jenga.service.TicketService], qualifiers=[@Any, @Default], target=org.jenga.service.TicketService]
[4] Unsatisfied dependency for type org.jenga.mapper.UserMapper and qualifiers [@Default]
	- injection target: parameter 'userMapper' of org.jenga.service.UserService constructor
	- declared on CLASS bean [types=[java.lang.Object, org.jenga.service.UserService], qualifiers=[@Any, @Default], target=org.jenga.service.UserService]
[5] Unsatisfied dependency for type org.jenga.mapper.ProjectMapper and qualifiers [@Default]
	- injection target: parameter 'projectMapper' of org.jenga.service.ProjectService constructor
	- declared on CLASS bean [types=[java.lang.Object, org.jenga.service.ProjectService], qualifiers=[@Any, @Default], target=org.jenga.service.ProjectService]
[6] Unsatisfied dependency for type org.jenga.mapper.LabelMapper and qualifiers [@Default]
	- injection target: parameter 'labelMapper' of org.jenga.service.ProjectService constructor
	- declared on CLASS bean [types=[java.lang.Object, org.jenga.service.ProjectService], qualifiers=[@Any, @Default], target=org.jenga.service.ProjectService]
	at io.quarkus.arc.processor.BeanDeployment.processErrors(BeanDeployment.java:1602)
	at io.quarkus.arc.processor.BeanDeployment.init(BeanDeployment.java:341)
	at io.quarkus.arc.processor.BeanProcessor.initialize(BeanProcessor.java:178)
	at io.quarkus.arc.deployment.ArcProcessor.validate(ArcProcessor.java:488)
	at java.base/java.lang.invoke.MethodHandle.invokeWithArguments(MethodHandle.java:733)
	at io.quarkus.deployment.ExtensionLoader$3.execute(ExtensionLoader.java:874)
	at io.quarkus.builder.BuildContext.run(BuildContext.java:255)
	at org.jboss.threads.ContextHandler$1.runWith(ContextHandler.java:18)
	at org.jboss.threads.EnhancedQueueExecutor$Task.doRunWith(EnhancedQueueExecutor.java:2651)
	at org.jboss.threads.EnhancedQueueExecutor$Task.run(EnhancedQueueExecutor.java:2630)
	at org.jboss.threads.EnhancedQueueExecutor.runThreadBody(EnhancedQueueExecutor.java:1622)
	at org.jboss.threads.EnhancedQueueExecutor$ThreadBody.run(EnhancedQueueExecutor.java:1589)
	at java.base/java.lang.Thread.run(Thread.java:1583)
	at org.jboss.threads.JBossThread.run(JBossThread.java:501)
	Suppressed: jakarta.enterprise.inject.UnsatisfiedResolutionException: Unsatisfied dependency for type org.jenga.mapper.TicketMapper and qualifiers [@Default]
	- injection target: parameter 'ticketMapper' of org.jenga.service.TicketService constructor
	- declared on CLASS bean [types=[java.lang.Object, org.jenga.service.TicketService], qualifiers=[@Any, @Default], target=org.jenga.service.TicketService]
		at io.quarkus.arc.processor.Beans.resolveInjectionPoint(Beans.java:547)
		at io.quarkus.arc.processor.BeanInfo.init(BeanInfo.java:689)
		at io.quarkus.arc.processor.BeanDeployment.init(BeanDeployment.java:326)
		... 12 more
	Suppressed: jakarta.enterprise.inject.UnsatisfiedResolutionException: Unsatisfied dependency for type org.jenga.mapper.CommentMapper and qualifiers [@Default]
	- injection target: parameter 'commentMapper' of org.jenga.service.TicketService constructor
	- declared on CLASS bean [types=[java.lang.Object, org.jenga.service.TicketService], qualifiers=[@Any, @Default], target=org.jenga.service.TicketService]
		at io.quarkus.arc.processor.Beans.resolveInjectionPoint(Beans.java:547)
		at io.quarkus.arc.processor.BeanInfo.init(BeanInfo.java:689)
		at io.quarkus.arc.processor.BeanDeployment.init(BeanDeployment.java:326)
		... 12 more
	Suppressed: jakarta.enterprise.inject.UnsatisfiedResolutionException: Unsatisfied dependency for type org.jenga.mapper.AcceptanceCriteriaMapper and qualifiers [@Default]
	- injection target: parameter 'acceptanceCriteriaMapper' of org.jenga.service.TicketService constructor
	- declared on CLASS bean [types=[java.lang.Object, org.jenga.service.TicketService], qualifiers=[@Any, @Default], target=org.jenga.service.TicketService]
		at io.quarkus.arc.processor.Beans.resolveInjectionPoint(Beans.java:547)
		at io.quarkus.arc.processor.BeanInfo.init(BeanInfo.java:689)
		at io.quarkus.arc.processor.BeanDeployment.init(BeanDeployment.java:326)
		... 12 more
	Suppressed: jakarta.enterprise.inject.UnsatisfiedResolutionException: Unsatisfied dependency for type org.jenga.mapper.UserMapper and qualifiers [@Default]
	- injection target: parameter 'userMapper' of org.jenga.service.UserService constructor
	- declared on CLASS bean [types=[java.lang.Object, org.jenga.service.UserService], qualifiers=[@Any, @Default], target=org.jenga.service.UserService]
		at io.quarkus.arc.processor.Beans.resolveInjectionPoint(Beans.java:547)
		at io.quarkus.arc.processor.BeanInfo.init(BeanInfo.java:689)
		at io.quarkus.arc.processor.BeanDeployment.init(BeanDeployment.java:326)
		... 12 more
	Suppressed: jakarta.enterprise.inject.UnsatisfiedResolutionException: Unsatisfied dependency for type org.jenga.mapper.ProjectMapper and qualifiers [@Default]
	- injection target: parameter 'projectMapper' of org.jenga.service.ProjectService constructor
	- declared on CLASS bean [types=[java.lang.Object, org.jenga.service.ProjectService], qualifiers=[@Any, @Default], target=org.jenga.service.ProjectService]
		at io.quarkus.arc.processor.Beans.resolveInjectionPoint(Beans.java:547)
		at io.quarkus.arc.processor.BeanInfo.init(BeanInfo.java:689)
		at io.quarkus.arc.processor.BeanDeployment.init(BeanDeployment.java:326)
		... 12 more
	Suppressed: jakarta.enterprise.inject.UnsatisfiedResolutionException: Unsatisfied dependency for type org.jenga.mapper.LabelMapper and qualifiers [@Default]
	- injection target: parameter 'labelMapper' of org.jenga.service.ProjectService constructor
	- declared on CLASS bean [types=[java.lang.Object, org.jenga.service.ProjectService], qualifiers=[@Any, @Default], target=org.jenga.service.ProjectService]
		at io.quarkus.arc.processor.Beans.resolveInjectionPoint(Beans.java:547)
		at io.quarkus.arc.processor.BeanInfo.init(BeanInfo.java:689)
		at io.quarkus.arc.processor.BeanDeployment.init(BeanDeployment.java:326)
		... 12 more

	at io.quarkus.builder.Execution.run(Execution.java:122)
	at io.quarkus.builder.BuildExecutionBuilder.execute(BuildExecutionBuilder.java:78)
	at io.quarkus.deployment.QuarkusAugmentor.run(QuarkusAugmentor.java:160)
	at io.quarkus.runner.bootstrap.AugmentActionImpl.runAugment(AugmentActionImpl.java:372)
	... 55 more
Caused by: jakarta.enterprise.inject.spi.DeploymentException: Found 6 deployment problems: 
[1] Unsatisfied dependency for type org.jenga.mapper.TicketMapper and qualifiers [@Default]
	- injection target: parameter 'ticketMapper' of org.jenga.service.TicketService constructor
	- declared on CLASS bean [types=[java.lang.Object, org.jenga.service.TicketService], qualifiers=[@Any, @Default], target=org.jenga.service.TicketService]
[2] Unsatisfied dependency for type org.jenga.mapper.CommentMapper and qualifiers [@Default]
	- injection target: parameter 'commentMapper' of org.jenga.service.TicketService constructor
	- declared on CLASS bean [types=[java.lang.Object, org.jenga.service.TicketService], qualifiers=[@Any, @Default], target=org.jenga.service.TicketService]
[3] Unsatisfied dependency for type org.jenga.mapper.AcceptanceCriteriaMapper and qualifiers [@Default]
	- injection target: parameter 'acceptanceCriteriaMapper' of org.jenga.service.TicketService constructor
	- declared on CLASS bean [types=[java.lang.Object, org.jenga.service.TicketService], qualifiers=[@Any, @Default], target=org.jenga.service.TicketService]
[4] Unsatisfied dependency for type org.jenga.mapper.UserMapper and qualifiers [@Default]
	- injection target: parameter 'userMapper' of org.jenga.service.UserService constructor
	- declared on CLASS bean [types=[java.lang.Object, org.jenga.service.UserService], qualifiers=[@Any, @Default], target=org.jenga.service.UserService]
[5] Unsatisfied dependency for type org.jenga.mapper.ProjectMapper and qualifiers [@Default]
	- injection target: parameter 'projectMapper' of org.jenga.service.ProjectService constructor
	- declared on CLASS bean [types=[java.lang.Object, org.jenga.service.ProjectService], qualifiers=[@Any, @Default], target=org.jenga.service.ProjectService]
[6] Unsatisfied dependency for type org.jenga.mapper.LabelMapper and qualifiers [@Default]
	- injection target: parameter 'labelMapper' of org.jenga.service.ProjectService constructor
	- declared on CLASS bean [types=[java.lang.Object, org.jenga.service.ProjectService], qualifiers=[@Any, @Default], target=org.jenga.service.ProjectService]
	at io.quarkus.arc.processor.BeanDeployment.processErrors(BeanDeployment.java:1602)
	at io.quarkus.arc.processor.BeanDeployment.init(BeanDeployment.java:341)
	at io.quarkus.arc.processor.BeanProcessor.initialize(BeanProcessor.java:178)
	at io.quarkus.arc.deployment.ArcProcessor.validate(ArcProcessor.java:488)
	at java.base/java.lang.invoke.MethodHandle.invokeWithArguments(MethodHandle.java:733)
	at io.quarkus.deployment.ExtensionLoader$3.execute(ExtensionLoader.java:874)
	at io.quarkus.builder.BuildContext.run(BuildContext.java:255)
	at org.jboss.threads.ContextHandler$1.runWith(ContextHandler.java:18)
	at org.jboss.threads.EnhancedQueueExecutor$Task.doRunWith(EnhancedQueueExecutor.java:2651)
	at org.jboss.threads.EnhancedQueueExecutor$Task.run(EnhancedQueueExecutor.java:2630)
	at org.jboss.threads.EnhancedQueueExecutor.runThreadBody(EnhancedQueueExecutor.java:1622)
	at org.jboss.threads.EnhancedQueueExecutor$ThreadBody.run(EnhancedQueueExecutor.java:1589)
	at java.base/java.lang.Thread.run(Thread.java:1583)
	at org.jboss.threads.JBossThread.run(JBossThread.java:501)
	Suppressed: jakarta.enterprise.inject.UnsatisfiedResolutionException: Unsatisfied dependency for type org.jenga.mapper.TicketMapper and qualifiers [@Default]
	- injection target: parameter 'ticketMapper' of org.jenga.service.TicketService constructor
	- declared on CLASS bean [types=[java.lang.Object, org.jenga.service.TicketService], qualifiers=[@Any, @Default], target=org.jenga.service.TicketService]
		at io.quarkus.arc.processor.Beans.resolveInjectionPoint(Beans.java:547)
		at io.quarkus.arc.processor.BeanInfo.init(BeanInfo.java:689)
		at io.quarkus.arc.processor.BeanDeployment.init(BeanDeployment.java:326)
		... 12 more
	Suppressed: jakarta.enterprise.inject.UnsatisfiedResolutionException: Unsatisfied dependency for type org.jenga.mapper.CommentMapper and qualifiers [@Default]
	- injection target: parameter 'commentMapper' of org.jenga.service.TicketService constructor
	- declared on CLASS bean [types=[java.lang.Object, org.jenga.service.TicketService], qualifiers=[@Any, @Default], target=org.jenga.service.TicketService]
		at io.quarkus.arc.processor.Beans.resolveInjectionPoint(Beans.java:547)
		at io.quarkus.arc.processor.BeanInfo.init(BeanInfo.java:689)
		at io.quarkus.arc.processor.BeanDeployment.init(BeanDeployment.java:326)
		... 12 more
	Suppressed: jakarta.enterprise.inject.UnsatisfiedResolutionException: Unsatisfied dependency for type org.jenga.mapper.AcceptanceCriteriaMapper and qualifiers [@Default]
	- injection target: parameter 'acceptanceCriteriaMapper' of org.jenga.service.TicketService constructor
	- declared on CLASS bean [types=[java.lang.Object, org.jenga.service.TicketService], qualifiers=[@Any, @Default], target=org.jenga.service.TicketService]
		at io.quarkus.arc.processor.Beans.resolveInjectionPoint(Beans.java:547)
		at io.quarkus.arc.processor.BeanInfo.init(BeanInfo.java:689)
		at io.quarkus.arc.processor.BeanDeployment.init(BeanDeployment.java:326)
		... 12 more
	Suppressed: jakarta.enterprise.inject.UnsatisfiedResolutionException: Unsatisfied dependency for type org.jenga.mapper.UserMapper and qualifiers [@Default]
	- injection target: parameter 'userMapper' of org.jenga.service.UserService constructor
	- declared on CLASS bean [types=[java.lang.Object, org.jenga.service.UserService], qualifiers=[@Any, @Default], target=org.jenga.service.UserService]
		at io.quarkus.arc.processor.Beans.resolveInjectionPoint(Beans.java:547)
		at io.quarkus.arc.processor.BeanInfo.init(BeanInfo.java:689)
		at io.quarkus.arc.processor.BeanDeployment.init(BeanDeployment.java:326)
		... 12 more
	Suppressed: jakarta.enterprise.inject.UnsatisfiedResolutionException: Unsatisfied dependency for type org.jenga.mapper.ProjectMapper and qualifiers [@Default]
	- injection target: parameter 'projectMapper' of org.jenga.service.ProjectService constructor
	- declared on CLASS bean [types=[java.lang.Object, org.jenga.service.ProjectService], qualifiers=[@Any, @Default], target=org.jenga.service.ProjectService]
		at io.quarkus.arc.processor.Beans.resolveInjectionPoint(Beans.java:547)
		at io.quarkus.arc.processor.BeanInfo.init(BeanInfo.java:689)
		at io.quarkus.arc.processor.BeanDeployment.init(BeanDeployment.java:326)
		... 12 more
	Suppressed: jakarta.enterprise.inject.UnsatisfiedResolutionException: Unsatisfied dependency for type org.jenga.mapper.LabelMapper and qualifiers [@Default]
	- injection target: parameter 'labelMapper' of org.jenga.service.ProjectService constructor
	- declared on CLASS bean [types=[java.lang.Object, org.jenga.service.ProjectService], qualifiers=[@Any, @Default], target=org.jenga.service.ProjectService]
		at io.quarkus.arc.processor.Beans.resolveInjectionPoint(Beans.java:547)
		at io.quarkus.arc.processor.BeanInfo.init(BeanInfo.java:689)
		at io.quarkus.arc.processor.BeanDeployment.init(BeanDeployment.java:326)
		... 12 more


	at org.apache.maven.plugin.surefire.booterclient.ForkStarter.fork(ForkStarter.java:628)
	at org.apache.maven.plugin.surefire.booterclient.ForkStarter.run(ForkStarter.java:285)
	at org.apache.maven.plugin.surefire.booterclient.ForkStarter.run(ForkStarter.java:250)
	at org.apache.maven.plugin.surefire.AbstractSurefireMojo.executeProvider(AbstractSurefireMojo.java:1337)
	at org.apache.maven.plugin.surefire.AbstractSurefireMojo.executeAfterPreconditionsChecked(AbstractSurefireMojo.java:1135)
	at org.apache.maven.plugin.surefire.AbstractSurefireMojo.execute(AbstractSurefireMojo.java:969)
	at org.apache.maven.plugin.DefaultBuildPluginManager.executeMojo(DefaultBuildPluginManager.java:137)
	at org.apache.maven.lifecycle.internal.MojoExecutor.doExecute2(MojoExecutor.java:370)
	at org.apache.maven.lifecycle.internal.MojoExecutor.doExecute(MojoExecutor.java:351)
	at org.apache.maven.lifecycle.internal.MojoExecutor.execute(MojoExecutor.java:215)
	at org.apache.maven.lifecycle.internal.MojoExecutor.execute(MojoExecutor.java:171)
	at org.apache.maven.lifecycle.internal.MojoExecutor.execute(MojoExecutor.java:163)
	at org.apache.maven.lifecycle.internal.LifecycleModuleBuilder.buildProject(LifecycleModuleBuilder.java:117)
	at org.apache.maven.lifecycle.internal.LifecycleModuleBuilder.buildProject(LifecycleModuleBuilder.java:81)
	at org.apache.maven.lifecycle.internal.builder.singlethreaded.SingleThreadedBuilder.build(SingleThreadedBuilder.java:56)
	at org.apache.maven.lifecycle.internal.LifecycleStarter.execute(LifecycleStarter.java:128)
	at org.apache.maven.DefaultMaven.doExecute(DefaultMaven.java:298)
	at org.apache.maven.DefaultMaven.doExecute(DefaultMaven.java:192)
	at org.apache.maven.DefaultMaven.execute(DefaultMaven.java:105)
	at org.apache.maven.cli.MavenCli.execute(MavenCli.java:960)
	at org.apache.maven.cli.MavenCli.doMain(MavenCli.java:293)
	at org.apache.maven.cli.MavenCli.main(MavenCli.java:196)
	at java.base/jdk.internal.reflect.DirectMethodHandleAccessor.invoke(DirectMethodHandleAccessor.java:103)
	at java.base/java.lang.reflect.Method.invoke(Method.java:580)
	at org.codehaus.plexus.classworlds.launcher.Launcher.launchEnhanced(Launcher.java:283)
	at org.codehaus.plexus.classworlds.launcher.Launcher.launch(Launcher.java:226)
	at org.codehaus.plexus.classworlds.launcher.Launcher.mainWithExitCode(Launcher.java:407)
	at org.codehaus.plexus.classworlds.launcher.Launcher.main(Launcher.java:348)
[m
    [1mat[m org.apache.maven.plugin.surefire.SurefireHelper.throwException ([1mSurefireHelper.java:244[m)
    [1mat[m org.apache.maven.plugin.surefire.SurefireHelper.reportExecution ([1mSurefireHelper.java:159[m)
    [1mat[m org.apache.maven.plugin.surefire.SurefireMojo.handleSummary ([1mSurefireMojo.java:547[m)
    [1mat[m org.apache.maven.plugin.surefire.AbstractSurefireMojo.executeAfterPreconditionsChecked ([1mAbstractSurefireMojo.java:1147[m)
    [1mat[m org.apache.maven.plugin.surefire.AbstractSurefireMojo.execute ([1mAbstractSurefireMojo.java:969[m)
    [1mat[m org.apache.maven.plugin.DefaultBuildPluginManager.executeMojo ([1mDefaultBuildPluginManager.java:137[m)
    [1mat[m org.apache.maven.lifecycle.internal.MojoExecutor.doExecute2 ([1mMojoExecutor.java:370[m)
    [1mat[m org.apache.maven.lifecycle.internal.MojoExecutor.doExecute ([1mMojoExecutor.java:351[m)
    [1mat[m org.apache.maven.lifecycle.internal.MojoExecutor.execute ([1mMojoExecutor.java:215[m)
    [1mat[m org.apache.maven.lifecycle.internal.MojoExecutor.execute ([1mMojoExecutor.java:171[m)
    [1mat[m org.apache.maven.lifecycle.internal.MojoExecutor.execute ([1mMojoExecutor.java:163[m)
    [1mat[m org.apache.maven.lifecycle.internal.LifecycleModuleBuilder.buildProject ([1mLifecycleModuleBuilder.java:117[m)
    [1mat[m org.apache.maven.lifecycle.internal.LifecycleModuleBuilder.buildProject ([1mLifecycleModuleBuilder.java:81[m)
    [1mat[m org.apache.maven.lifecycle.internal.builder.singlethreaded.SingleThreadedBuilder.build ([1mSingleThreadedBuilder.java:56[m)
    [1mat[m org.apache.maven.lifecycle.internal.LifecycleStarter.execute ([1mLifecycleStarter.java:128[m)
    [1mat[m org.apache.maven.DefaultMaven.doExecute ([1mDefaultMaven.java:298[m)
    [1mat[m org.apache.maven.DefaultMaven.doExecute ([1mDefaultMaven.java:192[m)
    [1mat[m org.apache.maven.DefaultMaven.execute ([1mDefaultMaven.java:105[m)
    [1mat[m org.apache.maven.cli.MavenCli.execute ([1mMavenCli.java:960[m)
    [1mat[m org.apache.maven.cli.MavenCli.doMain ([1mMavenCli.java:293[m)
    [1mat[m org.apache.maven.cli.MavenCli.main ([1mMavenCli.java:196[m)
    [1mat[m jdk.internal.reflect.DirectMethodHandleAccessor.invoke ([1mDirectMethodHandleAccessor.java:103[m)
    [1mat[m java.lang.reflect.Method.invoke ([1mMethod.java:580[m)
    [1mat[m org.codehaus.plexus.classworlds.launcher.Launcher.launchEnhanced ([1mLauncher.java:283[m)
    [1mat[m org.codehaus.plexus.classworlds.launcher.Launcher.launch ([1mLauncher.java:226[m)
    [1mat[m org.codehaus.plexus.classworlds.launcher.Launcher.mainWithExitCode ([1mLauncher.java:407[m)
    [1mat[m org.codehaus.plexus.classworlds.launcher.Launcher.main ([1mLauncher.java:348[m)
[1mCaused by[m: org.apache.maven.surefire.booter.SurefireBooterForkException: [1;31mThere was an error in the forked process
TestEngine with ID 'junit-jupiter' encountered a critical issue during test discovery:

(1) [ERROR] ClassSelector [className = 'org.jenga.service.ImportServiceTest', classLoader = null] resolution failed
    Source: ClassSource [className = 'org.jenga.service.ImportServiceTest', filePosition = null]
            at org.jenga.service.ImportServiceTest.<no-method>(SourceFile:0)
    Cause: org.junit.platform.commons.PreconditionViolationException: Could not load class with name: org.jenga.service.ImportServiceTest
	at org.junit.platform.engine.discovery.ClassSelector.lambda$getJavaClass$0(ClassSelector.java:98)
	at org.junit.platform.commons.function.Try$Failure.getOrThrow(Try.java:335)
	at org.junit.platform.engine.discovery.ClassSelector.getJavaClass(ClassSelector.java:97)
	at org.junit.jupiter.engine.discovery.ClassSelectorResolver.resolve(ClassSelectorResolver.java:87)
	at org.junit.platform.engine.support.discovery.EngineDiscoveryRequestResolution.lambda$resolve$2(EngineDiscoveryRequestResolution.java:135)
	at java.base/java.util.stream.ReferencePipeline$3$1.accept(ReferencePipeline.java:197)
	at java.base/java.util.ArrayList$ArrayListSpliterator.tryAdvance(ArrayList.java:1685)
	at java.base/java.util.stream.ReferencePipeline.forEachWithCancel(ReferencePipeline.java:129)
	at java.base/java.util.stream.AbstractPipeline.copyIntoWithCancel(AbstractPipeline.java:527)
	at java.base/java.util.stream.AbstractPipeline.copyInto(AbstractPipeline.java:513)
	at java.base/java.util.stream.AbstractPipeline.wrapAndCopyInto(AbstractPipeline.java:499)
	at java.base/java.util.stream.FindOps$FindOp.evaluateSequential(FindOps.java:150)
	at java.base/java.util.stream.AbstractPipeline.evaluate(AbstractPipeline.java:234)
	at java.base/java.util.stream.ReferencePipeline.findFirst(ReferencePipeline.java:647)
	at org.junit.platform.engine.support.discovery.EngineDiscoveryRequestResolution.resolve(EngineDiscoveryRequestResolution.java:189)
	at org.junit.platform.engine.support.discovery.EngineDiscoveryRequestResolution.resolve(EngineDiscoveryRequestResolution.java:126)
	at org.junit.platform.engine.support.discovery.EngineDiscoveryRequestResolution.resolveCompletely(EngineDiscoveryRequestResolution.java:92)
	at org.junit.platform.engine.support.discovery.EngineDiscoveryRequestResolution.run(EngineDiscoveryRequestResolution.java:83)
	at org.junit.platform.engine.support.discovery.EngineDiscoveryRequestResolver.resolve(EngineDiscoveryRequestResolver.java:148)
	at org.junit.jupiter.engine.discovery.DiscoverySelectorResolver.resolveSelectors(DiscoverySelectorResolver.java:63)
	at org.junit.jupiter.engine.JupiterTestEngine.discover(JupiterTestEngine.java:70)
	at org.junit.platform.launcher.core.EngineDiscoveryOrchestrator.discoverEngineRoot(EngineDiscoveryOrchestrator.java:195)
	at org.junit.platform.launcher.core.EngineDiscoveryOrchestrator.discoverSafely(EngineDiscoveryOrchestrator.java:174)
	at org.junit.platform.launcher.core.EngineDiscoveryOrchestrator.discover(EngineDiscoveryOrchestrator.java:119)
	at org.junit.platform.launcher.core.EngineDiscoveryOrchestrator.discover(EngineDiscoveryOrchestrator.java:84)
	at org.junit.platform.launcher.core.DefaultLauncher.discover(DefaultLauncher.java:104)
	at org.junit.platform.launcher.core.DefaultLauncher.discover(DefaultLauncher.java:83)
	at org.junit.platform.launcher.core.DelegatingLauncher.discover(DelegatingLauncher.java:42)
	at org.junit.platform.launcher.core.InterceptingLauncher.lambda$discover$0(InterceptingLauncher.java:33)
	at org.junit.platform.launcher.core.ClasspathAlignmentCheckingLauncherInterceptor.intercept(ClasspathAlignmentCheckingLauncherInterceptor.java:25)
	at org.junit.platform.launcher.core.InterceptingLauncher.discover(InterceptingLauncher.java:33)
	at org.junit.platform.launcher.core.DelegatingLauncher.discover(DelegatingLauncher.java:42)
	at org.apache.maven.surefire.junitplatform.LazyLauncher.discover(LazyLauncher.java:50)
	at org.apache.maven.surefire.junitplatform.TestPlanScannerFilter.accept(TestPlanScannerFilter.java:52)
	at org.apache.maven.surefire.api.util.DefaultScanResult.applyFilter(DefaultScanResult.java:87)
	at org.apache.maven.surefire.junitplatform.JUnitPlatformProvider.scanClasspath(JUnitPlatformProvider.java:144)
	at org.apache.maven.surefire.junitplatform.JUnitPlatformProvider.invoke(JUnitPlatformProvider.java:124)
	at org.apache.maven.surefire.booter.ForkedBooter.runSuitesInProcess(ForkedBooter.java:385)
	at org.apache.maven.surefire.booter.ForkedBooter.execute(ForkedBooter.java:162)
	at org.apache.maven.surefire.booter.ForkedBooter.run(ForkedBooter.java:507)
	at org.apache.maven.surefire.booter.ForkedBooter.main(ForkedBooter.java:495)
Caused by: java.lang.RuntimeException: io.quarkus.builder.BuildException: Build failure: Build failed due to errors
	[error]: Build step io.quarkus.arc.deployment.ArcProcessor#validate threw an exception: jakarta.enterprise.inject.spi.DeploymentException: Found 6 deployment problems: 
[1] Unsatisfied dependency for type org.jenga.mapper.TicketMapper and qualifiers [@Default]
	- injection target: parameter 'ticketMapper' of org.jenga.service.TicketService constructor
	- declared on CLASS bean [types=[java.lang.Object, org.jenga.service.TicketService], qualifiers=[@Any, @Default], target=org.jenga.service.TicketService]
[2] Unsatisfied dependency for type org.jenga.mapper.CommentMapper and qualifiers [@Default]
	- injection target: parameter 'commentMapper' of org.jenga.service.TicketService constructor
	- declared on CLASS bean [types=[java.lang.Object, org.jenga.service.TicketService], qualifiers=[@Any, @Default], target=org.jenga.service.TicketService]
[3] Unsatisfied dependency for type org.jenga.mapper.AcceptanceCriteriaMapper and qualifiers [@Default]
	- injection target: parameter 'acceptanceCriteriaMapper' of org.jenga.service.TicketService constructor
	- declared on CLASS bean [types=[java.lang.Object, org.jenga.service.TicketService], qualifiers=[@Any, @Default], target=org.jenga.service.TicketService]
[4] Unsatisfied dependency for type org.jenga.mapper.UserMapper and qualifiers [@Default]
	- injection target: parameter 'userMapper' of org.jenga.service.UserService constructor
	- declared on CLASS bean [types=[java.lang.Object, org.jenga.service.UserService], qualifiers=[@Any, @Default], target=org.jenga.service.UserService]
[5] Unsatisfied dependency for type org.jenga.mapper.ProjectMapper and qualifiers [@Default]
	- injection target: parameter 'projectMapper' of org.jenga.service.ProjectService constructor
	- declared on CLASS bean [types=[java.lang.Object, org.jenga.service.ProjectService], qualifiers=[@Any, @Default], target=org.jenga.service.ProjectService]
[6] Unsatisfied dependency for type org.jenga.mapper.LabelMapper and qualifiers [@Default]
	- injection target: parameter 'labelMapper' of org.jenga.service.ProjectService constructor
	- declared on CLASS bean [types=[java.lang.Object, org.jenga.service.ProjectService], qualifiers=[@Any, @Default], target=org.jenga.service.ProjectService]
	at io.quarkus.arc.processor.BeanDeployment.processErrors(BeanDeployment.java:1602)
	at io.quarkus.arc.processor.BeanDeployment.init(BeanDeployment.java:341)
	at io.quarkus.arc.processor.BeanProcessor.initialize(BeanProcessor.java:178)
	at io.quarkus.arc.deployment.ArcProcessor.validate(ArcProcessor.java:488)
	at java.base/java.lang.invoke.MethodHandle.invokeWithArguments(MethodHandle.java:733)
	at io.quarkus.deployment.ExtensionLoader$3.execute(ExtensionLoader.java:874)
	at io.quarkus.builder.BuildContext.run(BuildContext.java:255)
	at org.jboss.threads.ContextHandler$1.runWith(ContextHandler.java:18)
	at org.jboss.threads.EnhancedQueueExecutor$Task.doRunWith(EnhancedQueueExecutor.java:2651)
	at org.jboss.threads.EnhancedQueueExecutor$Task.run(EnhancedQueueExecutor.java:2630)
	at org.jboss.threads.EnhancedQueueExecutor.runThreadBody(EnhancedQueueExecutor.java:1622)
	at org.jboss.threads.EnhancedQueueExecutor$ThreadBody.run(EnhancedQueueExecutor.java:1589)
	at java.base/java.lang.Thread.run(Thread.java:1583)
	at org.jboss.threads.JBossThread.run(JBossThread.java:501)
	Suppressed: jakarta.enterprise.inject.UnsatisfiedResolutionException: Unsatisfied dependency for type org.jenga.mapper.TicketMapper and qualifiers [@Default]
	- injection target: parameter 'ticketMapper' of org.jenga.service.TicketService constructor
	- declared on CLASS bean [types=[java.lang.Object, org.jenga.service.TicketService], qualifiers=[@Any, @Default], target=org.jenga.service.TicketService]
		at io.quarkus.arc.processor.Beans.resolveInjectionPoint(Beans.java:547)
		at io.quarkus.arc.processor.BeanInfo.init(BeanInfo.java:689)
		at io.quarkus.arc.processor.BeanDeployment.init(BeanDeployment.java:326)
		... 12 more
	Suppressed: jakarta.enterprise.inject.UnsatisfiedResolutionException: Unsatisfied dependency for type org.jenga.mapper.CommentMapper and qualifiers [@Default]
	- injection target: parameter 'commentMapper' of org.jenga.service.TicketService constructor
	- declared on CLASS bean [types=[java.lang.Object, org.jenga.service.TicketService], qualifiers=[@Any, @Default], target=org.jenga.service.TicketService]
		at io.quarkus.arc.processor.Beans.resolveInjectionPoint(Beans.java:547)
		at io.quarkus.arc.processor.BeanInfo.init(BeanInfo.java:689)
		at io.quarkus.arc.processor.BeanDeployment.init(BeanDeployment.java:326)
		... 12 more
	Suppressed: jakarta.enterprise.inject.UnsatisfiedResolutionException: Unsatisfied dependency for type org.jenga.mapper.AcceptanceCriteriaMapper and qualifiers [@Default]
	- injection target: parameter 'acceptanceCriteriaMapper' of org.jenga.service.TicketService constructor
	- declared on CLASS bean [types=[java.lang.Object, org.jenga.service.TicketService], qualifiers=[@Any, @Default], target=org.jenga.service.TicketService]
		at io.quarkus.arc.processor.Beans.resolveInjectionPoint(Beans.java:547)
		at io.quarkus.arc.processor.BeanInfo.init(BeanInfo.java:689)
		at io.quarkus.arc.processor.BeanDeployment.init(BeanDeployment.java:326)
		... 12 more
	Suppressed: jakarta.enterprise.inject.UnsatisfiedResolutionException: Unsatisfied dependency for type org.jenga.mapper.UserMapper and qualifiers [@Default]
	- injection target: parameter 'userMapper' of org.jenga.service.UserService constructor
	- declared on CLASS bean [types=[java.lang.Object, org.jenga.service.UserService], qualifiers=[@Any, @Default], target=org.jenga.service.UserService]
		at io.quarkus.arc.processor.Beans.resolveInjectionPoint(Beans.java:547)
		at io.quarkus.arc.processor.BeanInfo.init(BeanInfo.java:689)
		at io.quarkus.arc.processor.BeanDeployment.init(BeanDeployment.java:326)
		... 12 more
	Suppressed: jakarta.enterprise.inject.UnsatisfiedResolutionException: Unsatisfied dependency for type org.jenga.mapper.ProjectMapper and qualifiers [@Default]
	- injection target: parameter 'projectMapper' of org.jenga.service.ProjectService constructor
	- declared on CLASS bean [types=[java.lang.Object, org.jenga.service.ProjectService], qualifiers=[@Any, @Default], target=org.jenga.service.ProjectService]
		at io.quarkus.arc.processor.Beans.resolveInjectionPoint(Beans.java:547)
		at io.quarkus.arc.processor.BeanInfo.init(BeanInfo.java:689)
		at io.quarkus.arc.processor.BeanDeployment.init(BeanDeployment.java:326)
		... 12 more
	Suppressed: jakarta.enterprise.inject.UnsatisfiedResolutionException: Unsatisfied dependency for type org.jenga.mapper.LabelMapper and qualifiers [@Default]
	- injection target: parameter 'labelMapper' of org.jenga.service.ProjectService constructor
	- declared on CLASS bean [types=[java.lang.Object, org.jenga.service.ProjectService], qualifiers=[@Any, @Default], target=org.jenga.service.ProjectService]
		at io.quarkus.arc.processor.Beans.resolveInjectionPoint(Beans.java:547)
		at io.quarkus.arc.processor.BeanInfo.init(BeanInfo.java:689)
		at io.quarkus.arc.processor.BeanDeployment.init(BeanDeployment.java:326)
		... 12 more

	at io.quarkus.runner.bootstrap.AugmentActionImpl.runAugment(AugmentActionImpl.java:376)
	at io.quarkus.runner.bootstrap.AugmentActionImpl.createInitialRuntimeApplication(AugmentActionImpl.java:293)
	at io.quarkus.runner.bootstrap.AugmentActionImpl.createInitialRuntimeApplication(AugmentActionImpl.java:61)
	at io.quarkus.test.junit.AppMakerHelper.getStartupAction(AppMakerHelper.java:253)
	at io.quarkus.test.junit.classloading.FacadeClassLoader.getOrCreateRuntimeClassLoader(FacadeClassLoader.java:544)
	at io.quarkus.test.junit.classloading.FacadeClassLoader.getQuarkusClassLoader(FacadeClassLoader.java:441)
	at io.quarkus.test.junit.classloading.FacadeClassLoader.loadClass(FacadeClassLoader.java:330)
	at java.base/java.lang.Class.forName0(Native Method)
	at java.base/java.lang.Class.forName(Class.java:534)
	at java.base/java.lang.Class.forName(Class.java:513)
	at org.junit.platform.commons.util.ReflectionUtils.lambda$tryToLoadClass$10(ReflectionUtils.java:886)
	at org.junit.platform.commons.function.Try.lambda$call$0(Try.java:57)
	at org.junit.platform.commons.function.Try.of(Try.java:93)
	at org.junit.platform.commons.function.Try.call(Try.java:57)
	at org.junit.platform.commons.util.ReflectionUtils.tryToLoadClass(ReflectionUtils.java:873)
	at org.junit.platform.commons.util.ReflectionUtils.tryToLoadClass(ReflectionUtils.java:810)
	at org.junit.platform.commons.support.ReflectionSupport.tryToLoadClass(ReflectionSupport.java:94)
	at org.junit.platform.engine.discovery.ClassSelector.getJavaClass(ClassSelector.java:95)
	... 38 more
Caused by: io.quarkus.builder.BuildException: Build failure: Build failed due to errors
	[error]: Build step io.quarkus.arc.deployment.ArcProcessor#validate threw an exception: jakarta.enterprise.inject.spi.DeploymentException: Found 6 deployment problems: 
[1] Unsatisfied dependency for type org.jenga.mapper.TicketMapper and qualifiers [@Default]
	- injection target: parameter 'ticketMapper' of org.jenga.service.TicketService constructor
	- declared on CLASS bean [types=[java.lang.Object, org.jenga.service.TicketService], qualifiers=[@Any, @Default], target=org.jenga.service.TicketService]
[2] Unsatisfied dependency for type org.jenga.mapper.CommentMapper and qualifiers [@Default]
	- injection target: parameter 'commentMapper' of org.jenga.service.TicketService constructor
	- declared on CLASS bean [types=[java.lang.Object, org.jenga.service.TicketService], qualifiers=[@Any, @Default], target=org.jenga.service.TicketService]
[3] Unsatisfied dependency for type org.jenga.mapper.AcceptanceCriteriaMapper and qualifiers [@Default]
	- injection target: parameter 'acceptanceCriteriaMapper' of org.jenga.service.TicketService constructor
	- declared on CLASS bean [types=[java.lang.Object, org.jenga.service.TicketService], qualifiers=[@Any, @Default], target=org.jenga.service.TicketService]
[4] Unsatisfied dependency for type org.jenga.mapper.UserMapper and qualifiers [@Default]
	- injection target: parameter 'userMapper' of org.jenga.service.UserService constructor
	- declared on CLASS bean [types=[java.lang.Object, org.jenga.service.UserService], qualifiers=[@Any, @Default], target=org.jenga.service.UserService]
[5] Unsatisfied dependency for type org.jenga.mapper.ProjectMapper and qualifiers [@Default]
	- injection target: parameter 'projectMapper' of org.jenga.service.ProjectService constructor
	- declared on CLASS bean [types=[java.lang.Object, org.jenga.service.ProjectService], qualifiers=[@Any, @Default], target=org.jenga.service.ProjectService]
[6] Unsatisfied dependency for type org.jenga.mapper.LabelMapper and qualifiers [@Default]
	- injection target: parameter 'labelMapper' of org.jenga.service.ProjectService constructor
	- declared on CLASS bean [types=[java.lang.Object, org.jenga.service.ProjectService], qualifiers=[@Any, @Default], target=org.jenga.service.ProjectService]
	at io.quarkus.arc.processor.BeanDeployment.processErrors(BeanDeployment.java:1602)
	at io.quarkus.arc.processor.BeanDeployment.init(BeanDeployment.java:341)
	at io.quarkus.arc.processor.BeanProcessor.initialize(BeanProcessor.java:178)
	at io.quarkus.arc.deployment.ArcProcessor.validate(ArcProcessor.java:488)
	at java.base/java.lang.invoke.MethodHandle.invokeWithArguments(MethodHandle.java:733)
	at io.quarkus.deployment.ExtensionLoader$3.execute(ExtensionLoader.java:874)
	at io.quarkus.builder.BuildContext.run(BuildContext.java:255)
	at org.jboss.threads.ContextHandler$1.runWith(ContextHandler.java:18)
	at org.jboss.threads.EnhancedQueueExecutor$Task.doRunWith(EnhancedQueueExecutor.java:2651)
	at org.jboss.threads.EnhancedQueueExecutor$Task.run(EnhancedQueueExecutor.java:2630)
	at org.jboss.threads.EnhancedQueueExecutor.runThreadBody(EnhancedQueueExecutor.java:1622)
	at org.jboss.threads.EnhancedQueueExecutor$ThreadBody.run(EnhancedQueueExecutor.java:1589)
	at java.base/java.lang.Thread.run(Thread.java:1583)
	at org.jboss.threads.JBossThread.run(JBossThread.java:501)
	Suppressed: jakarta.enterprise.inject.UnsatisfiedResolutionException: Unsatisfied dependency for type org.jenga.mapper.TicketMapper and qualifiers [@Default]
	- injection target: parameter 'ticketMapper' of org.jenga.service.TicketService constructor
	- declared on CLASS bean [types=[java.lang.Object, org.jenga.service.TicketService], qualifiers=[@Any, @Default], target=org.jenga.service.TicketService]
		at io.quarkus.arc.processor.Beans.resolveInjectionPoint(Beans.java:547)
		at io.quarkus.arc.processor.BeanInfo.init(BeanInfo.java:689)
		at io.quarkus.arc.processor.BeanDeployment.init(BeanDeployment.java:326)
		... 12 more
	Suppressed: jakarta.enterprise.inject.UnsatisfiedResolutionException: Unsatisfied dependency for type org.jenga.mapper.CommentMapper and qualifiers [@Default]
	- injection target: parameter 'commentMapper' of org.jenga.service.TicketService constructor
	- declared on CLASS bean [types=[java.lang.Object, org.jenga.service.TicketService], qualifiers=[@Any, @Default], target=org.jenga.service.TicketService]
		at io.quarkus.arc.processor.Beans.resolveInjectionPoint(Beans.java:547)
		at io.quarkus.arc.processor.BeanInfo.init(BeanInfo.java:689)
		at io.quarkus.arc.processor.BeanDeployment.init(BeanDeployment.java:326)
		... 12 more
	Suppressed: jakarta.enterprise.inject.UnsatisfiedResolutionException: Unsatisfied dependency for type org.jenga.mapper.AcceptanceCriteriaMapper and qualifiers [@Default]
	- injection target: parameter 'acceptanceCriteriaMapper' of org.jenga.service.TicketService constructor
	- declared on CLASS bean [types=[java.lang.Object, org.jenga.service.TicketService], qualifiers=[@Any, @Default], target=org.jenga.service.TicketService]
		at io.quarkus.arc.processor.Beans.resolveInjectionPoint(Beans.java:547)
		at io.quarkus.arc.processor.BeanInfo.init(BeanInfo.java:689)
		at io.quarkus.arc.processor.BeanDeployment.init(BeanDeployment.java:326)
		... 12 more
	Suppressed: jakarta.enterprise.inject.UnsatisfiedResolutionException: Unsatisfied dependency for type org.jenga.mapper.UserMapper and qualifiers [@Default]
	- injection target: parameter 'userMapper' of org.jenga.service.UserService constructor
	- declared on CLASS bean [types=[java.lang.Object, org.jenga.service.UserService], qualifiers=[@Any, @Default], target=org.jenga.service.UserService]
		at io.quarkus.arc.processor.Beans.resolveInjectionPoint(Beans.java:547)
		at io.quarkus.arc.processor.BeanInfo.init(BeanInfo.java:689)
		at io.quarkus.arc.processor.BeanDeployment.init(BeanDeployment.java:326)
		... 12 more
	Suppressed: jakarta.enterprise.inject.UnsatisfiedResolutionException: Unsatisfied dependency for type org.jenga.mapper.ProjectMapper and qualifiers [@Default]
	- injection target: parameter 'projectMapper' of org.jenga.service.ProjectService constructor
	- declared on CLASS bean [types=[java.lang.Object, org.jenga.service.ProjectService], qualifiers=[@Any, @Default], target=org.jenga.service.ProjectService]
		at io.quarkus.arc.processor.Beans.resolveInjectionPoint(Beans.java:547)
		at io.quarkus.arc.processor.BeanInfo.init(BeanInfo.java:689)
		at io.quarkus.arc.processor.BeanDeployment.init(BeanDeployment.java:326)
		... 12 more
	Suppressed: jakarta.enterprise.inject.UnsatisfiedResolutionException: Unsatisfied dependency for type org.jenga.mapper.LabelMapper and qualifiers [@Default]
	- injection target: parameter 'labelMapper' of org.jenga.service.ProjectService constructor
	- declared on CLASS bean [types=[java.lang.Object, org.jenga.service.ProjectService], qualifiers=[@Any, @Default], target=org.jenga.service.ProjectService]
		at io.quarkus.arc.processor.Beans.resolveInjectionPoint(Beans.java:547)
		at io.quarkus.arc.processor.BeanInfo.init(BeanInfo.java:689)
		at io.quarkus.arc.processor.BeanDeployment.init(BeanDeployment.java:326)
		... 12 more

	at io.quarkus.builder.Execution.run(Execution.java:122)
	at io.quarkus.builder.BuildExecutionBuilder.execute(BuildExecutionBuilder.java:78)
	at io.quarkus.deployment.QuarkusAugmentor.run(QuarkusAugmentor.java:160)
	at io.quarkus.runner.bootstrap.AugmentActionImpl.runAugment(AugmentActionImpl.java:372)
	... 55 more
Caused by: jakarta.enterprise.inject.spi.DeploymentException: Found 6 deployment problems: 
[1] Unsatisfied dependency for type org.jenga.mapper.TicketMapper and qualifiers [@Default]
	- injection target: parameter 'ticketMapper' of org.jenga.service.TicketService constructor
	- declared on CLASS bean [types=[java.lang.Object, org.jenga.service.TicketService], qualifiers=[@Any, @Default], target=org.jenga.service.TicketService]
[2] Unsatisfied dependency for type org.jenga.mapper.CommentMapper and qualifiers [@Default]
	- injection target: parameter 'commentMapper' of org.jenga.service.TicketService constructor
	- declared on CLASS bean [types=[java.lang.Object, org.jenga.service.TicketService], qualifiers=[@Any, @Default], target=org.jenga.service.TicketService]
[3] Unsatisfied dependency for type org.jenga.mapper.AcceptanceCriteriaMapper and qualifiers [@Default]
	- injection target: parameter 'acceptanceCriteriaMapper' of org.jenga.service.TicketService constructor
	- declared on CLASS bean [types=[java.lang.Object, org.jenga.service.TicketService], qualifiers=[@Any, @Default], target=org.jenga.service.TicketService]
[4] Unsatisfied dependency for type org.jenga.mapper.UserMapper and qualifiers [@Default]
	- injection target: parameter 'userMapper' of org.jenga.service.UserService constructor
	- declared on CLASS bean [types=[java.lang.Object, org.jenga.service.UserService], qualifiers=[@Any, @Default], target=org.jenga.service.UserService]
[5] Unsatisfied dependency for type org.jenga.mapper.ProjectMapper and qualifiers [@Default]
	- injection target: parameter 'projectMapper' of org.jenga.service.ProjectService constructor
	- declared on CLASS bean [types=[java.lang.Object, org.jenga.service.ProjectService], qualifiers=[@Any, @Default], target=org.jenga.service.ProjectService]
[6] Unsatisfied dependency for type org.jenga.mapper.LabelMapper and qualifiers [@Default]
	- injection target: parameter 'labelMapper' of org.jenga.service.ProjectService constructor
	- declared on CLASS bean [types=[java.lang.Object, org.jenga.service.ProjectService], qualifiers=[@Any, @Default], target=org.jenga.service.ProjectService]
	at io.quarkus.arc.processor.BeanDeployment.processErrors(BeanDeployment.java:1602)
	at io.quarkus.arc.processor.BeanDeployment.init(BeanDeployment.java:341)
	at io.quarkus.arc.processor.BeanProcessor.initialize(BeanProcessor.java:178)
	at io.quarkus.arc.deployment.ArcProcessor.validate(ArcProcessor.java:488)
	at java.base/java.lang.invoke.MethodHandle.invokeWithArguments(MethodHandle.java:733)
	at io.quarkus.deployment.ExtensionLoader$3.execute(ExtensionLoader.java:874)
	at io.quarkus.builder.BuildContext.run(BuildContext.java:255)
	at org.jboss.threads.ContextHandler$1.runWith(ContextHandler.java:18)
	at org.jboss.threads.EnhancedQueueExecutor$Task.doRunWith(EnhancedQueueExecutor.java:2651)
	at org.jboss.threads.EnhancedQueueExecutor$Task.run(EnhancedQueueExecutor.java:2630)
	at org.jboss.threads.EnhancedQueueExecutor.runThreadBody(EnhancedQueueExecutor.java:1622)
	at org.jboss.threads.EnhancedQueueExecutor$ThreadBody.run(EnhancedQueueExecutor.java:1589)
	at java.base/java.lang.Thread.run(Thread.java:1583)
	at org.jboss.threads.JBossThread.run(JBossThread.java:501)
	Suppressed: jakarta.enterprise.inject.UnsatisfiedResolutionException: Unsatisfied dependency for type org.jenga.mapper.TicketMapper and qualifiers [@Default]
	- injection target: parameter 'ticketMapper' of org.jenga.service.TicketService constructor
	- declared on CLASS bean [types=[java.lang.Object, org.jenga.service.TicketService], qualifiers=[@Any, @Default], target=org.jenga.service.TicketService]
		at io.quarkus.arc.processor.Beans.resolveInjectionPoint(Beans.java:547)
		at io.quarkus.arc.processor.BeanInfo.init(BeanInfo.java:689)
		at io.quarkus.arc.processor.BeanDeployment.init(BeanDeployment.java:326)
		... 12 more
	Suppressed: jakarta.enterprise.inject.UnsatisfiedResolutionException: Unsatisfied dependency for type org.jenga.mapper.CommentMapper and qualifiers [@Default]
	- injection target: parameter 'commentMapper' of org.jenga.service.TicketService constructor
	- declared on CLASS bean [types=[java.lang.Object, org.jenga.service.TicketService], qualifiers=[@Any, @Default], target=org.jenga.service.TicketService]
		at io.quarkus.arc.processor.Beans.resolveInjectionPoint(Beans.java:547)
		at io.quarkus.arc.processor.BeanInfo.init(BeanInfo.java:689)
		at io.quarkus.arc.processor.BeanDeployment.init(BeanDeployment.java:326)
		... 12 more
	Suppressed: jakarta.enterprise.inject.UnsatisfiedResolutionException: Unsatisfied dependency for type org.jenga.mapper.AcceptanceCriteriaMapper and qualifiers [@Default]
	- injection target: parameter 'acceptanceCriteriaMapper' of org.jenga.service.TicketService constructor
	- declared on CLASS bean [types=[java.lang.Object, org.jenga.service.TicketService], qualifiers=[@Any, @Default], target=org.jenga.service.TicketService]
		at io.quarkus.arc.processor.Beans.resolveInjectionPoint(Beans.java:547)
		at io.quarkus.arc.processor.BeanInfo.init(BeanInfo.java:689)
		at io.quarkus.arc.processor.BeanDeployment.init(BeanDeployment.java:326)
		... 12 more
	Suppressed: jakarta.enterprise.inject.UnsatisfiedResolutionException: Unsatisfied dependency for type org.jenga.mapper.UserMapper and qualifiers [@Default]
	- injection target: parameter 'userMapper' of org.jenga.service.UserService constructor
	- declared on CLASS bean [types=[java.lang.Object, org.jenga.service.UserService], qualifiers=[@Any, @Default], target=org.jenga.service.UserService]
		at io.quarkus.arc.processor.Beans.resolveInjectionPoint(Beans.java:547)
		at io.quarkus.arc.processor.BeanInfo.init(BeanInfo.java:689)
		at io.quarkus.arc.processor.BeanDeployment.init(BeanDeployment.java:326)
		... 12 more
	Suppressed: jakarta.enterprise.inject.UnsatisfiedResolutionException: Unsatisfied dependency for type org.jenga.mapper.ProjectMapper and qualifiers [@Default]
	- injection target: parameter 'projectMapper' of org.jenga.service.ProjectService constructor
	- declared on CLASS bean [types=[java.lang.Object, org.jenga.service.ProjectService], qualifiers=[@Any, @Default], target=org.jenga.service.ProjectService]
		at io.quarkus.arc.processor.Beans.resolveInjectionPoint(Beans.java:547)
		at io.quarkus.arc.processor.BeanInfo.init(BeanInfo.java:689)
		at io.quarkus.arc.processor.BeanDeployment.init(BeanDeployment.java:326)
		... 12 more
	Suppressed: jakarta.enterprise.inject.UnsatisfiedResolutionException: Unsatisfied dependency for type org.jenga.mapper.LabelMapper and qualifiers [@Default]
	- injection target: parameter 'labelMapper' of org.jenga.service.ProjectService constructor
	- declared on CLASS bean [types=[java.lang.Object, org.jenga.service.ProjectService], qualifiers=[@Any, @Default], target=org.jenga.service.ProjectService]
		at io.quarkus.arc.processor.Beans.resolveInjectionPoint(Beans.java:547)
		at io.quarkus.arc.processor.BeanInfo.init(BeanInfo.java:689)
		at io.quarkus.arc.processor.BeanDeployment.init(BeanDeployment.java:326)
		... 12 more

org.junit.platform.launcher.core.DiscoveryIssueException: TestEngine with ID 'junit-jupiter' encountered a critical issue during test discovery:

(1) [ERROR] ClassSelector [className = 'org.jenga.service.ImportServiceTest', classLoader = null] resolution failed
    Source: ClassSource [className = 'org.jenga.service.ImportServiceTest', filePosition = null]
            at org.jenga.service.ImportServiceTest.<no-method>(SourceFile:0)
    Cause: org.junit.platform.commons.PreconditionViolationException: Could not load class with name: org.jenga.service.ImportServiceTest
	at org.junit.platform.engine.discovery.ClassSelector.lambda$getJavaClass$0(ClassSelector.java:98)
	at org.junit.platform.commons.function.Try$Failure.getOrThrow(Try.java:335)
	at org.junit.platform.engine.discovery.ClassSelector.getJavaClass(ClassSelector.java:97)
	at org.junit.jupiter.engine.discovery.ClassSelectorResolver.resolve(ClassSelectorResolver.java:87)
	at org.junit.platform.engine.support.discovery.EngineDiscoveryRequestResolution.lambda$resolve$2(EngineDiscoveryRequestResolution.java:135)
	at java.base/java.util.stream.ReferencePipeline$3$1.accept(ReferencePipeline.java:197)
	at java.base/java.util.ArrayList$ArrayListSpliterator.tryAdvance(ArrayList.java:1685)
	at java.base/java.util.stream.ReferencePipeline.forEachWithCancel(ReferencePipeline.java:129)
	at java.base/java.util.stream.AbstractPipeline.copyIntoWithCancel(AbstractPipeline.java:527)
	at java.base/java.util.stream.AbstractPipeline.copyInto(AbstractPipeline.java:513)
	at java.base/java.util.stream.AbstractPipeline.wrapAndCopyInto(AbstractPipeline.java:499)
	at java.base/java.util.stream.FindOps$FindOp.evaluateSequential(FindOps.java:150)
	at java.base/java.util.stream.AbstractPipeline.evaluate(AbstractPipeline.java:234)
	at java.base/java.util.stream.ReferencePipeline.findFirst(ReferencePipeline.java:647)
	at org.junit.platform.engine.support.discovery.EngineDiscoveryRequestResolution.resolve(EngineDiscoveryRequestResolution.java:189)
	at org.junit.platform.engine.support.discovery.EngineDiscoveryRequestResolution.resolve(EngineDiscoveryRequestResolution.java:126)
	at org.junit.platform.engine.support.discovery.EngineDiscoveryRequestResolution.resolveCompletely(EngineDiscoveryRequestResolution.java:92)
	at org.junit.platform.engine.support.discovery.EngineDiscoveryRequestResolution.run(EngineDiscoveryRequestResolution.java:83)
	at org.junit.platform.engine.support.discovery.EngineDiscoveryRequestResolver.resolve(EngineDiscoveryRequestResolver.java:148)
	at org.junit.jupiter.engine.discovery.DiscoverySelectorResolver.resolveSelectors(DiscoverySelectorResolver.java:63)
	at org.junit.jupiter.engine.JupiterTestEngine.discover(JupiterTestEngine.java:70)
	at org.junit.platform.launcher.core.EngineDiscoveryOrchestrator.discoverEngineRoot(EngineDiscoveryOrchestrator.java:195)
	at org.junit.platform.launcher.core.EngineDiscoveryOrchestrator.discoverSafely(EngineDiscoveryOrchestrator.java:174)
	at org.junit.platform.launcher.core.EngineDiscoveryOrchestrator.discover(EngineDiscoveryOrchestrator.java:119)
	at org.junit.platform.launcher.core.EngineDiscoveryOrchestrator.discover(EngineDiscoveryOrchestrator.java:84)
	at org.junit.platform.launcher.core.DefaultLauncher.discover(DefaultLauncher.java:104)
	at org.junit.platform.launcher.core.DefaultLauncher.discover(DefaultLauncher.java:83)
	at org.junit.platform.launcher.core.DelegatingLauncher.discover(DelegatingLauncher.java:42)
	at org.junit.platform.launcher.core.InterceptingLauncher.lambda$discover$0(InterceptingLauncher.java:33)
	at org.junit.platform.launcher.core.ClasspathAlignmentCheckingLauncherInterceptor.intercept(ClasspathAlignmentCheckingLauncherInterceptor.java:25)
	at org.junit.platform.launcher.core.InterceptingLauncher.discover(InterceptingLauncher.java:33)
	at org.junit.platform.launcher.core.DelegatingLauncher.discover(DelegatingLauncher.java:42)
	at org.apache.maven.surefire.junitplatform.LazyLauncher.discover(LazyLauncher.java:50)
	at org.apache.maven.surefire.junitplatform.TestPlanScannerFilter.accept(TestPlanScannerFilter.java:52)
	at org.apache.maven.surefire.api.util.DefaultScanResult.applyFilter(DefaultScanResult.java:87)
	at org.apache.maven.surefire.junitplatform.JUnitPlatformProvider.scanClasspath(JUnitPlatformProvider.java:144)
	at org.apache.maven.surefire.junitplatform.JUnitPlatformProvider.invoke(JUnitPlatformProvider.java:124)
	at org.apache.maven.surefire.booter.ForkedBooter.runSuitesInProcess(ForkedBooter.java:385)
	at org.apache.maven.surefire.booter.ForkedBooter.execute(ForkedBooter.java:162)
	at org.apache.maven.surefire.booter.ForkedBooter.run(ForkedBooter.java:507)
	at org.apache.maven.surefire.booter.ForkedBooter.main(ForkedBooter.java:495)
Caused by: java.lang.RuntimeException: io.quarkus.builder.BuildException: Build failure: Build failed due to errors
	[error]: Build step io.quarkus.arc.deployment.ArcProcessor#validate threw an exception: jakarta.enterprise.inject.spi.DeploymentException: Found 6 deployment problems: 
[1] Unsatisfied dependency for type org.jenga.mapper.TicketMapper and qualifiers [@Default]
	- injection target: parameter 'ticketMapper' of org.jenga.service.TicketService constructor
	- declared on CLASS bean [types=[java.lang.Object, org.jenga.service.TicketService], qualifiers=[@Any, @Default], target=org.jenga.service.TicketService]
[2] Unsatisfied dependency for type org.jenga.mapper.CommentMapper and qualifiers [@Default]
	- injection target: parameter 'commentMapper' of org.jenga.service.TicketService constructor
	- declared on CLASS bean [types=[java.lang.Object, org.jenga.service.TicketService], qualifiers=[@Any, @Default], target=org.jenga.service.TicketService]
[3] Unsatisfied dependency for type org.jenga.mapper.AcceptanceCriteriaMapper and qualifiers [@Default]
	- injection target: parameter 'acceptanceCriteriaMapper' of org.jenga.service.TicketService constructor
	- declared on CLASS bean [types=[java.lang.Object, org.jenga.service.TicketService], qualifiers=[@Any, @Default], target=org.jenga.service.TicketService]
[4] Unsatisfied dependency for type org.jenga.mapper.UserMapper and qualifiers [@Default]
	- injection target: parameter 'userMapper' of org.jenga.service.UserService constructor
	- declared on CLASS bean [types=[java.lang.Object, org.jenga.service.UserService], qualifiers=[@Any, @Default], target=org.jenga.service.UserService]
[5] Unsatisfied dependency for type org.jenga.mapper.ProjectMapper and qualifiers [@Default]
	- injection target: parameter 'projectMapper' of org.jenga.service.ProjectService constructor
	- declared on CLASS bean [types=[java.lang.Object, org.jenga.service.ProjectService], qualifiers=[@Any, @Default], target=org.jenga.service.ProjectService]
[6] Unsatisfied dependency for type org.jenga.mapper.LabelMapper and qualifiers [@Default]
	- injection target: parameter 'labelMapper' of org.jenga.service.ProjectService constructor
	- declared on CLASS bean [types=[java.lang.Object, org.jenga.service.ProjectService], qualifiers=[@Any, @Default], target=org.jenga.service.ProjectService]
	at io.quarkus.arc.processor.BeanDeployment.processErrors(BeanDeployment.java:1602)
	at io.quarkus.arc.processor.BeanDeployment.init(BeanDeployment.java:341)
	at io.quarkus.arc.processor.BeanProcessor.initialize(BeanProcessor.java:178)
	at io.quarkus.arc.deployment.ArcProcessor.validate(ArcProcessor.java:488)
	at java.base/java.lang.invoke.MethodHandle.invokeWithArguments(MethodHandle.java:733)
	at io.quarkus.deployment.ExtensionLoader$3.execute(ExtensionLoader.java:874)
	at io.quarkus.builder.BuildContext.run(BuildContext.java:255)
	at org.jboss.threads.ContextHandler$1.runWith(ContextHandler.java:18)
	at org.jboss.threads.EnhancedQueueExecutor$Task.doRunWith(EnhancedQueueExecutor.java:2651)
	at org.jboss.threads.EnhancedQueueExecutor$Task.run(EnhancedQueueExecutor.java:2630)
	at org.jboss.threads.EnhancedQueueExecutor.runThreadBody(EnhancedQueueExecutor.java:1622)
	at org.jboss.threads.EnhancedQueueExecutor$ThreadBody.run(EnhancedQueueExecutor.java:1589)
	at java.base/java.lang.Thread.run(Thread.java:1583)
	at org.jboss.threads.JBossThread.run(JBossThread.java:501)
	Suppressed: jakarta.enterprise.inject.UnsatisfiedResolutionException: Unsatisfied dependency for type org.jenga.mapper.TicketMapper and qualifiers [@Default]
	- injection target: parameter 'ticketMapper' of org.jenga.service.TicketService constructor
	- declared on CLASS bean [types=[java.lang.Object, org.jenga.service.TicketService], qualifiers=[@Any, @Default], target=org.jenga.service.TicketService]
		at io.quarkus.arc.processor.Beans.resolveInjectionPoint(Beans.java:547)
		at io.quarkus.arc.processor.BeanInfo.init(BeanInfo.java:689)
		at io.quarkus.arc.processor.BeanDeployment.init(BeanDeployment.java:326)
		... 12 more
	Suppressed: jakarta.enterprise.inject.UnsatisfiedResolutionException: Unsatisfied dependency for type org.jenga.mapper.CommentMapper and qualifiers [@Default]
	- injection target: parameter 'commentMapper' of org.jenga.service.TicketService constructor
	- declared on CLASS bean [types=[java.lang.Object, org.jenga.service.TicketService], qualifiers=[@Any, @Default], target=org.jenga.service.TicketService]
		at io.quarkus.arc.processor.Beans.resolveInjectionPoint(Beans.java:547)
		at io.quarkus.arc.processor.BeanInfo.init(BeanInfo.java:689)
		at io.quarkus.arc.processor.BeanDeployment.init(BeanDeployment.java:326)
		... 12 more
	Suppressed: jakarta.enterprise.inject.UnsatisfiedResolutionException: Unsatisfied dependency for type org.jenga.mapper.AcceptanceCriteriaMapper and qualifiers [@Default]
	- injection target: parameter 'acceptanceCriteriaMapper' of org.jenga.service.TicketService constructor
	- declared on CLASS bean [types=[java.lang.Object, org.jenga.service.TicketService], qualifiers=[@Any, @Default], target=org.jenga.service.TicketService]
		at io.quarkus.arc.processor.Beans.resolveInjectionPoint(Beans.java:547)
		at io.quarkus.arc.processor.BeanInfo.init(BeanInfo.java:689)
		at io.quarkus.arc.processor.BeanDeployment.init(BeanDeployment.java:326)
		... 12 more
	Suppressed: jakarta.enterprise.inject.UnsatisfiedResolutionException: Unsatisfied dependency for type org.jenga.mapper.UserMapper and qualifiers [@Default]
	- injection target: parameter 'userMapper' of org.jenga.service.UserService constructor
	- declared on CLASS bean [types=[java.lang.Object, org.jenga.service.UserService], qualifiers=[@Any, @Default], target=org.jenga.service.UserService]
		at io.quarkus.arc.processor.Beans.resolveInjectionPoint(Beans.java:547)
		at io.quarkus.arc.processor.BeanInfo.init(BeanInfo.java:689)
		at io.quarkus.arc.processor.BeanDeployment.init(BeanDeployment.java:326)
		... 12 more
	Suppressed: jakarta.enterprise.inject.UnsatisfiedResolutionException: Unsatisfied dependency for type org.jenga.mapper.ProjectMapper and qualifiers [@Default]
	- injection target: parameter 'projectMapper' of org.jenga.service.ProjectService constructor
	- declared on CLASS bean [types=[java.lang.Object, org.jenga.service.ProjectService], qualifiers=[@Any, @Default], target=org.jenga.service.ProjectService]
		at io.quarkus.arc.processor.Beans.resolveInjectionPoint(Beans.java:547)
		at io.quarkus.arc.processor.BeanInfo.init(BeanInfo.java:689)
		at io.quarkus.arc.processor.BeanDeployment.init(BeanDeployment.java:326)
		... 12 more
	Suppressed: jakarta.enterprise.inject.UnsatisfiedResolutionException: Unsatisfied dependency for type org.jenga.mapper.LabelMapper and qualifiers [@Default]
	- injection target: parameter 'labelMapper' of org.jenga.service.ProjectService constructor
	- declared on CLASS bean [types=[java.lang.Object, org.jenga.service.ProjectService], qualifiers=[@Any, @Default], target=org.jenga.service.ProjectService]
		at io.quarkus.arc.processor.Beans.resolveInjectionPoint(Beans.java:547)
		at io.quarkus.arc.processor.BeanInfo.init(BeanInfo.java:689)
		at io.quarkus.arc.processor.BeanDeployment.init(BeanDeployment.java:326)
		... 12 more

	at io.quarkus.runner.bootstrap.AugmentActionImpl.runAugment(AugmentActionImpl.java:376)
	at io.quarkus.runner.bootstrap.AugmentActionImpl.createInitialRuntimeApplication(AugmentActionImpl.java:293)
	at io.quarkus.runner.bootstrap.AugmentActionImpl.createInitialRuntimeApplication(AugmentActionImpl.java:61)
	at io.quarkus.test.junit.AppMakerHelper.getStartupAction(AppMakerHelper.java:253)
	at io.quarkus.test.junit.classloading.FacadeClassLoader.getOrCreateRuntimeClassLoader(FacadeClassLoader.java:544)
	at io.quarkus.test.junit.classloading.FacadeClassLoader.getQuarkusClassLoader(FacadeClassLoader.java:441)
	at io.quarkus.test.junit.classloading.FacadeClassLoader.loadClass(FacadeClassLoader.java:330)
	at java.base/java.lang.Class.forName0(Native Method)
	at java.base/java.lang.Class.forName(Class.java:534)
	at java.base/java.lang.Class.forName(Class.java:513)
	at org.junit.platform.commons.util.ReflectionUtils.lambda$tryToLoadClass$10(ReflectionUtils.java:886)
	at org.junit.platform.commons.function.Try.lambda$call$0(Try.java:57)
	at org.junit.platform.commons.function.Try.of(Try.java:93)
	at org.junit.platform.commons.function.Try.call(Try.java:57)
	at org.junit.platform.commons.util.ReflectionUtils.tryToLoadClass(ReflectionUtils.java:873)
	at org.junit.platform.commons.util.ReflectionUtils.tryToLoadClass(ReflectionUtils.java:810)
	at org.junit.platform.commons.support.ReflectionSupport.tryToLoadClass(ReflectionSupport.java:94)
	at org.junit.platform.engine.discovery.ClassSelector.getJavaClass(ClassSelector.java:95)
	... 38 more
Caused by: io.quarkus.builder.BuildException: Build failure: Build failed due to errors
	[error]: Build step io.quarkus.arc.deployment.ArcProcessor#validate threw an exception: jakarta.enterprise.inject.spi.DeploymentException: Found 6 deployment problems: 
[1] Unsatisfied dependency for type org.jenga.mapper.TicketMapper and qualifiers [@Default]
	- injection target: parameter 'ticketMapper' of org.jenga.service.TicketService constructor
	- declared on CLASS bean [types=[java.lang.Object, org.jenga.service.TicketService], qualifiers=[@Any, @Default], target=org.jenga.service.TicketService]
[2] Unsatisfied dependency for type org.jenga.mapper.CommentMapper and qualifiers [@Default]
	- injection target: parameter 'commentMapper' of org.jenga.service.TicketService constructor
	- declared on CLASS bean [types=[java.lang.Object, org.jenga.service.TicketService], qualifiers=[@Any, @Default], target=org.jenga.service.TicketService]
[3] Unsatisfied dependency for type org.jenga.mapper.AcceptanceCriteriaMapper and qualifiers [@Default]
	- injection target: parameter 'acceptanceCriteriaMapper' of org.jenga.service.TicketService constructor
	- declared on CLASS bean [types=[java.lang.Object, org.jenga.service.TicketService], qualifiers=[@Any, @Default], target=org.jenga.service.TicketService]
[4] Unsatisfied dependency for type org.jenga.mapper.UserMapper and qualifiers [@Default]
	- injection target: parameter 'userMapper' of org.jenga.service.UserService constructor
	- declared on CLASS bean [types=[java.lang.Object, org.jenga.service.UserService], qualifiers=[@Any, @Default], target=org.jenga.service.UserService]
[5] Unsatisfied dependency for type org.jenga.mapper.ProjectMapper and qualifiers [@Default]
	- injection target: parameter 'projectMapper' of org.jenga.service.ProjectService constructor
	- declared on CLASS bean [types=[java.lang.Object, org.jenga.service.ProjectService], qualifiers=[@Any, @Default], target=org.jenga.service.ProjectService]
[6] Unsatisfied dependency for type org.jenga.mapper.LabelMapper and qualifiers [@Default]
	- injection target: parameter 'labelMapper' of org.jenga.service.ProjectService constructor
	- declared on CLASS bean [types=[java.lang.Object, org.jenga.service.ProjectService], qualifiers=[@Any, @Default], target=org.jenga.service.ProjectService]
	at io.quarkus.arc.processor.BeanDeployment.processErrors(BeanDeployment.java:1602)
	at io.quarkus.arc.processor.BeanDeployment.init(BeanDeployment.java:341)
	at io.quarkus.arc.processor.BeanProcessor.initialize(BeanProcessor.java:178)
	at io.quarkus.arc.deployment.ArcProcessor.validate(ArcProcessor.java:488)
	at java.base/java.lang.invoke.MethodHandle.invokeWithArguments(MethodHandle.java:733)
	at io.quarkus.deployment.ExtensionLoader$3.execute(ExtensionLoader.java:874)
	at io.quarkus.builder.BuildContext.run(BuildContext.java:255)
	at org.jboss.threads.ContextHandler$1.runWith(ContextHandler.java:18)
	at org.jboss.threads.EnhancedQueueExecutor$Task.doRunWith(EnhancedQueueExecutor.java:2651)
	at org.jboss.threads.EnhancedQueueExecutor$Task.run(EnhancedQueueExecutor.java:2630)
	at org.jboss.threads.EnhancedQueueExecutor.runThreadBody(EnhancedQueueExecutor.java:1622)
	at org.jboss.threads.EnhancedQueueExecutor$ThreadBody.run(EnhancedQueueExecutor.java:1589)
	at java.base/java.lang.Thread.run(Thread.java:1583)
	at org.jboss.threads.JBossThread.run(JBossThread.java:501)
	Suppressed: jakarta.enterprise.inject.UnsatisfiedResolutionException: Unsatisfied dependency for type org.jenga.mapper.TicketMapper and qualifiers [@Default]
	- injection target: parameter 'ticketMapper' of org.jenga.service.TicketService constructor
	- declared on CLASS bean [types=[java.lang.Object, org.jenga.service.TicketService], qualifiers=[@Any, @Default], target=org.jenga.service.TicketService]
		at io.quarkus.arc.processor.Beans.resolveInjectionPoint(Beans.java:547)
		at io.quarkus.arc.processor.BeanInfo.init(BeanInfo.java:689)
		at io.quarkus.arc.processor.BeanDeployment.init(BeanDeployment.java:326)
		... 12 more
	Suppressed: jakarta.enterprise.inject.UnsatisfiedResolutionException: Unsatisfied dependency for type org.jenga.mapper.CommentMapper and qualifiers [@Default]
	- injection target: parameter 'commentMapper' of org.jenga.service.TicketService constructor
	- declared on CLASS bean [types=[java.lang.Object, org.jenga.service.TicketService], qualifiers=[@Any, @Default], target=org.jenga.service.TicketService]
		at io.quarkus.arc.processor.Beans.resolveInjectionPoint(Beans.java:547)
		at io.quarkus.arc.processor.BeanInfo.init(BeanInfo.java:689)
		at io.quarkus.arc.processor.BeanDeployment.init(BeanDeployment.java:326)
		... 12 more
	Suppressed: jakarta.enterprise.inject.UnsatisfiedResolutionException: Unsatisfied dependency for type org.jenga.mapper.AcceptanceCriteriaMapper and qualifiers [@Default]
	- injection target: parameter 'acceptanceCriteriaMapper' of org.jenga.service.TicketService constructor
	- declared on CLASS bean [types=[java.lang.Object, org.jenga.service.TicketService], qualifiers=[@Any, @Default], target=org.jenga.service.TicketService]
		at io.quarkus.arc.processor.Beans.resolveInjectionPoint(Beans.java:547)
		at io.quarkus.arc.processor.BeanInfo.init(BeanInfo.java:689)
		at io.quarkus.arc.processor.BeanDeployment.init(BeanDeployment.java:326)
		... 12 more
	Suppressed: jakarta.enterprise.inject.UnsatisfiedResolutionException: Unsatisfied dependency for type org.jenga.mapper.UserMapper and qualifiers [@Default]
	- injection target: parameter 'userMapper' of org.jenga.service.UserService constructor
	- declared on CLASS bean [types=[java.lang.Object, org.jenga.service.UserService], qualifiers=[@Any, @Default], target=org.jenga.service.UserService]
		at io.quarkus.arc.processor.Beans.resolveInjectionPoint(Beans.java:547)
		at io.quarkus.arc.processor.BeanInfo.init(BeanInfo.java:689)
		at io.quarkus.arc.processor.BeanDeployment.init(BeanDeployment.java:326)
		... 12 more
	Suppressed: jakarta.enterprise.inject.UnsatisfiedResolutionException: Unsatisfied dependency for type org.jenga.mapper.ProjectMapper and qualifiers [@Default]
	- injection target: parameter 'projectMapper' of org.jenga.service.ProjectService constructor
	- declared on CLASS bean [types=[java.lang.Object, org.jenga.service.ProjectService], qualifiers=[@Any, @Default], target=org.jenga.service.ProjectService]
		at io.quarkus.arc.processor.Beans.resolveInjectionPoint(Beans.java:547)
		at io.quarkus.arc.processor.BeanInfo.init(BeanInfo.java:689)
		at io.quarkus.arc.processor.BeanDeployment.init(BeanDeployment.java:326)
		... 12 more
	Suppressed: jakarta.enterprise.inject.UnsatisfiedResolutionException: Unsatisfied dependency for type org.jenga.mapper.LabelMapper and qualifiers [@Default]
	- injection target: parameter 'labelMapper' of org.jenga.service.ProjectService constructor
	- declared on CLASS bean [types=[java.lang.Object, org.jenga.service.ProjectService], qualifiers=[@Any, @Default], target=org.jenga.service.ProjectService]
		at io.quarkus.arc.processor.Beans.resolveInjectionPoint(Beans.java:547)
		at io.quarkus.arc.processor.BeanInfo.init(BeanInfo.java:689)
		at io.quarkus.arc.processor.BeanDeployment.init(BeanDeployment.java:326)
		... 12 more

	at io.quarkus.builder.Execution.run(Execution.java:122)
	at io.quarkus.builder.BuildExecutionBuilder.execute(BuildExecutionBuilder.java:78)
	at io.quarkus.deployment.QuarkusAugmentor.run(QuarkusAugmentor.java:160)
	at io.quarkus.runner.bootstrap.AugmentActionImpl.runAugment(AugmentActionImpl.java:372)
	... 55 more
Caused by: jakarta.enterprise.inject.spi.DeploymentException: Found 6 deployment problems: 
[1] Unsatisfied dependency for type org.jenga.mapper.TicketMapper and qualifiers [@Default]
	- injection target: parameter 'ticketMapper' of org.jenga.service.TicketService constructor
	- declared on CLASS bean [types=[java.lang.Object, org.jenga.service.TicketService], qualifiers=[@Any, @Default], target=org.jenga.service.TicketService]
[2] Unsatisfied dependency for type org.jenga.mapper.CommentMapper and qualifiers [@Default]
	- injection target: parameter 'commentMapper' of org.jenga.service.TicketService constructor
	- declared on CLASS bean [types=[java.lang.Object, org.jenga.service.TicketService], qualifiers=[@Any, @Default], target=org.jenga.service.TicketService]
[3] Unsatisfied dependency for type org.jenga.mapper.AcceptanceCriteriaMapper and qualifiers [@Default]
	- injection target: parameter 'acceptanceCriteriaMapper' of org.jenga.service.TicketService constructor
	- declared on CLASS bean [types=[java.lang.Object, org.jenga.service.TicketService], qualifiers=[@Any, @Default], target=org.jenga.service.TicketService]
[4] Unsatisfied dependency for type org.jenga.mapper.UserMapper and qualifiers [@Default]
	- injection target: parameter 'userMapper' of org.jenga.service.UserService constructor
	- declared on CLASS bean [types=[java.lang.Object, org.jenga.service.UserService], qualifiers=[@Any, @Default], target=org.jenga.service.UserService]
[5] Unsatisfied dependency for type org.jenga.mapper.ProjectMapper and qualifiers [@Default]
	- injection target: parameter 'projectMapper' of org.jenga.service.ProjectService constructor
	- declared on CLASS bean [types=[java.lang.Object, org.jenga.service.ProjectService], qualifiers=[@Any, @Default], target=org.jenga.service.ProjectService]
[6] Unsatisfied dependency for type org.jenga.mapper.LabelMapper and qualifiers [@Default]
	- injection target: parameter 'labelMapper' of org.jenga.service.ProjectService constructor
	- declared on CLASS bean [types=[java.lang.Object, org.jenga.service.ProjectService], qualifiers=[@Any, @Default], target=org.jenga.service.ProjectService]
	at io.quarkus.arc.processor.BeanDeployment.processErrors(BeanDeployment.java:1602)
	at io.quarkus.arc.processor.BeanDeployment.init(BeanDeployment.java:341)
	at io.quarkus.arc.processor.BeanProcessor.initialize(BeanProcessor.java:178)
	at io.quarkus.arc.deployment.ArcProcessor.validate(ArcProcessor.java:488)
	at java.base/java.lang.invoke.MethodHandle.invokeWithArguments(MethodHandle.java:733)
	at io.quarkus.deployment.ExtensionLoader$3.execute(ExtensionLoader.java:874)
	at io.quarkus.builder.BuildContext.run(BuildContext.java:255)
	at org.jboss.threads.ContextHandler$1.runWith(ContextHandler.java:18)
	at org.jboss.threads.EnhancedQueueExecutor$Task.doRunWith(EnhancedQueueExecutor.java:2651)
	at org.jboss.threads.EnhancedQueueExecutor$Task.run(EnhancedQueueExecutor.java:2630)
	at org.jboss.threads.EnhancedQueueExecutor.runThreadBody(EnhancedQueueExecutor.java:1622)
	at org.jboss.threads.EnhancedQueueExecutor$ThreadBody.run(EnhancedQueueExecutor.java:1589)
	at java.base/java.lang.Thread.run(Thread.java:1583)
	at org.jboss.threads.JBossThread.run(JBossThread.java:501)
	Suppressed: jakarta.enterprise.inject.UnsatisfiedResolutionException: Unsatisfied dependency for type org.jenga.mapper.TicketMapper and qualifiers [@Default]
	- injection target: parameter 'ticketMapper' of org.jenga.service.TicketService constructor
	- declared on CLASS bean [types=[java.lang.Object, org.jenga.service.TicketService], qualifiers=[@Any, @Default], target=org.jenga.service.TicketService]
		at io.quarkus.arc.processor.Beans.resolveInjectionPoint(Beans.java:547)
		at io.quarkus.arc.processor.BeanInfo.init(BeanInfo.java:689)
		at io.quarkus.arc.processor.BeanDeployment.init(BeanDeployment.java:326)
		... 12 more
	Suppressed: jakarta.enterprise.inject.UnsatisfiedResolutionException: Unsatisfied dependency for type org.jenga.mapper.CommentMapper and qualifiers [@Default]
	- injection target: parameter 'commentMapper' of org.jenga.service.TicketService constructor
	- declared on CLASS bean [types=[java.lang.Object, org.jenga.service.TicketService], qualifiers=[@Any, @Default], target=org.jenga.service.TicketService]
		at io.quarkus.arc.processor.Beans.resolveInjectionPoint(Beans.java:547)
		at io.quarkus.arc.processor.BeanInfo.init(BeanInfo.java:689)
		at io.quarkus.arc.processor.BeanDeployment.init(BeanDeployment.java:326)
		... 12 more
	Suppressed: jakarta.enterprise.inject.UnsatisfiedResolutionException: Unsatisfied dependency for type org.jenga.mapper.AcceptanceCriteriaMapper and qualifiers [@Default]
	- injection target: parameter 'acceptanceCriteriaMapper' of org.jenga.service.TicketService constructor
	- declared on CLASS bean [types=[java.lang.Object, org.jenga.service.TicketService], qualifiers=[@Any, @Default], target=org.jenga.service.TicketService]
		at io.quarkus.arc.processor.Beans.resolveInjectionPoint(Beans.java:547)
		at io.quarkus.arc.processor.BeanInfo.init(BeanInfo.java:689)
		at io.quarkus.arc.processor.BeanDeployment.init(BeanDeployment.java:326)
		... 12 more
	Suppressed: jakarta.enterprise.inject.UnsatisfiedResolutionException: Unsatisfied dependency for type org.jenga.mapper.UserMapper and qualifiers [@Default]
	- injection target: parameter 'userMapper' of org.jenga.service.UserService constructor
	- declared on CLASS bean [types=[java.lang.Object, org.jenga.service.UserService], qualifiers=[@Any, @Default], target=org.jenga.service.UserService]
		at io.quarkus.arc.processor.Beans.resolveInjectionPoint(Beans.java:547)
		at io.quarkus.arc.processor.BeanInfo.init(BeanInfo.java:689)
		at io.quarkus.arc.processor.BeanDeployment.init(BeanDeployment.java:326)
		... 12 more
	Suppressed: jakarta.enterprise.inject.UnsatisfiedResolutionException: Unsatisfied dependency for type org.jenga.mapper.ProjectMapper and qualifiers [@Default]
	- injection target: parameter 'projectMapper' of org.jenga.service.ProjectService constructor
	- declared on CLASS bean [types=[java.lang.Object, org.jenga.service.ProjectService], qualifiers=[@Any, @Default], target=org.jenga.service.ProjectService]
		at io.quarkus.arc.processor.Beans.resolveInjectionPoint(Beans.java:547)
		at io.quarkus.arc.processor.BeanInfo.init(BeanInfo.java:689)
		at io.quarkus.arc.processor.BeanDeployment.init(BeanDeployment.java:326)
		... 12 more
	Suppressed: jakarta.enterprise.inject.UnsatisfiedResolutionException: Unsatisfied dependency for type org.jenga.mapper.LabelMapper and qualifiers [@Default]
	- injection target: parameter 'labelMapper' of org.jenga.service.ProjectService constructor
	- declared on CLASS bean [types=[java.lang.Object, org.jenga.service.ProjectService], qualifiers=[@Any, @Default], target=org.jenga.service.ProjectService]
		at io.quarkus.arc.processor.Beans.resolveInjectionPoint(Beans.java:547)
		at io.quarkus.arc.processor.BeanInfo.init(BeanInfo.java:689)
		at io.quarkus.arc.processor.BeanDeployment.init(BeanDeployment.java:326)
		... 12 more

[m
    [1mat[m org.apache.maven.plugin.surefire.booterclient.ForkStarter.fork ([1mForkStarter.java:628[m)
    [1mat[m org.apache.maven.plugin.surefire.booterclient.ForkStarter.run ([1mForkStarter.java:285[m)
    [1mat[m org.apache.maven.plugin.surefire.booterclient.ForkStarter.run ([1mForkStarter.java:250[m)
    [1mat[m org.apache.maven.plugin.surefire.AbstractSurefireMojo.executeProvider ([1mAbstractSurefireMojo.java:1337[m)
    [1mat[m org.apache.maven.plugin.surefire.AbstractSurefireMojo.executeAfterPreconditionsChecked ([1mAbstractSurefireMojo.java:1135[m)
    [1mat[m org.apache.maven.plugin.surefire.AbstractSurefireMojo.execute ([1mAbstractSurefireMojo.java:969[m)
    [1mat[m org.apache.maven.plugin.DefaultBuildPluginManager.executeMojo ([1mDefaultBuildPluginManager.java:137[m)
    [1mat[m org.apache.maven.lifecycle.internal.MojoExecutor.doExecute2 ([1mMojoExecutor.java:370[m)
    [1mat[m org.apache.maven.lifecycle.internal.MojoExecutor.doExecute ([1mMojoExecutor.java:351[m)
    [1mat[m org.apache.maven.lifecycle.internal.MojoExecutor.execute ([1mMojoExecutor.java:215[m)
    [1mat[m org.apache.maven.lifecycle.internal.MojoExecutor.execute ([1mMojoExecutor.java:171[m)
    [1mat[m org.apache.maven.lifecycle.internal.MojoExecutor.execute ([1mMojoExecutor.java:163[m)
    [1mat[m org.apache.maven.lifecycle.internal.LifecycleModuleBuilder.buildProject ([1mLifecycleModuleBuilder.java:117[m)
    [1mat[m org.apache.maven.lifecycle.internal.LifecycleModuleBuilder.buildProject ([1mLifecycleModuleBuilder.java:81[m)
    [1mat[m org.apache.maven.lifecycle.internal.builder.singlethreaded.SingleThreadedBuilder.build ([1mSingleThreadedBuilder.java:56[m)
    [1mat[m org.apache.maven.lifecycle.internal.LifecycleStarter.execute ([1mLifecycleStarter.java:128[m)
    [1mat[m org.apache.maven.DefaultMaven.doExecute ([1mDefaultMaven.java:298[m)
    [1mat[m org.apache.maven.DefaultMaven.doExecute ([1mDefaultMaven.java:192[m)
    [1mat[m org.apache.maven.DefaultMaven.execute ([1mDefaultMaven.java:105[m)
    [1mat[m org.apache.maven.cli.MavenCli.execute ([1mMavenCli.java:960[m)
    [1mat[m org.apache.maven.cli.MavenCli.doMain ([1mMavenCli.java:293[m)
    [1mat[m org.apache.maven.cli.MavenCli.main ([1mMavenCli.java:196[m)
    [1mat[m jdk.internal.reflect.DirectMethodHandleAccessor.invoke ([1mDirectMethodHandleAccessor.java:103[m)
    [1mat[m java.lang.reflect.Method.invoke ([1mMethod.java:580[m)
    [1mat[m org.codehaus.plexus.classworlds.launcher.Launcher.launchEnhanced ([1mLauncher.java:283[m)
    [1mat[m org.codehaus.plexus.classworlds.launcher.Launcher.launch ([1mLauncher.java:226[m)
    [1mat[m org.codehaus.plexus.classworlds.launcher.Launcher.mainWithExitCode ([1mLauncher.java:407[m)
    [1mat[m org.codehaus.plexus.classworlds.launcher.Launcher.main ([1mLauncher.java:348[m)
[[1;31mERROR[m] 
[[1;31mERROR[m] Re-run Maven using the [1m-X[m switch to enable full debug logging.
[[1;31mERROR[m] 
[[1;31mERROR[m] For more information about the errors and possible solutions, please read the following articles:
[[1;31mERROR[m] [1m[Help 1][m http://cwiki.apache.org/confluence/display/MAVEN/MojoExecutionException
